<html>
<body>
<pre>
<h1>µVision Build Log</h1>
<h2>Tool Versions:</h2>
IDE-Version: ¶ÃVision V5.12.0.0
Copyright (C) 2014 ARM Ltd and ARM Germany GmbH. All rights reserved.
License Information: 123 Aero÷π≤Ω, Microsoft, LIC=6XJHL-089WC-MQF0F-6N867-W6ZJA-GTQDV
 
Tool Versions:
Toolchain:       MDK-ARM Professional  Version: 5.12.0.0
Toolchain Path:  D:\Keil_v5\ARM\ARMCC\Bin
C Compiler:      Armcc.exe V5.05 (build 41)
Assembler:       Armasm.exe V5.05 (build 41)
Linker/Locator:  ArmLink.exe V5.05 (build 41)
Library Manager: ArmAr.exe V5.05 (build 41)
Hex Converter:   FromElf.exe V5.05 (build 41)
CPU DLL:         SARMCM3.DLL V5.12.0.0
Dialog DLL:      DARMCM1.DLL V1.11.00.0
Target DLL:      UL2CM3.DLL V1.153.0.0
Dialog DLL:      TARMCM1.DLL V1.08.00.0
 
<h2>Project:</h2>
Z:\VSN_workspace\dual_mode_mouse\nRF5_SDK_12.3.0_d7731ad\nRF5_SDK_12.3.0_d7731ad\examples\dfu\bootloader_secure\pca10028\arm5_no_packs\secure_dfu_secure_dfu_ble_s130_pca10028.uvprojx
Project File Date:  06/19/2020

<h2>Output:</h2>
Build target 'nrf51422_xxac_s130'
compiling nrf_dfu_settings.c...
linking...
Program Size: Code=18122 RO-data=1226 RW-data=188 ZI-data=5984  
FromELF: creating hex file...
".\_build\bootloader.hex" - 0 Error(s), 0 Warning(s).

<h2>Software Packages used:</h2>

Package Vendor: ARM
                http://www.keil.com/pack/ARM.CMSIS.4.5.0.pack
                ARM::CMSIS:CORE:4.3.0
                CMSIS (Cortex Microcontroller Software Interface Standard)
   * Component: CORE Version: 4.3.0

Package Vendor: NordicSemiconductor
                http://developer.nordicsemi.com/nRF5_SDK/pieces/nRF_DeviceFamilyPack/NordicSemiconductor.nRF_DeviceFamilyPack.8.11.1.pack
                NordicSemiconductor::Device:Startup:8.11.1
                Nordic Semiconductor nRF ARM devices Device Family Pack.
   * Component: Startup Version: 8.11.1

<h2>Collection of Component include folders:</h2>
  Z:\VSN_workspace\dual_mode_mouse\nRF5_SDK_12.3.0_d7731ad\nRF5_SDK_12.3.0_d7731ad\examples\dfu\bootloader_secure\pca10028\arm5_no_packs\RTE
  D:\Keil_v5\ARM\PACK\ARM\CMSIS\4.5.0\CMSIS\Include
  D:\Keil_v5\ARM\PACK\NordicSemiconductor\nRF_DeviceFamilyPack\8.11.1\Device\Include
  D:\Keil_v5\ARM\PACK\NordicSemiconductor\nRF_DeviceFamilyPack\8.16.0\Device\Include

<h2>Collection of Component Files used:</h2>

   * Component: ARM::CMSIS:CORE:4.3.0

   * Component: NordicSemiconductor::Device:Startup:8.11.1
      Source file:   Device\Source\arm\arm_startup_nrf51.s
      Source file:   Device\Source\system_nrf51.c
      Include file:  Device\Include\system_nrf51.h

ordicSemiconductor::Device:Startup:8.11.1
      Source file:   Device\Source\arm\arm_startup_nrf51.s
      Source file:   Device\Source\system_nrf51.c
      Include file:  Device\Include\system_nrf51.h
Target not created.
nrf51.h
tform.c...
compiling crc32.c...
compiling ecc.c...
compiling fstorage.c...
compiling hci_mem_pool.c...
compiling nrf_assert.c...
compiling nrf_crypto.c...
compiling nrf_queue.c...
compiling sdk_errors.c...
compiling sha256.c...
compiling softdevice_handler.c...
compiling softdevice_handler_appsh.c...
compiling pb_common.c...
compiling pb_decode.c...
assembling arm_startup_nrf51.s...
compiling system_nrf51.c...
linking...
Program Size: Code=18134 RO-data=1226 RW-data=188 ZI-data=5984  
FromELF: creating hex file...
".\_build\bootloader.hex" - 0 Error(s), 3 Warning(s).

<h2>Software Packages used:</h2>

Package Vendor: ARM
                http://www.keil.com/pack/ARM.CMSIS.4.5.0.pack
                ARM::CMSIS:CORE:4.3.0
                CMSIS (Cortex Microcontroller Software Interface Standard)
   * Component: CORE Version: 4.3.0

Package Vendor: NordicSemiconductor
                http://developer.nordicsemi.com/nRF5_SDK/pieces/nRF_DeviceFamilyPack/NordicSemiconductor.nRF_DeviceFamilyPack.8.11.1.pack
                NordicSemiconductor::Device:Startup:8.11.1
                Nordic Semiconductor nRF ARM devices Device Family Pack.
   * Component: Startup Version: 8.11.1

<h2>Collection of Component include folders:</h2>
  Z:\VSN_workspace\dual_mode_mouse\nRF5_SDK_12.3.0_d7731ad\nRF5_SDK_12.3.0_d7731ad\examples\dfu\bootloader_secure\pca10028\arm5_no_packs\RTE
  D:\Keil_v5\ARM\PACK\ARM\CMSIS\4.5.0\CMSIS\Include
  D:\Keil_v5\ARM\PACK\NordicSemiconductor\nRF_DeviceFamilyPack\8.11.1\Device\Include
  D:\Keil_v5\ARM\PACK\NordicSemiconductor\nRF_DeviceFamilyPack\8.16.0\Device\Include

<h2>Collection of Component Files used:</h2>

   * Component: ARM::CMSIS:CORE:4.3.0

   * Component: NordicSemiconductor::Device:Startup:8.11.1
      Source file:   Device\Source\arm\arm_startup_nrf51.s
      Source file:   Device\Source\system_nrf51.c
      Include file:  Device\Include\system_nrf51.h
