Component: ARM Compiler 5.05 (build 41) Tool: armlink [4d0eb9]

==============================================================================

Section Cross References

    dfu-cc.pb.o(.constdata) refers to dfu-cc.pb.o(.constdata) for dfu_hash_fields
    dfu-cc.pb.o(.constdata) refers to dfu-cc.pb.o(.constdata) for dfu_init_command_is_debug_default
    dfu-cc.pb.o(.constdata) refers to dfu-cc.pb.o(.constdata) for dfu_init_command_fields
    dfu-cc.pb.o(.constdata) refers to dfu-cc.pb.o(.constdata) for dfu_reset_command_fields
    dfu-cc.pb.o(.constdata) refers to dfu-cc.pb.o(.constdata) for dfu_command_fields
    dfu-cc.pb.o(.constdata) refers to dfu-cc.pb.o(.constdata) for dfu_command_fields
    dfu-cc.pb.o(.constdata) refers to dfu-cc.pb.o(.constdata) for dfu_signed_command_fields
    dfu_req_handling.o(i.dfu_data_write_handler) refers to dfu_req_handling.o(.data) for .data
    dfu_req_handling.o(i.dfu_decode_commmand) refers to pb_decode.o(i.pb_istream_from_buffer) for pb_istream_from_buffer
    dfu_req_handling.o(i.dfu_decode_commmand) refers to pb_decode.o(i.pb_decode) for pb_decode
    dfu_req_handling.o(i.dfu_decode_commmand) refers to nrf_dfu_settings.o(.bss) for s_dfu_settings
    dfu_req_handling.o(i.dfu_decode_commmand) refers to dfu_req_handling.o(.bss) for .bss
    dfu_req_handling.o(i.dfu_decode_commmand) refers to dfu_req_handling.o(i.pb_decoding_callback) for pb_decoding_callback
    dfu_req_handling.o(i.dfu_decode_commmand) refers to dfu_req_handling.o(.data) for .data
    dfu_req_handling.o(i.dfu_decode_commmand) refers to dfu-cc.pb.o(.constdata) for dfu_packet_fields
    dfu_req_handling.o(i.dfu_handle_prevalidate) refers to nrf_crypto.o(i.nrf_crypto_hash_compute) for nrf_crypto_hash_compute
    dfu_req_handling.o(i.dfu_handle_prevalidate) refers to memcpya.o(.text) for __aeabi_memcpy
    dfu_req_handling.o(i.dfu_handle_prevalidate) refers to nrf_crypto.o(i.nrf_crypto_verify) for nrf_crypto_verify
    dfu_req_handling.o(i.dfu_handle_prevalidate) refers to nrf_dfu_utils.o(i.nrf_dfu_find_cache) for nrf_dfu_find_cache
    dfu_req_handling.o(i.dfu_handle_prevalidate) refers to nrf_dfu_settings.o(.bss) for s_dfu_settings
    dfu_req_handling.o(i.dfu_handle_prevalidate) refers to dfu_req_handling.o(.bss) for .bss
    dfu_req_handling.o(i.dfu_handle_prevalidate) refers to dfu_req_handling.o(.data) for .data
    dfu_req_handling.o(i.dfu_handle_prevalidate) refers to dfu_req_handling.o(.constdata) for .constdata
    dfu_req_handling.o(i.nrf_dfu_command_req) refers to dfu_req_handling.o(i.__ARM_common_switch8) for __ARM_common_switch8
    dfu_req_handling.o(i.nrf_dfu_command_req) refers to memseta.o(.text) for __aeabi_memclr4
    dfu_req_handling.o(i.nrf_dfu_command_req) refers to memcpya.o(.text) for __aeabi_memcpy
    dfu_req_handling.o(i.nrf_dfu_command_req) refers to crc32.o(i.crc32_compute) for crc32_compute
    dfu_req_handling.o(i.nrf_dfu_command_req) refers to dfu_req_handling.o(i.dfu_decode_commmand) for dfu_decode_commmand
    dfu_req_handling.o(i.nrf_dfu_command_req) refers to dfu_req_handling.o(i.dfu_handle_prevalidate) for dfu_handle_prevalidate
    dfu_req_handling.o(i.nrf_dfu_command_req) refers to nrf_dfu_settings.o(i.nrf_dfu_settings_write) for nrf_dfu_settings_write
    dfu_req_handling.o(i.nrf_dfu_command_req) refers to nrf_dfu_settings.o(.bss) for s_dfu_settings
    dfu_req_handling.o(i.nrf_dfu_command_req) refers to dfu_req_handling.o(.data) for .data
    dfu_req_handling.o(i.nrf_dfu_command_req) refers to dfu_req_handling.o(.bss) for .bss
    dfu_req_handling.o(i.nrf_dfu_data_req) refers to dfu_req_handling.o(i.__ARM_common_switch8) for __ARM_common_switch8
    dfu_req_handling.o(i.nrf_dfu_data_req) refers to nrf_dfu_flash.o(i.nrf_dfu_flash_erase) for nrf_dfu_flash_erase
    dfu_req_handling.o(i.nrf_dfu_data_req) refers to crc32.o(i.crc32_compute) for crc32_compute
    dfu_req_handling.o(i.nrf_dfu_data_req) refers to memcpya.o(.text) for __aeabi_memcpy
    dfu_req_handling.o(i.nrf_dfu_data_req) refers to nrf_dfu_flash.o(i.nrf_dfu_flash_store) for nrf_dfu_flash_store
    dfu_req_handling.o(i.nrf_dfu_data_req) refers to nrf_dfu_settings.o(i.nrf_dfu_settings_write) for nrf_dfu_settings_write
    dfu_req_handling.o(i.nrf_dfu_data_req) refers to nrf_dfu.o(i.nrf_dfu_wait) for nrf_dfu_wait
    dfu_req_handling.o(i.nrf_dfu_data_req) refers to dfu_req_handling.o(i.nrf_dfu_postvalidate) for nrf_dfu_postvalidate
    dfu_req_handling.o(i.nrf_dfu_data_req) refers to dfu_req_handling.o(.data) for .data
    dfu_req_handling.o(i.nrf_dfu_data_req) refers to nrf_dfu_settings.o(.bss) for s_dfu_settings
    dfu_req_handling.o(i.nrf_dfu_data_req) refers to dfu_req_handling.o(i.dfu_data_write_handler) for dfu_data_write_handler
    dfu_req_handling.o(i.nrf_dfu_data_req) refers to dfu_req_handling.o(.bss) for .bss
    dfu_req_handling.o(i.nrf_dfu_postvalidate) refers to nrf_crypto.o(i.nrf_crypto_hash_compute) for nrf_crypto_hash_compute
[...]
    conn_params_error_handler                0x0003a5b5   Thumb Code     8  nrf_ble_dfu.o(i.conn_params_error_handler)
    i.conn_params_negotiation                0x0003a5bc   Section        0  ble_conn_params.o(i.conn_params_negotiation)
    conn_params_negotiation                  0x0003a5bd   Thumb Code    92  ble_conn_params.o(i.conn_params_negotiation)
    i.crc32_compute                          0x0003a624   Section        0  crc32.o(i.crc32_compute)
    i.decode_callback_field                  0x0003a660   Section        0  pb_decode.o(i.decode_callback_field)
    decode_callback_field                    0x0003a661   Thumb Code   118  pb_decode.o(i.decode_callback_field)
    i.decode_field                           0x0003a6d6   Section        0  pb_decode.o(i.decode_field)
    decode_field                             0x0003a6d7   Thumb Code    32  pb_decode.o(i.decode_field)
    i.decode_static_field                    0x0003a6f8   Section        0  pb_decode.o(i.decode_static_field)
    decode_static_field                      0x0003a6f9   Thumb Code   218  pb_decode.o(i.decode_static_field)
    i.delay_operation                        0x0003a7d8   Section        0  nrf_dfu_settings.o(i.delay_operation)
    delay_operation                          0x0003a7d9   Thumb Code    42  nrf_dfu_settings.o(i.delay_operation)
    i.dfu_ctrl_pt_add                        0x0003a810   Section        0  nrf_ble_dfu.o(i.dfu_ctrl_pt_add)
    dfu_ctrl_pt_add                          0x0003a811   Thumb Code   110  nrf_ble_dfu.o(i.dfu_ctrl_pt_add)
    i.dfu_data_write_handler                 0x0003a880   Section        0  dfu_req_handling.o(i.dfu_data_write_handler)
    dfu_data_write_handler                   0x0003a881   Thumb Code    10  dfu_req_handling.o(i.dfu_data_write_handler)
    i.dfu_decode_commmand                    0x0003a890   Section        0  dfu_req_handling.o(i.dfu_decode_commmand)
    dfu_decode_commmand                      0x0003a891   Thumb Code    58  dfu_req_handling.o(i.dfu_decode_commmand)
    i.dfu_handle_prevalidate                 0x0003a8e4   Section        0  dfu_req_handling.o(i.dfu_handle_prevalidate)
    dfu_handle_prevalidate                   0x0003a8e5   Thumb Code   380  dfu_req_handling.o(i.dfu_handle_prevalidate)
    i.dfu_pkt_char_add                       0x0003aa74   Section        0  nrf_ble_dfu.o(i.dfu_pkt_char_add)
    dfu_pkt_char_add                         0x0003aa75   Thumb Code   104  nrf_ble_dfu.o(i.dfu_pkt_char_add)
    i.dfu_settings_write_callback            0x0003aadc   Section        0  nrf_dfu_settings.o(i.dfu_settings_write_callback)
    dfu_settings_write_callback              0x0003aadd   Thumb Code    20  nrf_dfu_settings.o(i.dfu_settings_write_callback)
    i.ecc_p256_verify                        0x0003aaf4   Section        0  ecc.o(i.ecc_p256_verify)
    i.elapsed_ticks_acquire                  0x0003ab4c   Section        0  app_timer.o(i.elapsed_ticks_acquire)
    elapsed_ticks_acquire                    0x0003ab4d   Thumb Code    58  app_timer.o(i.elapsed_ticks_acquire)
    i.fs_erase                               0x0003ab8c   Section        0  fstorage.o(i.fs_erase)
    i.fs_evt_handler                         0x0003ac08   Section        0  nrf_dfu_flash.o(i.fs_evt_handler)
    fs_evt_handler                           0x0003ac09   Thumb Code    40  nrf_dfu_flash.o(i.fs_evt_handler)
    i.fs_fake_init                           0x0003ac34   Section        0  fstorage.o(i.fs_fake_init)
    i.fs_queue_is_full                       0x0003ac48   Section        0  fstorage.o(i.fs_queue_is_full)
    i.fs_store                               0x0003ac5c   Section        0  fstorage.o(i.fs_store)
    i.fs_sys_event_handler                   0x0003ace0   Section        0  fstorage.o(i.fs_sys_event_handler)
    i.gap_params_init                        0x0003ad48   Section        0  nrf_ble_dfu.o(i.gap_params_init)
    gap_params_init                          0x0003ad49   Thumb Code    86  nrf_ble_dfu.o(i.gap_params_init)
    i.intern_softdevice_events_execute       0x0003ada8   Section        0  softdevice_handler.o(i.intern_softdevice_events_execute)
    i.is_conn_params_ok                      0x0003ae2c   Section        0  ble_conn_params.o(i.is_conn_params_ok)
    is_conn_params_ok                        0x0003ae2d   Thumb Code    24  ble_conn_params.o(i.is_conn_params_ok)
    i.is_manual_peripheral_setup_needed      0x0003ae48   Section        0  system_nrf51.o(i.is_manual_peripheral_setup_needed)
    is_manual_peripheral_setup_needed        0x0003ae49   Thumb Code    66  system_nrf51.o(i.is_manual_peripheral_setup_needed)
    i.is_word_aligned                        0x0003ae90   Section        0  ecc.o(i.is_word_aligned)
    is_word_aligned                          0x0003ae91   Thumb Code    12  ecc.o(i.is_word_aligned)
    i.iter_from_extension                    0x0003ae9c   Section        0  pb_decode.o(i.iter_from_extension)
    iter_from_extension                      0x0003ae9d   Thumb Code    44  pb_decode.o(i.iter_from_extension)
    i.list_deletions_handler                 0x0003aec8   Section        0  app_timer.o(i.list_deletions_handler)
    list_deletions_handler                   0x0003aec9   Thumb Code   162  app_timer.o(i.list_deletions_handler)
    i.list_insertions_handler                0x0003af74   Section        0  app_timer.o(i.list_insertions_handler)
    list_insertions_handler                  0x0003af75   Thumb Code   178  app_timer.o(i.list_insertions_handler)
    i.main                                   0x0003b030   Section        0  main.o(i.main)
    i.nrf_bootloader_app_start               0x0003b06c   Section        0  nrf_bootloader_app_start.o(i.nrf_bootloader_app_start)
    i.nrf_bootloader_init                    0x0003b094   Section        0  nrf_bootloader.o(i.nrf_bootloader_init)
    i.nrf_crypto_hash_compute                0x0003b09c   Section        0  nrf_crypto.o(i.nrf_crypto_hash_compute)
    i.nrf_crypto_verify                      0x0003b0e8   Section        0  nrf_crypto.o(i.nrf_crypto_verify)
    i.nrf_delay_us                           0x0003b114   Section        0  app_timer.o(i.nrf_delay_us)
    nrf_delay_us                             0x0003b115   Thumb Code    38  app_timer.o(i.nrf_delay_us)
    i.nrf_dfu_app_continue                   0x0003b144   Section        0  nrf_dfu_utils.o(i.nrf_dfu_app_continue)
    nrf_dfu_app_continue                     0x0003b145   Thumb Code   162  nrf_dfu_utils.o(i.nrf_dfu_app_continue)
    i.nrf_dfu_app_is_valid                   0x0003b1ec   Section        0  nrf_dfu_utils.o(i.nrf_dfu_app_is_valid)
    i.nrf_dfu_bl_continue                    0x0003b21c   Section        0  nrf_dfu_utils.o(i.nrf_dfu_bl_continue)
    nrf_dfu_bl_continue                      0x0003b21d   Thumb Code    52  nrf_dfu_utils.o(i.nrf_dfu_bl_continue)
    i.nrf_dfu_command_req                    0x0003b258   Section        0  dfu_req_handling.o(i.nrf_dfu_command_req)
    nrf_dfu_command_req                      0x0003b259   Thumb Code   264  dfu_req_handling.o(i.nrf_dfu_command_req)
    i.nrf_dfu_continue                       0x0003b374   Section        0  nrf_dfu_utils.o(i.nrf_dfu_continue)
    i.nrf_dfu_continue_bank                  0x0003b3ac   Section        0  nrf_dfu_utils.o(i.nrf_dfu_continue_bank)
    nrf_dfu_continue_bank                    0x0003b3ad   Thumb Code   106  nrf_dfu_utils.o(i.nrf_dfu_continue_bank)
    i.nrf_dfu_data_req                       0x0003b41c   Section        0  dfu_req_handling.o(i.nrf_dfu_data_req)
    nrf_dfu_data_req                         0x0003b41d   Thumb Code   612  dfu_req_handling.o(i.nrf_dfu_data_req)
    i.nrf_dfu_enter_check                    0x0003b694   Section        0  nrf_dfu.o(i.nrf_dfu_enter_check)
    i.nrf_dfu_find_cache                     0x0003b6d8   Section        0  nrf_dfu_utils.o(i.nrf_dfu_find_cache)
    i.nrf_dfu_flash_erase                    0x0003b74c   Section        0  nrf_dfu_flash.o(i.nrf_dfu_flash_erase)
    i.nrf_dfu_flash_init                     0x0003b7e0   Section        0  nrf_dfu_flash.o(i.nrf_dfu_flash_init)
    i.nrf_dfu_flash_store                    0x0003b810   Section        0  nrf_dfu_flash.o(i.nrf_dfu_flash_store)
    i.nrf_dfu_init                           0x0003b880   Section        0  nrf_dfu.o(i.nrf_dfu_init)
    i.nrf_dfu_invalidate_bank                0x0003b90c   Section        0  nrf_dfu_utils.o(i.nrf_dfu_invalidate_bank)
    nrf_dfu_invalidate_bank                  0x0003b90d   Thumb Code    20  nrf_dfu_utils.o(i.nrf_dfu_invalidate_bank)
    i.nrf_dfu_mbr_compare                    0x0003b924   Section        0  nrf_dfu_mbr.o(i.nrf_dfu_mbr_compare)
    i.nrf_dfu_mbr_copy_bl                    0x0003b940   Section        0  nrf_dfu_mbr.o(i.nrf_dfu_mbr_copy_bl)
    i.nrf_dfu_mbr_copy_sd                    0x0003b954   Section        0  nrf_dfu_mbr.o(i.nrf_dfu_mbr_copy_sd)
    i.nrf_dfu_mbr_init_sd                    0x0003b97c   Section        0  nrf_dfu_mbr.o(i.nrf_dfu_mbr_init_sd)
    i.nrf_dfu_postvalidate                   0x0003b994   Section        0  dfu_req_handling.o(i.nrf_dfu_postvalidate)
    nrf_dfu_postvalidate                     0x0003b995   Thumb Code   232  dfu_req_handling.o(i.nrf_dfu_postvalidate)
    i.nrf_dfu_req_handler_init               0x0003ba8c   Section        0  dfu_req_handling.o(i.nrf_dfu_req_handler_init)
    i.nrf_dfu_req_handler_on_req             0x0003bae8   Section        0  dfu_req_handling.o(i.nrf_dfu_req_handler_on_req)
    i.nrf_dfu_sd_continue_impl               0x0003bb24   Section        0  nrf_dfu_utils.o(i.nrf_dfu_sd_continue_impl)
    nrf_dfu_sd_continue_impl                 0x0003bb25   Thumb Code   108  nrf_dfu_utils.o(i.nrf_dfu_sd_continue_impl)
    i.nrf_dfu_settings_calculate_crc         0x0003bb98   Section        0  nrf_dfu_settings.o(i.nrf_dfu_settings_calculate_crc)
    i.nrf_dfu_settings_init                  0x0003bbac   Section        0  nrf_dfu_settings.o(i.nrf_dfu_settings_init)
    i.nrf_dfu_settings_write                 0x0003bbfc   Section        0  nrf_dfu_settings.o(i.nrf_dfu_settings_write)
    i.nrf_dfu_transports_close               0x0003bc70   Section        0  nrf_dfu_transport.o(i.nrf_dfu_transports_close)
    i.nrf_dfu_transports_init                0x0003bc9c   Section        0  nrf_dfu_transport.o(i.nrf_dfu_transports_init)
    i.nrf_dfu_wait                           0x0003bcc8   Section        0  nrf_dfu.o(i.nrf_dfu_wait)
    i.nrf_drv_rng_stop                       0x0003bcd0   Section        0  nrf_drv_rng.o(i.nrf_drv_rng_stop)
    nrf_drv_rng_stop                         0x0003bcd1   Thumb Code    12  nrf_drv_rng.o(i.nrf_drv_rng_stop)
    i.nrf_gpio_cfg                           0x0003bce4   Section        0  boards.o(i.nrf_gpio_cfg)
    nrf_gpio_cfg                             0x0003bce5   Thumb Code    40  boards.o(i.nrf_gpio_cfg)
    i.nrf_gpio_cfg_output                    0x0003bd0c   Section        0  nrf_ble_dfu.o(i.nrf_gpio_cfg_output)
    nrf_gpio_cfg_output                      0x0003bd0d   Thumb Code    20  nrf_ble_dfu.o(i.nrf_gpio_cfg_output)
    i.nrf_gpio_cfg_sense_input               0x0003bd20   Section        0  main.o(i.nrf_gpio_cfg_sense_input)
    nrf_gpio_cfg_sense_input                 0x0003bd21   Thumb Code    24  main.o(i.nrf_gpio_cfg_sense_input)
    i.nrf_gpio_pin_set                       0x0003bd38   Section        0  nrf_ble_dfu.o(i.nrf_gpio_pin_set)
    nrf_gpio_pin_set                         0x0003bd39   Thumb Code    10  nrf_ble_dfu.o(i.nrf_gpio_pin_set)
    i.nrf_gpio_pin_write                     0x0003bd48   Section        0  boards.o(i.nrf_gpio_pin_write)
    nrf_gpio_pin_write                       0x0003bd49   Thumb Code    18  boards.o(i.nrf_gpio_pin_write)
    i.nrf_nvmc_page_erase                    0x0003bd60   Section        0  nrf_nvmc.o(i.nrf_nvmc_page_erase)
    i.nrf_nvmc_write_words                   0x0003bd8c   Section        0  nrf_nvmc.o(i.nrf_nvmc_write_words)
    i.nrf_queue_is_full                      0x0003bdc8   Section        0  nrf_queue.o(i.nrf_queue_is_full)
    i.nrf_queue_next_idx                     0x0003bde6   Section        0  nrf_queue.o(i.nrf_queue_next_idx)
    nrf_queue_next_idx                       0x0003bde7   Thumb Code    14  nrf_queue.o(i.nrf_queue_next_idx)
    i.nrf_queue_push                         0x0003bdf4   Section        0  nrf_queue.o(i.nrf_queue_push)
    i.on_ble_evt                             0x0003bea4   Section        0  nrf_ble_dfu.o(i.on_ble_evt)
    on_ble_evt                               0x0003bea5   Thumb Code   202  nrf_ble_dfu.o(i.on_ble_evt)
    i.on_ctrl_pt_write                       0x0003bf7c   Section        0  nrf_ble_dfu.o(i.on_ctrl_pt_write)
    on_ctrl_pt_write                         0x0003bf7d   Thumb Code   248  nrf_ble_dfu.o(i.on_ctrl_pt_write)
    i.on_dfu_complete                        0x0003c078   Section        0  dfu_req_handling.o(i.on_dfu_complete)
    on_dfu_complete                          0x0003c079   Thumb Code    22  dfu_req_handling.o(i.on_dfu_complete)
    i.on_operation_success                   0x0003c098   Section        0  fstorage.o(i.on_operation_success)
    on_operation_success                     0x0003c099   Thumb Code    80  fstorage.o(i.on_operation_success)
    i.on_rw_authorize_req                    0x0003c0ec   Section        0  nrf_ble_dfu.o(i.on_rw_authorize_req)
    on_rw_authorize_req                      0x0003c0ed   Thumb Code   138  nrf_ble_dfu.o(i.on_rw_authorize_req)
    i.on_write                               0x0003c17c   Section        0  nrf_ble_dfu.o(i.on_write)
    on_write                                 0x0003c17d   Thumb Code    90  nrf_ble_dfu.o(i.on_write)
    i.pb_dec_bytes                           0x0003c1dc   Section        0  pb_decode.o(i.pb_dec_bytes)
    pb_dec_bytes                             0x0003c1dd   Thumb Code    60  pb_decode.o(i.pb_dec_bytes)
    i.pb_dec_fixed32                         0x0003c218   Section        0  pb_decode.o(i.pb_dec_fixed32)
    pb_dec_fixed32                           0x0003c219   Thumb Code    10  pb_decode.o(i.pb_dec_fixed32)
    i.pb_dec_fixed64                         0x0003c222   Section        0  pb_decode.o(i.pb_dec_fixed64)
    pb_dec_fixed64                           0x0003c223   Thumb Code    10  pb_decode.o(i.pb_dec_fixed64)
    i.pb_dec_string                          0x0003c22c   Section        0  pb_decode.o(i.pb_dec_string)
    pb_dec_string                            0x0003c22d   Thumb Code    60  pb_decode.o(i.pb_dec_string)
    i.pb_dec_submessage                      0x0003c268   Section        0  pb_decode.o(i.pb_dec_submessage)
    pb_dec_submessage                        0x0003c269   Thumb Code    62  pb_decode.o(i.pb_dec_submessage)
    i.pb_dec_svarint                         0x0003c2a6   Section        0  pb_decode.o(i.pb_dec_svarint)
    pb_dec_svarint                           0x0003c2a7   Thumb Code    86  pb_decode.o(i.pb_dec_svarint)
    i.pb_dec_uvarint                         0x0003c2fc   Section        0  pb_decode.o(i.pb_dec_uvarint)
    pb_dec_uvarint                           0x0003c2fd   Thumb Code    86  pb_decode.o(i.pb_dec_uvarint)
    i.pb_dec_varint                          0x0003c352   Section        0  pb_decode.o(i.pb_dec_varint)
    pb_dec_varint                            0x0003c353   Thumb Code    86  pb_decode.o(i.pb_dec_varint)
    i.pb_decode                              0x0003c3a8   Section        0  pb_decode.o(i.pb_decode)
    i.pb_decode_fixed32                      0x0003c3c4   Section        0  pb_decode.o(i.pb_decode_fixed32)
    i.pb_decode_fixed64                      0x0003c3e8   Section        0  pb_decode.o(i.pb_decode_fixed64)
    i.pb_decode_noinit                       0x0003c442   Section        0  pb_decode.o(i.pb_decode_noinit)
    i.pb_decode_svarint                      0x0003c5d0   Section        0  pb_decode.o(i.pb_decode_svarint)
    i.pb_decode_tag                          0x0003c606   Section        0  pb_decode.o(i.pb_decode_tag)
    i.pb_decode_varint                       0x0003c648   Section        0  pb_decode.o(i.pb_decode_varint)
    i.pb_decode_varint32                     0x0003c68e   Section        0  pb_decode.o(i.pb_decode_varint32)
    pb_decode_varint32                       0x0003c68f   Thumb Code    76  pb_decode.o(i.pb_decode_varint32)
    i.pb_decoding_callback                   0x0003c6dc   Section        0  dfu_req_handling.o(i.pb_decoding_callback)
    pb_decoding_callback                     0x0003c6dd   Thumb Code    26  dfu_req_handling.o(i.pb_decoding_callback)
    i.pb_field_iter_begin                    0x0003c700   Section        0  pb_common.o(i.pb_field_iter_begin)
    i.pb_field_iter_find                     0x0003c722   Section        0  pb_common.o(i.pb_field_iter_find)
    i.pb_field_iter_next                     0x0003c750   Section        0  pb_common.o(i.pb_field_iter_next)
    i.pb_field_set_to_default                0x0003c7d2   Section        0  pb_decode.o(i.pb_field_set_to_default)
    pb_field_set_to_default                  0x0003c7d3   Thumb Code   152  pb_decode.o(i.pb_field_set_to_default)
    i.pb_istream_from_buffer                 0x0003c86c   Section        0  pb_decode.o(i.pb_istream_from_buffer)
    i.pb_make_string_substream               0x0003c87c   Section        0  pb_decode.o(i.pb_make_string_substream)
    i.pb_message_set_to_defaults             0x0003c8b2   Section        0  pb_decode.o(i.pb_message_set_to_defaults)
    pb_message_set_to_defaults               0x0003c8b3   Thumb Code    38  pb_decode.o(i.pb_message_set_to_defaults)
    i.pb_read                                0x0003c8d8   Section        0  pb_decode.o(i.pb_read)
    i.pb_readbyte                            0x0003c934   Section        0  pb_decode.o(i.pb_readbyte)
    pb_readbyte                              0x0003c935   Thumb Code    32  pb_decode.o(i.pb_readbyte)
    i.pb_skip_field                          0x0003c954   Section        0  pb_decode.o(i.pb_skip_field)
    i.queue_advance                          0x0003c9b0   Section        0  fstorage.o(i.queue_advance)
    queue_advance                            0x0003c9b1   Thumb Code    36  fstorage.o(i.queue_advance)
    i.queue_get_next_free                    0x0003c9dc   Section        0  fstorage.o(i.queue_get_next_free)
    queue_get_next_free                      0x0003c9dd   Thumb Code    50  fstorage.o(i.queue_get_next_free)
    i.queue_process                          0x0003ca14   Section        0  fstorage.o(i.queue_process)
    queue_process                            0x0003ca15   Thumb Code   100  fstorage.o(i.queue_process)
    i.queue_start                            0x0003ca80   Section        0  fstorage.o(i.queue_start)
    queue_start                              0x0003ca81   Thumb Code    24  fstorage.o(i.queue_start)
    i.queue_utilization_get                  0x0003ca9c   Section        0  nrf_queue.o(i.queue_utilization_get)
    queue_utilization_get                    0x0003ca9d   Thumb Code    22  nrf_queue.o(i.queue_utilization_get)
    i.read_raw_value                         0x0003cab2   Section        0  pb_decode.o(i.read_raw_value)
    read_raw_value                           0x0003cab3   Thumb Code    94  pb_decode.o(i.read_raw_value)
    i.response_crc_cmd_send                  0x0003cb10   Section        0  nrf_ble_dfu.o(i.response_crc_cmd_send)
    response_crc_cmd_send                    0x0003cb11   Thumb Code    70  nrf_ble_dfu.o(i.response_crc_cmd_send)
    i.response_select_object_cmd_send        0x0003cb64   Section        0  nrf_ble_dfu.o(i.response_select_object_cmd_send)
    response_select_object_cmd_send          0x0003cb65   Thumb Code    84  nrf_ble_dfu.o(i.response_select_object_cmd_send)
    i.response_send                          0x0003cbc4   Section        0  nrf_ble_dfu.o(i.response_send)
    response_send                            0x0003cbc5   Thumb Code    44  nrf_ble_dfu.o(i.response_send)
    i.rtc1_stop                              0x0003cbfc   Section        0  app_timer.o(i.rtc1_stop)
    rtc1_stop                                0x0003cbfd   Thumb Code    50  app_timer.o(i.rtc1_stop)
    i.sd_nvic_EnableIRQ                      0x0003cc40   Section        0  softdevice_handler.o(i.sd_nvic_EnableIRQ)
    sd_nvic_EnableIRQ                        0x0003cc41   Thumb Code   112  softdevice_handler.o(i.sd_nvic_EnableIRQ)
    i.send_event                             0x0003ccc4   Section        0  fstorage.o(i.send_event)
    send_event                               0x0003ccc5   Thumb Code    72  fstorage.o(i.send_event)
    i.send_hvx                               0x0003cd0c   Section        0  nrf_ble_dfu.o(i.send_hvx)
    send_hvx                                 0x0003cd0d   Thumb Code    34  nrf_ble_dfu.o(i.send_hvx)
    i.sha256_final                           0x0003cd34   Section        0  sha256.o(i.sha256_final)
    i.sha256_init                            0x0003ce44   Section        0  sha256.o(i.sha256_init)
    i.sha256_transform                       0x0003ce98   Section        0  sha256.o(i.sha256_transform)
    i.sha256_update                          0x0003cffc   Section        0  sha256.o(i.sha256_update)
    i.softdevice_ble_evt_handler_set         0x0003d04c   Section        0  softdevice_handler.o(i.softdevice_ble_evt_handler_set)
    i.softdevice_enable                      0x0003d060   Section        0  softdevice_handler.o(i.softdevice_enable)
    i.softdevice_enable_get_default_config   0x0003d074   Section        0  softdevice_handler.o(i.softdevice_enable_get_default_config)
    i.softdevice_evt_get                     0x0003d09c   Section        0  softdevice_handler_appsh.o(i.softdevice_evt_get)
    i.softdevice_evt_schedule                0x0003d0b0   Section        0  softdevice_handler_appsh.o(i.softdevice_evt_schedule)
    i.softdevice_fault_handler               0x0003d0c4   Section        0  softdevice_handler.o(i.softdevice_fault_handler)
    i.softdevice_handler_init                0x0003d0cc   Section        0  softdevice_handler.o(i.softdevice_handler_init)
    i.softdevice_handler_is_enabled          0x0003d124   Section        0  softdevice_handler.o(i.softdevice_handler_is_enabled)
    i.softdevice_sys_evt_handler_set         0x0003d130   Section        0  softdevice_handler.o(i.softdevice_sys_evt_handler_set)
    i.timer_list_handler                     0x0003d144   Section        0  app_timer.o(i.timer_list_handler)
    timer_list_handler                       0x0003d145   Thumb Code   128  app_timer.o(i.timer_list_handler)
    i.timer_list_handler_sched               0x0003d1c8   Section        0  app_timer.o(i.timer_list_handler_sched)
    timer_list_handler_sched                 0x0003d1c9   Thumb Code    10  app_timer.o(i.timer_list_handler_sched)
    i.timer_list_insert                      0x0003d1d8   Section        0  app_timer.o(i.timer_list_insert)
    timer_list_insert                        0x0003d1d9   Thumb Code    60  app_timer.o(i.timer_list_insert)
    i.timer_stop_op_schedule                 0x0003d218   Section        0  app_timer.o(i.timer_stop_op_schedule)
    timer_stop_op_schedule                   0x0003d219   Thumb Code    68  app_timer.o(i.timer_stop_op_schedule)
    i.timer_timeouts_check                   0x0003d260   Section        0  app_timer.o(i.timer_timeouts_check)
    timer_timeouts_check                     0x0003d261   Thumb Code   118  app_timer.o(i.timer_timeouts_check)
    i.uint32_encode                          0x0003d2e0   Section        0  nrf_ble_dfu.o(i.uint32_encode)
    uint32_encode                            0x0003d2e1   Thumb Code    18  nrf_ble_dfu.o(i.uint32_encode)
    i.update_timeout_handler                 0x0003d2f4   Section        0  ble_conn_params.o(i.update_timeout_handler)
    update_timeout_handler                   0x0003d2f5   Thumb Code    86  ble_conn_params.o(i.update_timeout_handler)
    i.user_op_alloc                          0x0003d358   Section        0  app_timer.o(i.user_op_alloc)
    user_op_alloc                            0x0003d359   Thumb Code    40  app_timer.o(i.user_op_alloc)
    i.wait_for_queue                         0x0003d384   Section        0  nrf_dfu_settings.o(i.wait_for_queue)
    wait_for_queue                           0x0003d385   Thumb Code    18  nrf_dfu_settings.o(i.wait_for_queue)
    .constdata                               0x0003d396   Section        1  dfu-cc.pb.o(.constdata)
    .constdata                               0x0003d398   Section       36  dfu-cc.pb.o(.constdata)
    .constdata                               0x0003d3bc   Section      120  dfu-cc.pb.o(.constdata)
    .constdata                               0x0003d434   Section       24  dfu-cc.pb.o(.constdata)
    .constdata                               0x0003d44c   Section       48  dfu-cc.pb.o(.constdata)
    .constdata                               0x0003d47c   Section       48  dfu-cc.pb.o(.constdata)
    .constdata                               0x0003d4ac   Section       36  dfu-cc.pb.o(.constdata)
    .constdata                               0x0003d4d0   Section       64  dfu_public_key.o(.constdata)
    .constdata                               0x0003d510   Section        8  dfu_req_handling.o(.constdata)
    crypto_key_pk                            0x0003d510   Data           8  dfu_req_handling.o(.constdata)
    .constdata                               0x0003d518   Section       10  boards.o(.constdata)
    m_board_led_list                         0x0003d518   Data           2  boards.o(.constdata)
    m_board_btn_list                         0x0003d51a   Data           8  boards.o(.constdata)
    .constdata                               0x0003d524   Section        4  ble_conn_params.o(.constdata)
    m_conn_params_timer_id                   0x0003d524   Data           4  ble_conn_params.o(.constdata)
    .constdata                               0x0003d528   Section       20  nrf_ble_dfu.o(.constdata)
    .constdata                               0x0003d53c   Section       16  nrf_dfu_flash.o(.constdata)
    .constdata                               0x0003d54c   Section       64  nrf_dfu_mbr.o(.constdata)
    .constdata                               0x0003d58c   Section       24  nrf_drv_rng.o(.constdata)
    m_default_config                         0x0003d58c   Data           2  nrf_drv_rng.o(.constdata)
    m_rand_pool                              0x0003d590   Data          20  nrf_drv_rng.o(.constdata)
    .constdata                               0x0003d5a4   Section      256  sha256.o(.constdata)
    k                                        0x0003d5a4   Data         256  sha256.o(.constdata)
    .constdata                               0x0003d6a4   Section       36  pb_decode.o(.constdata)
    PB_DECODERS                              0x0003d6a4   Data          36  pb_decode.o(.constdata)
    [Anonymous Symbol]                       0x0003d6c8   Section        0  micro_ecc_lib_uECC.c.o(.rodata.curve_secp256r1)
    curve_secp256r1                          0x0003d6c8   Data         176  micro_ecc_lib_uECC.c.o(.rodata.curve_secp256r1)
    dfu_trans                                0x0003d798   Section        8  nrf_ble_dfu.o(dfu_trans)
    __tagsym$$used                           0x0003d798   Number         0  nrf_ble_dfu.o(dfu_trans)
    dfu_trans                                0x0003d798   Data           8  nrf_ble_dfu.o(dfu_trans)
    .ARM.__AT_0x0003FC00                     0x0003fc00   Section     1024  nrf_dfu_settings.o(.ARM.__AT_0x0003FC00)
    __tagsym$$used                           0x0003fc00   Number         0  nrf_dfu_settings.o(.ARM.__AT_0x0003FC00)
    .ARM.__AT_0x10001014                     0x10001014   Section        4  nrf_bootloader_info.o(.ARM.__AT_0x10001014)
    .data                                    0x200025e0   Section       36  dfu_req_handling.o(.data)
    cur_obj_type                             0x200025e0   Data           1  dfu_req_handling.o(.data)
    m_current_data_buffer                    0x200025e1   Data           1  dfu_req_handling.o(.data)
    m_valid_init_packet_present              0x200025e2   Data           1  dfu_req_handling.o(.data)
    m_data_buf_pos                           0x200025e4   Data           2  dfu_req_handling.o(.data)
    m_flash_operations_pending               0x200025e8   Data           4  dfu_req_handling.o(.data)
    m_firmware_start_addr                    0x200025ec   Data           4  dfu_req_handling.o(.data)
    m_firmware_size_req                      0x200025f0   Data           4  dfu_req_handling.o(.data)
    crypto_sig                               0x200025f4   Data           8  dfu_req_handling.o(.data)
    hash_data                                0x200025fc   Data           8  dfu_req_handling.o(.data)
    .data                                    0x20002604   Section       20  ble_conn_params.o(.data)
    m_change_param                           0x20002604   Data           1  ble_conn_params.o(.data)
    m_update_count                           0x20002605   Data           1  ble_conn_params.o(.data)
    m_conn_handle                            0x20002606   Data           2  ble_conn_params.o(.data)
    m_preferred_conn_params                  0x20002608   Data           8  ble_conn_params.o(.data)
    m_current_conn_params                    0x20002610   Data           8  ble_conn_params.o(.data)
    .data                                    0x20002618   Section       12  nrf_ble_dfu.o(.data)
    m_conn_handle                            0x20002618   Data           2  nrf_ble_dfu.o(.data)
    m_pkt_notif_target                       0x2000261a   Data           2  nrf_ble_dfu.o(.data)
    m_pkt_notif_target_cnt                   0x2000261c   Data           2  nrf_ble_dfu.o(.data)
    m_flags                                  0x20002620   Data           4  nrf_ble_dfu.o(.data)
    .data                                    0x20002624   Section        4  nrf_dfu_flash.o(.data)
    m_flags                                  0x20002624   Data           4  nrf_dfu_flash.o(.data)
    .data                                    0x20002628   Section        8  nrf_dfu_settings.o(.data)
    flash_operation_pending                  0x20002628   Data           1  nrf_dfu_settings.o(.data)
    m_callback                               0x2000262c   Data           4  nrf_dfu_settings.o(.data)
    .data                                    0x20002630   Section       16  app_scheduler.o(.data)
    m_queue_start_index                      0x20002630   Data           1  app_scheduler.o(.data)
    m_queue_end_index                        0x20002631   Data           1  app_scheduler.o(.data)
    m_queue_event_size                       0x20002632   Data           2  app_scheduler.o(.data)
    m_queue_size                             0x20002634   Data           2  app_scheduler.o(.data)
    m_queue_event_headers                    0x20002638   Data           4  app_scheduler.o(.data)
    m_queue_event_data                       0x2000263c   Data           4  app_scheduler.o(.data)
    .data                                    0x20002640   Section       32  app_timer.o(.data)
    m_ticks_elapsed_q_read_ind               0x20002640   Data           1  app_timer.o(.data)
    m_ticks_elapsed_q_write_ind              0x20002641   Data           1  app_timer.o(.data)
    m_rtc1_running                           0x20002642   Data           1  app_timer.o(.data)
    m_rtc1_reset                             0x20002643   Data           1  app_timer.o(.data)
    mp_timer_id_head                         0x20002644   Data           4  app_timer.o(.data)
    m_ticks_latest                           0x20002648   Data           4  app_timer.o(.data)
    m_evt_schedule_func                      0x2000264c   Data           4  app_timer.o(.data)
    m_op_queue                               0x20002650   Data           8  app_timer.o(.data)
    m_ticks_elapsed                          0x20002658   Data           8  app_timer.o(.data)
    .data                                    0x20002660   Section       12  app_util_platform.o(.data)
    m_in_critical_region                     0x20002660   Data           4  app_util_platform.o(.data)
    .data                                    0x2000266c   Section        2  fstorage.o(.data)
    m_flags                                  0x2000266c   Data           1  fstorage.o(.data)
    m_retry_count                            0x2000266d   Data           1  fstorage.o(.data)
    .data                                    0x20002670   Section       20  softdevice_handler.o(.data)
    m_softdevice_enabled                     0x20002670   Data           1  softdevice_handler.o(.data)
    m_suspended                              0x20002671   Data           1  softdevice_handler.o(.data)
    m_ble_evt_buffer_size                    0x20002672   Data           2  softdevice_handler.o(.data)
    m_evt_schedule_func                      0x20002674   Data           4  softdevice_handler.o(.data)
    mp_ble_evt_buffer                        0x20002678   Data           4  softdevice_handler.o(.data)
    m_ble_evt_handler                        0x2000267c   Data           4  softdevice_handler.o(.data)
    m_sys_evt_handler                        0x20002680   Data           4  softdevice_handler.o(.data)
    .data                                    0x20002684   Section        4  system_nrf51.o(.data)
    __tagsym$$used                           0x20002684   Number         0  system_nrf51.o(.data)
    fs_data                                  0x20002688   Section       16  nrf_dfu_flash.o(fs_data)
    __tagsym$$used                           0x20002688   Number         0  nrf_dfu_flash.o(fs_data)
    fs_dfu_config                            0x20002688   Data          16  nrf_dfu_flash.o(fs_data)
    .bss                                     0x20002698   Section     1436  dfu_req_handling.o(.bss)
    packet                                   0x20002698   Data         300  dfu_req_handling.o(.bss)
    m_data_buf                               0x200027c4   Data        1024  dfu_req_handling.o(.bss)
    hash                                     0x20002bc4   Data          32  dfu_req_handling.o(.bss)
    sig                                      0x20002be4   Data          64  dfu_req_handling.o(.bss)
    stream                                   0x20002c24   Data          16  dfu_req_handling.o(.bss)
    .bss                                     0x20002c34   Section       32  ble_conn_params.o(.bss)
    m_conn_params_timer_id_data              0x20002c34   Data          32  ble_conn_params.o(.bss)
    .bss                                     0x20002c54   Section       28  ble_conn_params.o(.bss)
    m_conn_params_config                     0x20002c54   Data          28  ble_conn_params.o(.bss)
    .bss                                     0x20002c70   Section      107  nrf_ble_dfu.o(.bss)
    BLE_EVT_BUFFER                           0x20002c70   Data          72  nrf_ble_dfu.o(.bss)
    m_dfu                                    0x20002cb8   Data          20  nrf_ble_dfu.o(.bss)
    m_notif_buffer                           0x20002ccc   Data          15  nrf_ble_dfu.o(.bss)
    .bss                                     0x20002cdc   Section      456  nrf_dfu.o(.bss)
    APP_TIMER_BUF                            0x20002cdc   Data         120  nrf_dfu.o(.bss)
    APP_SCHED_BUF                            0x20002d54   Data         336  nrf_dfu.o(.bss)
    .bss                                     0x20002ea4   Section      696  nrf_dfu_settings.o(.bss)
    temp_dfu_settings                        0x20002ea4   Data         348  nrf_dfu_settings.o(.bss)
    .bss                                     0x2000315c   Section       33  nrf_drv_rng.o(.bss)
    m_rand_pool_nrf_queue_buffer             0x2000315c   Data          33  nrf_drv_rng.o(.bss)
    .bss                                     0x20003180   Section       12  nrf_drv_rng.o(.bss)
    m_rand_pool_nrf_queue_cb                 0x20003180   Data          12  nrf_drv_rng.o(.bss)
    .bss                                     0x2000318c   Section      104  fstorage.o(.bss)
    m_queue                                  0x2000318c   Data         104  fstorage.o(.bss)
    STACK                                    0x200031f8   Section     2048  arm_startup_nrf51.o(STACK)

    Global Symbols

    Symbol Name                              Value     Ov Type        Size  Object(Section)

    BuildAttributes$$THM_ISAv3M$S$PE$A:L22$X:L11$S22$IEEE1$IW$USESV6$~STKCKD$USESV7$~SHL$OSPACE$IEEEX$EBA8$MICROLIB$REQ8$PRES8$EABIv2 0x00000000   Number         0  anon$$obj.o ABSOLUTE
    __ARM_use_no_argv                        0x00000000   Number         0  main.o ABSOLUTE
    __cpp_initialize__aeabi_                  - Undefined Weak Reference
    __cxa_finalize                            - Undefined Weak Reference
    __decompress                              - Undefined Weak Reference
    _clock_init                               - Undefined Weak Reference
    _microlib_exit                            - Undefined Weak Reference
    __Vectors_Size                           0x000000c0   Number         0  arm_startup_nrf51.o ABSOLUTE
    Image$$ER_IROM1$$Base                    0x00038c00   Number         0  anon$$obj.o ABSOLUTE
    __Vectors                                0x00038c00   Data           4  arm_startup_nrf51.o(RESET)
    __Vectors_End                            0x00038cc0   Data           0  arm_startup_nrf51.o(RESET)
    __main                                   0x00038cc1   Thumb Code     0  entry.o(.ARM.Collect$$$$00000000)
    _main_stk                                0x00038cc1   Thumb Code     0  entry2.o(.ARM.Collect$$$$00000001)
    _main_scatterload                        0x00038cc5   Thumb Code     0  entry5.o(.ARM.Collect$$$$00000004)
    __main_after_scatterload                 0x00038cc9   Thumb Code     0  entry5.o(.ARM.Collect$$$$00000004)
    _main_clock                              0x00038cc9   Thumb Code     0  entry7b.o(.ARM.Collect$$$$00000008)
    _main_cpp_init                           0x00038cc9   Thumb Code     0  entry8b.o(.ARM.Collect$$$$0000000A)
    _main_init                               0x00038cc9   Thumb Code     0  entry9a.o(.ARM.Collect$$$$0000000B)
    __rt_final_cpp                           0x00038cd1   Thumb Code     0  entry10a.o(.ARM.Collect$$$$0000000D)
    __rt_final_exit                          0x00038cd1   Thumb Code     0  entry11a.o(.ARM.Collect$$$$0000000F)
    __asm___26_nrf_bootloader_app_start_c_5c9f33f9__nrf_bootloader_app_start_impl 0x00038cd5   Thumb Code    52  nrf_bootloader_app_start.o(.emb_text)
    Reset_Handler                            0x00038d09   Thumb Code    26  arm_startup_nrf51.o(.text)
    NMI_Handler                              0x00038d23   Thumb Code     2  arm_startup_nrf51.o(.text)
    HardFault_Handler                        0x00038d25   Thumb Code     2  arm_startup_nrf51.o(.text)
    SVC_Handler                              0x00038d27   Thumb Code     2  arm_startup_nrf51.o(.text)
    PendSV_Handler                           0x00038d29   Thumb Code     2  arm_startup_nrf51.o(.text)
    SysTick_Handler                          0x00038d2b   Thumb Code     2  arm_startup_nrf51.o(.text)
    ADC_IRQHandler                           0x00038d2d   Thumb Code     0  arm_startup_nrf51.o(.text)
    CCM_AAR_IRQHandler                       0x00038d2d   Thumb Code     0  arm_startup_nrf51.o(.text)
    ECB_IRQHandler                           0x00038d2d   Thumb Code     0  arm_startup_nrf51.o(.text)
    GPIOTE_IRQHandler                        0x00038d2d   Thumb Code     0  arm_startup_nrf51.o(.text)
    LPCOMP_IRQHandler                        0x00038d2d   Thumb Code     0  arm_startup_nrf51.o(.text)
    POWER_CLOCK_IRQHandler                   0x00038d2d   Thumb Code     0  arm_startup_nrf51.o(.text)
    QDEC_IRQHandler                          0x00038d2d   Thumb Code     0  arm_startup_nrf51.o(.text)
    RADIO_IRQHandler                         0x00038d2d   Thumb Code     0  arm_startup_nrf51.o(.text)
    RTC0_IRQHandler                          0x00038d2d   Thumb Code     0  arm_startup_nrf51.o(.text)
    SPI0_TWI0_IRQHandler                     0x00038d2d   Thumb Code     0  arm_startup_nrf51.o(.text)
    SPI1_TWI1_IRQHandler                     0x00038d2d   Thumb Code     0  arm_startup_nrf51.o(.text)
    SWI1_IRQHandler                          0x00038d2d   Thumb Code     0  arm_startup_nrf51.o(.text)
    SWI3_IRQHandler                          0x00038d2d   Thumb Code     0  arm_startup_nrf51.o(.text)
    SWI4_IRQHandler                          0x00038d2d   Thumb Code     0  arm_startup_nrf51.o(.text)
    SWI5_IRQHandler                          0x00038d2d   Thumb Code     0  arm_startup_nrf51.o(.text)
    TEMP_IRQHandler                          0x00038d2d   Thumb Code     0  arm_startup_nrf51.o(.text)
    TIMER0_IRQHandler                        0x00038d2d   Thumb Code     0  arm_startup_nrf51.o(.text)
    TIMER1_IRQHandler                        0x00038d2d   Thumb Code     0  arm_startup_nrf51.o(.text)
    TIMER2_IRQHandler                        0x00038d2d   Thumb Code     0  arm_startup_nrf51.o(.text)
    UART0_IRQHandler                         0x00038d2d   Thumb Code     0  arm_startup_nrf51.o(.text)
    WDT_IRQHandler                           0x00038d2d   Thumb Code     0  arm_startup_nrf51.o(.text)
    __aeabi_llsl                             0x00038d41   Thumb Code    32  llshl.o(.text)
    _ll_shift_l                              0x00038d41   Thumb Code     0  llshl.o(.text)
    __aeabi_memcpy                           0x00038d61   Thumb Code    36  memcpya.o(.text)
    __aeabi_memcpy4                          0x00038d61   Thumb Code     0  memcpya.o(.text)
    __aeabi_memcpy8                          0x00038d61   Thumb Code     0  memcpya.o(.text)
    __aeabi_memset                           0x00038d85   Thumb Code    14  memseta.o(.text)
    __aeabi_memset4                          0x00038d85   Thumb Code     0  memseta.o(.text)
    __aeabi_memset8                          0x00038d85   Thumb Code     0  memseta.o(.text)
    __aeabi_memclr                           0x00038d93   Thumb Code     4  memseta.o(.text)
    __aeabi_memclr4                          0x00038d93   Thumb Code     0  memseta.o(.text)
    __aeabi_memclr8                          0x00038d93   Thumb Code     0  memseta.o(.text)
    memset                                   0x00038d97   Thumb Code    18  memseta.o(.text)
    memcmp                                   0x00038da9   Thumb Code    26  memcmp.o(.text)
    __aeabi_uread4                           0x00038dc3   Thumb Code    20  uread4.o(.text)
    __rt_uread4                              0x00038dc3   Thumb Code     0  uread4.o(.text)
    _uread4                                  0x00038dc3   Thumb Code     0  uread4.o(.text)
    __scatterload                            0x00038dd9   Thumb Code    28  init.o(.text)
    __scatterload_rt2                        0x00038dd9   Thumb Code     0  init.o(.text)
    uECC_secp256r1                           0x000390f5   Thumb Code     8  micro_ecc_lib_uECC.c.o(.text.uECC_secp256r1)
    uECC_verify                              0x000390fd   Thumb Code   690  micro_ecc_lib_uECC.c.o(.text.uECC_verify)
    uECC_vli_add                             0x000393b1   Thumb Code    88  micro_ecc_lib_uECC.c.o(.text.uECC_vli_add)
    uECC_vli_clear                           0x00039409   Thumb Code    24  micro_ecc_lib_uECC.c.o(.text.uECC_vli_clear)
    uECC_vli_equal                           0x00039447   Thumb Code    36  micro_ecc_lib_uECC.c.o(.text.uECC_vli_equal)
    uECC_vli_isZero                          0x0003946b   Thumb Code    30  micro_ecc_lib_uECC.c.o(.text.uECC_vli_isZero)
    uECC_vli_mmod                            0x00039489   Thumb Code   288  micro_ecc_lib_uECC.c.o(.text.uECC_vli_mmod)
    uECC_vli_modAdd                          0x000395a9   Thumb Code    50  micro_ecc_lib_uECC.c.o(.text.uECC_vli_modAdd)
    uECC_vli_modInv                          0x000395db   Thumb Code   278  micro_ecc_lib_uECC.c.o(.text.uECC_vli_modInv)
    uECC_vli_modMult                         0x000396f1   Thumb Code    38  micro_ecc_lib_uECC.c.o(.text.uECC_vli_modMult)
    uECC_vli_modMult_fast                    0x00039717   Thumb Code    32  micro_ecc_lib_uECC.c.o(.text.uECC_vli_modMult_fast)
    uECC_vli_modSquare_fast                  0x00039737   Thumb Code    32  micro_ecc_lib_uECC.c.o(.text.uECC_vli_modSquare_fast)
    uECC_vli_modSub                          0x00039757   Thumb Code    36  micro_ecc_lib_uECC.c.o(.text.uECC_vli_modSub)
    uECC_vli_mult                            0x0003977b   Thumb Code   152  micro_ecc_lib_uECC.c.o(.text.uECC_vli_mult)
    uECC_vli_numBits                         0x00039815   Thumb Code    68  micro_ecc_lib_uECC.c.o(.text.uECC_vli_numBits)
    uECC_vli_rshift1                         0x00039859   Thumb Code    30  micro_ecc_lib_uECC.c.o(.text.uECC_vli_rshift1)
    uECC_vli_set                             0x00039877   Thumb Code    24  micro_ecc_lib_uECC.c.o(.text.uECC_vli_set)
    uECC_vli_square                          0x0003988f   Thumb Code   166  micro_ecc_lib_uECC.c.o(.text.uECC_vli_square)
    uECC_vli_sub                             0x00039941   Thumb Code    92  micro_ecc_lib_uECC.c.o(.text.uECC_vli_sub)
    uECC_vli_testBit                         0x0003999d   Thumb Code    18  micro_ecc_lib_uECC.c.o(.text.uECC_vli_testBit)
    RNG_IRQHandler                           0x00039c5d   Thumb Code    80  nrf_drv_rng.o(i.RNG_IRQHandler)
    RTC1_IRQHandler                          0x00039cbd   Thumb Code    28  app_timer.o(i.RTC1_IRQHandler)
    SWI0_IRQHandler                          0x00039cdd   Thumb Code     8  app_timer.o(i.SWI0_IRQHandler)
    SWI2_IRQHandler                          0x00039ce5   Thumb Code    28  softdevice_handler.o(i.SWI2_IRQHandler)
    SystemInit                               0x00039d05   Thumb Code   130  system_nrf51.o(i.SystemInit)
    __ARM_common_switch8                     0x00039da5   Thumb Code    26  dfu_req_handling.o(i.__ARM_common_switch8)
    __scatterload_copy                       0x00039dbf   Thumb Code    14  handlers.o(i.__scatterload_copy)
    __scatterload_null                       0x00039dcd   Thumb Code     2  handlers.o(i.__scatterload_null)
    __scatterload_zeroinit                   0x00039dcf   Thumb Code    14  handlers.o(i.__scatterload_zeroinit)
    app_error_fault_handler                  0x00039eb5   Thumb Code     4  main.o(i.app_error_fault_handler)
    app_error_handler_bare                   0x00039eb9   Thumb Code     4  main.o(i.app_error_handler_bare)
    app_sched_event_put                      0x00039ebd   Thumb Code   146  app_scheduler.o(i.app_sched_event_put)
    app_sched_execute                        0x00039f59   Thumb Code    56  app_scheduler.o(i.app_sched_execute)
    app_sched_init                           0x00039f95   Thumb Code    40  app_scheduler.o(i.app_sched_init)
    app_timer_create                         0x00039fc1   Thumb Code    40  app_timer.o(i.app_timer_create)
    app_timer_evt_schedule                   0x0003a005   Thumb Code    18  app_timer_appsh.o(i.app_timer_evt_schedule)
    app_timer_init                           0x0003a01d   Thumb Code    98  app_timer.o(i.app_timer_init)
    app_timer_start                          0x0003a091   Thumb Code   128  app_timer.o(i.app_timer_start)
    app_timer_stop                           0x0003a119   Thumb Code    36  app_timer.o(i.app_timer_stop)
    app_util_critical_region_enter           0x0003a141   Thumb Code    48  app_util_platform.o(i.app_util_critical_region_enter)
    app_util_critical_region_exit            0x0003a17d   Thumb Code    36  app_util_platform.o(i.app_util_critical_region_exit)
    ble_conn_params_init                     0x0003a1a9   Thumb Code    68  ble_conn_params.o(i.ble_conn_params_init)
    ble_conn_params_on_ble_evt               0x0003a1fd   Thumb Code   130  ble_conn_params.o(i.ble_conn_params_on_ble_evt)
    ble_conn_params_stop                     0x0003a28d   Thumb Code    12  ble_conn_params.o(i.ble_conn_params_stop)
    ble_dfu_init                             0x0003a29d   Thumb Code    88  nrf_ble_dfu.o(i.ble_dfu_init)
    ble_dfu_transport_close                  0x0003a301   Thumb Code   108  nrf_ble_dfu.o(i.ble_dfu_transport_close)
    ble_dfu_transport_init                   0x0003a381   Thumb Code   176  nrf_ble_dfu.o(i.ble_dfu_transport_init)
    ble_srv_is_notification_enabled          0x0003a45d   Thumb Code    14  ble_srv_common.o(i.ble_srv_is_notification_enabled)
    bsp_board_led_off                        0x0003a46d   Thumb Code    14  boards.o(i.bsp_board_led_off)
    bsp_board_led_on                         0x0003a481   Thumb Code    14  boards.o(i.bsp_board_led_on)
    bsp_board_leds_init                      0x0003a495   Thumb Code    36  boards.o(i.bsp_board_leds_init)
    bsp_board_leds_off                       0x0003a4bd   Thumb Code    18  boards.o(i.bsp_board_leds_off)
    crc32_compute                            0x0003a625   Thumb Code    56  crc32.o(i.crc32_compute)
    ecc_p256_verify                          0x0003aaf5   Thumb Code    86  ecc.o(i.ecc_p256_verify)
    fs_erase                                 0x0003ab8d   Thumb Code   118  fstorage.o(i.fs_erase)
    fs_fake_init                             0x0003ac35   Thumb Code    14  fstorage.o(i.fs_fake_init)
    fs_queue_is_full                         0x0003ac49   Thumb Code    16  fstorage.o(i.fs_queue_is_full)
    fs_store                                 0x0003ac5d   Thumb Code   128  fstorage.o(i.fs_store)
    fs_sys_event_handler                     0x0003ace1   Thumb Code    94  fstorage.o(i.fs_sys_event_handler)
    intern_softdevice_events_execute         0x0003ada9   Thumb Code   128  softdevice_handler.o(i.intern_softdevice_events_execute)
    main                                     0x0003b031   Thumb Code    58  main.o(i.main)
    nrf_bootloader_app_start                 0x0003b06d   Thumb Code    34  nrf_bootloader_app_start.o(i.nrf_bootloader_app_start)
    nrf_bootloader_init                      0x0003b095   Thumb Code     8  nrf_bootloader.o(i.nrf_bootloader_init)
    nrf_crypto_hash_compute                  0x0003b09d   Thumb Code    76  nrf_crypto.o(i.nrf_crypto_hash_compute)
    nrf_crypto_verify                        0x0003b0e9   Thumb Code    42  nrf_crypto.o(i.nrf_crypto_verify)
    nrf_dfu_app_is_valid                     0x0003b1ed   Thumb Code    44  nrf_dfu_utils.o(i.nrf_dfu_app_is_valid)
    nrf_dfu_continue                         0x0003b375   Thumb Code    46  nrf_dfu_utils.o(i.nrf_dfu_continue)
    nrf_dfu_enter_check                      0x0003b695   Thumb Code    58  nrf_dfu.o(i.nrf_dfu_enter_check)
    nrf_dfu_find_cache                       0x0003b6d9   Thumb Code   104  nrf_dfu_utils.o(i.nrf_dfu_find_cache)
    nrf_dfu_flash_erase                      0x0003b74d   Thumb Code   136  nrf_dfu_flash.o(i.nrf_dfu_flash_erase)
    nrf_dfu_flash_init                       0x0003b7e1   Thumb Code    40  nrf_dfu_flash.o(i.nrf_dfu_flash_init)
    nrf_dfu_flash_store                      0x0003b811   Thumb Code   102  nrf_dfu_flash.o(i.nrf_dfu_flash_store)
    nrf_dfu_init                             0x0003b881   Thumb Code   130  nrf_dfu.o(i.nrf_dfu_init)
    nrf_dfu_mbr_compare                      0x0003b925   Thumb Code    22  nrf_dfu_mbr.o(i.nrf_dfu_mbr_compare)
    nrf_dfu_mbr_copy_bl                      0x0003b941   Thumb Code    20  nrf_dfu_mbr.o(i.nrf_dfu_mbr_copy_bl)
    nrf_dfu_mbr_copy_sd                      0x0003b955   Thumb Code    34  nrf_dfu_mbr.o(i.nrf_dfu_mbr_copy_sd)
    nrf_dfu_mbr_init_sd                      0x0003b97d   Thumb Code    18  nrf_dfu_mbr.o(i.nrf_dfu_mbr_init_sd)
    nrf_dfu_req_handler_init                 0x0003ba8d   Thumb Code    82  dfu_req_handling.o(i.nrf_dfu_req_handler_init)
    nrf_dfu_req_handler_on_req               0x0003bae9   Thumb Code    56  dfu_req_handling.o(i.nrf_dfu_req_handler_on_req)
    nrf_dfu_settings_calculate_crc           0x0003bb99   Thumb Code    14  nrf_dfu_settings.o(i.nrf_dfu_settings_calculate_crc)
    nrf_dfu_settings_init                    0x0003bbad   Thumb Code    68  nrf_dfu_settings.o(i.nrf_dfu_settings_init)
    nrf_dfu_settings_write                   0x0003bbfd   Thumb Code    96  nrf_dfu_settings.o(i.nrf_dfu_settings_write)
    nrf_dfu_transports_close                 0x0003bc71   Thumb Code    36  nrf_dfu_transport.o(i.nrf_dfu_transports_close)
    nrf_dfu_transports_init                  0x0003bc9d   Thumb Code    36  nrf_dfu_transport.o(i.nrf_dfu_transports_init)
    nrf_dfu_wait                             0x0003bcc9   Thumb Code     8  nrf_dfu.o(i.nrf_dfu_wait)
    nrf_nvmc_page_erase                      0x0003bd61   Thumb Code    34  nrf_nvmc.o(i.nrf_nvmc_page_erase)
    nrf_nvmc_write_words                     0x0003bd8d   Thumb Code    50  nrf_nvmc.o(i.nrf_nvmc_write_words)
    nrf_queue_is_full                        0x0003bdc9   Thumb Code    30  nrf_queue.o(i.nrf_queue_is_full)
    nrf_queue_push                           0x0003bdf5   Thumb Code   176  nrf_queue.o(i.nrf_queue_push)
    pb_decode                                0x0003c3a9   Thumb Code    28  pb_decode.o(i.pb_decode)
    pb_decode_fixed32                        0x0003c3c5   Thumb Code    36  pb_decode.o(i.pb_decode_fixed32)
    pb_decode_fixed64                        0x0003c3e9   Thumb Code    90  pb_decode.o(i.pb_decode_fixed64)
    pb_decode_noinit                         0x0003c443   Thumb Code   398  pb_decode.o(i.pb_decode_noinit)
    pb_decode_svarint                        0x0003c5d1   Thumb Code    54  pb_decode.o(i.pb_decode_svarint)
    pb_decode_tag                            0x0003c607   Thumb Code    66  pb_decode.o(i.pb_decode_tag)
    pb_decode_varint                         0x0003c649   Thumb Code    70  pb_decode.o(i.pb_decode_varint)
    pb_field_iter_begin                      0x0003c701   Thumb Code    34  pb_common.o(i.pb_field_iter_begin)
    pb_field_iter_find                       0x0003c723   Thumb Code    46  pb_common.o(i.pb_field_iter_find)
    pb_field_iter_next                       0x0003c751   Thumb Code   130  pb_common.o(i.pb_field_iter_next)
    pb_istream_from_buffer                   0x0003c86d   Thumb Code    12  pb_decode.o(i.pb_istream_from_buffer)
    pb_make_string_substream                 0x0003c87d   Thumb Code    54  pb_decode.o(i.pb_make_string_substream)
    pb_read                                  0x0003c8d9   Thumb Code    86  pb_decode.o(i.pb_read)
    pb_skip_field                            0x0003c955   Thumb Code    90  pb_decode.o(i.pb_skip_field)
    sha256_final                             0x0003cd35   Thumb Code   272  sha256.o(i.sha256_final)
    sha256_init                              0x0003ce45   Thumb Code    52  sha256.o(i.sha256_init)
    sha256_transform                         0x0003ce99   Thumb Code   350  sha256.o(i.sha256_transform)
    sha256_update                            0x0003cffd   Thumb Code    80  sha256.o(i.sha256_update)
    softdevice_ble_evt_handler_set           0x0003d04d   Thumb Code    16  softdevice_handler.o(i.softdevice_ble_evt_handler_set)
    softdevice_enable                        0x0003d061   Thumb Code    14  softdevice_handler.o(i.softdevice_enable)
    softdevice_enable_get_default_config     0x0003d075   Thumb Code    40  softdevice_handler.o(i.softdevice_enable_get_default_config)
    softdevice_evt_get                       0x0003d09d   Thumb Code    18  softdevice_handler_appsh.o(i.softdevice_evt_get)
    softdevice_evt_schedule                  0x0003d0b1   Thumb Code    14  softdevice_handler_appsh.o(i.softdevice_evt_schedule)
    softdevice_fault_handler                 0x0003d0c5   Thumb Code     8  softdevice_handler.o(i.softdevice_fault_handler)
    softdevice_handler_init                  0x0003d0cd   Thumb Code    74  softdevice_handler.o(i.softdevice_handler_init)
    softdevice_handler_is_enabled            0x0003d125   Thumb Code     6  softdevice_handler.o(i.softdevice_handler_is_enabled)
    softdevice_sys_evt_handler_set           0x0003d131   Thumb Code    16  softdevice_handler.o(i.softdevice_sys_evt_handler_set)
    dfu_init_command_is_debug_default        0x0003d396   Data           1  dfu-cc.pb.o(.constdata)
    dfu_hash_fields                          0x0003d398   Data          36  dfu-cc.pb.o(.constdata)
    dfu_init_command_fields                  0x0003d3bc   Data         120  dfu-cc.pb.o(.constdata)
    dfu_reset_command_fields                 0x0003d434   Data          24  dfu-cc.pb.o(.constdata)
    dfu_command_fields                       0x0003d44c   Data          48  dfu-cc.pb.o(.constdata)
    dfu_signed_command_fields                0x0003d47c   Data          48  dfu-cc.pb.o(.constdata)
    dfu_packet_fields                        0x0003d4ac   Data          36  dfu-cc.pb.o(.constdata)
    pk                                       0x0003d4d0   Data          64  dfu_public_key.o(.constdata)
    Region$$Table$$Base                      0x0003d778   Number         0  anon$$obj.o(Region$$Table)
    Region$$Table$$Limit                     0x0003d798   Number         0  anon$$obj.o(Region$$Table)
    dfu_trans$$Base                          0x0003d798   Number         0  nrf_ble_dfu.o(dfu_trans)
    dfu_trans$$Limit                         0x0003d7a0   Number         0  nrf_ble_dfu.o(dfu_trans)
    m_dfu_settings_buffer                    0x0003fc00   Data        1024  nrf_dfu_settings.o(.ARM.__AT_0x0003FC00)
    m_uicr_bootloader_start_address          0x10001014   Data           4  nrf_bootloader_info.o(.ARM.__AT_0x10001014)
    Image$$RW_IRAM1$$Base                    0x200025e0   Number         0  anon$$obj.o ABSOLUTE
    nrf_nvic_state                           0x20002664   Data           8  app_util_platform.o(.data)
    SystemCoreClock                          0x20002684   Data           4  system_nrf51.o(.data)
    fs_data$$Base                            0x20002688   Number         0  nrf_dfu_flash.o(fs_data)
    fs_data$$Limit                           0x20002698   Number         0  nrf_dfu_flash.o(fs_data)
    s_dfu_settings                           0x20003000   Data         348  nrf_dfu_settings.o(.bss)
    __initial_sp                             0x200039f8   Data           0  arm_startup_nrf51.o(STACK)



==============================================================================

Memory Map of the image

  Image Entry point : 0x00038cc1

  Load Region LR_IROM1 (Base: 0x00038c00, Size: 0x00004c58, Max: 0x00005000, ABSOLUTE)

    Execution Region ER_IROM1 (Base: 0x00038c00, Size: 0x00004ba0, Max: 0x00005000, ABSOLUTE)

    Base Addr    Size         Type   Attr      Idx    E Section Name        Object

    0x00038c00   0x000000c0   Data   RO         2705    RESET               arm_startup_nrf51.o
    0x00038cc0   0x00000000   Code   RO         2853  * .ARM.Collect$$$$00000000  mc_p.l(entry.o)
    0x00038cc0   0x00000004   Code   RO         2874    .ARM.Collect$$$$00000001  mc_p.l(entry2.o)
    0x00038cc4   0x00000004   Code   RO         2877    .ARM.Collect$$$$00000004  mc_p.l(entry5.o)
    0x00038cc8   0x00000000   Code   RO         2879    .ARM.Collect$$$$00000008  mc_p.l(entry7b.o)
    0x00038cc8   0x00000000   Code   RO         2881    .ARM.Collect$$$$0000000A  mc_p.l(entry8b.o)
    0x00038cc8   0x00000008   Code   RO         2882    .ARM.Collect$$$$0000000B  mc_p.l(entry9a.o)
    0x00038cd0   0x00000000   Code   RO         2884    .ARM.Collect$$$$0000000D  mc_p.l(entry10a.o)
    0x00038cd0   0x00000000   Code   RO         2886    .ARM.Collect$$$$0000000F  mc_p.l(entry11a.o)
    0x00038cd0   0x00000004   Code   RO         2875    .ARM.Collect$$$$00002712  mc_p.l(entry2.o)
    0x00038cd4   0x00000034   Code   RO         1022    .emb_text           nrf_bootloader_app_start.o
    0x00038d08   0x00000038   Code   RO         2706    .text               arm_startup_nrf51.o
    0x00038d40   0x00000020   Code   RO         2858    .text               mc_p.l(llshl.o)
    0x00038d60   0x00000024   Code   RO         2860    .text               mc_p.l(memcpya.o)
    0x00038d84   0x00000024   Code   RO         2864    .text               mc_p.l(memseta.o)
    0x00038da8   0x0000001a   Code   RO         2868    .text               mc_p.l(memcmp.o)
    0x00038dc2   0x00000014   Code   RO         2872    .text               mc_p.l(uread4.o)
    0x00038dd6   0x00000002   PAD
    0x00038dd8   0x00000024   Code   RO         2888    .text               mc_p.l(init.o)
    0x00038dfc   0x000000c8   Code   RO         2794    .text.XYcZ_add      micro_ecc_lib_nrf51.lib(micro_ecc_lib_uECC.c.o)
    0x00038ec4   0x0000003e   Code   RO         2795    .text.apply_z       micro_ecc_lib_nrf51.lib(micro_ecc_lib_uECC.c.o)
    0x00038f02   0x0000000e   Code   RO         2750    .text.bcopy         micro_ecc_lib_nrf51.lib(micro_ecc_lib_uECC.c.o)
    0x00038f10   0x00000090   Code   RO         2767    .text.bits2int      micro_ecc_lib_nrf51.lib(micro_ecc_lib_uECC.c.o)
    0x00038fa0   0x00000154   Code   RO         2790    .text.double_jacobian_default  micro_ecc_lib_nrf51.lib(micro_ecc_lib_uECC.c.o)
    0x000390f4   0x00000008   Code   RO         2802    .text.uECC_secp256r1  micro_ecc_lib_nrf51.lib(micro_ecc_lib_uECC.c.o)
    0x000390fc   0x000002b2   Code   RO         2815    .text.uECC_verify   micro_ecc_lib_nrf51.lib(micro_ecc_lib_uECC.c.o)
    0x000393ae   0x00000002   PAD
    0x000393b0   0x00000058   Code   RO         2756    .text.uECC_vli_add  micro_ecc_lib_nrf51.lib(micro_ecc_lib_uECC.c.o)
    0x00039408   0x00000018   Code   RO         2765    .text.uECC_vli_clear  micro_ecc_lib_nrf51.lib(micro_ecc_lib_uECC.c.o)
    0x00039420   0x00000026   Code   RO         2751    .text.uECC_vli_cmp_unsafe  micro_ecc_lib_nrf51.lib(micro_ecc_lib_uECC.c.o)
    0x00039446   0x00000024   Code   RO         2776    .text.uECC_vli_equal  micro_ecc_lib_nrf51.lib(micro_ecc_lib_uECC.c.o)
    0x0003946a   0x0000001e   Code   RO         2768    .text.uECC_vli_isZero  micro_ecc_lib_nrf51.lib(micro_ecc_lib_uECC.c.o)
    0x00039488   0x00000120   Code   RO         2784    .text.uECC_vli_mmod  micro_ecc_lib_nrf51.lib(micro_ecc_lib_uECC.c.o)
    0x000395a8   0x00000032   Code   RO         2782    .text.uECC_vli_modAdd  micro_ecc_lib_nrf51.lib(micro_ecc_lib_uECC.c.o)
    0x000395da   0x00000116   Code   RO         2796    .text.uECC_vli_modInv  micro_ecc_lib_nrf51.lib(micro_ecc_lib_uECC.c.o)
    0x000396f0   0x00000026   Code   RO         2785    .text.uECC_vli_modMult  micro_ecc_lib_nrf51.lib(micro_ecc_lib_uECC.c.o)
    0x00039716   0x00000020   Code   RO         2786    .text.uECC_vli_modMult_fast  micro_ecc_lib_nrf51.lib(micro_ecc_lib_uECC.c.o)
    0x00039736   0x00000020   Code   RO         2788    .text.uECC_vli_modSquare_fast  micro_ecc_lib_nrf51.lib(micro_ecc_lib_uECC.c.o)
    0x00039756   0x00000024   Code   RO         2783    .text.uECC_vli_modSub  micro_ecc_lib_nrf51.lib(micro_ecc_lib_uECC.c.o)
    0x0003977a   0x00000098   Code   RO         2759    .text.uECC_vli_mult  micro_ecc_lib_nrf51.lib(micro_ecc_lib_uECC.c.o)
    0x00039812   0x00000002   PAD
    0x00039814   0x00000044   Code   RO         2771    .text.uECC_vli_numBits  micro_ecc_lib_nrf51.lib(micro_ecc_lib_uECC.c.o)
    0x00039858   0x0000001e   Code   RO         2778    .text.uECC_vli_rshift1  micro_ecc_lib_nrf51.lib(micro_ecc_lib_uECC.c.o)
    0x00039876   0x00000018   Code   RO         2772    .text.uECC_vli_set  micro_ecc_lib_nrf51.lib(micro_ecc_lib_uECC.c.o)
    0x0003988e   0x000000a6   Code   RO         2760    .text.uECC_vli_square  micro_ecc_lib_nrf51.lib(micro_ecc_lib_uECC.c.o)
    0x00039934   0x0000000c   PAD
    0x00039940   0x0000005c   Code   RO         2758    .text.uECC_vli_sub  micro_ecc_lib_nrf51.lib(micro_ecc_lib_uECC.c.o)
    0x0003999c   0x00000012   Code   RO         2769    .text.uECC_vli_testBit  micro_ecc_lib_nrf51.lib(micro_ecc_lib_uECC.c.o)
    0x000399ae   0x00000002   PAD
    0x000399b0   0x000001b4   Code   RO         2775    .text.vli_mmod_fast_secp256r1  micro_ecc_lib_nrf51.lib(micro_ecc_lib_uECC.c.o)
    0x00039b64   0x00000040   Code   RO         2779    .text.vli_modInv_update  micro_ecc_lib_nrf51.lib(micro_ecc_lib_uECC.c.o)
    0x00039ba4   0x00000056   Code   RO         2789    .text.x_side_default  micro_ecc_lib_nrf51.lib(micro_ecc_lib_uECC.c.o)
    0x00039bfa   0x00000002   PAD
    0x00039bfc   0x00000044   Code   RO         1661    i.NVIC_SetPriority  app_timer.o
    0x00039c40   0x0000001c   Code   RO          313    i.NVIC_SystemReset  main.o
    0x00039c5c   0x00000060   Code   RO         1445    i.RNG_IRQHandler    nrf_drv_rng.o
    0x00039cbc   0x00000020   Code   RO         1662    i.RTC1_IRQHandler   app_timer.o
    0x00039cdc   0x00000008   Code   RO         1663    i.SWI0_IRQHandler   app_timer.o
    0x00039ce4   0x00000020   Code   RO         2355    i.SWI2_IRQHandler   softdevice_handler.o
    0x00039d04   0x000000a0   Code   RO         2713    i.SystemInit        system_nrf51.o
    0x00039da4   0x0000001a   Code   RO          117    i.__ARM_common_switch8  dfu_req_handling.o
    0x00039dbe   0x0000000e   Code   RO         2892    i.__scatterload_copy  mc_p.l(handlers.o)
    0x00039dcc   0x00000002   Code   RO         2893    i.__scatterload_null  mc_p.l(handlers.o)
    0x00039dce   0x0000000e   Code   RO         2894    i.__scatterload_zeroinit  mc_p.l(handlers.o)
    0x00039ddc   0x0000001c   Code   RO         2356    i.__sd_nvic_app_accessible_irq  softdevice_handler.o
    0x00039df8   0x0000005e   Code   RO          814    i.advertising_init  nrf_ble_dfu.o
    0x00039e56   0x00000002   PAD
    0x00039e58   0x0000005c   Code   RO          815    i.advertising_start  nrf_ble_dfu.o
    0x00039eb4   0x00000004   Code   RO          314    i.app_error_fault_handler  main.o
    0x00039eb8   0x00000004   Code   RO          315    i.app_error_handler_bare  main.o
    0x00039ebc   0x0000009c   Code   RO         1614    i.app_sched_event_put  app_scheduler.o
    0x00039f58   0x0000003c   Code   RO         1615    i.app_sched_execute  app_scheduler.o
    0x00039f94   0x0000002c   Code   RO         1616    i.app_sched_init    app_scheduler.o
    0x00039fc0   0x0000002c   Code   RO         1666    i.app_timer_create  app_timer.o
    0x00039fec   0x00000016   Code   RO         1802    i.app_timer_evt_get  app_timer_appsh.o
    0x0003a002   0x00000002   PAD
    0x0003a004   0x00000018   Code   RO         1803    i.app_timer_evt_schedule  app_timer_appsh.o
    0x0003a01c   0x00000074   Code   RO         1667    i.app_timer_init    app_timer.o
    0x0003a090   0x00000088   Code   RO         1668    i.app_timer_start   app_timer.o
    0x0003a118   0x00000028   Code   RO         1669    i.app_timer_stop    app_timer.o
    0x0003a140   0x0000003c   Code   RO         1830    i.app_util_critical_region_enter  app_util_platform.o
    0x0003a17c   0x0000002c   Code   RO         1831    i.app_util_critical_region_exit  app_util_platform.o
    0x0003a1a8   0x00000054   Code   RO          650    i.ble_conn_params_init  ble_conn_params.o
    0x0003a1fc   0x00000090   Code   RO          651    i.ble_conn_params_on_ble_evt  ble_conn_params.o
    0x0003a28c   0x00000010   Code   RO          652    i.ble_conn_params_stop  ble_conn_params.o
    0x0003a29c   0x00000064   Code   RO          816    i.ble_dfu_init      nrf_ble_dfu.o
    0x0003a300   0x00000080   Code   RO          817    i.ble_dfu_transport_close  nrf_ble_dfu.o
    0x0003a380   0x000000cc   Code   RO          818    i.ble_dfu_transport_init  nrf_ble_dfu.o
    0x0003a44c   0x00000010   Code   RO          819    i.ble_evt_dispatch  nrf_ble_dfu.o
    0x0003a45c   0x0000000e   Code   RO          757    i.ble_srv_is_notification_enabled  ble_srv_common.o
    0x0003a46a   0x00000002   PAD
    0x0003a46c   0x00000014   Code   RO          440    i.bsp_board_led_off  boards.o
    0x0003a480   0x00000014   Code   RO          441    i.bsp_board_led_on  boards.o
    0x0003a494   0x00000028   Code   RO          443    i.bsp_board_leds_init  boards.o
    0x0003a4bc   0x00000012   Code   RO          444    i.bsp_board_leds_off  boards.o
    0x0003a4ce   0x0000001e   Code   RO         2530    i.buf_read          pb_decode.o
    0x0003a4ec   0x00000020   Code   RO         1966    i.check_config      fstorage.o
    0x0003a50c   0x000000a8   Code   RO         1671    i.compare_reg_update  app_timer.o
    0x0003a5b4   0x00000008   Code   RO          820    i.conn_params_error_handler  nrf_ble_dfu.o
    0x0003a5bc   0x00000068   Code   RO          653    i.conn_params_negotiation  ble_conn_params.o
    0x0003a624   0x0000003c   Code   RO         1877    i.crc32_compute     crc32.o
    0x0003a660   0x00000076   Code   RO         2531    i.decode_callback_field  pb_decode.o
    0x0003a6d6   0x00000020   Code   RO         2532    i.decode_field      pb_decode.o
    0x0003a6f6   0x00000002   PAD
    0x0003a6f8   0x000000e0   Code   RO         2533    i.decode_static_field  pb_decode.o
    0x0003a7d8   0x00000038   Code   RO         1257    i.delay_operation   nrf_dfu_settings.o
    0x0003a810   0x0000006e   Code   RO          821    i.dfu_ctrl_pt_add   nrf_ble_dfu.o
    0x0003a87e   0x00000002   PAD
    0x0003a880   0x00000010   Code   RO           50    i.dfu_data_write_handler  dfu_req_handling.o
    0x0003a890   0x00000054   Code   RO           51    i.dfu_decode_commmand  dfu_req_handling.o
    0x0003a8e4   0x00000190   Code   RO           52    i.dfu_handle_prevalidate  dfu_req_handling.o
    0x0003aa74   0x00000068   Code   RO          822    i.dfu_pkt_char_add  nrf_ble_dfu.o
    0x0003aadc   0x00000018   Code   RO         1258    i.dfu_settings_write_callback  nrf_dfu_settings.o
    0x0003aaf4   0x00000056   Code   RO         1902    i.ecc_p256_verify   ecc.o
    0x0003ab4a   0x00000002   PAD
    0x0003ab4c   0x00000040   Code   RO         1672    i.elapsed_ticks_acquire  app_timer.o
    0x0003ab8c   0x0000007c   Code   RO         1967    i.fs_erase          fstorage.o
    0x0003ac08   0x0000002c   Code   RO         1138    i.fs_evt_handler    nrf_dfu_flash.o
    0x0003ac34   0x00000014   Code   RO         1968    i.fs_fake_init      fstorage.o
    0x0003ac48   0x00000014   Code   RO         1971    i.fs_queue_is_full  fstorage.o
    0x0003ac5c   0x00000084   Code   RO         1973    i.fs_store          fstorage.o
    0x0003ace0   0x00000068   Code   RO         1974    i.fs_sys_event_handler  fstorage.o
    0x0003ad48   0x00000060   Code   RO          823    i.gap_params_init   nrf_ble_dfu.o
    0x0003ada8   0x00000084   Code   RO         2357    i.intern_softdevice_events_execute  softdevice_handler.o
    0x0003ae2c   0x0000001c   Code   RO          654    i.is_conn_params_ok  ble_conn_params.o
    0x0003ae48   0x00000048   Code   RO         2714    i.is_manual_peripheral_setup_needed  system_nrf51.o
    0x0003ae90   0x0000000c   Code   RO         1904    i.is_word_aligned   ecc.o
    0x0003ae9c   0x0000002c   Code   RO         2534    i.iter_from_extension  pb_decode.o
    0x0003aec8   0x000000ac   Code   RO         1673    i.list_deletions_handler  app_timer.o
    0x0003af74   0x000000bc   Code   RO         1674    i.list_insertions_handler  app_timer.o
    0x0003b030   0x0000003a   Code   RO          316    i.main              main.o
    0x0003b06a   0x00000002   PAD
    0x0003b06c   0x00000028   Code   RO         1023    i.nrf_bootloader_app_start  nrf_bootloader_app_start.o
    0x0003b094   0x00000008   Code   RO          990    i.nrf_bootloader_init  nrf_bootloader.o
    0x0003b09c   0x0000004c   Code   RO         2161    i.nrf_crypto_hash_compute  nrf_crypto.o
    0x0003b0e8   0x0000002a   Code   RO         2166    i.nrf_crypto_verify  nrf_crypto.o
    0x0003b112   0x00000002   PAD
    0x0003b114   0x00000030   Code   RO         1675    i.nrf_delay_us      app_timer.o
    0x0003b144   0x000000a8   Code   RO         1355    i.nrf_dfu_app_continue  nrf_dfu_utils.o
    0x0003b1ec   0x00000030   Code   RO         1356    i.nrf_dfu_app_is_valid  nrf_dfu_utils.o
    0x0003b21c   0x0000003c   Code   RO         1357    i.nrf_dfu_bl_continue  nrf_dfu_utils.o
    0x0003b258   0x0000011c   Code   RO           53    i.nrf_dfu_command_req  dfu_req_handling.o
    0x0003b374   0x00000038   Code   RO         1358    i.nrf_dfu_continue  nrf_dfu_utils.o
    0x0003b3ac   0x00000070   Code   RO         1359    i.nrf_dfu_continue_bank  nrf_dfu_utils.o
    0x0003b41c   0x00000278   Code   RO           54    i.nrf_dfu_data_req  dfu_req_handling.o
    0x0003b694   0x00000044   Code   RO         1069    i.nrf_dfu_enter_check  nrf_dfu.o
    0x0003b6d8   0x00000074   Code   RO         1360    i.nrf_dfu_find_cache  nrf_dfu_utils.o
    0x0003b74c   0x00000094   Code   RO         1139    i.nrf_dfu_flash_erase  nrf_dfu_flash.o
    0x0003b7e0   0x00000030   Code   RO         1141    i.nrf_dfu_flash_init  nrf_dfu_flash.o
    0x0003b810   0x00000070   Code   RO         1142    i.nrf_dfu_flash_store  nrf_dfu_flash.o
    0x0003b880   0x0000008c   Code   RO         1070    i.nrf_dfu_init      nrf_dfu.o
    0x0003b90c   0x00000018   Code   RO         1361    i.nrf_dfu_invalidate_bank  nrf_dfu_utils.o
    0x0003b924   0x0000001c   Code   RO         1209    i.nrf_dfu_mbr_compare  nrf_dfu_mbr.o
    0x0003b940   0x00000014   Code   RO         1210    i.nrf_dfu_mbr_copy_bl  nrf_dfu_mbr.o
    0x0003b954   0x00000028   Code   RO         1211    i.nrf_dfu_mbr_copy_sd  nrf_dfu_mbr.o
    0x0003b97c   0x00000018   Code   RO         1212    i.nrf_dfu_mbr_init_sd  nrf_dfu_mbr.o
    0x0003b994   0x000000f8   Code   RO           55    i.nrf_dfu_postvalidate  dfu_req_handling.o
    0x0003ba8c   0x0000005c   Code   RO           56    i.nrf_dfu_req_handler_init  dfu_req_handling.o
    0x0003bae8   0x0000003c   Code   RO           57    i.nrf_dfu_req_handler_on_req  dfu_req_handling.o
    0x0003bb24   0x00000074   Code   RO         1362    i.nrf_dfu_sd_continue_impl  nrf_dfu_utils.o
    0x0003bb98   0x00000014   Code   RO         1259    i.nrf_dfu_settings_calculate_crc  nrf_dfu_settings.o
    0x0003bbac   0x00000050   Code   RO         1260    i.nrf_dfu_settings_init  nrf_dfu_settings.o
    0x0003bbfc   0x00000074   Code   RO         1261    i.nrf_dfu_settings_write  nrf_dfu_settings.o
    0x0003bc70   0x0000002c   Code   RO         1325    i.nrf_dfu_transports_close  nrf_dfu_transport.o
    0x0003bc9c   0x0000002c   Code   RO         1326    i.nrf_dfu_transports_init  nrf_dfu_transport.o
    0x0003bcc8   0x00000008   Code   RO         1071    i.nrf_dfu_wait      nrf_dfu.o
    0x0003bcd0   0x00000014   Code   RO         1453    i.nrf_drv_rng_stop  nrf_drv_rng.o
    0x0003bce4   0x00000028   Code   RO          448    i.nrf_gpio_cfg      boards.o
    0x0003bd0c   0x00000014   Code   RO          824    i.nrf_gpio_cfg_output  nrf_ble_dfu.o
    0x0003bd20   0x00000018   Code   RO          317    i.nrf_gpio_cfg_sense_input  main.o
    0x0003bd38   0x00000010   Code   RO          825    i.nrf_gpio_pin_set  nrf_ble_dfu.o
    0x0003bd48   0x00000018   Code   RO          449    i.nrf_gpio_pin_write  boards.o
    0x0003bd60   0x0000002c   Code   RO         1547    i.nrf_nvmc_page_erase  nrf_nvmc.o
    0x0003bd8c   0x0000003c   Code   RO         1551    i.nrf_nvmc_write_words  nrf_nvmc.o
    0x0003bdc8   0x0000001e   Code   RO         2217    i.nrf_queue_is_full  nrf_queue.o
    0x0003bde6   0x0000000e   Code   RO         2218    i.nrf_queue_next_idx  nrf_queue.o
    0x0003bdf4   0x000000b0   Code   RO         2220    i.nrf_queue_push    nrf_queue.o
    0x0003bea4   0x000000d8   Code   RO          826    i.on_ble_evt        nrf_ble_dfu.o
    0x0003bf7c   0x000000fc   Code   RO          827    i.on_ctrl_pt_write  nrf_ble_dfu.o
    0x0003c078   0x00000020   Code   RO           58    i.on_dfu_complete   dfu_req_handling.o
    0x0003c098   0x00000054   Code   RO         1975    i.on_operation_success  fstorage.o
    0x0003c0ec   0x00000090   Code   RO          828    i.on_rw_authorize_req  nrf_ble_dfu.o
    0x0003c17c   0x00000060   Code   RO          829    i.on_write          nrf_ble_dfu.o
    0x0003c1dc   0x0000003c   Code   RO         2536    i.pb_dec_bytes      pb_decode.o
    0x0003c218   0x0000000a   Code   RO         2537    i.pb_dec_fixed32    pb_decode.o
    0x0003c222   0x0000000a   Code   RO         2538    i.pb_dec_fixed64    pb_decode.o
    0x0003c22c   0x0000003c   Code   RO         2539    i.pb_dec_string     pb_decode.o
    0x0003c268   0x0000003e   Code   RO         2540    i.pb_dec_submessage  pb_decode.o
    0x0003c2a6   0x00000056   Code   RO         2541    i.pb_dec_svarint    pb_decode.o
    0x0003c2fc   0x00000056   Code   RO         2542    i.pb_dec_uvarint    pb_decode.o
    0x0003c352   0x00000056   Code   RO         2543    i.pb_dec_varint     pb_decode.o
    0x0003c3a8   0x0000001c   Code   RO         2544    i.pb_decode         pb_decode.o
    0x0003c3c4   0x00000024   Code   RO         2546    i.pb_decode_fixed32  pb_decode.o
    0x0003c3e8   0x0000005a   Code   RO         2547    i.pb_decode_fixed64  pb_decode.o
    0x0003c442   0x0000018e   Code   RO         2548    i.pb_decode_noinit  pb_decode.o
    0x0003c5d0   0x00000036   Code   RO         2549    i.pb_decode_svarint  pb_decode.o
    0x0003c606   0x00000042   Code   RO         2550    i.pb_decode_tag     pb_decode.o
    0x0003c648   0x00000046   Code   RO         2551    i.pb_decode_varint  pb_decode.o
    0x0003c68e   0x0000004c   Code   RO         2552    i.pb_decode_varint32  pb_decode.o
    0x0003c6da   0x00000002   PAD
    0x0003c6dc   0x00000024   Code   RO           59    i.pb_decoding_callback  dfu_req_handling.o
    0x0003c700   0x00000022   Code   RO         2503    i.pb_field_iter_begin  pb_common.o
    0x0003c722   0x0000002e   Code   RO         2504    i.pb_field_iter_find  pb_common.o
    0x0003c750   0x00000082   Code   RO         2505    i.pb_field_iter_next  pb_common.o
    0x0003c7d2   0x00000098   Code   RO         2553    i.pb_field_set_to_default  pb_decode.o
    0x0003c86a   0x00000002   PAD
    0x0003c86c   0x00000010   Code   RO         2554    i.pb_istream_from_buffer  pb_decode.o
    0x0003c87c   0x00000036   Code   RO         2555    i.pb_make_string_substream  pb_decode.o
    0x0003c8b2   0x00000026   Code   RO         2556    i.pb_message_set_to_defaults  pb_decode.o
    0x0003c8d8   0x0000005c   Code   RO         2557    i.pb_read           pb_decode.o
    0x0003c934   0x00000020   Code   RO         2558    i.pb_readbyte       pb_decode.o
    0x0003c954   0x0000005a   Code   RO         2559    i.pb_skip_field     pb_decode.o
    0x0003c9ae   0x00000002   PAD
    0x0003c9b0   0x0000002c   Code   RO         1976    i.queue_advance     fstorage.o
    0x0003c9dc   0x00000038   Code   RO         1977    i.queue_get_next_free  fstorage.o
    0x0003ca14   0x0000006c   Code   RO         1978    i.queue_process     fstorage.o
    0x0003ca80   0x0000001c   Code   RO         1979    i.queue_start       fstorage.o
    0x0003ca9c   0x00000016   Code   RO         2226    i.queue_utilization_get  nrf_queue.o
    0x0003cab2   0x0000005e   Code   RO         2560    i.read_raw_value    pb_decode.o
    0x0003cb10   0x00000054   Code   RO          830    i.response_crc_cmd_send  nrf_ble_dfu.o
    0x0003cb64   0x00000060   Code   RO          831    i.response_select_object_cmd_send  nrf_ble_dfu.o
    0x0003cbc4   0x00000038   Code   RO          832    i.response_send     nrf_ble_dfu.o
    0x0003cbfc   0x00000044   Code   RO         1676    i.rtc1_stop         app_timer.o
    0x0003cc40   0x00000084   Code   RO         2359    i.sd_nvic_EnableIRQ  softdevice_handler.o
    0x0003ccc4   0x00000048   Code   RO         1980    i.send_event        fstorage.o
    0x0003cd0c   0x00000028   Code   RO          833    i.send_hvx          nrf_ble_dfu.o
    0x0003cd34   0x00000110   Code   RO         2315    i.sha256_final      sha256.o
    0x0003ce44   0x00000054   Code   RO         2316    i.sha256_init       sha256.o
    0x0003ce98   0x00000164   Code   RO         2317    i.sha256_transform  sha256.o
    0x0003cffc   0x00000050   Code   RO         2318    i.sha256_update     sha256.o
    0x0003d04c   0x00000014   Code   RO         2360    i.softdevice_ble_evt_handler_set  softdevice_handler.o
    0x0003d060   0x00000014   Code   RO         2361    i.softdevice_enable  softdevice_handler.o
    0x0003d074   0x00000028   Code   RO         2362    i.softdevice_enable_get_default_config  softdevice_handler.o
    0x0003d09c   0x00000012   Code   RO         2479    i.softdevice_evt_get  softdevice_handler_appsh.o
    0x0003d0ae   0x00000002   PAD
    0x0003d0b0   0x00000014   Code   RO         2480    i.softdevice_evt_schedule  softdevice_handler_appsh.o
    0x0003d0c4   0x00000008   Code   RO         2363    i.softdevice_fault_handler  softdevice_handler.o
    0x0003d0cc   0x00000058   Code   RO         2364    i.softdevice_handler_init  softdevice_handler.o
    0x0003d124   0x0000000c   Code   RO         2365    i.softdevice_handler_is_enabled  softdevice_handler.o
    0x0003d130   0x00000014   Code   RO         2370    i.softdevice_sys_evt_handler_set  softdevice_handler.o
    0x0003d144   0x00000084   Code   RO         1677    i.timer_list_handler  app_timer.o
    0x0003d1c8   0x00000010   Code   RO         1678    i.timer_list_handler_sched  app_timer.o
    0x0003d1d8   0x00000040   Code   RO         1679    i.timer_list_insert  app_timer.o
    0x0003d218   0x00000048   Code   RO         1680    i.timer_stop_op_schedule  app_timer.o
    0x0003d260   0x00000080   Code   RO         1681    i.timer_timeouts_check  app_timer.o
    0x0003d2e0   0x00000012   Code   RO          834    i.uint32_encode     nrf_ble_dfu.o
    0x0003d2f2   0x00000002   PAD
    0x0003d2f4   0x00000064   Code   RO          655    i.update_timeout_handler  ble_conn_params.o
    0x0003d358   0x0000002c   Code   RO         1682    i.user_op_alloc     app_timer.o
    0x0003d384   0x00000012   Code   RO         1262    i.wait_for_queue    nrf_dfu_settings.o
    0x0003d396   0x00000001   Data   RO            1    .constdata          dfu-cc.pb.o
    0x0003d397   0x00000001   PAD
    0x0003d398   0x00000024   Data   RO            2    .constdata          dfu-cc.pb.o
    0x0003d3bc   0x00000078   Data   RO            3    .constdata          dfu-cc.pb.o
    0x0003d434   0x00000018   Data   RO            4    .constdata          dfu-cc.pb.o
    0x0003d44c   0x00000030   Data   RO            5    .constdata          dfu-cc.pb.o
    0x0003d47c   0x00000030   Data   RO            6    .constdata          dfu-cc.pb.o
    0x0003d4ac   0x00000024   Data   RO            7    .constdata          dfu-cc.pb.o
    0x0003d4d0   0x00000040   Data   RO           36    .constdata          dfu_public_key.o
    0x0003d510   0x00000008   Data   RO           61    .constdata          dfu_req_handling.o
    0x0003d518   0x0000000a   Data   RO          450    .constdata          boards.o
    0x0003d522   0x00000002   PAD
    0x0003d524   0x00000004   Data   RO          658    .constdata          ble_conn_params.o
    0x0003d528   0x00000014   Data   RO          836    .constdata          nrf_ble_dfu.o
    0x0003d53c   0x00000010   Data   RO         1144    .constdata          nrf_dfu_flash.o
    0x0003d54c   0x00000040   Data   RO         1214    .constdata          nrf_dfu_mbr.o
    0x0003d58c   0x00000018   Data   RO         1457    .constdata          nrf_drv_rng.o
    0x0003d5a4   0x00000100   Data   RO         2319    .constdata          sha256.o
    0x0003d6a4   0x00000024   Data   RO         2561    .constdata          pb_decode.o
    0x0003d6c8   0x000000b0   Data   RO         2830    .rodata.curve_secp256r1  micro_ecc_lib_nrf51.lib(micro_ecc_lib_uECC.c.o)
    0x0003d778   0x00000020   Data   RO         2890    Region$$Table       anon$$obj.o
    0x0003d798   0x00000008   Data   RO          838    dfu_trans           nrf_ble_dfu.o


    Execution Region RW_IRAM1 (Base: 0x200025e0, Size: 0x00001418, Max: 0x000019a0, ABSOLUTE)

    Base Addr    Size         Type   Attr      Idx    E Section Name        Object

    0x200025e0   0x00000024   Data   RW           62    .data               dfu_req_handling.o
    0x20002604   0x00000014   Data   RW          659    .data               ble_conn_params.o
    0x20002618   0x0000000c   Data   RW          837    .data               nrf_ble_dfu.o
    0x20002624   0x00000004   Data   RW         1145    .data               nrf_dfu_flash.o
    0x20002628   0x00000008   Data   RW         1265    .data               nrf_dfu_settings.o
    0x20002630   0x00000010   Data   RW         1618    .data               app_scheduler.o
    0x20002640   0x00000020   Data   RW         1683    .data               app_timer.o
    0x20002660   0x0000000c   Data   RW         1834    .data               app_util_platform.o
    0x2000266c   0x00000002   Data   RW         1982    .data               fstorage.o
    0x2000266e   0x00000002   PAD
    0x20002670   0x00000014   Data   RW         2371    .data               softdevice_handler.o
    0x20002684   0x00000004   Data   RW         2715    .data               system_nrf51.o
    0x20002688   0x00000010   Data   RW         1146    fs_data             nrf_dfu_flash.o
    0x20002698   0x0000059c   Zero   RW           60    .bss                dfu_req_handling.o
    0x20002c34   0x00000020   Zero   RW          656    .bss                ble_conn_params.o
    0x20002c54   0x0000001c   Zero   RW          657    .bss                ble_conn_params.o
    0x20002c70   0x0000006b   Zero   RW          835    .bss                nrf_ble_dfu.o
    0x20002cdb   0x00000001   PAD
    0x20002cdc   0x000001c8   Zero   RW         1072    .bss                nrf_dfu.o
    0x20002ea4   0x000002b8   Zero   RW         1264    .bss                nrf_dfu_settings.o
    0x2000315c   0x00000021   Zero   RW         1455    .bss                nrf_drv_rng.o
    0x2000317d   0x00000003   PAD
    0x20003180   0x0000000c   Zero   RW         1456    .bss                nrf_drv_rng.o
    0x2000318c   0x00000068   Zero   RW         1981    .bss                fstorage.o
    0x200031f4   0x00000004   PAD
    0x200031f8   0x00000800   Zero   RW         2703    STACK               arm_startup_nrf51.o



  Load Region LR$$.ARM.__AT_0x0003FC00 (Base: 0x0003fc00, Size: 0x00000000, Max: 0x00000400, ABSOLUTE)

    Execution Region ER$$.ARM.__AT_0x0003FC00 (Base: 0x0003fc00, Size: 0x00000400, Max: 0x00000400, ABSOLUTE, UNINIT)

    Base Addr    Size         Type   Attr      Idx    E Section Name        Object

    0x0003fc00   0x00000400   Zero   RW         1263    .ARM.__AT_0x0003FC00  nrf_dfu_settings.o



  Load Region LR$$.ARM.__AT_0x10001014 (Base: 0x10001014, Size: 0x00000004, Max: 0x00000004, ABSOLUTE)

    Execution Region ER$$.ARM.__AT_0x10001014 (Base: 0x10001014, Size: 0x00000004, Max: 0x00000004, ABSOLUTE, UNINIT)

    Base Addr    Size         Type   Attr      Idx    E Section Name        Object

    0x10001014   0x00000004   Data   RW         1052    .ARM.__AT_0x10001014  nrf_bootloader_info.o


==============================================================================

Image component sizes


      Code (inc. data)   RO Data    RW Data    ZI Data      Debug   Object Name

       260         18          0         16          0      20291   app_scheduler.o
      1608        158          0         32          0      25419   app_timer.o
        46          6          0          0          0       2625   app_timer_appsh.o
       104         20          0         12          0       6206   app_util_platform.o
        56         18        192          0       2048        716   arm_startup_nrf51.o
         0          0          0          0          0      39472   ble_advdata.o
       476         64          4         20         60      50100   ble_conn_params.o
        14          0          0          0          0       1378   ble_srv_common.o
       162         22         10          0          0       7854   boards.o
        60          4          0          0          0       1320   crc32.o
         0          0        313          0          0      13756   dfu-cc.pb.o
         0          0         64          0          0        773   dfu_public_key.o
      1910        162          8         36       1436      55756   dfu_req_handling.o
        98          0          0          0          0       3374   ecc.o
       824         68          0          2        104      11258   fstorage.o
       118         10          0          0          0       6982   main.o
      1990        170         28         12        107      47062   nrf_ble_dfu.o
         8          0          0          0          0        642   nrf_bootloader.o
        92          8          0          0          0       3199   nrf_bootloader_app_start.o
         0          0          0          4          0        382   nrf_bootloader_info.o
       118          0          0          0          0       2930   nrf_crypto.o
       216         20          0          0        456       7252   nrf_dfu.o
       352         34         16         20          0       9469   nrf_dfu_flash.o
       112         18         64          0          0       4976   nrf_dfu_mbr.o
       314         56          0          8       1720       7113   nrf_dfu_settings.o
        88         16          0          0          0       3208   nrf_dfu_transport.o
       700         58          0          0          0       7375   nrf_dfu_utils.o
       116         24         24          0         45      12025   nrf_drv_rng.o
       104         20          0          0          0       1889   nrf_nvmc.o
       242          0          0          0          0       8015   nrf_queue.o
       210          0          0          0          0       3120   pb_common.o
      2294         16         36          0          0      23606   pb_decode.o
       792         38        256          0          0       4572   sha256.o
       532         68          0         20          0      21384   softdevice_handler.o
        38          6          0          0          0       2111   softdevice_handler_appsh.o
       232         36          0          4          0       2375   system_nrf51.o

    ----------------------------------------------------------------------
     14312       1138       1050        188       5984     419985   Object Totals
         0          0         32          0          0          0   (incl. Generated)
        26          0          3          2          8          0   (incl. Padding)

    ----------------------------------------------------------------------

      Code (inc. data)   RO Data    RW Data    ZI Data      Debug   Library Member Name

         0          0          0          0          0          0   entry.o
         0          0          0          0          0          0   entry10a.o
         0          0          0          0          0          0   entry11a.o
         8          4          0          0          0          0   entry2.o
         4          0          0          0          0          0   entry5.o
         0          0          0          0          0          0   entry7b.o
         0          0          0          0          0          0   entry8b.o
         8          4          0          0          0          0   entry9a.o
        30          0          0          0          0          0   handlers.o
        36          8          0          0          0         68   init.o
        32          0          0          0          0         68   llshl.o
        26          0          0          0          0         72   memcmp.o
        36          0          0          0          0         60   memcpya.o
        36          0          0          0          0        100   memseta.o
        20          0          0          0          0         60   uread4.o
      3564         24        176          0          0      62736   micro_ecc_lib_uECC.c.o

    ----------------------------------------------------------------------
      3822         40        176          0          0      63164   Library Totals
        22          0          0          0          0          0   (incl. Padding)

    ----------------------------------------------------------------------

      Code (inc. data)   RO Data    RW Data    ZI Data      Debug   Library Name

       236         16          0          0          0        428   mc_p.l
      3564         24        176          0          0      62736   micro_ecc_lib_nrf51.lib

    ----------------------------------------------------------------------
      3822         40        176          0          0      63164   Library Totals

    ----------------------------------------------------------------------

==============================================================================


      Code (inc. data)   RO Data    RW Data    ZI Data      Debug   

     18134       1178       1226        188       5984     475285   Grand Totals
     18134       1178       1226        188       5984     475285   ELF Image Totals
     18134       1178       1226        188          0          0   ROM Totals

==============================================================================

    Total RO  Size (Code + RO Data)                19360 (  18.91kB)
    Total RW  Size (RW Data + ZI Data)              6172 (   6.03kB)
    Total ROM Size (Code + RO Data + RW Data)      19548 (  19.09kB)

==============================================================================

