Component: ARM Compiler 5.05 (build 41) Tool: armlink [4d0eb9]

==============================================================================

Section Cross References

    main.o(i.adc_config) refers to nrf_drv_adc.o(i.nrf_drv_adc_init) for nrf_drv_adc_init
    main.o(i.adc_config) refers to app_error.o(i.app_error_handler_bare) for app_error_handler_bare
    main.o(i.adc_config) refers to nrf_drv_adc.o(i.nrf_drv_adc_channel_enable) for nrf_drv_adc_channel_enable
    main.o(i.adc_config) refers to main.o(.constdata) for .constdata
    main.o(i.adc_config) refers to main.o(i.adc_event_handler) for adc_event_handler
    main.o(i.adc_config) refers to main.o(.data) for m_channel_config
    main.o(i.adc_event_handler) refers to uidiv.o(.text) for __aeabi_uidivmod
    main.o(i.adc_event_handler) refers to nrf_drv_adc.o(i.nrf_drv_adc_uninit) for nrf_drv_adc_uninit
    main.o(i.adc_event_handler) refers to main.o(.data) for AverageVoltage
    main.o(i.address_of_page) refers to main.o(i.__ARM_common_switch8) for __ARM_common_switch8
    main.o(i.address_of_page) refers to main.o(fs_data) for fs_config
    main.o(i.advertising_init) refers to memseta.o(.text) for __aeabi_memclr4
    main.o(i.advertising_init) refers to ble_advertising.o(i.ble_advertising_init) for ble_advertising_init
    main.o(i.advertising_init) refers to app_error.o(i.app_error_handler_bare) for app_error_handler_bare
    main.o(i.advertising_init) refers to main.o(.data) for m_adv_uuids
    main.o(i.advertising_init) refers to main.o(i.ble_advertising_error_handler) for ble_advertising_error_handler
    main.o(i.advertising_init) refers to main.o(i.on_adv_evt) for on_adv_evt
    main.o(i.advertising_start) refers to memseta.o(.text) for __aeabi_memset
    main.o(i.advertising_start) refers to main.o(i.peer_list_get) for peer_list_get
    main.o(i.advertising_start) refers to peer_manager.o(i.pm_whitelist_set) for pm_whitelist_set
    main.o(i.advertising_start) refers to app_error.o(i.app_error_handler_bare) for app_error_handler_bare
    main.o(i.advertising_start) refers to peer_manager.o(i.pm_device_identities_list_set) for pm_device_identities_list_set
    main.o(i.advertising_start) refers to ble_advertising.o(i.ble_advertising_start) for ble_advertising_start
    main.o(i.advertising_start) refers to main.o(.bss) for m_whitelist_peers
    main.o(i.advertising_start) refers to main.o(.data) for m_whitelist_peer_cnt
    main.o(i.advertising_start) refers to ble_advertising.o(.data) for m_whitelist_temporarily_disabled
    main.o(i.assert_nrf_callback) refers to app_error.o(i.app_error_handler) for app_error_handler
    main.o(i.bas_init) refers to memseta.o(.text) for __aeabi_memclr4
    main.o(i.bas_init) refers to ble_bas.o(i.ble_bas_init) for ble_bas_init
    main.o(i.bas_init) refers to app_error.o(i.app_error_handler_bare) for app_error_handler_bare
    main.o(i.bas_init) refers to main.o(.bss) for m_bas
    main.o(i.ble_advertising_error_handler) refers to app_error.o(i.app_error_handler_bare) for app_error_handler_bare
    main.o(i.ble_evt_dispatch) refers to ble_conn_state.o(i.ble_conn_state_on_ble_evt) for ble_conn_state_on_ble_evt
    main.o(i.ble_evt_dispatch) refers to peer_manager.o(i.pm_on_ble_evt) for pm_on_ble_evt
    main.o(i.ble_evt_dispatch) refers to bsp_btn_ble.o(i.bsp_btn_ble_on_ble_evt) for bsp_btn_ble_on_ble_evt
    main.o(i.ble_evt_dispatch) refers to main.o(i.on_ble_evt) for on_ble_evt
    main.o(i.ble_evt_dispatch) refers to ble_advertising.o(i.ble_advertising_on_ble_evt) for ble_advertising_on_ble_evt
    main.o(i.ble_evt_dispatch) refers to ble_conn_params.o(i.ble_conn_params_on_ble_evt) for ble_conn_params_on_ble_evt
    main.o(i.ble_evt_dispatch) refers to ble_hids.o(i.ble_hids_on_ble_evt) for ble_hids_on_ble_evt
    main.o(i.ble_evt_dispatch) refers to ble_bas.o(i.ble_bas_on_ble_evt) for ble_bas_on_ble_evt
    main.o(i.ble_evt_dispatch) refers to main.o(.bss) for m_hids
    main.o(i.ble_stack_init) refers to softdevice_handler.o(i.softdevice_handler_init) for softdevice_handler_init
    main.o(i.ble_stack_init) refers to app_error.o(i.app_error_handler_bare) for app_error_handler_bare
    main.o(i.ble_stack_init) refers to softdevice_handler.o(i.softdevice_enable_get_default_config) for softdevice_enable_get_default_config
    main.o(i.ble_stack_init) refers to softdevice_handler.o(i.softdevice_enable) for softdevice_enable
    main.o(i.ble_stack_init) refers to softdevice_handler.o(i.softdevice_ble_evt_handler_set) for softdevice_ble_evt_handler_set
    main.o(i.ble_stack_init) refers to softdevice_handler.o(i.softdevice_sys_evt_handler_set) for softdevice_sys_evt_handler_set
    main.o(i.ble_stack_init) refers to main.o(.constdata) for .constdata
    main.o(i.ble_stack_init) refers to softdevice_handler_appsh.o(i.softdevice_evt_schedule) for softdevice_evt_schedule
    main.o(i.ble_stack_init) refers to main.o(.bss) for BLE_EVT_BUFFER
[...]
    m_adc_is_enable                          0x20002073   Data           1  main.o(.data)
    m_cold_boot                              0x20002074   Data           1  main.o(.data)
    m_qdec_is_enable                         0x20002075   Data           1  main.o(.data)
    m_motion_sensor_is_enable                0x20002076   Data           1  main.o(.data)
    m_rtc_timer_is_enable                    0x20002077   Data           1  main.o(.data)
    change_work_mode_completed               0x20002078   Data           1  main.o(.data)
    change_work_mode_start                   0x20002079   Data           1  main.o(.data)
    change_work_mode_indicate                0x2000207a   Data           1  main.o(.data)
    just_erase_page_3                        0x2000207b   Data           1  main.o(.data)
    USING_HW_SPI                             0x2000207c   Data           1  main.o(.data)
    peer_id_stored                           0x2000207e   Data           4  main.o(.data)
    peer_id_cnt                              0x20002082   Data           2  main.o(.data)
    spi_xfer_done                            0x20002084   Data           1  main.o(.data)
    button_status                            0x20002095   Data           1  main.o(.data)
    key_buffer                               0x20002096   Data           3  main.o(.data)
    my_device_addr                           0x20002099   Data           7  main.o(.data)
    device_addr                              0x200020a0   Data           7  main.o(.data)
    cpiCnt                                   0x200020a7   Data           1  main.o(.data)
    cpiCntStore                              0x200020a8   Data           1  main.o(.data)
    AverageVoltage                           0x200020ac   Data           4  main.o(.data)
    deviceFound                              0x20002179   Data           1  motion_sensor.o(.data)
    ChipVersion                              0x2000217a   Data           1  motion_sensor.o(.data)
    ChipSet                                  0x2000217b   Data           1  motion_sensor.o(.data)
    setCPIvalue                              0x2000217c   Data           1  motion_sensor.o(.data)
    tmp_str                                  0x2000217d   Data           6  encrypt.o(.data)
    m_adv_evt                                0x200021aa   Data           1  ble_advertising.o(.data)
    m_whitelist_temporarily_disabled         0x200021c4   Data           1  ble_advertising.o(.data)
    nrf_nvic_state                           0x200022f0   Data           8  app_util_platform.o(.data)
    m_nrf_esb_mainstate                      0x20002339   Data           1  nrf_esb.o(.data)
    SystemCoreClock                          0x20002374   Data           4  system_nrf51.o(.data)
    fs_data$$Base                            0x20002378   Number         0  main.o(fs_data)
    fs_data$$Limit                           0x200023c8   Number         0  fds.o(fs_data)
    m_config_local                           0x200034c4   Data          24  nrf_esb.o(.bss)
    __initial_sp                             0x20003ff8   Data           0  arm_startup_nrf51.o(STACK)



==============================================================================

Memory Map of the image

  Image Entry point : 0x0001b0c1

  Load Region LR_IROM1 (Base: 0x0001b000, Size: 0x00012a18, Max: 0x00025000, ABSOLUTE, COMPRESSED[0x00012770])

    Execution Region ER_IROM1 (Base: 0x0001b000, Size: 0x00012638, Max: 0x00025000, ABSOLUTE)

    Base Addr    Size         Type   Attr      Idx    E Section Name        Object

    0x0001b000   0x000000c0   Data   RO         7054    RESET               arm_startup_nrf51.o
    0x0001b0c0   0x00000000   Code   RO         7106  * .ARM.Collect$$$$00000000  mc_p.l(entry.o)
    0x0001b0c0   0x00000004   Code   RO         7414    .ARM.Collect$$$$00000001  mc_p.l(entry2.o)
    0x0001b0c4   0x00000004   Code   RO         7417    .ARM.Collect$$$$00000004  mc_p.l(entry5.o)
    0x0001b0c8   0x00000000   Code   RO         7419    .ARM.Collect$$$$00000008  mc_p.l(entry7b.o)
    0x0001b0c8   0x00000000   Code   RO         7421    .ARM.Collect$$$$0000000A  mc_p.l(entry8b.o)
    0x0001b0c8   0x00000008   Code   RO         7422    .ARM.Collect$$$$0000000B  mc_p.l(entry9a.o)
    0x0001b0d0   0x00000000   Code   RO         7424    .ARM.Collect$$$$0000000D  mc_p.l(entry10a.o)
    0x0001b0d0   0x00000000   Code   RO         7426    .ARM.Collect$$$$0000000F  mc_p.l(entry11a.o)
    0x0001b0d0   0x00000004   Code   RO         7415    .ARM.Collect$$$$00002712  mc_p.l(entry2.o)
    0x0001b0d4   0x00000038   Code   RO         7055    .text               arm_startup_nrf51.o
    0x0001b10c   0x0000002c   Code   RO         7109    .text               mc_p.l(uidiv.o)
    0x0001b138   0x00000028   Code   RO         7111    .text               mc_p.l(idiv.o)
    0x0001b160   0x00000008   Code   RO         7113    .text               mc_p.l(ctype_o.o)
    0x0001b168   0x00000024   Code   RO         7141    .text               mc_p.l(memcpya.o)
    0x0001b18c   0x00000024   Code   RO         7143    .text               mc_p.l(memseta.o)
    0x0001b1b0   0x0000000e   Code   RO         7145    .text               mc_p.l(strlen.o)
    0x0001b1be   0x0000001a   Code   RO         7147    .text               mc_p.l(memcmp.o)
    0x0001b1d8   0x00000060   Code   RO         7431    .text               mc_p.l(uldiv.o)
    0x0001b238   0x00000024   Code   RO         7444    .text               mc_p.l(init.o)
    0x0001b25c   0x00000020   Code   RO         7447    .text               mc_p.l(llshl.o)
    0x0001b27c   0x00000022   Code   RO         7449    .text               mc_p.l(llushr.o)
    0x0001b29e   0x00000056   Code   RO         7466    .text               mc_p.l(__dczerorl2.o)
    0x0001b2f4   0x00000080   Code   RO         4909    i.ADC_IRQHandler    nrf_drv_adc.o
    0x0001b374   0x000000bc   Code   RO          723    i.CheckSensor       motion_sensor.o
    0x0001b430   0x0000001a   Code   RO          724    i.ChenkSensorSync   motion_sensor.o
    0x0001b44a   0x0000003c   Code   RO          725    i.CustomSensorReSynchronousSPI  motion_sensor.o
    0x0001b486   0x00000002   PAD
    0x0001b488   0x00000278   Code   RO         3894    i.GPIOTE_IRQHandler  nrf_drv_gpiote.o
    0x0001b700   0x00000008   Code   RO            3    i.NRF_power_manage  main.o
    0x0001b708   0x00000014   Code   RO         5196    i.NVIC_ClearPendingIRQ  app_timer.o
    0x0001b71c   0x00000014   Code   RO         6750    i.NVIC_ClearPendingIRQ  nrf_esb.o
    0x0001b730   0x00000014   Code   RO         6570    i.NVIC_DisableIRQ   softdevice_handler.o
    0x0001b744   0x00000014   Code   RO         6751    i.NVIC_DisableIRQ   nrf_esb.o
    0x0001b758   0x00000014   Code   RO         5197    i.NVIC_EnableIRQ    app_timer.o
    0x0001b76c   0x00000014   Code   RO         6571    i.NVIC_EnableIRQ    softdevice_handler.o
    0x0001b780   0x00000014   Code   RO         6752    i.NVIC_EnableIRQ    nrf_esb.o
    0x0001b794   0x00000014   Code   RO         5198    i.NVIC_SetPendingIRQ  app_timer.o
    0x0001b7a8   0x00000014   Code   RO         6753    i.NVIC_SetPendingIRQ  nrf_esb.o
    0x0001b7bc   0x00000078   Code   RO         3847    i.NVIC_SetPriority  nrf_drv_common.o
    0x0001b834   0x00000078   Code   RO         5199    i.NVIC_SetPriority  app_timer.o
    0x0001b8ac   0x00000078   Code   RO         6754    i.NVIC_SetPriority  nrf_esb.o
    0x0001b924   0x00000034   Code   RO            4    i.NVIC_SystemReset  main.o
    0x0001b958   0x00000054   Code   RO         3637    i.POWER_CLOCK_IRQHandler  nrf_drv_clock.o
    0x0001b9ac   0x000000e8   Code   RO         4374    i.QDEC_IRQHandler   nrf_drv_qdec.o
    0x0001ba94   0x00000080   Code   RO         6755    i.RADIO_IRQHandler  nrf_esb.o
    0x0001bb14   0x00000090   Code   RO         4828    i.RNG_IRQHandler    nrf_drv_rng.o
    0x0001bba4   0x00000028   Code   RO         5200    i.RTC1_IRQHandler   app_timer.o
    0x0001bbcc   0x00000018   Code   RO         4458    i.SPI0_TWI0_IRQHandler  nrf_drv_spi.o
    0x0001bbe4   0x00000008   Code   RO         5201    i.SWI0_IRQHandler   app_timer.o
    0x0001bbec   0x00000034   Code   RO         6572    i.SWI2_IRQHandler   softdevice_handler.o
    0x0001bc20   0x00000070   Code   RO         6756    i.SWI3_IRQHandler   nrf_esb.o
    0x0001bc90   0x00000064   Code   RO         7062    i.SystemInit        system_nrf51.o
    0x0001bcf4   0x00000018   Code   RO         4574    i.TIMER0_IRQHandler  nrf_drv_timer.o
    0x0001bd0c   0x00000018   Code   RO         4575    i.TIMER1_IRQHandler  nrf_drv_timer.o
    0x0001bd24   0x00000014   Code   RO         4151    i.UART0_IRQHandler  nrf_drv_uart.o
    0x0001bd38   0x0000002c   Code   RO         7361    i.__0snprintf$8     mc_p.l(printf8.o)
    0x0001bd64   0x0000001c   Code   RO          386    i.__ARM_common_switch8  main.o
    0x0001bd80   0x0000000e   Code   RO         7460    i.__scatterload_copy  mc_p.l(handlers.o)
    0x0001bd8e   0x00000002   Code   RO         7461    i.__scatterload_null  mc_p.l(handlers.o)
    0x0001bd90   0x0000000e   Code   RO         7462    i.__scatterload_zeroinit  mc_p.l(handlers.o)
    0x0001bd9e   0x00000002   PAD
    0x0001bda0   0x00000024   Code   RO         6573    i.__sd_nvic_app_accessible_irq  softdevice_handler.o
    0x0001bdc4   0x0000000c   Code   RO         5435    i.__sd_nvic_irq_disable  app_util_platform.o
    0x0001bdd0   0x00000428   Code   RO         7367    i._printf_core      mc_p.l(printf8.o)
    0x0001c1f8   0x00000020   Code   RO         7368    i._printf_post_padding  mc_p.l(printf8.o)
    0x0001c218   0x0000002c   Code   RO         7369    i._printf_pre_padding  mc_p.l(printf8.o)
    0x0001c244   0x00000016   Code   RO         7370    i._snputc           mc_p.l(printf8.o)
    0x0001c25a   0x00000002   PAD
    0x0001c25c   0x0000003c   Code   RO            5    i.adc_config        main.o
    0x0001c298   0x00000050   Code   RO            6    i.adc_event_handler  main.o
    0x0001c2e8   0x00000094   Code   RO         4910    i.adc_sample_process  nrf_drv_adc.o
    0x0001c37c   0x00000034   Code   RO         2057    i.addr_compare      id_manager.o
    0x0001c3b0   0x0000000e   Code   RO         6757    i.addr_conv         nrf_esb.o
    0x0001c3be   0x0000001a   Code   RO         1366    i.addr_is_valid     ble_advertising.o
    0x0001c3d8   0x00000030   Code   RO         5510    i.address_is_valid  fds.o
    0x0001c408   0x00000048   Code   RO            7    i.address_of_page   main.o
    0x0001c450   0x0000018e   Code   RO         1257    i.adv_data_encode   ble_advdata.o
    0x0001c5de   0x00000002   PAD
    0x0001c5e0   0x0000006c   Code   RO         1367    i.adv_mode_next_avail_get  ble_advertising.o
    0x0001c64c   0x00000010   Code   RO         1368    i.adv_mode_next_get  ble_advertising.o
    0x0001c65c   0x00000014   Code   RO         1258    i.advdata_check     ble_advdata.o
    0x0001c670   0x0000005a   Code   RO         1143    i.advertising_buttons_configure  bsp_btn_ble.o
    0x0001c6ca   0x00000002   PAD
    0x0001c6cc   0x0000008c   Code   RO            8    i.advertising_init  main.o
    0x0001c758   0x000000ac   Code   RO            9    i.advertising_start  main.o
    0x0001c804   0x00000056   Code   RO         2059    i.ah                id_manager.o
    0x0001c85a   0x00000002   PAD
    0x0001c85c   0x00000034   Code   RO         1027    i.alert_timer_handler  bsp.o
    0x0001c890   0x0000002c   Code   RO         5028    i.app_button_enable  app_button.o
    0x0001c8bc   0x000000ac   Code   RO         5029    i.app_button_init   app_button.o
    0x0001c968   0x00000070   Code   RO         5121    i.app_error_fault_handler  app_error_weak.o
    0x0001c9d8   0x00000020   Code   RO         5086    i.app_error_handler_bare  app_error.o
    0x0001c9f8   0x000000c0   Code   RO         5144    i.app_sched_event_put  app_scheduler.o
    0x0001cab8   0x00000070   Code   RO         5145    i.app_sched_execute  app_scheduler.o
    0x0001cb28   0x0000005c   Code   RO         5146    i.app_sched_init    app_scheduler.o
    0x0001cb84   0x00000044   Code   RO         5204    i.app_timer_create  app_timer.o
    0x0001cbc8   0x0000002c   Code   RO         5407    i.app_timer_evt_get  app_timer_appsh.o
    0x0001cbf4   0x0000001c   Code   RO         5408    i.app_timer_evt_schedule  app_timer_appsh.o
    0x0001cc10   0x0000008c   Code   RO         5205    i.app_timer_init    app_timer.o
    0x0001cc9c   0x00000054   Code   RO         5206    i.app_timer_start   app_timer.o
    0x0001ccf0   0x00000038   Code   RO         5207    i.app_timer_stop    app_timer.o
    0x0001cd28   0x00000054   Code   RO         5436    i.app_util_critical_region_enter  app_util_platform.o
    0x0001cd7c   0x00000040   Code   RO         5437    i.app_util_critical_region_exit  app_util_platform.o
    0x0001cdbc   0x00000054   Code   RO         1259    i.appearance_encode  ble_advdata.o
    0x0001ce10   0x0000005c   Code   RO         1820    i.apply_pending_flags_check  gatt_cache_manager.o
    0x0001ce6c   0x00000014   Code   RO         3086    i.auth_status_failure_process  security_dispatcher.o
    0x0001ce80   0x0000001e   Code   RO         3087    i.auth_status_process  security_dispatcher.o
    0x0001ce9e   0x00000002   PAD
    0x0001cea0   0x000000b8   Code   RO         3088    i.auth_status_success_process  security_dispatcher.o
    0x0001cf58   0x000000b8   Code   RO           11    i.bas_init          main.o
    0x0001d010   0x000001c8   Code   RO         3364    i.battery_level_char_add  ble_bas.o
    0x0001d1d8   0x00000098   Code   RO         1260    i.ble_advdata_set   ble_advdata.o
    0x0001d270   0x00000010   Code   RO           12    i.ble_advertising_error_handler  main.o
    0x0001d280   0x000001b8   Code   RO         1369    i.ble_advertising_init  ble_advertising.o
    0x0001d438   0x00000032   Code   RO         1370    i.ble_advertising_on_ble_evt  ble_advertising.o
    0x0001d46a   0x00000002   PAD
    0x0001d46c   0x00000050   Code   RO         1371    i.ble_advertising_on_sys_evt  ble_advertising.o
    0x0001d4bc   0x0000002c   Code   RO         1372    i.ble_advertising_peer_addr_reply  ble_advertising.o
    0x0001d4e8   0x0000005c   Code   RO         1373    i.ble_advertising_restart_without_whitelist  ble_advertising.o
    0x0001d544   0x000001a8   Code   RO         1374    i.ble_advertising_start  ble_advertising.o
    0x0001d6ec   0x0000006c   Code   RO         1375    i.ble_advertising_whitelist_reply  ble_advertising.o
    0x0001d758   0x00000054   Code   RO         3366    i.ble_bas_init      ble_bas.o
    0x0001d7ac   0x00000046   Code   RO         3367    i.ble_bas_on_ble_evt  ble_bas.o
    0x0001d7f2   0x00000002   PAD
    0x0001d7f4   0x00000070   Code   RO         1505    i.ble_conn_params_change_conn_params  ble_conn_params.o
    0x0001d864   0x00000078   Code   RO         1506    i.ble_conn_params_init  ble_conn_params.o
    0x0001d8dc   0x0000003e   Code   RO         1507    i.ble_conn_params_on_ble_evt  ble_conn_params.o
    0x0001d91a   0x00000002   PAD
    0x0001d91c   0x00000018   Code   RO         1598    i.ble_conn_state_conn_handles  ble_conn_state.o
    0x0001d934   0x00000018   Code   RO         1599    i.ble_conn_state_encrypted  ble_conn_state.o
    0x0001d94c   0x00000018   Code   RO         1601    i.ble_conn_state_mitm_protected  ble_conn_state.o
    0x0001d964   0x0000009c   Code   RO         1605    i.ble_conn_state_on_ble_evt  ble_conn_state.o
    0x0001da00   0x0000003c   Code   RO         1607    i.ble_conn_state_role  ble_conn_state.o
    0x0001da3c   0x00000026   Code   RO         1609    i.ble_conn_state_user_flag_acquire  ble_conn_state.o
    0x0001da62   0x00000002   PAD
    0x0001da64   0x0000001c   Code   RO         1610    i.ble_conn_state_user_flag_collection  ble_conn_state.o
    0x0001da80   0x00000028   Code   RO         1611    i.ble_conn_state_user_flag_get  ble_conn_state.o
    0x0001daa8   0x00000028   Code   RO         1612    i.ble_conn_state_user_flag_set  ble_conn_state.o
    0x0001dad0   0x00000090   Code   RO         1261    i.ble_device_addr_encode  ble_advdata.o
    0x0001db60   0x000001b4   Code   RO         3419    i.ble_dis_init      ble_dis.o
    0x0001dd14   0x00000044   Code   RO           13    i.ble_evt_dispatch  main.o
    0x0001dd58   0x000000a0   Code   RO         3465    i.ble_hids_boot_mouse_inp_rep_send  ble_hids.o
    0x0001ddf8   0x0000016c   Code   RO         3466    i.ble_hids_init     ble_hids.o
    0x0001df64   0x00000078   Code   RO         3467    i.ble_hids_inp_rep_send  ble_hids.o
    0x0001dfdc   0x00000048   Code   RO         3468    i.ble_hids_on_ble_evt  ble_hids.o
    0x0001e024   0x00000012   Code   RO         1756    i.ble_srv_ascii_to_utf8  ble_srv_common.o
    0x0001e036   0x00000012   Code   RO         1758    i.ble_srv_is_notification_enabled  ble_srv_common.o
    0x0001e048   0x00000038   Code   RO         1759    i.ble_srv_report_ref_encode  ble_srv_common.o
    0x0001e080   0x000000bc   Code   RO           14    i.ble_stack_init    main.o
    0x0001e13c   0x00000108   Code   RO         3470    i.boot_inp_rep_char_add  ble_hids.o
    0x0001e244   0x000000c8   Code   RO         3471    i.boot_kb_outp_rep_char_add  ble_hids.o
    0x0001e30c   0x00000034   Code   RO          914    i.bsp_board_button_state_get  boards.o
    0x0001e340   0x0000003c   Code   RO          917    i.bsp_board_led_invert  boards.o
    0x0001e37c   0x00000014   Code   RO          918    i.bsp_board_led_off  boards.o
    0x0001e390   0x00000014   Code   RO          919    i.bsp_board_led_on  boards.o
    0x0001e3a4   0x00000034   Code   RO          920    i.bsp_board_led_state_get  boards.o
    0x0001e3d8   0x00000030   Code   RO          921    i.bsp_board_leds_init  boards.o
    0x0001e408   0x00000014   Code   RO          922    i.bsp_board_leds_off  boards.o
    0x0001e41c   0x00000014   Code   RO          923    i.bsp_board_leds_on  boards.o
    0x0001e430   0x00000024   Code   RO          924    i.bsp_board_pin_to_button_idx  boards.o
    0x0001e454   0x00000030   Code   RO         1144    i.bsp_btn_ble_init  bsp_btn_ble.o
    0x0001e484   0x00000084   Code   RO         1145    i.bsp_btn_ble_on_ble_evt  bsp_btn_ble.o
    0x0001e508   0x000000cc   Code   RO         1028    i.bsp_button_event_handler  bsp.o
    0x0001e5d4   0x0000000c   Code   RO         1029    i.bsp_button_is_pressed  bsp.o
    0x0001e5e0   0x00000544   Code   RO           15    i.bsp_event_handler  main.o
    0x0001eb24   0x00000070   Code   RO         1032    i.bsp_event_to_button_action_assign  bsp.o
    0x0001eb94   0x00000024   Code   RO         1033    i.bsp_indication_set  bsp.o
    0x0001ebb8   0x000000bc   Code   RO         1034    i.bsp_init          bsp.o
    0x0001ec74   0x000002c4   Code   RO         1035    i.bsp_led_indication  bsp.o
    0x0001ef38   0x00000014   Code   RO         6194    i.buf_len_update    nrf_log_backend_serial.o
    0x0001ef4c   0x000000a4   Code   RO         6288    i.buf_prealloc      nrf_log_frontend.o
    0x0001eff0   0x00000018   Code   RO         6289    i.buffer_is_empty   nrf_log_frontend.o
    0x0001f008   0x00000070   Code   RO           16    i.button_event_handler  main.o
    0x0001f078   0x0000000e   Code   RO         1038    i.button_timer_handler  bsp.o
    0x0001f086   0x00000002   PAD
    0x0001f088   0x0000005c   Code   RO           17    i.buttons_leds_init  main.o
    0x0001f0e4   0x00000032   Code   RO         6195    i.byte2hex          nrf_log_backend_serial.o
    0x0001f116   0x00000002   PAD
    0x0001f118   0x00000048   Code   RO         6758    i.bytewise_bit_swap  nrf_esb.o
    0x0001f160   0x00000024   Code   RO         1821    i.cccd_written      gatt_cache_manager.o
    0x0001f184   0x00000020   Code   RO         3895    i.channel_free      nrf_drv_gpiote.o
    0x0001f1a4   0x00000010   Code   RO         3896    i.channel_handler_get  nrf_drv_gpiote.o
    0x0001f1b4   0x00000078   Code   RO         3897    i.channel_port_alloc  nrf_drv_gpiote.o
    0x0001f22c   0x0000000c   Code   RO         3898    i.channel_port_get  nrf_drv_gpiote.o
    0x0001f238   0x000000e4   Code   RO         3420    i.char_add          ble_dis.o
    0x0001f31c   0x00000024   Code   RO         5932    i.check_config      fstorage.o
    0x0001f340   0x00000022   Code   RO         5511    i.chunk_is_aligned  fds.o
    0x0001f362   0x00000002   PAD
    0x0001f364   0x00000030   Code   RO         5512    i.chunk_queue_get_and_advance  fds.o
    0x0001f394   0x00000020   Code   RO         5513    i.chunk_queue_next  fds.o
    0x0001f3b4   0x0000002c   Code   RO         5514    i.chunk_queue_skip  fds.o
    0x0001f3e0   0x0000004c   Code   RO         2632    i.claim             peer_id.o
    0x0001f42c   0x00000064   Code   RO         6759    i.clear_events_restart_rx  nrf_esb.o
    0x0001f490   0x00000034   Code   RO         3638    i.clock_clk_started_notify  nrf_drv_clock.o
    0x0001f4c4   0x0000001c   Code   RO           19    i.clocks_start      main.o
    0x0001f4e0   0x0000008c   Code   RO         5209    i.compare_reg_update  app_timer.o
    0x0001f56c   0x0000005c   Code   RO         1262    i.conn_int_check    ble_advdata.o
    0x0001f5c8   0x0000006a   Code   RO         1263    i.conn_int_encode   ble_advdata.o
    0x0001f632   0x00000010   Code   RO           20    i.conn_params_error_handler  main.o
    0x0001f642   0x00000002   PAD
    0x0001f644   0x00000054   Code   RO           21    i.conn_params_init  main.o
    0x0001f698   0x00000094   Code   RO         1509    i.conn_params_negotiation  ble_conn_params.o
    0x0001f72c   0x0000005c   Code   RO         3089    i.conn_sec_update_process  security_dispatcher.o
    0x0001f788   0x0000005a   Code   RO         1147    i.connection_buttons_configure  bsp_btn_ble.o
    0x0001f7e2   0x00000002   PAD
    0x0001f7e4   0x00000050   Code   RO         5515    i.delete_execute    fds.o
    0x0001f834   0x0000008c   Code   RO         5031    i.detection_delay_timeout_handler  app_button.o
    0x0001f8c0   0x000000a0   Code   RO           22    i.dis_init          main.o
    0x0001f960   0x00000024   Code   RO         3090    i.disconnect_process  security_dispatcher.o
    0x0001f984   0x00000044   Code   RO           23    i.driver_rf_channel_switch  main.o
    0x0001f9c8   0x0000004c   Code   RO          726    i.driver_sensor_two_spi_read_byte  motion_sensor.o
    0x0001fa14   0x0000005c   Code   RO          727    i.driver_sensor_two_spi_send_byte  motion_sensor.o
    0x0001fa70   0x00000064   Code   RO         5210    i.elapsed_ticks_acquire  app_timer.o
    0x0001fad4   0x00000048   Code   RO         3472    i.encode_hid_information  ble_hids.o
    0x0001fb1c   0x0000003c   Code   RO          891    i.encrypt           encrypt.o
    0x0001fb58   0x00000034   Code   RO         3091    i.encryption_failure  security_dispatcher.o
    0x0001fb8c   0x00000044   Code   RO          729    i.enterOrExitSleepmode  motion_sensor.o
    0x0001fbd0   0x0000000a   Code   RO         5933    i.erase_execute     fstorage.o
    0x0001fbda   0x00000002   PAD
    0x0001fbdc   0x000000b4   Code   RO           24    i.esb_init          main.o
    0x0001fc90   0x00000078   Code   RO         5517    i.event_prepare     fds.o
    0x0001fd08   0x00000028   Code   RO         5518    i.event_send        fds.o
    0x0001fd30   0x00000044   Code   RO         3232    i.events_send_from_err_code  security_manager.o
    0x0001fd74   0x00000020   Code   RO         1822    i.evt_send          gatt_cache_manager.o
    0x0001fd94   0x00000020   Code   RO         1968    i.evt_send          gatts_cache_manager.o
    0x0001fdb4   0x00000020   Code   RO         2060    i.evt_send          id_manager.o
    0x0001fdd4   0x00000028   Code   RO         2723    i.evt_send          peer_manager.o
    0x0001fdfc   0x00000020   Code   RO         3092    i.evt_send          security_dispatcher.o
    0x0001fe1c   0x00000020   Code   RO         3233    i.evt_send          security_manager.o
    0x0001fe3c   0x0000005c   Code   RO         5211    i.expired_timers_handler  app_timer.o
    0x0001fe98   0x00000150   Code   RO         2292    i.fds_evt_handler   peer_data_storage.o
    0x0001ffe8   0x0000004c   Code   RO         5520    i.fds_file_delete   fds.o
    0x00020034   0x00000048   Code   RO         5521    i.fds_gc            fds.o
    0x0002007c   0x000000b2   Code   RO         5522    i.fds_init          fds.o
    0x0002012e   0x00000002   PAD
    0x00020130   0x00000060   Code   RO         5523    i.fds_record_close  fds.o
    0x00020190   0x00000016   Code   RO         5525    i.fds_record_find   fds.o
    0x000201a6   0x00000014   Code   RO         5526    i.fds_record_find_by_key  fds.o
    0x000201ba   0x00000014   Code   RO         5527    i.fds_record_find_in_file  fds.o
    0x000201ce   0x00000016   Code   RO         5528    i.fds_record_id_from_desc  fds.o
    0x000201e4   0x00000054   Code   RO         5530    i.fds_record_open   fds.o
    0x00020238   0x0000001c   Code   RO         5531    i.fds_record_update  fds.o
    0x00020254   0x00000014   Code   RO         5532    i.fds_record_write  fds.o
    0x00020268   0x0000001e   Code   RO         5533    i.fds_record_write_reserved  fds.o
    0x00020286   0x00000002   PAD
    0x00020288   0x00000030   Code   RO         5534    i.fds_register      fds.o
    0x000202b8   0x00000036   Code   RO         5535    i.fds_reserve       fds.o
    0x000202ee   0x00000002   PAD
    0x000202f0   0x00000054   Code   RO         5536    i.fds_reserve_cancel  fds.o
    0x00020344   0x0000007c   Code   RO         3473    i.feature_rep_characteristics_add  ble_hids.o
    0x000203c0   0x00000034   Code   RO         5538    i.file_find_and_delete  fds.o
    0x000203f4   0x0000000c   Code   RO         2293    i.file_id_to_peer_id  peer_data_storage.o
    0x00020400   0x0000001c   Code   RO         2294    i.file_id_within_pm_range  peer_data_storage.o
    0x0002041c   0x0000001e   Code   RO         4459    i.finish_transfer   nrf_drv_spi.o
    0x0002043a   0x00000002   PAD
    0x0002043c   0x00000010   Code   RO         5539    i.flag_clear        fds.o
    0x0002044c   0x00000012   Code   RO         3093    i.flag_id_init      security_dispatcher.o
    0x0002045e   0x00000012   Code   RO         3234    i.flag_id_init      security_manager.o
    0x00020470   0x00000018   Code   RO         5540    i.flag_is_set       fds.o
    0x00020488   0x00000010   Code   RO         5541    i.flag_set          fds.o
    0x00020498   0x00000036   Code   RO         1264    i.flags_encode      ble_advdata.o
    0x000204ce   0x00000002   PAD
    0x000204d0   0x0000009c   Code   RO         3235    i.flags_set_from_err_code  security_manager.o
    0x0002056c   0x00000016   Code   RO         1376    i.flash_access_in_progress  ble_advertising.o
    0x00020582   0x00000002   PAD
    0x00020584   0x00000038   Code   RO           25    i.flash_page_erase  main.o
    0x000205bc   0x00000038   Code   RO           26    i.flash_word_write  main.o
    0x000205f4   0x0000008c   Code   RO         5934    i.fs_erase          fstorage.o
    0x00020680   0x0000000e   Code   RO         5542    i.fs_event_handler  fds.o
    0x0002068e   0x00000002   PAD
    0x00020690   0x000001c4   Code   RO           27    i.fs_evt_handler    main.o
    0x00020854   0x0000001c   Code   RO         5936    i.fs_flash_page_end_addr  fstorage.o
    0x00020870   0x000000c4   Code   RO         5937    i.fs_init           fstorage.o
    0x00020934   0x00000018   Code   RO         5940    i.fs_queued_op_count_get  fstorage.o
    0x0002094c   0x0000009c   Code   RO         5941    i.fs_store          fstorage.o
    0x000209e8   0x00000070   Code   RO         5942    i.fs_sys_event_handler  fstorage.o
    0x00020a58   0x000000a4   Code   RO           29    i.gap_params_init   main.o
    0x00020afc   0x00000074   Code   RO         5543    i.gc_execute        fds.o
    0x00020b70   0x0000003c   Code   RO         5544    i.gc_init           fds.o
    0x00020bac   0x00000028   Code   RO         5545    i.gc_next_page      fds.o
    0x00020bd4   0x00000044   Code   RO         5546    i.gc_page_erase     fds.o
    0x00020c18   0x0000004c   Code   RO         5547    i.gc_page_next      fds.o
    0x00020c64   0x00000040   Code   RO         5548    i.gc_record_copy    fds.o
    0x00020ca4   0x00000028   Code   RO         5549    i.gc_record_find_next  fds.o
    0x00020ccc   0x00000058   Code   RO         5550    i.gc_state_advance  fds.o
    0x00020d24   0x0000002c   Code   RO         5551    i.gc_swap_erase     fds.o
    0x00020d50   0x00000044   Code   RO         5552    i.gc_swap_pages     fds.o
    0x00020d94   0x00000020   Code   RO         5553    i.gc_swap_promote   fds.o
    0x00020db4   0x00000018   Code   RO         5554    i.gc_tag_new_swap   fds.o
    0x00020dcc   0x00000020   Code   RO         5555    i.gc_update_swap_offset  fds.o
    0x00020dec   0x00000074   Code   RO         1823    i.gcm_ble_evt_handler  gatt_cache_manager.o
    0x00020e60   0x00000078   Code   RO         1824    i.gcm_gscm_evt_handler  gatt_cache_manager.o
    0x00020ed8   0x00000034   Code   RO         1825    i.gcm_im_evt_handler  gatt_cache_manager.o
    0x00020f0c   0x00000068   Code   RO         1826    i.gcm_init          gatt_cache_manager.o
    0x00020f74   0x0000004c   Code   RO         1827    i.gcm_local_database_has_changed  gatt_cache_manager.o
    0x00020fc0   0x00000018   Code   RO         1830    i.gcm_smd_evt_handler  gatt_cache_manager.o
    0x00020fd8   0x00000080   Code   RO          731    i.getMotion         motion_sensor.o
    0x00021058   0x0000003c   Code   RO         2061    i.get_connection_by_conn_handle  id_manager.o
    0x00021094   0x00000034   Code   RO         2062    i.get_free_connection  id_manager.o
    0x000210c8   0x0000008c   Code   RO         5032    i.gpiote_event_handler  app_button.o
    0x00021154   0x0000001c   Code   RO         1969    i.gscm_db_change_notification_done  gatts_cache_manager.o
    0x00021170   0x00000014   Code   RO         1970    i.gscm_init         gatts_cache_manager.o
    0x00021184   0x0000001c   Code   RO         1971    i.gscm_local_database_has_changed  gatts_cache_manager.o
    0x000211a0   0x0000009c   Code   RO         1972    i.gscm_local_db_cache_apply  gatts_cache_manager.o
    0x0002123c   0x000000a0   Code   RO         1974    i.gscm_local_db_cache_update  gatts_cache_manager.o
    0x000212dc   0x00000054   Code   RO         1975    i.gscm_pdb_evt_handler  gatts_cache_manager.o
    0x00021330   0x00000026   Code   RO         1976    i.gscm_service_changed_ind_needed  gatts_cache_manager.o
    0x00021356   0x00000002   PAD
    0x00021358   0x0000003c   Code   RO         1977    i.gscm_service_changed_ind_send  gatts_cache_manager.o
    0x00021394   0x0000001c   Code   RO         5556    i.header_is_valid   fds.o
    0x000213b0   0x000000b0   Code   RO         3474    i.hid_control_point_char_add  ble_hids.o
    0x00021460   0x000000bc   Code   RO         3475    i.hid_information_char_add  ble_hids.o
    0x0002151c   0x00000458   Code   RO           30    i.hids_init         main.o
    0x00021974   0x00000044   Code   RO         2063    i.im_address_resolve  id_manager.o
    0x000219b8   0x00000030   Code   RO         2064    i.im_ble_addr_get   id_manager.o
    0x000219e8   0x000001c8   Code   RO         2065    i.im_ble_evt_handler  id_manager.o
    0x00021bb0   0x00000030   Code   RO         2066    i.im_conn_handle_get  id_manager.o
    0x00021be0   0x00000006   Code   RO         2067    i.im_device_identities_list_set  id_manager.o
    0x00021be6   0x00000002   PAD
    0x00021be8   0x00000040   Code   RO         2070    i.im_init           id_manager.o
    0x00021c28   0x00000046   Code   RO         2071    i.im_is_duplicate_bonding_data  id_manager.o
    0x00021c6e   0x00000026   Code   RO         2072    i.im_master_id_is_valid  id_manager.o
    0x00021c94   0x00000034   Code   RO         2073    i.im_master_ids_compare  id_manager.o
    0x00021cc8   0x00000010   Code   RO         2074    i.im_new_peer_id    id_manager.o
    0x00021cd8   0x0000007a   Code   RO         2075    i.im_pdb_evt_handler  id_manager.o
    0x00021d52   0x00000002   PAD
    0x00021d54   0x00000030   Code   RO         2076    i.im_peer_free      id_manager.o
    0x00021d84   0x00000028   Code   RO         2077    i.im_peer_id_get_by_conn_handle  id_manager.o
    0x00021dac   0x00000048   Code   RO         2078    i.im_peer_id_get_by_master_id  id_manager.o
    0x00021df4   0x00000048   Code   RO         2081    i.im_whitelist_get  id_manager.o
    0x00021e3c   0x00000038   Code   RO         2082    i.im_whitelist_set  id_manager.o
    0x00021e74   0x00000030   Code   RO         3476    i.includes_add      ble_hids.o
    0x00021ea4   0x0000010c   Code   RO         5557    i.init_execute      fds.o
    0x00021fb0   0x00000048   Code   RO         6760    i.initialize_fifos  nrf_esb.o
    0x00021ff8   0x0000004c   Code   RO         3477    i.inp_rep_cccd_identify  ble_hids.o
    0x00022044   0x0000009c   Code   RO         3478    i.inp_rep_characteristics_add  ble_hids.o
    0x000220e0   0x000000cc   Code   RO         6574    i.intern_softdevice_events_execute  softdevice_handler.o
    0x000221ac   0x0000000c   Code   RO         1831    i.internal_state_reset  gatt_cache_manager.o
    0x000221b8   0x00000018   Code   RO         1978    i.internal_state_reset  gatts_cache_manager.o
    0x000221d0   0x00000028   Code   RO         2083    i.internal_state_reset  id_manager.o
    0x000221f8   0x00000020   Code   RO         2457    i.internal_state_reset  peer_database.o
    0x00022218   0x0000000e   Code   RO         2633    i.internal_state_reset  peer_id.o
    0x00022226   0x00000002   PAD
    0x00022228   0x0000002c   Code   RO         2724    i.internal_state_reset  peer_manager.o
    0x00022254   0x00000068   Code   RO         4576    i.irq_handler       nrf_drv_timer.o
    0x000222bc   0x00000024   Code   RO         4460    i.irq_handler_spi   nrf_drv_spi.o
    0x000222e0   0x00000024   Code   RO         1510    i.is_conn_params_ok  ble_conn_params.o
    0x00022304   0x00000038   Code   RO         7063    i.is_disabled_in_debug_needed  system_nrf51.o
    0x0002233c   0x0000006c   Code   RO         7064    i.is_manual_peripheral_setup_needed  system_nrf51.o
    0x000223a8   0x00000054   Code   RO         7065    i.is_peripheral_domain_setup_needed  system_nrf51.o
    0x000223fc   0x0000001a   Code   RO         2084    i.is_valid_irk      id_manager.o
    0x00022416   0x00000012   Code   RO         5558    i.is_word_aligned   fds.o
    0x00022428   0x0000000e   Code   RO         3641    i.item_dequeue      nrf_drv_clock.o
    0x00022436   0x00000002   PAD
    0x00022438   0x00000024   Code   RO         1039    i.leds_timer_handler  bsp.o
    0x0002245c   0x000000d0   Code   RO         3236    i.link_secure       security_manager.o
    0x0002252c   0x00000098   Code   RO         3094    i.link_secure_central  security_dispatcher.o
    0x000225c4   0x000000f8   Code   RO         3095    i.link_secure_central_existing_peer  security_dispatcher.o
    0x000226bc   0x00000084   Code   RO         3096    i.link_secure_central_new_peer  security_dispatcher.o
    0x00022740   0x0000005c   Code   RO         3097    i.link_secure_failure  security_dispatcher.o
    0x0002279c   0x00000080   Code   RO         3237    i.link_secure_pending_process  security_manager.o
    0x0002281c   0x00000012   Code   RO         3098    i.link_secure_peripheral  security_dispatcher.o
    0x0002282e   0x00000002   PAD
    0x00022830   0x0000007c   Code   RO         5212    i.list_deletions_handler  app_timer.o
    0x000228ac   0x000000f8   Code   RO         5213    i.list_insertions_handler  app_timer.o
    0x000229a4   0x000000a0   Code   RO         1832    i.local_db_apply_in_evt  gatt_cache_manager.o
    0x00022a44   0x000000b4   Code   RO         1833    i.local_db_update_in_evt  gatt_cache_manager.o
    0x00022af8   0x00000036   Code   RO         3037    i.lock_by_mask      pm_mutex.o
    0x00022b2e   0x00000024   Code   RO           31    i.m_flash_read      main.o
    0x00022b52   0x00000002   PAD
    0x00022b54   0x000000ec   Code   RO           32    i.m_flash_write     main.o
    0x00022c40   0x000011f4   Code   RO           33    i.main              main.o
    0x00023e34   0x00000014   Code   RO         3479    i.make_char_id      ble_hids.o
    0x00023e48   0x00000078   Code   RO         1265    i.manuf_specific_data_encode  ble_advdata.o
    0x00023ec0   0x00000028   Code   RO           34    i.modify_base_address_0  main.o
    0x00023ee8   0x00000024   Code   RO           35    i.modify_base_address_0_encrypt  main.o
    0x00023f0c   0x000006f0   Code   RO           36    i.motion_timeout_handler  main.o
    0x000245fc   0x00000040   Code   RO           37    i.mouse_Authorization_send  main.o
    0x0002463c   0x0000004c   Code   RO           38    i.mouse_key_send    main.o
    0x00024688   0x000000c4   Code   RO           39    i.mouse_movement_send  main.o
    0x0002474c   0x00000054   Code   RO           40    i.mouse_scroll_send  main.o
    0x000247a0   0x000000c6   Code   RO         1266    i.name_encode       ble_advdata.o
    0x00024866   0x00000002   PAD
    0x00024868   0x0000006c   Code   RO         2085    i.new_connection    id_manager.o
    0x000248d4   0x00000038   Code   RO         2634    i.next_id_get       peer_id.o
    0x0002490c   0x00000018   Code   RO         5148    i.next_index        app_scheduler.o
    0x00024924   0x0000000c   Code   RO         4911    i.nrf_adc_config_set  nrf_drv_adc.o
    0x00024930   0x00000018   Code   RO         4912    i.nrf_adc_event_check  nrf_drv_adc.o
    0x00024948   0x00000010   Code   RO         4913    i.nrf_adc_event_clear  nrf_drv_adc.o
    0x00024958   0x0000000c   Code   RO         4914    i.nrf_adc_int_disable  nrf_drv_adc.o
    0x00024964   0x0000000c   Code   RO         4915    i.nrf_adc_int_enable  nrf_drv_adc.o
    0x00024970   0x00000016   Code   RO         3899    i.nrf_bitmask_bit_is_set  nrf_drv_gpiote.o
    0x00024986   0x00000016   Code   RO         3645    i.nrf_clock_event_check  nrf_drv_clock.o
    0x0002499c   0x0000000c   Code   RO         3646    i.nrf_clock_event_clear  nrf_drv_clock.o
    0x000249a8   0x0000000c   Code   RO         3648    i.nrf_clock_int_disable  nrf_drv_clock.o
    0x000249b4   0x00000012   Code   RO           41    i.nrf_delay_ms      main.o
    0x000249c6   0x00000012   Code   RO          732    i.nrf_delay_ms      motion_sensor.o
    0x000249d8   0x00000040   Code   RO           42    i.nrf_delay_us      main.o
    0x00024a18   0x00000040   Code   RO          733    i.nrf_delay_us      motion_sensor.o
    0x00024a58   0x00000040   Code   RO         5214    i.nrf_delay_us      app_timer.o
    0x00024a98   0x00000088   Code   RO         4916    i.nrf_drv_adc_buffer_convert  nrf_drv_adc.o
    0x00024b20   0x0000002c   Code   RO         4918    i.nrf_drv_adc_channel_enable  nrf_drv_adc.o
    0x00024b4c   0x00000048   Code   RO         4919    i.nrf_drv_adc_init  nrf_drv_adc.o
    0x00024b94   0x00000010   Code   RO         4921    i.nrf_drv_adc_sample  nrf_drv_adc.o
    0x00024ba4   0x0000003c   Code   RO         4923    i.nrf_drv_adc_uninit  nrf_drv_adc.o
    0x00024be0   0x00000070   Code   RO         3657    i.nrf_drv_clock_init  nrf_drv_clock.o
    0x00024c50   0x00000034   Code   RO         3664    i.nrf_drv_clock_on_sd_enable  nrf_drv_clock.o
    0x00024c84   0x0000000e   Code   RO         3665    i.nrf_drv_clock_on_soc_event  nrf_drv_clock.o
    0x00024c92   0x00000002   PAD
    0x00024c94   0x00000038   Code   RO         3849    i.nrf_drv_common_irq_enable  nrf_drv_common.o
    0x00024ccc   0x00000028   Code   RO         6575    i.nrf_drv_common_irq_enable_check  softdevice_handler.o
    0x00024cf4   0x0000000a   Code   RO         4577    i.nrf_drv_get_IRQn  nrf_drv_timer.o
    0x00024cfe   0x00000002   PAD
    0x00024d00   0x00000060   Code   RO         3901    i.nrf_drv_gpiote_in_event_disable  nrf_drv_gpiote.o
    0x00024d60   0x000000bc   Code   RO         3902    i.nrf_drv_gpiote_in_event_enable  nrf_drv_gpiote.o
    0x00024e1c   0x000000f8   Code   RO         3903    i.nrf_drv_gpiote_in_init  nrf_drv_gpiote.o
    0x00024f14   0x00000016   Code   RO         3904    i.nrf_drv_gpiote_in_is_set  nrf_drv_gpiote.o
    0x00024f2a   0x00000002   PAD
    0x00024f2c   0x0000005c   Code   RO         3906    i.nrf_drv_gpiote_init  nrf_drv_gpiote.o
    0x00024f88   0x00000014   Code   RO         3907    i.nrf_drv_gpiote_is_init  nrf_drv_gpiote.o
    0x00024f9c   0x00000028   Code   RO         4376    i.nrf_drv_qdec_disable  nrf_drv_qdec.o
    0x00024fc4   0x00000028   Code   RO         4377    i.nrf_drv_qdec_enable  nrf_drv_qdec.o
    0x00024fec   0x000000e8   Code   RO         4379    i.nrf_drv_qdec_init  nrf_drv_qdec.o
    0x000250d4   0x00000028   Code   RO         4381    i.nrf_drv_qdec_uninit  nrf_drv_qdec.o
    0x000250fc   0x00000028   Code   RO         4830    i.nrf_drv_rng_bytes_available  nrf_drv_rng.o
    0x00025124   0x00000054   Code   RO         4831    i.nrf_drv_rng_init  nrf_drv_rng.o
    0x00025178   0x0000005c   Code   RO         4833    i.nrf_drv_rng_rand  nrf_drv_rng.o
    0x000251d4   0x00000044   Code   RO         4834    i.nrf_drv_rng_setup  nrf_drv_rng.o
    0x00025218   0x00000028   Code   RO         4835    i.nrf_drv_rng_start  nrf_drv_rng.o
    0x00025240   0x0000001c   Code   RO         4836    i.nrf_drv_rng_stop  nrf_drv_rng.o
    0x0002525c   0x0000004c   Code   RO         4837    i.nrf_drv_rng_uninit  nrf_drv_rng.o
    0x000252a8   0x00000174   Code   RO         4461    i.nrf_drv_spi_init  nrf_drv_spi.o
    0x0002541c   0x00000024   Code   RO         4462    i.nrf_drv_spi_transfer  nrf_drv_spi.o
    0x00025440   0x00000058   Code   RO         4463    i.nrf_drv_spi_uninit  nrf_drv_spi.o
    0x00025498   0x00000080   Code   RO         4464    i.nrf_drv_spi_xfer  nrf_drv_spi.o
    0x00025518   0x00000038   Code   RO         4580    i.nrf_drv_timer_compare  nrf_drv_timer.o
    0x00025550   0x00000020   Code   RO         4583    i.nrf_drv_timer_disable  nrf_drv_timer.o
    0x00025570   0x00000020   Code   RO         4584    i.nrf_drv_timer_enable  nrf_drv_timer.o
    0x00025590   0x0000003e   Code   RO         4585    i.nrf_drv_timer_extended_compare  nrf_drv_timer.o
    0x000255ce   0x00000002   PAD
    0x000255d0   0x000000d8   Code   RO         4587    i.nrf_drv_timer_init  nrf_drv_timer.o
    0x000256a8   0x00000048   Code   RO         6761    i.nrf_esb_disable   nrf_esb.o
    0x000256f0   0x00000054   Code   RO           43    i.nrf_esb_event_handler  main.o
    0x00025744   0x00000034   Code   RO         6764    i.nrf_esb_flush_tx  nrf_esb.o
    0x00025778   0x00000044   Code   RO         6765    i.nrf_esb_get_clear_interrupts  nrf_esb.o
    0x000257bc   0x000000ac   Code   RO         6767    i.nrf_esb_init      nrf_esb.o
    0x00025868   0x000000a8   Code   RO         6770    i.nrf_esb_read_rx_payload  nrf_esb.o
    0x00025910   0x00000048   Code   RO         6771    i.nrf_esb_set_address_length  nrf_esb.o
    0x00025958   0x0000003c   Code   RO         6772    i.nrf_esb_set_base_address_0  nrf_esb.o
    0x00025994   0x00000030   Code   RO         6775    i.nrf_esb_set_rf_channel  nrf_esb.o
    0x000259c4   0x00000030   Code   RO         6776    i.nrf_esb_set_tx_power  nrf_esb.o
    0x000259f4   0x00000094   Code   RO         6777    i.nrf_esb_start_rx  nrf_esb.o
    0x00025a88   0x00000054   Code   RO         6779    i.nrf_esb_stop_rx   nrf_esb.o
    0x00025adc   0x00000038   Code   RO         6781    i.nrf_esb_update_prefix  nrf_esb.o
    0x00025b14   0x0000010c   Code   RO         6782    i.nrf_esb_write_payload  nrf_esb.o
    0x00025c20   0x0000002a   Code   RO          734    i.nrf_gpio_cfg      motion_sensor.o
    0x00025c4a   0x0000002a   Code   RO          926    i.nrf_gpio_cfg      boards.o
    0x00025c74   0x0000002a   Code   RO         3919    i.nrf_gpio_cfg      nrf_drv_gpiote.o
    0x00025c9e   0x0000002a   Code   RO         4465    i.nrf_gpio_cfg      nrf_drv_spi.o
    0x00025cc8   0x00000036   Code   RO           44    i.nrf_gpio_cfg_input  main.o
    0x00025cfe   0x0000001a   Code   RO          735    i.nrf_gpio_cfg_input  motion_sensor.o
    0x00025d18   0x00000036   Code   RO         4382    i.nrf_gpio_cfg_input  nrf_drv_qdec.o
    0x00025d4e   0x00000018   Code   RO          736    i.nrf_gpio_cfg_output  motion_sensor.o
    0x00025d66   0x00000018   Code   RO         4466    i.nrf_gpio_cfg_output  nrf_drv_spi.o
    0x00025d7e   0x00000040   Code   RO         3921    i.nrf_gpio_cfg_sense_set  nrf_drv_gpiote.o
    0x00025dbe   0x00000018   Code   RO         4467    i.nrf_gpio_pin_clear  nrf_drv_spi.o
    0x00025dd6   0x0000001a   Code   RO          737    i.nrf_gpio_pin_read  motion_sensor.o
    0x00025df0   0x0000001a   Code   RO         3923    i.nrf_gpio_pin_read  nrf_drv_gpiote.o
    0x00025e0a   0x00000018   Code   RO         4468    i.nrf_gpio_pin_set  nrf_drv_spi.o
    0x00025e22   0x00000040   Code   RO          738    i.nrf_gpio_pin_write  motion_sensor.o
    0x00025e62   0x00000040   Code   RO          927    i.nrf_gpio_pin_write  boards.o
    0x00025ea2   0x00000002   PAD
    0x00025ea4   0x00000030   Code   RO           45    i.nrf_gpio_ports_read  main.o
    0x00025ed4   0x00000030   Code   RO         3925    i.nrf_gpio_ports_read  nrf_drv_gpiote.o
    0x00025f04   0x0000000c   Code   RO         3926    i.nrf_gpiote_event_addr_get  nrf_drv_gpiote.o
    0x00025f10   0x00000010   Code   RO         3927    i.nrf_gpiote_event_clear  nrf_drv_gpiote.o
    0x00025f20   0x00000016   Code   RO         3928    i.nrf_gpiote_event_is_set  nrf_drv_gpiote.o
    0x00025f36   0x00000002   PAD
    0x00025f38   0x0000000c   Code   RO         3929    i.nrf_gpiote_int_enable  nrf_drv_gpiote.o
    0x00025f44   0x00000008   Code   RO         6197    i.nrf_log_backend_hexdump_handler_get  nrf_log_backend_serial.o
    0x00025f4c   0x0000002c   Code   RO         6198    i.nrf_log_backend_init  nrf_log_backend_serial.o
    0x00025f78   0x0000015e   Code   RO         6199    i.nrf_log_backend_serial_hexdump_handler  nrf_log_backend_serial.o
    0x000260d6   0x00000194   Code   RO         6200    i.nrf_log_backend_serial_std_handler  nrf_log_backend_serial.o
    0x0002626a   0x00000002   PAD
    0x0002626c   0x00000008   Code   RO         6201    i.nrf_log_backend_std_handler_get  nrf_log_backend_serial.o
    0x00026274   0x0000000a   Code   RO         6291    i.nrf_log_blocking_backend_set  nrf_log_frontend.o
    0x0002627e   0x00000002   PAD
    0x00026280   0x00000208   Code   RO         6292    i.nrf_log_frontend_dequeue  nrf_log_frontend.o
    0x00026488   0x00000024   Code   RO         6294    i.nrf_log_frontend_init  nrf_log_frontend.o
    0x000264ac   0x00000084   Code   RO         6295    i.nrf_log_frontend_std_0  nrf_log_frontend.o
    0x00026530   0x00000098   Code   RO         6296    i.nrf_log_frontend_std_1  nrf_log_frontend.o
    0x000265c8   0x0000000c   Code   RO         6303    i.nrf_log_handlers_set  nrf_log_frontend.o
    0x000265d4   0x0000002a   Code   RO         6304    i.nrf_log_init      nrf_log_frontend.o
    0x000265fe   0x00000002   PAD
    0x00026600   0x00000010   Code   RO         4383    i.nrf_qdec_int_enable_check  nrf_drv_qdec.o
    0x00026610   0x00000012   Code   RO           46    i.nrf_qdec_reportper_to_value  main.o
    0x00026622   0x0000001e   Code   RO         4735    i.nrf_queue_is_full  nrf_queue.o
    0x00026640   0x00000010   Code   RO         4736    i.nrf_queue_next_idx  nrf_queue.o
    0x00026650   0x000000c4   Code   RO         4738    i.nrf_queue_push    nrf_queue.o
    0x00026714   0x00000040   Code   RO         4739    i.nrf_queue_read    nrf_queue.o
    0x00026754   0x00000022   Code   RO         4740    i.nrf_queue_reset   nrf_queue.o
    0x00026776   0x00000022   Code   RO         4741    i.nrf_queue_utilization_get  nrf_queue.o
    0x00026798   0x00000006   Code   RO         4469    i.nrf_spi_event_clear  nrf_drv_spi.o
    0x0002679e   0x0000000a   Code   RO         4470    i.nrf_spi_int_disable  nrf_drv_spi.o
    0x000267a8   0x0000000a   Code   RO         4471    i.nrf_spi_int_enable  nrf_drv_spi.o
    0x000267b2   0x0000000a   Code   RO         4472    i.nrf_spi_txd_set   nrf_drv_spi.o
    0x000267bc   0x0000000c   Code   RO         4591    i.nrf_timer_compare_event_get  nrf_drv_timer.o
    0x000267c8   0x0000000a   Code   RO         4592    i.nrf_timer_compare_int_get  nrf_drv_timer.o
    0x000267d2   0x00000006   Code   RO         4593    i.nrf_timer_event_clear  nrf_drv_timer.o
    0x000267d8   0x0000000a   Code   RO         4594    i.nrf_timer_int_disable  nrf_drv_timer.o
    0x000267e2   0x0000000a   Code   RO         4595    i.nrf_timer_int_enable  nrf_drv_timer.o
    0x000267ec   0x00000010   Code   RO         4596    i.nrf_timer_shorts_disable  nrf_drv_timer.o
    0x000267fc   0x00000006   Code   RO         4597    i.nrf_timer_task_trigger  nrf_drv_timer.o
    0x00026802   0x00000014   Code   RO         4171    i.nrf_uart_errorsrc_get_and_clear  nrf_drv_uart.o
    0x00026816   0x00000010   Code   RO         4172    i.nrf_uart_event_check  nrf_drv_uart.o
    0x00026826   0x00000006   Code   RO         4173    i.nrf_uart_event_clear  nrf_drv_uart.o
    0x0002682c   0x0000000a   Code   RO         4175    i.nrf_uart_int_disable  nrf_drv_uart.o
    0x00026836   0x00000018   Code   RO         4177    i.nrf_uart_int_enable_check  nrf_drv_uart.o
    0x0002684e   0x00000006   Code   RO         4178    i.nrf_uart_task_trigger  nrf_drv_uart.o
    0x00026854   0x00000380   Code   RO           47    i.on_adv_evt        main.o
    0x00026bd4   0x00000188   Code   RO           48    i.on_ble_evt        main.o
    0x00026d5c   0x00000018   Code   RO         1511    i.on_conn_params_update  ble_conn_params.o
    0x00026d74   0x00000060   Code   RO         1512    i.on_connect        ble_conn_params.o
    0x00026dd4   0x00000006   Code   RO         3368    i.on_connect        ble_bas.o
    0x00026dda   0x0000004a   Code   RO         3480    i.on_connect        ble_hids.o
    0x00026e24   0x00000014   Code   RO         1377    i.on_connected      ble_advertising.o
    0x00026e38   0x00000044   Code   RO         3481    i.on_control_point_write  ble_hids.o
    0x00026e7c   0x00000044   Code   RO         1513    i.on_disconnect     ble_conn_params.o
    0x00026ec0   0x00000008   Code   RO         3369    i.on_disconnect     ble_bas.o
    0x00026ec8   0x0000000c   Code   RO         3482    i.on_disconnect     ble_hids.o
    0x00026ed4   0x00000068   Code   RO         1378    i.on_disconnected   ble_advertising.o
    0x00026f3c   0x00000034   Code   RO           49    i.on_hids_evt       main.o
    0x00026f70   0x0000002c   Code   RO         5943    i.on_operation_failure  fstorage.o
    0x00026f9c   0x00000078   Code   RO         5944    i.on_operation_success  fstorage.o
    0x00027014   0x00000044   Code   RO         3483    i.on_protocol_mode_write  ble_hids.o
    0x00027058   0x000001c8   Code   RO         6783    i.on_radio_disabled_rx  nrf_esb.o
    0x00027220   0x00000048   Code   RO         6784    i.on_radio_disabled_rx_ack  nrf_esb.o
    0x00027268   0x000000a0   Code   RO         6785    i.on_radio_disabled_tx  nrf_esb.o
    0x00027308   0x00000040   Code   RO         6786    i.on_radio_disabled_tx_noack  nrf_esb.o
    0x00027348   0x0000016c   Code   RO         6787    i.on_radio_disabled_tx_wait_for_ack  nrf_esb.o
    0x000274b4   0x00000048   Code   RO         3484    i.on_report_cccd_write  ble_hids.o
    0x000274fc   0x0000002e   Code   RO         3485    i.on_report_value_read_auth  ble_hids.o
    0x0002752a   0x0000003c   Code   RO         3486    i.on_report_value_write  ble_hids.o
    0x00027566   0x0000002c   Code   RO         3487    i.on_rw_authorize_request  ble_hids.o
    0x00027592   0x00000002   PAD
    0x00027594   0x0000004c   Code   RO         1379    i.on_timeout        ble_advertising.o
    0x000275e0   0x00000054   Code   RO         1514    i.on_write          ble_conn_params.o
    0x00027634   0x00000046   Code   RO         3370    i.on_write          ble_bas.o
    0x0002767a   0x00000002   PAD
    0x0002767c   0x000000fc   Code   RO         3488    i.on_write          ble_hids.o
    0x00027778   0x00000098   Code   RO         5559    i.op_enqueue        fds.o
    0x00027810   0x00000088   Code   RO         3489    i.outp_rep_characteristics_add  ble_hids.o
    0x00027898   0x00000040   Code   RO         5560    i.page_from_record  fds.o
    0x000278d8   0x00000028   Code   RO         5561    i.page_has_space    fds.o
    0x00027900   0x00000030   Code   RO         5562    i.page_identify     fds.o
    0x00027930   0x0000001e   Code   RO         5563    i.page_is_erased    fds.o
    0x0002794e   0x00000012   Code   RO         5564    i.page_offsets_update  fds.o
    0x00027960   0x00000070   Code   RO         5565    i.page_scan         fds.o
    0x000279d0   0x00000020   Code   RO         5566    i.page_tag_write_data  fds.o
    0x000279f0   0x00000024   Code   RO         5567    i.page_tag_write_swap  fds.o
    0x00027a14   0x0000011c   Code   RO         5568    i.pages_init        fds.o
    0x00027b30   0x0000007c   Code   RO         3099    i.pairing_failure   security_dispatcher.o
    0x00027bac   0x0000004c   Code   RO         3238    i.params_reply_pending_process  security_manager.o
    0x00027bf8   0x00000020   Code   RO         2459    i.pdb_evt_send      peer_database.o
    0x00027c18   0x00000048   Code   RO         2460    i.pdb_init          peer_database.o
    0x00027c60   0x0000000c   Code   RO         2462    i.pdb_next_deleted_peer_id_get  peer_database.o
    0x00027c6c   0x0000000c   Code   RO         2463    i.pdb_next_peer_id_get  peer_database.o
    0x00027c78   0x000001bc   Code   RO         2464    i.pdb_pds_evt_handler  peer_database.o
    0x00027e34   0x00000008   Code   RO         2465    i.pdb_peer_allocate  peer_database.o
    0x00027e3c   0x0000001c   Code   RO         2466    i.pdb_peer_data_load  peer_database.o
    0x00027e58   0x00000016   Code   RO         2467    i.pdb_peer_data_ptr_get  peer_database.o
    0x00027e6e   0x0000005e   Code   RO         2468    i.pdb_peer_free     peer_database.o
    0x00027ecc   0x00000016   Code   RO         2469    i.pdb_raw_store     peer_database.o
    0x00027ee2   0x00000002   PAD
    0x00027ee4   0x00000148   Code   RO         2470    i.pdb_write_buf_get  peer_database.o
    0x0002802c   0x00000038   Code   RO         2471    i.pdb_write_buf_release  peer_database.o
    0x00028064   0x00000114   Code   RO         2472    i.pdb_write_buf_store  peer_database.o
    0x00028178   0x0000007c   Code   RO         2473    i.pdb_write_buf_store_prepare  peer_database.o
    0x000281f4   0x00000020   Code   RO         2295    i.pds_evt_send      peer_data_storage.o
    0x00028214   0x0000003c   Code   RO         2296    i.pds_init          peer_data_storage.o
    0x00028250   0x0000000c   Code   RO         2297    i.pds_next_deleted_peer_id_get  peer_data_storage.o
    0x0002825c   0x0000000c   Code   RO         2298    i.pds_next_peer_id_get  peer_data_storage.o
    0x00028268   0x0000005c   Code   RO         2301    i.pds_peer_data_iterate  peer_data_storage.o
    0x000282c4   0x00000010   Code   RO         2302    i.pds_peer_data_iterate_prepare  peer_data_storage.o
    0x000282d4   0x00000090   Code   RO         2303    i.pds_peer_data_read  peer_data_storage.o
    0x00028364   0x000000ca   Code   RO         2304    i.pds_peer_data_store  peer_data_storage.o
    0x0002842e   0x00000002   PAD
    0x00028430   0x00000010   Code   RO         2305    i.pds_peer_id_allocate  peer_data_storage.o
    0x00028440   0x0000001e   Code   RO         2306    i.pds_peer_id_free  peer_data_storage.o
    0x0002845e   0x0000000c   Code   RO         2307    i.pds_peer_id_is_allocated  peer_data_storage.o
    0x0002846a   0x00000040   Code   RO         2308    i.pds_space_reserve  peer_data_storage.o
    0x000284aa   0x00000016   Code   RO         2309    i.pds_space_reserve_cancel  peer_data_storage.o
    0x000284c0   0x00000018   Code   RO         2474    i.peer_data_const_point_to_buffer  peer_database.o
    0x000284d8   0x000000a0   Code   RO         2310    i.peer_data_delete  peer_data_storage.o
    0x00028578   0x00000042   Code   RO         2311    i.peer_data_find    peer_data_storage.o
    0x000285ba   0x00000022   Code   RO         2312    i.peer_data_id_is_valid  peer_data_storage.o
    0x000285dc   0x0000000c   Code   RO         2313    i.peer_data_id_to_record_key  peer_data_storage.o
    0x000285e8   0x00000014   Code   RO         2475    i.peer_data_point_to_buffer  peer_database.o
    0x000285fc   0x00000014   Code   RO         2635    i.peer_id_allocate  peer_id.o
    0x00028610   0x0000002c   Code   RO         2636    i.peer_id_delete    peer_id.o
    0x0002863c   0x0000001c   Code   RO         2637    i.peer_id_free      peer_id.o
    0x00028658   0x00000014   Code   RO         2638    i.peer_id_get_next_deleted  peer_id.o
    0x0002866c   0x0000003c   Code   RO         2639    i.peer_id_get_next_used  peer_id.o
    0x000286a8   0x00000024   Code   RO         2640    i.peer_id_init      peer_id.o
    0x000286cc   0x0000001c   Code   RO         2641    i.peer_id_is_allocated  peer_id.o
    0x000286e8   0x0000001c   Code   RO         2642    i.peer_id_is_deleted  peer_id.o
    0x00028704   0x00000020   Code   RO         2086    i.peer_id_set       id_manager.o
    0x00028724   0x0000000c   Code   RO         2314    i.peer_id_to_file_id  peer_data_storage.o
    0x00028730   0x00000046   Code   RO         2315    i.peer_ids_load     peer_data_storage.o
    0x00028776   0x00000002   PAD
    0x00028778   0x00000048   Code   RO           50    i.peer_list_get     main.o
    0x000287c0   0x00000104   Code   RO           51    i.peer_manager_init  main.o
    0x000288c4   0x000000d0   Code   RO         2087    i.peers_id_keys_get  id_manager.o
    0x00028994   0x0000001c   Code   RO         3931    i.pin_in_use_by_gpiote  nrf_drv_gpiote.o
    0x000289b0   0x00000018   Code   RO         3932    i.pin_in_use_by_port  nrf_drv_gpiote.o
    0x000289c8   0x00000020   Code   RO         3933    i.pin_in_use_by_te  nrf_drv_gpiote.o
    0x000289e8   0x00000010   Code   RO         3934    i.pin_in_use_clear  nrf_drv_gpiote.o
    0x000289f8   0x00000068   Code   RO         2999    i.pm_buffer_block_acquire  pm_buffer.o
    0x00028a60   0x00000052   Code   RO         3000    i.pm_buffer_init    pm_buffer.o
    0x00028ab2   0x00000038   Code   RO         3001    i.pm_buffer_ptr_get  pm_buffer.o
    0x00028aea   0x00000030   Code   RO         3002    i.pm_buffer_release  pm_buffer.o
    0x00028b1a   0x00000010   Code   RO         2726    i.pm_conn_sec_config_reply  peer_manager.o
    0x00028b2a   0x00000002   PAD
    0x00028b2c   0x00000024   Code   RO         2729    i.pm_device_identities_list_set  peer_manager.o
    0x00028b50   0x0000032c   Code   RO           52    i.pm_evt_handler    main.o
    0x00028e7c   0x000000b2   Code   RO         2730    i.pm_gcm_evt_handler  peer_manager.o
    0x00028f2e   0x00000002   PAD
    0x00028f30   0x00000058   Code   RO         2733    i.pm_im_evt_handler  peer_manager.o
    0x00028f88   0x000000b0   Code   RO         2734    i.pm_init           peer_manager.o
    0x00029038   0x0000001c   Code   RO         2736    i.pm_local_database_has_changed  peer_manager.o
    0x00029054   0x00000016   Code   RO         3038    i.pm_mutex_init     pm_mutex.o
    0x0002906a   0x00000022   Code   RO         3039    i.pm_mutex_lock     pm_mutex.o
    0x0002908c   0x00000034   Code   RO         3040    i.pm_mutex_lock_first_available  pm_mutex.o
    0x000290c0   0x00000026   Code   RO         3041    i.pm_mutex_lock_status_get  pm_mutex.o
    0x000290e6   0x0000003c   Code   RO         3042    i.pm_mutex_unlock   pm_mutex.o
    0x00029122   0x00000002   PAD
    0x00029124   0x00000020   Code   RO         2737    i.pm_next_peer_id_get  peer_manager.o
    0x00029144   0x0000002c   Code   RO         2738    i.pm_on_ble_evt     peer_manager.o
    0x00029170   0x000001c4   Code   RO         2739    i.pm_pdb_evt_handler  peer_manager.o
    0x00029334   0x00000018   Code   RO         2743    i.pm_peer_data_bonding_load  peer_manager.o
    0x0002934c   0x00000084   Code   RO         2746    i.pm_peer_data_load  peer_manager.o
    0x000293d0   0x00000020   Code   RO         2750    i.pm_peer_delete    peer_manager.o
    0x000293f0   0x00000054   Code   RO         2755    i.pm_peers_delete   peer_manager.o
    0x00029444   0x00000044   Code   RO         2758    i.pm_register       peer_manager.o
    0x00029488   0x00000024   Code   RO         2760    i.pm_sec_params_set  peer_manager.o
    0x000294ac   0x000001b4   Code   RO         2761    i.pm_sm_evt_handler  peer_manager.o
    0x00029660   0x00000048   Code   RO         2762    i.pm_whitelist_get  peer_manager.o
    0x000296a8   0x00000024   Code   RO         2763    i.pm_whitelist_set  peer_manager.o
    0x000296cc   0x0000008c   Code   RO         3421    i.pnp_id_encode     ble_dis.o
    0x00029758   0x0000001c   Code   RO           53    i.power_manage      main.o
    0x00029774   0x00000064   Code   RO         6788    i.ppi_init          nrf_esb.o
    0x000297d8   0x000000b8   Code   RO         3490    i.protocol_mode_char_add  ble_hids.o
    0x00029890   0x00000064   Code   RO           54    i.qdec_event_handler  main.o
    0x000298f4   0x00000048   Code   RO         5569    i.queue_advance     fds.o
    0x0002993c   0x00000038   Code   RO         5945    i.queue_advance     fstorage.o
    0x00029974   0x00000064   Code   RO         5946    i.queue_get_next_free  fstorage.o
    0x000299d8   0x000000a8   Code   RO         5570    i.queue_process     fds.o
    0x00029a80   0x00000070   Code   RO         5947    i.queue_process     fstorage.o
    0x00029af0   0x0000009e   Code   RO         4743    i.queue_read        nrf_queue.o
    0x00029b8e   0x0000001a   Code   RO         5571    i.queue_start       fds.o
    0x00029ba8   0x00000030   Code   RO         5948    i.queue_start       fstorage.o
    0x00029bd8   0x0000002c   Code   RO         4744    i.queue_utilization_get  nrf_queue.o
    0x00029c04   0x00000038   Code   RO           55    i.radio_disable     main.o
    0x00029c3c   0x00000038   Code   RO           56    i.radio_tx_carrier  main.o
    0x00029c74   0x00000016   Code   RO         6576    i.ram_end_address_get  softdevice_handler.o
    0x00029c8a   0x0000004a   Code   RO           57    i.random_vector_generate  main.o
    0x00029cd4   0x0000007c   Code   RO          739    i.readReg           motion_sensor.o
    0x00029d50   0x0000004c   Code   RO         1614    i.record_activate   ble_conn_state.o
    0x00029d9c   0x00000090   Code   RO         5572    i.record_find       fds.o
    0x00029e2c   0x0000003c   Code   RO         5573    i.record_find_and_delete  fds.o
    0x00029e68   0x00000080   Code   RO         5574    i.record_find_by_desc  fds.o
    0x00029ee8   0x00000064   Code   RO         5575    i.record_find_next  fds.o
    0x00029f4c   0x0000003c   Code   RO         5576    i.record_header_flag_dirty  fds.o
    0x00029f88   0x0000002c   Code   RO         5577    i.record_header_write_begin  fds.o
    0x00029fb4   0x00000038   Code   RO         5578    i.record_header_write_finalize  fds.o
    0x00029fec   0x0000003c   Code   RO         5579    i.record_header_write_id  fds.o
    0x0002a028   0x00000014   Code   RO         5580    i.record_id_new     fds.o
    0x0002a03c   0x0000001c   Code   RO         1615    i.record_invalidate  ble_conn_state.o
    0x0002a058   0x0000000c   Code   RO         2316    i.record_key_to_peer_data_id  peer_data_storage.o
    0x0002a064   0x0000001c   Code   RO         2317    i.record_key_within_pm_range  peer_data_storage.o
    0x0002a080   0x00000044   Code   RO         1616    i.record_purge_disconnected  ble_conn_state.o
    0x0002a0c4   0x00000018   Code   RO         1617    i.record_set_disconnected  ble_conn_state.o
    0x0002a0dc   0x00000054   Code   RO         5581    i.record_write_chunk  fds.o
    0x0002a130   0x00000014   Code   RO         2644    i.release           peer_id.o
    0x0002a144   0x0000018c   Code   RO         3491    i.rep_char_add      ble_hids.o
    0x0002a2d0   0x000001b0   Code   RO         3492    i.rep_map_char_add  ble_hids.o
    0x0002a480   0x000000bc   Code   RO         3493    i.rep_value_identify  ble_hids.o
    0x0002a53c   0x0000001c   Code   RO         6789    i.reset_fifos       nrf_esb.o
    0x0002a558   0x0000000c   Code   RO         5215    i.rtc1_compare0_set  app_timer.o
    0x0002a564   0x0000000c   Code   RO         5216    i.rtc1_counter_get  app_timer.o
    0x0002a570   0x00000018   Code   RO         5217    i.rtc1_init         app_timer.o
    0x0002a588   0x0000003c   Code   RO         5218    i.rtc1_start        app_timer.o
    0x0002a5c4   0x00000058   Code   RO         5219    i.rtc1_stop         app_timer.o
    0x0002a61c   0x00000048   Code   RO         4181    i.rx_byte           nrf_drv_uart.o
    0x0002a664   0x0000001c   Code   RO         4182    i.rx_done_event     nrf_drv_uart.o
    0x0002a680   0x000000d4   Code   RO         6790    i.rx_fifo_push_rfbuf  nrf_esb.o
    0x0002a754   0x0000002c   Code   RO           58    i.scheduler_init    main.o
    0x0002a780   0x000000ac   Code   RO         6578    i.sd_nvic_EnableIRQ  softdevice_handler.o
    0x0002a82c   0x0000000e   Code   RO         1834    i.sdk_mapped_flags_any_set  gatt_cache_manager.o
    0x0002a83a   0x0000000e   Code   RO         3239    i.sdk_mapped_flags_any_set  security_manager.o
    0x0002a848   0x00000062   Code   RO         6106    i.sdk_mapped_flags_bulk_update_by_key  sdk_mapped_flags.o
    0x0002a8aa   0x00000002   PAD
    0x0002a8ac   0x00000028   Code   RO         6107    i.sdk_mapped_flags_first_key_index_get  sdk_mapped_flags.o
    0x0002a8d4   0x00000014   Code   RO         6108    i.sdk_mapped_flags_get_by_index  sdk_mapped_flags.o
    0x0002a8e8   0x0000002c   Code   RO         6109    i.sdk_mapped_flags_get_by_key  sdk_mapped_flags.o
    0x0002a914   0x00000046   Code   RO         6110    i.sdk_mapped_flags_key_list_get  sdk_mapped_flags.o
    0x0002a95a   0x0000001a   Code   RO         6112    i.sdk_mapped_flags_update_by_key  sdk_mapped_flags.o
    0x0002a974   0x000000dc   Code   RO         3100    i.sec_info_request_process  security_dispatcher.o
    0x0002aa50   0x0000001a   Code   RO         3101    i.sec_params_request_process  security_dispatcher.o
    0x0002aa6a   0x00000108   Code   RO         3240    i.sec_params_verify  security_manager.o
    0x0002ab72   0x00000002   PAD
    0x0002ab74   0x00000060   Code   RO         3102    i.sec_proc_start    security_dispatcher.o
    0x0002abd4   0x00000030   Code   RO         3103    i.sec_request_process  security_dispatcher.o
    0x0002ac04   0x00000020   Code   RO         3104    i.sec_start_send    security_dispatcher.o
    0x0002ac24   0x0000001a   Code   RO         3241    i.send_config_req   security_manager.o
    0x0002ac3e   0x0000005a   Code   RO         5949    i.send_event        fstorage.o
    0x0002ac98   0x00000004   Code   RO         6203    i.serial_is_busy    nrf_log_backend_serial.o
    0x0002ac9c   0x00000006   Code   RO         6204    i.serial_tx         nrf_log_backend_serial.o
    0x0002aca2   0x00000002   PAD
    0x0002aca4   0x00000070   Code   RO         1835    i.service_changed_pending_flags_check  gatt_cache_manager.o
    0x0002ad14   0x00000050   Code   RO         1979    i.service_changed_pending_set  gatts_cache_manager.o
    0x0002ad64   0x000000c0   Code   RO         1836    i.service_changed_send_in_evt  gatt_cache_manager.o
    0x0002ae24   0x00000096   Code   RO         1267    i.service_data_encode  ble_advdata.o
    0x0002aeba   0x00000010   Code   RO           59    i.service_error_handler  main.o
    0x0002aeca   0x00000010   Code   RO           60    i.services_init     main.o
    0x0002aeda   0x00000002   PAD
    0x0002aedc   0x000000d4   Code   RO           61    i.set_BT_work_mode  main.o
    0x0002afb0   0x00000020   Code   RO         1380    i.set_adv_mode_directed  ble_advertising.o
    0x0002afd0   0x0000002c   Code   RO         1381    i.set_adv_mode_directed_slow  ble_advertising.o
    0x0002affc   0x00000070   Code   RO         1382    i.set_adv_mode_fast  ble_advertising.o
    0x0002b06c   0x00000070   Code   RO         1383    i.set_adv_mode_slow  ble_advertising.o
    0x0002b0dc   0x00000068   Code   RO           62    i.set_generate_random_addr  main.o
    0x0002b144   0x000000cc   Code   RO           64    i.sleep_timeout_handler  main.o
    0x0002b210   0x00000018   Code   RO         3242    i.sm_ble_evt_handler  security_manager.o
    0x0002b228   0x00000024   Code   RO         3243    i.sm_conn_sec_config_reply  security_manager.o
    0x0002b24c   0x00000064   Code   RO         3244    i.sm_init           security_manager.o
    0x0002b2b0   0x00000060   Code   RO         3247    i.sm_pdb_evt_handler  security_manager.o
    0x0002b310   0x00000038   Code   RO         3249    i.sm_sec_params_set  security_manager.o
    0x0002b348   0x000000a8   Code   RO         3250    i.sm_smd_evt_handler  security_manager.o
    0x0002b3f0   0x00000058   Code   RO         3105    i.smd_ble_evt_handler  security_dispatcher.o
    0x0002b448   0x0000004c   Code   RO         3106    i.smd_init          security_dispatcher.o
    0x0002b494   0x00000038   Code   RO         3107    i.smd_link_secure   security_dispatcher.o
    0x0002b4cc   0x00000130   Code   RO         3108    i.smd_params_reply  security_dispatcher.o
    0x0002b5fc   0x00000094   Code   RO         3251    i.smd_params_reply_perform  security_manager.o
    0x0002b690   0x00000034   Code   RO         3109    i.smd_pdb_evt_handler  security_dispatcher.o
    0x0002b6c4   0x0000001c   Code   RO         6579    i.softdevice_ble_evt_handler_set  softdevice_handler.o
    0x0002b6e0   0x000000b0   Code   RO         6580    i.softdevice_enable  softdevice_handler.o
    0x0002b790   0x0000002e   Code   RO         6581    i.softdevice_enable_get_default_config  softdevice_handler.o
    0x0002b7be   0x00000028   Code   RO         6724    i.softdevice_evt_get  softdevice_handler_appsh.o
    0x0002b7e6   0x00000002   PAD
    0x0002b7e8   0x00000014   Code   RO         6725    i.softdevice_evt_schedule  softdevice_handler_appsh.o
    0x0002b7fc   0x00000014   Code   RO         6582    i.softdevice_fault_handler  softdevice_handler.o
    0x0002b810   0x000000a8   Code   RO         6583    i.softdevice_handler_init  softdevice_handler.o
    0x0002b8b8   0x0000000c   Code   RO         6584    i.softdevice_handler_is_enabled  softdevice_handler.o
    0x0002b8c4   0x0000001c   Code   RO         6589    i.softdevice_sys_evt_handler_set  softdevice_handler.o
    0x0002b8e0   0x0000000c   Code   RO           65    i.spi_event_handler  main.o
    0x0002b8ec   0x000000a2   Code   RO         4473    i.spi_xfer          nrf_drv_spi.o
    0x0002b98e   0x00000010   Code   RO         1268    i.srdata_check      ble_advdata.o
    0x0002b99e   0x00000002   PAD
    0x0002b9a0   0x00000190   Code   RO         6791    i.start_tx_transaction  nrf_esb.o
    0x0002bb30   0x0000002a   Code   RO         1148    i.startup_event_extract  bsp_btn_ble.o
    0x0002bb5a   0x00000032   Code   RO         5950    i.store_execute     fstorage.o
    0x0002bb8c   0x00000012   Code   RO           66    i.sys_evt_dispatch  main.o
    0x0002bb9e   0x00000098   Code   RO         3422    i.sys_id_encode     ble_dis.o
    0x0002bc36   0x00000002   PAD
    0x0002bc38   0x00000020   Code   RO         6792    i.sys_timer_init    nrf_esb.o
    0x0002bc58   0x00000018   Code   RO           67    i.system_off        main.o
    0x0002bc70   0x0000000a   Code   RO         5220    i.ticks_diff_get    app_timer.o
    0x0002bc7a   0x00000002   PAD
    0x0002bc7c   0x0000003c   Code   RO         5221    i.timeout_handler_exec  app_timer.o
    0x0002bcb8   0x0000025c   Code   RO           68    i.timer_led_event_handler  main.o
    0x0002bf14   0x00000058   Code   RO         5222    i.timer_list_handler  app_timer.o
    0x0002bf6c   0x0000000a   Code   RO         5223    i.timer_list_handler_sched  app_timer.o
    0x0002bf76   0x00000002   PAD
    0x0002bf78   0x0000006c   Code   RO         5224    i.timer_list_insert  app_timer.o
    0x0002bfe4   0x00000070   Code   RO         5225    i.timer_list_remove  app_timer.o
    0x0002c054   0x0000005c   Code   RO         5226    i.timer_start_op_schedule  app_timer.o
    0x0002c0b0   0x00000042   Code   RO         5227    i.timer_stop_op_schedule  app_timer.o
    0x0002c0f2   0x00000002   PAD
    0x0002c0f4   0x00000094   Code   RO         5228    i.timer_timeouts_check  app_timer.o
    0x0002c188   0x0000000a   Code   RO         5229    i.timer_timeouts_check_sched  app_timer.o
    0x0002c192   0x00000002   PAD
    0x0002c194   0x00000084   Code   RO           69    i.timers_init       main.o
    0x0002c218   0x00000040   Code   RO         6205    i.timestamp_process  nrf_log_backend_serial.o
    0x0002c258   0x0000006e   Code   RO         4474    i.transfer_byte     nrf_drv_spi.o
    0x0002c2c6   0x00000002   PAD
    0x0002c2c8   0x00000220   Code   RO          740    i.turnOn            motion_sensor.o
    0x0002c4e8   0x0000002a   Code   RO         4184    i.tx_byte           nrf_drv_uart.o
    0x0002c512   0x00000022   Code   RO         4185    i.tx_done_event     nrf_drv_uart.o
    0x0002c534   0x00000038   Code   RO         6793    i.tx_fifo_remove_last  nrf_esb.o
    0x0002c56c   0x00000036   Code   RO         1269    i.tx_power_level_encode  ble_advdata.o
    0x0002c5a2   0x00000158   Code   RO         4186    i.uart_irq_handler  nrf_drv_uart.o
    0x0002c6fa   0x0000000c   Code   RO         1763    i.uint16_decode     ble_srv_common.o
    0x0002c706   0x00000012   Code   RO         1270    i.uint16_encode     ble_advdata.o
    0x0002c718   0x00000012   Code   RO         3423    i.uint16_encode     ble_dis.o
    0x0002c72a   0x00000002   PAD
    0x0002c72c   0x0000005c   Code   RO         1837    i.update_pending_flags_check  gatt_cache_manager.o
    0x0002c788   0x00000054   Code   RO         6794    i.update_radio_addresses  nrf_esb.o
    0x0002c7dc   0x00000050   Code   RO         6795    i.update_radio_bitrate  nrf_esb.o
    0x0002c82c   0x00000040   Code   RO         6796    i.update_radio_crc  nrf_esb.o
    0x0002c86c   0x00000028   Code   RO         6797    i.update_radio_parameters  nrf_esb.o
    0x0002c894   0x00000034   Code   RO         6798    i.update_radio_protocol  nrf_esb.o
    0x0002c8c8   0x00000014   Code   RO         6799    i.update_radio_tx_power  nrf_esb.o
    0x0002c8dc   0x0000002c   Code   RO         6800    i.update_rf_payload_format_esb  nrf_esb.o
    0x0002c908   0x0000002c   Code   RO         6801    i.update_rf_payload_format_esb_dpl  nrf_esb.o
    0x0002c934   0x0000009c   Code   RO         1515    i.update_timeout_handler  ble_conn_params.o
    0x0002c9d0   0x00000014   Code   RO         1618    i.user_flag_acquire  ble_conn_state.o
    0x0002c9e4   0x0000001c   Code   RO         1619    i.user_flag_is_acquired  ble_conn_state.o
    0x0002ca00   0x00000038   Code   RO         5230    i.user_op_alloc     app_timer.o
    0x0002ca38   0x0000000c   Code   RO         5231    i.user_op_enque     app_timer.o
    0x0002ca44   0x00000038   Code   RO          741    i.usrPaw3205ReSynchronousSPI  motion_sensor.o
    0x0002ca7c   0x00000164   Code   RO          742    i.usrPaw3205setCPI  motion_sensor.o
    0x0002cbe0   0x0000004c   Code   RO         1271    i.uuid_list_encode  ble_advdata.o
    0x0002cc2c   0x000000e0   Code   RO         1272    i.uuid_list_sized_encode  ble_advdata.o
    0x0002cd0c   0x00000028   Code   RO          743    i.verifyProductId   motion_sensor.o
    0x0002cd34   0x0000001c   Code   RO         1384    i.whitelist_has_entries  ble_advertising.o
    0x0002cd50   0x00000068   Code   RO          744    i.writeReg          motion_sensor.o
    0x0002cdb8   0x00000038   Code   RO         2476    i.write_buf_length_words_set  peer_database.o
    0x0002cdf0   0x00000034   Code   RO         2477    i.write_buffer_record_find  peer_database.o
    0x0002ce24   0x0000002c   Code   RO         2478    i.write_buffer_record_find_next  peer_database.o
    0x0002ce50   0x00000010   Code   RO         2479    i.write_buffer_record_find_unused  peer_database.o
    0x0002ce60   0x00000028   Code   RO         2480    i.write_buffer_record_get  peer_database.o
    0x0002ce88   0x0000002e   Code   RO         2481    i.write_buffer_record_invalidate  peer_database.o
    0x0002ceb6   0x00000002   PAD
    0x0002ceb8   0x00000028   Code   RO         2482    i.write_buffer_record_release  peer_database.o
    0x0002cee0   0x00000058   Code   RO           71    i.write_encrypt_information  main.o
    0x0002cf38   0x00000110   Code   RO         5582    i.write_enqueue     fds.o
    0x0002d048   0x000000c4   Code   RO         5583    i.write_execute     fds.o
    0x0002d10c   0x0000001c   Code   RO         5584    i.write_space_free  fds.o
    0x0002d128   0x00000068   Code   RO         5585    i.write_space_reserve  fds.o
    0x0002d190   0x00000184   Data   RO           73    .constdata          main.o
    0x0002d314   0x00000010   Data   RO          745    .constdata          motion_sensor.o
    0x0002d324   0x0000000a   Data   RO          928    .constdata          boards.o
    0x0002d32e   0x00000002   PAD
    0x0002d330   0x0000004c   Data   RO         1042    .constdata          bsp.o
    0x0002d37c   0x00000004   Data   RO         1517    .constdata          ble_conn_params.o
    0x0002d380   0x00000018   Data   RO         1980    .constdata          gatts_cache_manager.o
    0x0002d398   0x00000008   Data   RO         2089    .constdata          id_manager.o
    0x0002d3a0   0x00000004   Data   RO         2318    .constdata          peer_data_storage.o
    0x0002d3a4   0x00000014   Data   RO         2484    .constdata          peer_database.o
    0x0002d3b8   0x00000044   Data   RO         3111    .constdata          security_dispatcher.o
    0x0002d3fc   0x00000004   Data   RO         3252    .constdata          security_manager.o
    0x0002d400   0x00000047   Data   RO         3936    .constdata          nrf_drv_gpiote.o
    0x0002d447   0x00000001   PAD
    0x0002d448   0x0000002a   Data   RO         4384    .constdata          nrf_drv_qdec.o
    0x0002d472   0x00000002   PAD
    0x0002d474   0x00000043   Data   RO         4839    .constdata          nrf_drv_rng.o
    0x0002d4b7   0x00000048   Data   RO         4925    .constdata          nrf_drv_adc.o
    0x0002d4ff   0x00000001   PAD
    0x0002d500   0x00000008   Data   RO         5034    .constdata          app_button.o
    0x0002d508   0x00000014   Data   RO         5587    .constdata          fds.o
    0x0002d51c   0x00000024   Data   RO         6307    .constdata          nrf_log_frontend.o
    0x0002d540   0x00000081   Data   RO         7114    .constdata          mc_p.l(ctype_o.o)
    0x0002d5c1   0x00000003   PAD
    0x0002d5c4   0x00000004   Data   RO         7115    .constdata          mc_p.l(ctype_o.o)
    0x0002d5c8   0x0000000b   Data   RO         6308    .conststring        nrf_log_frontend.o
    0x0002d5d3   0x00000001   PAD
    0x0002d5d4   0x00000042   Data   RO         6590    .conststring        softdevice_handler.o
    0x0002d616   0x00000002   PAD
    0x0002d618   0x00000020   Data   RO         7458    Region$$Table       anon$$obj.o


    Execution Region RW_IRAM1 (Base: 0x20001fe8, Size: 0x00002010, Max: 0x00002018, ABSOLUTE, COMPRESSED[0x00000138])

    Base Addr    Size         Type   Attr      Idx    E Section Name        Object

    0x20001fe8   0x00000191   Data   RW           74    .data               main.o
    0x20002179   0x00000004   Data   RW          746    .data               motion_sensor.o
    0x2000217d   0x00000006   Data   RW          892    .data               encrypt.o
    0x20002183   0x00000001   PAD
    0x20002184   0x00000019   Data   RW         1043    .data               bsp.o
    0x2000219d   0x00000003   PAD
    0x200021a0   0x00000008   Data   RW         1149    .data               bsp_btn_ble.o
    0x200021a8   0x00000030   Data   RW         1386    .data               ble_advertising.o
    0x200021d8   0x00000015   Data   RW         1518    .data               ble_conn_params.o
    0x200021ed   0x00000003   PAD
    0x200021f0   0x00000009   Data   RW         1838    .data               gatt_cache_manager.o
    0x200021f9   0x00000003   PAD
    0x200021fc   0x0000000a   Data   RW         1981    .data               gatts_cache_manager.o
    0x20002206   0x0000000a   Data   RW         2090    .data               id_manager.o
    0x20002210   0x0000000c   Data   RW         2319    .data               peer_data_storage.o
    0x2000221c   0x00000009   Data   RW         2485    .data               peer_database.o
    0x20002225   0x00000003   PAD
    0x20002228   0x00000011   Data   RW         2767    .data               peer_manager.o
    0x20002239   0x00000004   Data   RW         3112    .data               security_dispatcher.o
    0x2000223d   0x00000003   PAD
    0x20002240   0x00000013   Data   RW         3253    .data               security_manager.o
    0x20002253   0x00000001   PAD
    0x20002254   0x0000004a   Data   RW         3424    .data               ble_dis.o
    0x2000229e   0x00000002   PAD
    0x200022a0   0x00000005   Data   RW         4385    .data               nrf_drv_qdec.o
    0x200022a5   0x00000003   Data   RW         4840    .data               nrf_drv_rng.o
    0x200022a8   0x00000014   Data   RW         5035    .data               app_button.o
    0x200022bc   0x0000000e   Data   RW         5149    .data               app_scheduler.o
    0x200022ca   0x00000002   PAD
    0x200022cc   0x00000022   Data   RW         5232    .data               app_timer.o
    0x200022ee   0x00000002   PAD
    0x200022f0   0x0000000c   Data   RW         5440    .data               app_util_platform.o
    0x200022fc   0x0000001a   Data   RW         5588    .data               fds.o
    0x20002316   0x00000002   Data   RW         5952    .data               fstorage.o
    0x20002318   0x00000002   Data   RW         6207    .data               nrf_log_backend_serial.o
    0x2000231a   0x00000002   PAD
    0x2000231c   0x00000004   Data   RW         6309    .data               nrf_log_frontend.o
    0x20002320   0x00000018   Data   RW         6591    .data               softdevice_handler.o
    0x20002338   0x0000003c   Data   RW         6803    .data               nrf_esb.o
    0x20002374   0x00000004   Data   RW         7066    .data               system_nrf51.o
    0x20002378   0x00000040   Data   RW           75    fs_data             main.o
    0x200023b8   0x00000010   Data   RW         5589    fs_data             fds.o
    0x200023c8   0x00000378   Zero   RW           72    .bss                main.o
    0x20002740   0x00000078   Zero   RW         1041    .bss                bsp.o
    0x200027b8   0x000001ac   Zero   RW         1385    .bss                ble_advertising.o
    0x20002964   0x0000003c   Zero   RW         1516    .bss                ble_conn_params.o
    0x200029a0   0x00000034   Zero   RW         1620    .bss                ble_conn_state.o
    0x200029d4   0x00000070   Zero   RW         2088    .bss                id_manager.o
    0x20002a44   0x00000330   Zero   RW         2483    .bss                peer_database.o
    0x20002d74   0x00000040   Zero   RW         2645    .bss                peer_id.o
    0x20002db4   0x0000000c   Zero   RW         2765    .bss                peer_manager.o
    0x20002dc0   0x00000040   Zero   RW         3110    .bss                security_dispatcher.o
    0x20002e00   0x00000014   Zero   RW         3667    .bss                nrf_drv_clock.o
    0x20002e14   0x0000005c   Zero   RW         3935    .bss                nrf_drv_gpiote.o
    0x20002e70   0x0000001c   Zero   RW         4187    .bss                nrf_drv_uart.o
    0x20002e8c   0x00000020   Zero   RW         4475    .bss                nrf_drv_spi.o
    0x20002eac   0x00000018   Zero   RW         4598    .bss                nrf_drv_timer.o
    0x20002ec4   0x00000030   Zero   RW         4838    .bss                nrf_drv_rng.o
    0x20002ef4   0x00000014   Zero   RW         4924    .bss                nrf_drv_adc.o
    0x20002f08   0x00000020   Zero   RW         5033    .bss                app_button.o
    0x20002f28   0x0000011c   Zero   RW         5586    .bss                fds.o
    0x20003044   0x00000068   Zero   RW         5951    .bss                fstorage.o
    0x200030ac   0x00000418   Zero   RW         6306    .bss                nrf_log_frontend.o
    0x200034c4   0x00000332   Zero   RW         6802    .bss                nrf_esb.o
    0x200037f6   0x00000002   PAD
    0x200037f8   0x00000800   Zero   RW         7052    STACK               arm_startup_nrf51.o


==============================================================================

Image component sizes


      Code (inc. data)   RO Data    RW Data    ZI Data      Debug   Object Name

       496         78          8         20         32       9038   app_button.o
        32          6          0          0          0       2217   app_error.o
       112         34          0          0          0       7134   app_error_weak.o
       420         76          0         14          0      22171   app_scheduler.o
      2312        274          0         34          0      32411   app_timer.o
        72          6          0          0          0       2773   app_timer_appsh.o
       160         22          0         12          0       6754   app_util_platform.o
        56         18        192          0       2048        712   arm_startup_nrf51.o
      1906          4          0          0          0      40040   ble_advdata.o
      1938        282          0         48        428      27581   ble_advertising.o
       694         14          0          0          0       6676   ble_bas.o
       906        154          4         21         60       9682   ble_conn_params.o
       678         76          0          0         52      14086   ble_conn_state.o
       974         54          0         74          0       7055   ble_dis.o
      4072         68          0          0          0      29369   ble_hids.o
       104          0          0          0          0      19402   ble_srv_common.o
       434         32         10          0          0      14569   boards.o
      1362        150         76         25        120      33634   bsp.o
       402         18          0          8          0      42632   bsp_btn_ble.o
        60          4          0          6          0       1372   encrypt.o
      4926        486         20         42        284      53642   fds.o
      1322         90          0          2        104      14319   fstorage.o
      1414        120          0          9          0      24584   gatt_cache_manager.o
       710         84         24         10          0      11327   gatts_cache_manager.o
      1972        178          8         10        112      24131   id_manager.o
     16694       1778        388        465        888     198124   main.o
      2126        108         16          4          0      19087   motion_sensor.o
       680         90         72          0         20      13621   nrf_drv_adc.o
       374         34          0          0         20      18480   nrf_drv_clock.o
       176         18          0          0          0       9588   nrf_drv_common.o
      1842        114         71          0         92      33272   nrf_drv_gpiote.o
       654         78         42          5          0      16265   nrf_drv_qdec.o
       572         84         67          3         48      14286   nrf_drv_rng.o
      1136         28          0          0         32      23705   nrf_drv_spi.o
       630         34          0          0         24      19865   nrf_drv_timer.o
       622          8          0          0         28      23659   nrf_drv_uart.o
      4386        814          0         60        818      31099   nrf_esb.o
       958         36          0          2          0       9771   nrf_log_backend_serial.o
      1092         58         47          4       1048      10832   nrf_log_frontend.o
       576          0          0          0          0      11244   nrf_queue.o
         0          0          0          0          0       2412   peer_data.o
      1484         70          4         12          0      19559   peer_data_storage.o
      1900         82         20          9        816      25008   peer_database.o
       430         62          0          0         64       9063   peer_id.o
      2054        194          0         17         12      22264   peer_manager.o
       290          0          0          0          0       4187   pm_buffer.o
       260          0          0          0          0       5149   pm_mutex.o
       298          4          0          0          0       5976   sdk_mapped_flags.o
      2228        146         68          4         64      22716   security_dispatcher.o
      1618        172          4         19          0      17364   security_manager.o
      1044        212         66         24          0      24320   softdevice_handler.o
        60          6          0          0          0       2203   softdevice_handler_appsh.o
       348         38          0          4          0       2679   system_nrf51.o

    ----------------------------------------------------------------------
     72188       6596       1248        992       7216    1073109   Object Totals
         0          0         32          0          0          0   (incl. Generated)
       122          0          9         25          2          0   (incl. Padding)

    ----------------------------------------------------------------------

      Code (inc. data)   RO Data    RW Data    ZI Data      Debug   Library Member Name

        86          0          0          0          0          0   __dczerorl2.o
         8          4        133          0          0         60   ctype_o.o
         0          0          0          0          0          0   entry.o
         0          0          0          0          0          0   entry10a.o
         0          0          0          0          0          0   entry11a.o
         8          4          0          0          0          0   entry2.o
         4          0          0          0          0          0   entry5.o
         0          0          0          0          0          0   entry7b.o
         0          0          0          0          0          0   entry8b.o
         8          4          0          0          0          0   entry9a.o
        30          0          0          0          0          0   handlers.o
        40          0          0          0          0         72   idiv.o
        36          8          0          0          0         68   init.o
        32          0          0          0          0         68   llshl.o
        34          0          0          0          0         68   llushr.o
        26          0          0          0          0         72   memcmp.o
        36          0          0          0          0         60   memcpya.o
        36          0          0          0          0        100   memseta.o
      1206         50          0          0          0        384   printf8.o
        14          0          0          0          0         60   strlen.o
        44          0          0          0          0         72   uidiv.o
        96          0          0          0          0         84   uldiv.o

    ----------------------------------------------------------------------
      1748         70        136          0          0       1168   Library Totals
         4          0          3          0          0          0   (incl. Padding)

    ----------------------------------------------------------------------

      Code (inc. data)   RO Data    RW Data    ZI Data      Debug   Library Name

      1744         70        133          0          0       1168   mc_p.l

    ----------------------------------------------------------------------
      1748         70        136          0          0       1168   Library Totals

    ----------------------------------------------------------------------

==============================================================================


      Code (inc. data)   RO Data    RW Data    ZI Data      Debug   

     73936       6666       1384        992       7216    1041809   Grand Totals
     73936       6666       1384        312       7216    1041809   ELF Image Totals (compressed)
     73936       6666       1384        312          0          0   ROM Totals

==============================================================================

    Total RO  Size (Code + RO Data)                75320 (  73.55kB)
    Total RW  Size (RW Data + ZI Data)              8208 (   8.02kB)
    Total ROM Size (Code + RO Data + RW Data)      75632 (  73.86kB)

==============================================================================

