<html>
<body>
<pre>
<h1>µVision Build Log</h1>
<h2>Tool Versions:</h2>
IDE-Version: ¶ÃVision V5.12.0.0
Copyright (C) 2014 ARM Ltd and ARM Germany GmbH. All rights reserved.
License Information: 123 Aero÷π≤Ω, Microsoft, LIC=6XJHL-089WC-MQF0F-6N867-W6ZJA-GTQDV
 
Tool Versions:
Toolchain:       MDK-ARM Professional  Version: 5.12.0.0
Toolchain Path:  D:\Keil_v5\ARM\ARMCC\Bin
C Compiler:      Armcc.exe V5.05 (build 41)
Assembler:       Armasm.exe V5.05 (build 41)
Linker/Locator:  ArmLink.exe V5.05 (build 41)
Library Manager: ArmAr.exe V5.05 (build 41)
Hex Converter:   FromElf.exe V5.05 (build 41)
CPU DLL:         SARMCM3.DLL V5.12.0.0
Dialog DLL:      DARMCM1.DLL V1.11.00.0
    Target DLL: Segger\JL2CM3.dll
Dialog DLL:      TARMCM1.DLL V1.08.00.0
 
<h2>Project:</h2>
Z:\VSN_workspace\dual_mode_mouse\nRF5_SDK_12.3.0_d7731ad\nRF5_SDK_12.3.0_d7731ad\examples\ble_peripheral\ble_app_hids_mouse\pca10028\s130\arm5_no_packs\ble_app_hids_mouse_pca10028_s130.uvprojx
Project File Date:  08/12/2019

<h2>Output:</h2>
Rebuild target 'nrf51422_xxac'
compiling main.c...
..\..\..\main.c(678): warning:  #188-D: enumerated type mixed with another type
                                nrf_gpio_cfg_input(QDEC_CONFIG_PIO_A, GPIO_PIN_CNF_PULL_Pulldown);
..\..\..\main.c(679): warning:  #188-D: enumerated type mixed with another type
                                nrf_gpio_cfg_input(QDEC_CONFIG_PIO_B, GPIO_PIN_CNF_PULL_Pulldown);
..\..\..\main.c(773): warning:  #188-D: enumerated type mixed with another type
                                                                        nrf_gpio_cfg_input(QDEC_CONFIG_PIO_A, GPIO_PIN_CNF_PULL_Pulldown);
..\..\..\main.c(774): warning:  #188-D: enumerated type mixed with another type
                                                                        nrf_gpio_cfg_input(QDEC_CONFIG_PIO_B, GPIO_PIN_CNF_PULL_Pulldown);
..\..\..\main.c(655): warning:  #177-D: variable "ret" was declared but never referenced
                ret_code_t ret;
..\..\..\main.c(1246): warning:  #188-D: enumerated type mixed with another type
                                                        nrf_gpio_cfg_input(QDEC_CONFIG_PIO_A, GPIO_PIN_CNF_PULL_Pulldown);
..\..\..\main.c(1247): warning:  #188-D: enumerated type mixed with another type
                                                        nrf_gpio_cfg_input(QDEC_CONFIG_PIO_B, GPIO_PIN_CNF_PULL_Pulldown);
..\..\..\main.c(1286): warning:  #188-D: enumerated type mixed with another type
                        nrf_gpio_cfg_input(14, GPIO_PIN_CNF_PULL_Pullup);
..\..\..\main.c(948): warning:  #177-D: variable "i" was declared but never referenced
                uint8_t i = 0;
..\..\..\main.c(949): warning:  #177-D: variable "gap_conn_params" was declared but never referenced
                ble_gap_conn_params_t   gap_conn_params;
..\..\..\main.c(2074): warning:  #177-D: variable "motion_x" was declared but never referenced
                int16_t motion_x, motion_y;
..\..\..\main.c(2074): warning:  #177-D: variable "motion_y" was declared but never referenced
                int16_t motion_x, motion_y;
..\..\..\main.c(2711): warning:  #177-D: variable "gap_conn_params" was declared but never referenced
                ble_gap_conn_params_t   gap_conn_params;
..\..\..\main.c(3557): warning:  #111-D: statement is unreachable
                                        break;
..\..\..\main.c(3561): warning:  #111-D: statement is unreachable
                                        break;
..\..\..\main.c(3565): warning:  #111-D: statement is unreachable
                                        break;
..\..\..\main.c(3569): warning:  #111-D: statement is unreachable
                                        break;
..\..\..\main.c(3574): warning:  #111-D: statement is unreachable
                                        break;
..\..\..\main.c(3579): warning:  #111-D: statement is unreachable
                                        break;
..\..\..\main.c(3770): warning:  #177-D: variable "work_mode_addr" was declared but never referenced
        uint32_t * work_mode_addr;
..\..\..\main.c(3912): warning:  #940-D: missing return statement at end of non-void function "modify_base_address_0"
  }
..\..\..\main.c(3920): warning:  #940-D: missing return statement at end of non-void function "modify_base_address_0_encrypt"
  }
..\..\..\main.c(3977): warning:  #177-D: variable "err_code" was declared but never referenced
        uint32_t err_code;
..\..\..\main.c(3994): warning:  #177-D: variable "err_code" was declared but never referenced
        uint32_t err_code;
..\..\..\main.c(4226): warning:  #177-D: variable "err_code" was declared but never referenced
        uint32_t err_code;
..\..\..\main.c(4622): warning:  #188-D: enumerated type mixed with another type
                        nrf_gpio_cfg_input(14, GPIO_PIN_CNF_PULL_Pullup);
..\..\..\main.c(4403): warning:  #177-D: variable "BDaddrEncryptData" was declared but never referenced
        uint8_t BDaddrEncryptData[6];
..\..\..\main.c(4404): warning:  #177-D: variable "BDaddrData" was declared but never referenced
        uint8_t BDaddrData[6];
..\..\..\main.c(4405): warning:  #177-D: variable "motion_x" was declared but never referenced
        int16_t motion_x, motion_y;
..\..\..\main.c(4405): warning:  #177-D: variable "motion_y" was declared but never referenced
        int16_t motion_x, motion_y;
..\..\..\main.c(4408): warning:  #177-D: variable "ResetReason" was declared but never referenced
        uint32_t ResetReason = 0;
..\..\..\main.c(4409): warning:  #177-D: variable "time_ms" was declared but never referenced
        uint32_t time_ms = 8; //Time(in miliseconds) between consecutive compare events.
..\..\..\main.c(4410): warning:  #177-D: variable "time_ticks" was declared but never referenced
        uint32_t time_ticks;
..\..\..\main.c(4411): warning:  #177-D: variable "hop_frequency_timeout" was declared but never referenced
        uint32_t hop_frequency_timeout = 0;
..\..\..\main.c(4412): warning:  #177-D: variable "err_code" was declared but never referenced
        uint32_t err_code;
..\..\..\main.c(4413): warning:  #177-D: variable "flash_addr" was declared but never referenced
        uint32_t * flash_addr;
..\..\..\main.c(4420): warning:  #177-D: variable "my_temp" was declared but never referenced
        uint8_t my_temp = 0;
..\..\..\main.c(4421): warning:  #177-D: variable "k" was declared but never referenced
        uint8_t k = 0;
..\..\..\main.c(4422): warning:  #177-D: variable "n" was declared but never referenced
        uint8_t n = 0;
..\..\..\main.c(4423): warning:  #177-D: variable "button_pressed_time" was declared but never referenced
        uint16_t button_pressed_time  = 0;
..\..\..\main.c(5078): warning:  #188-D: enumerated type mixed with another type
                                                        button_event_handler(17, GPIOTE_CONFIG_POLARITY_Toggle);
..\..\..\main.c(5531): warning:  #188-D: enumerated type mixed with another type
                nrf_gpio_cfg_input(14, GPIO_PIN_CNF_PULL_Pullup);
..\..\..\main.c(4728): warning:  #177-D: variable "BDaddrEncryptData" was declared but never referenced
        uint8_t BDaddrEncryptData[6];
..\..\..\main.c(4729): warning:  #177-D: variable "BDaddrData" was declared but never referenced
        uint8_t BDaddrData[6];
..\..\..\main.c(4731): warning:  #177-D: variable "i" was declared but never referenced
        uint16_t i = 0;
..\..\..\main.c(4733): warning:  #177-D: variable "ResetReason" was declared but never referenced
        uint32_t ResetReason = 0;
..\..\..\main.c(4734): warning:  #177-D: variable "time_ms" was declared but never referenced
        uint32_t time_ms = 8; //Time(in miliseconds) between consecutive compare events.
..\..\..\main.c(4735): warning:  #177-D: variable "time_ticks" was declared but never referenced
        uint32_t time_ticks;
..\..\..\main.c(4740): warning:  #177-D: variable "pairing_loop_count" was declared but never referenced
        uint16_t pairing_loop_count = 0;
..\..\..\main.c(4741): warning:  #177-D: variable "page_loop_count" was declared but never referenced
        uint16_t page_loop_count = 0;                     //0-749 -10dbm, 750-1499, -5dbm, 1500-2250 0dbm; 750*4ms=3s, 3000*3ms=9s
..\..\..\main.c(4743): warning:  #177-D: variable "m_TX_attempt" was declared but never referenced
        uint8_t m_TX_attempt = 0;
..\..\..\main.c(4747): warning:  #177-D: variable "n" was declared but never referenced
        uint8_t n = 0;
..\..\..\main.c(5577): warning:  #188-D: enumerated type mixed with another type
        nrf_gpio_cfg_input(28, GPIO_PIN_CNF_PULL_Pullup);
..\..\..\main.c(5578): warning:  #188-D: enumerated type mixed with another type
        nrf_gpio_cfg_input(29, GPIO_PIN_CNF_PULL_Pullup);
..\..\..\main.c(5620): warning:  #188-D: enumerated type mixed with another type
        nrf_gpio_cfg_input(QDEC_CONFIG_PIO_A, GPIO_PIN_CNF_PULL_Pullup);
..\..\..\main.c(5621): warning:  #188-D: enumerated type mixed with another type
        nrf_gpio_cfg_input(QDEC_CONFIG_PIO_B, GPIO_PIN_CNF_PULL_Pullup);
..\..\..\main.c(5629): warning:  #188-D: enumerated type mixed with another type
        nrf_gpio_cfg_input(QDEC_CONFIG_PIO_A, GPIO_PIN_CNF_PULL_Pulldown);
..\..\..\main.c(5630): warning:  #188-D: enumerated type mixed with another type
        nrf_gpio_cfg_input(QDEC_CONFIG_PIO_B, GPIO_PIN_CNF_PULL_Pulldown);
..\..\..\main.c(5644): warning:  #188-D: enumerated type mixed with another type
                nrf_drv_spi_config_t spi_config = NRF_DRV_SPI_DEFAULT_CONFIG;
..\..\..\main.c(5651): warning:  #188-D: enumerated type mixed with another type
                        spi_config.frequency = (0x40000000UL);//4M
..\..\..\main.c(5694): warning:  #188-D: enumerated type mixed with another type
                nrf_gpio_cfg_input(QDEC_CONFIG_PIO_A, GPIO_PIN_CNF_PULL_Pulldown);
..\..\..\main.c(5695): warning:  #188-D: enumerated type mixed with another type
                nrf_gpio_cfg_input(QDEC_CONFIG_PIO_B, GPIO_PIN_CNF_PULL_Pulldown);
..\..\..\main.c(5760): warning:  #188-D: enumerated type mixed with another type
                nrf_gpio_cfg_input(14, GPIO_PIN_CNF_PULL_Pullup);
..\..\..\main.c(5835): warning:  #188-D: enumerated type mixed with another type
        nrf_gpio_cfg_input(18, GPIO_PIN_CNF_PULL_Pullup);
..\..\..\main.c(5836): warning:  #188-D: enumerated type mixed with another type
        nrf_gpio_cfg_input(19, GPIO_PIN_CNF_PULL_Pullup);
..\..\..\main.c(5837): warning:  #188-D: enumerated type mixed with another type
        nrf_gpio_cfg_input(20, GPIO_PIN_CNF_PULL_Pullup);
..\..\..\main.c(5990): warning:  #188-D: enumerated type mixed with another type
                                                nrf_drv_spi_config_t spi_config = NRF_DRV_SPI_DEFAULT_CONFIG;
..\..\..\main.c(5995): warning:  #188-D: enumerated type mixed with another type
                                                spi_config.frequency = (0x40000000UL);//4M
..\..\..\main.c(6444): warning:  #188-D: enumerated type mixed with another type
                                timer_cfg.bit_width = TIMER_BITMODE_BITMODE_32Bit;
..\..\..\main.c(6504): warning:  #188-D: enumerated type mixed with another type
                                gpiote_config.pull  = GPIO_PIN_CNF_PULL_Pullup;
..\..\..\main.c(6551): warning:  #188-D: enumerated type mixed with another type
                                                nrf_drv_spi_config_t spi_config = NRF_DRV_SPI_DEFAULT_CONFIG;
..\..\..\main.c(6556): warning:  #188-D: enumerated type mixed with another type
                                                spi_config.frequency = (0x40000000UL);//4M
..\..\..\main.c(5717): warning:  #177-D: variable "work_mode_addr_1" was declared but never referenced
        uint32_t * work_mode_addr_1;
..\..\..\main.c(5721): warning:  #177-D: variable "motion_x" was declared but never referenced
        int16_t motion_x, motion_y;
..\..\..\main.c(5721): warning:  #177-D: variable "motion_y" was declared but never referenced
        int16_t motion_x, motion_y;
..\..\..\main.c(5729): warning:  #177-D: variable "hop_frequency_timeout" was declared but never referenced
        uint32_t hop_frequency_timeout = 0;
..\..\..\main.c(5732): warning:  #177-D: variable "flash_addr_2" was declared but never referenced
        uint32_t * flash_addr_2;
..\..\..\main.c(5734): warning:  #550-D: variable "pairing_loop_count" was set but never used
        uint16_t pairing_loop_count = 0;
..\..\..\main.c(5735): warning:  #550-D: variable "page_loop_count" was set but never used
        uint16_t page_loop_count = 0;                     //0-749 -10dbm, 750-1499, -5dbm, 1500-2250 0dbm; 750*4ms=3s, 3000*3ms=9s
..\..\..\main.c(5736): warning:  #550-D: variable "page_common_count" was set but never used
        uint8_t page_common_count = 0;
..\..\..\main.c(5737): warning:  #177-D: variable "m_TX_attempt" was declared but never referenced
        uint8_t m_TX_attempt = 0;
..\..\..\main.c(5739): warning:  #177-D: variable "my_temp" was declared but never referenced
        uint8_t my_temp = 0;
..\..\..\main.c(5745): warning:  #177-D: variable "hop_frequency_mode" was declared but never referenced
        bool hop_frequency_mode = true;
..\..\..\main.c(535): warning:  #550-D: variable "m_is_wl_changed" was set but never used
  static bool           m_is_wl_changed;                                      /**< Indicates if the whitelist has been changed since last time it has been updated in the Peer Manager. */
..\..\..\main.c(2010): warning:  #177-D: function "sleep_mode_enter" was declared but never referenced
  static void sleep_mode_enter(void)
..\..\..\main.c(1994): warning:  #177-D: function "timers_start" was declared but never referenced
  static void timers_start(void)
..\..\..\main.c: 86 warnings, 0 errors
compiling motion_sensor.c...
..\..\..\motion_sensor.c(217): warning:  #167-D: argument of type "int8_t *" is incompatible with parameter of type "const uint8_t *"
                        APP_ERROR_CHECK(nrf_drv_spi_transfer(&spi, buf, 2, m_rx_buf, 2));
..\..\..\motion_sensor.c(441): warning:  #940-D: missing return statement at end of non-void function "getMotion"
  }
..\..\..\motion_sensor.c(366): warning:  #177-D: variable "MotionE" was declared but never referenced
        uint8_t MotionE;
..\..\..\motion_sensor.c: 3 warnings, 0 errors
compiling encrypt.c...
compiling boards.c...
compiling bsp.c...
compiling bsp_btn_ble.c...
compiling bsp_nfc.c...
compiling ble_advdata.c...
compiling ble_advertising.c...
compiling ble_conn_params.c...
compiling ble_conn_state.c...
compiling ble_srv_common.c...
compiling gatt_cache_manager.c...
compiling gatts_cache_manager.c...
compiling id_manager.c...
..\..\..\..\..\..\components\ble\peer_manager\id_manager.c(279): warning:  #177-D: variable "i" was declared but never referenced
                uint16_t i = 0;
..\..\..\..\..\..\components\ble\peer_manager\id_manager.c: 1 warning, 0 errors
compiling peer_data.c...
compiling peer_data_storage.c...
..\..\..\..\..\..\components\ble\peer_manager\peer_data_storage.c(392): warning:  #177-D: variable "i" was declared but never referenced
                uint16_t i = 0;
..\..\..\..\..\..\components\ble\peer_manager\peer_data_storage.c: 1 warning, 0 errors
compiling peer_database.c...
..\..\..\..\..\..\components\ble\peer_manager\peer_database.c(674): warning:  #177-D: variable "i" was declared but never referenced
                uint16_t i = 0;
..\..\..\..\..\..\components\ble\peer_manager\peer_database.c: 1 warning, 0 errors
compiling peer_id.c...
compiling peer_manager.c...
compiling pm_buffer.c...
compiling pm_mutex.c...
compiling security_dispatcher.c...
compiling security_manager.c...
compiling ble_bas.c...
compiling ble_dis.c...
compiling ble_hids.c...
compiling nrf_drv_clock.c...
compiling nrf_drv_common.c...
compiling nrf_drv_gpiote.c...
compiling nrf_drv_uart.c...
compiling nrf_drv_qdec.c...
..\..\..\..\..\..\components\drivers_nrf\qdec\nrf_drv_qdec.c(148): warning:  #188-D: enumerated type mixed with another type
      nrf_gpio_cfg_input(p_config->psela, GPIO_PIN_CNF_PULL_Pullup);
..\..\..\..\..\..\components\drivers_nrf\qdec\nrf_drv_qdec.c(149): warning:  #188-D: enumerated type mixed with another type
      nrf_gpio_cfg_input(p_config->pselb, GPIO_PIN_CNF_PULL_Pullup);
..\..\..\..\..\..\components\drivers_nrf\qdec\nrf_drv_qdec.c: 2 warnings, 0 errors
compiling nrf_drv_spi.c...
compiling nrf_drv_timer.c...
compiling nrf_queue.c...
compiling nrf_drv_rng.c...
compiling nrf_drv_adc.c...
compiling nrf_drv_rtc.c...
compiling app_button.c...
compiling app_error.c...
compiling app_error_weak.c...
compiling app_scheduler.c...
compiling app_timer.c...
compiling app_timer_appsh.c...
compiling app_util_platform.c...
compiling crc16.c...
compiling fds.c...
compiling fstorage.c...
compiling hardfault_implementation.c...
compiling nrf_assert.c...
compiling sdk_errors.c...
compiling sdk_mapped_flags.c...
compiling sensorsim.c...
compiling nrf_log_backend_serial.c...
compiling nrf_log_frontend.c...
compiling RTT_Syscalls_KEIL.c...
compiling SEGGER_RTT.c...
compiling SEGGER_RTT_printf.c...
compiling softdevice_handler.c...
compiling softdevice_handler_appsh.c...
compiling nrf_esb.c...
assembling arm_startup_nrf51.s...
compiling system_nrf51.c...
linking...
Program Size: Code=75652 RO-data=1168 RW-data=916 ZI-data=7220  
FromELF: creating hex file...
".\_build\nrf51822_xxac.axf" - 0 Error(s), 94 Warning(s).

<h2>Software Packages used:</h2>

Package Vendor: ARM
                http://www.keil.com/pack/ARM.CMSIS.4.5.0.pack
                ARM::CMSIS:CORE:4.3.0
                CMSIS (Cortex Microcontroller Software Interface Standard)
   * Component: CORE Version: 4.3.0

Package Vendor: NordicSemiconductor
                http://developer.nordicsemi.com/nRF5_SDK/pieces/nRF_DeviceFamilyPack/NordicSemiconductor.nRF_DeviceFamilyPack.8.11.1.pack
                NordicSemiconductor::Device:Startup:8.11.1
                Nordic Semiconductor nRF ARM devices Device Family Pack.
   * Component: Startup Version: 8.11.1

<h2>Collection of Component include folders:</h2>
  Z:\VSN_workspace\dual_mode_mouse\nRF5_SDK_12.3.0_d7731ad\nRF5_SDK_12.3.0_d7731ad\examples\ble_peripheral\ble_app_hids_mouse\pca10028\s130\arm5_no_packs\RTE
  D:\Keil_v5\ARM\PACK\ARM\CMSIS\4.5.0\CMSIS\Include
  D:\Keil_v5\ARM\PACK\NordicSemiconductor\nRF_DeviceFamilyPack\8.11.1\Device\Include
  D:\Keil_v5\ARM\PACK\NordicSemiconductor\nRF_DeviceFamilyPack\8.16.0\Device\Include

<h2>Collection of Component Files used:</h2>

   * Component: ARM::CMSIS:CORE:4.3.0

   * Component: NordicSemiconductor::Device:Startup:8.11.1
      Source file:   Device\Source\arm\arm_startup_nrf51.s
      Source file:   Device\Source\system_nrf51.c
      Include file:  Device\Include\system_nrf51.h
Load "Z:\\VSN_workspace\\dual_mode_mouse\\nRF5_SDK_12.3.0_d7731ad\\nRF5_SDK_12.3.0_d7731ad\\examples\\ble_peripheral\\ble_app_hids_mouse\\pca10028\\s130\\arm5_no_packs\\_build\\nrf51822_xxac.axf" 
Set JLink Project File to "Z:\VSN_workspace\dual_mode_mouse\nRF5_SDK_12.3.0_d7731ad\nRF5_SDK_12.3.0_d7731ad\examples\ble_peripheral\ble_app_hids_mouse\pca10028\s130\arm5_no_packs\JLinkSettings.ini"
* JLink Info: Device "NRF51822_XXAC" selected.
 
JLink info:
------------
DLL: V5.12f, compiled May 17 2016 16:03:35
Firmware: J-Link ARM-OB STM32 compiled Aug 22 2012 19:52:04
Hardware: V7.00
S/N : 20090928 
Feature(s) : RDI,FlashDL,FlashBP,JFlash,GDBFull 
 
* JLink Info: Found SWD-DP with ID 0x0BB11477
* JLink Info: Found Cortex-M0 r0p0, Little endian.
* JLink Info: FPUnit: 4 code (BP) slots and 0 literal slots
* JLink Info: CoreSight components:
* JLink Info: ROMTbl 0 @ F0000000
* JLink Info: ROMTbl 0 [0]: F00FF000, CID: B105100D, PID: 000BB471 ROM Table
* JLink Info: ROMTbl 1 @ E00FF000
* JLink Info: ROMTbl 1 [0]: FFF0F000, CID: B105E00D, PID: 000BB008 SCS
* JLink Info: ROMTbl 1 [1]: FFF02000, CID: B105E00D, PID: 000BB00A DWT
* JLink Info: ROMTbl 1 [2]: FFF03000, CID: B105E00D, PID: 000BB00B FPB
* JLink Info: ROMTbl 0 [1]: 00002000, CID: B105900D, PID: 000BB9A3 ???
ROMTableAddr = 0xE00FF003
 
Target info:
------------
Device: nRF51822_xxAC
VTarget = 3.300V
State of Pins: 
TCK: 0, TDI: 0, TDO: 1, TMS: 0, TRES: 1, TRST: 1
Hardware-Breakpoints: 4
Software-Breakpoints: 8192
Watchpoints:          2
JTAG speed: 4000 kHz
 
Erase Done.
Programming Done.
Verify OK.
Application running ...
iguration.h(20): warning:  #47-D: incompatible redefinition of macro "ENABLE_LONG_PRESS_DIP_TO_CHANGE_WORK_MODE" (declared at line 24)
  #define ENABLE_LONG_PRESS_DIP_TO_CHANGE_WORK_MODE 1
..\..\..\..\ble_app_hids_mouse\configuration.h(21): warning:  #47-D: incompatible redefinition of macro "CHECK_WORK_MODE_PIN_CONTINUOUSLY" (declared at line 25)
  #define CHECK_WORK_MODE_PIN_CONTINUOUSLY 0
..\..\..\..\ble_app_hids_mouse\configuration.h(22): error:  #11-D: unrecognized preprocessing directive
  #esle
..\..\..\..\ble_app_hids_mouse\configuration.h(23): warning:  #47-D: incompatible redefinition of macro "ENABLE_PAIR_TO_CHANGE_WORK_MODE" (declared at line 19)
  #define ENABLE_PAIR_TO_CHANGE_WORK_MODE 0
..\..\..\..\ble_app_hids_mouse\configuration.h(24): warning:  #47-D: incompatible redefinition of macro "ENABLE_LONG_PRESS_DIP_TO_CHANGE_WORK_MODE" (declared at line 20)
  #define ENABLE_LONG_PRESS_DIP_TO_CHANGE_WORK_MODE 0
..\..\..\..\ble_app_hids_mouse\configuration.h(25): warning:  #47-D: incompatible redefinition of macro "CHECK_WORK_MODE_PIN_CONTINUOUSLY" (declared at line 21)
  #define CHECK_WORK_MODE_PIN_CONTINUOUSLY 1
..\..\..\..\..\..\components\libraries\bsp\bsp.c: 9 warnings, 2 errors
compiling bsp_btn_ble.c...
..\..\..\..\ble_app_hids_mouse\configuration.h(22): error:  #11-D: unrecognized preprocessing directive
  #esle
..\..\..\..\ble_app_hids_mouse\configuration.h(23): warning:  #47-D: incompatible redefinition of macro "ENABLE_PAIR_TO_CHANGE_WORK_MODE" (declared at line 19)
  #define ENABLE_PAIR_TO_CHANGE_WORK_MODE 0
..\..\..\..\ble_app_hids_mouse\configuration.h(24): warning:  #47-D: incompatible redefinition of macro "ENABLE_LONG_PRESS_DIP_TO_CHANGE_WORK_MODE" (declared at line 20)
  #define ENABLE_LONG_PRESS_DIP_TO_CHANGE_WORK_MODE 0
..\..\..\..\ble_app_hids_mouse\configuration.h(25): warning:  #47-D: incompatible redefinition of macro "CHECK_WORK_MODE_PIN_CONTINUOUSLY" (declared at line 21)
  #define CHECK_WORK_MODE_PIN_CONTINUOUSLY 1
..\..\..\..\ble_app_hids_mouse\configuration.h(19): warning:  #47-D: incompatible redefinition of macro "ENABLE_PAIR_TO_CHANGE_WORK_MODE" (declared at line 23)
  #define ENABLE_PAIR_TO_CHANGE_WORK_MODE 1
..\..\..\..\ble_app_hids_mouse\configuration.h(20): warning:  #47-D: incompatible redefinition of macro "ENABLE_LONG_PRESS_DIP_TO_CHANGE_WORK_MODE" (declared at line 24)
  #define ENABLE_LONG_PRESS_DIP_TO_CHANGE_WORK_MODE 1
..\..\..\..\ble_app_hids_mouse\configuration.h(21): warning:  #47-D: incompatible redefinition of macro "CHECK_WORK_MODE_PIN_CONTINUOUSLY" (declared at line 25)
  #define CHECK_WORK_MODE_PIN_CONTINUOUSLY 0
..\..\..\..\ble_app_hids_mouse\configuration.h(22): error:  #11-D: unrecognized preprocessing directive
  #esle
..\..\..\..\ble_app_hids_mouse\configuration.h(23): warning:  #47-D: incompatible redefinition of macro "ENABLE_PAIR_TO_CHANGE_WORK_MODE" (declared at line 19)
  #define ENABLE_PAIR_TO_CHANGE_WORK_MODE 0
..\..\..\..\ble_app_hids_mouse\configuration.h(24): warning:  #47-D: incompatible redefinition of macro "ENABLE_LONG_PRESS_DIP_TO_CHANGE_WORK_MODE" (declared at line 20)
  #define ENABLE_LONG_PRESS_DIP_TO_CHANGE_WORK_MODE 0
..\..\..\..\ble_app_hids_mouse\configuration.h(25): warning:  #47-D: incompatible redefinition of macro "CHECK_WORK_MODE_PIN_CONTINUOUSLY" (declared at line 21)
  #define CHECK_WORK_MODE_PIN_CONTINUOUSLY 1
..\..\..\..\..\..\components\libraries\bsp\bsp_btn_ble.c: 9 warnings, 2 errors
compiling bsp_nfc.c...
..\..\..\..\ble_app_hids_mouse\configuration.h(22): error:  #11-D: unrecognized preprocessing directive
  #esle
..\..\..\..\ble_app_hids_mouse\configuration.h(23): warning:  #47-D: incompatible redefinition of macro "ENABLE_PAIR_TO_CHANGE_WORK_MODE" (declared at line 19)
  #define ENABLE_PAIR_TO_CHANGE_WORK_MODE 0
..\..\..\..\ble_app_hids_mouse\configuration.h(24): warning:  #47-D: incompatible redefinition of macro "ENABLE_LONG_PRESS_DIP_TO_CHANGE_WORK_MODE" (declared at line 20)
  #define ENABLE_LONG_PRESS_DIP_TO_CHANGE_WORK_MODE 0
..\..\..\..\ble_app_hids_mouse\configuration.h(25): warning:  #47-D: incompatible redefinition of macro "CHECK_WORK_MODE_PIN_CONTINUOUSLY" (declared at line 21)
  #define CHECK_WORK_MODE_PIN_CONTINUOUSLY 1
..\..\..\..\..\..\components\libraries\bsp\bsp_nfc.c: 3 warnings, 1 error
compiling ble_advertising.c...
..\..\..\..\ble_app_hids_mouse\configuration.h(22): error:  #11-D: unrecognized preprocessing directive
  #esle
..\..\..\..\ble_app_hids_mouse\configuration.h(23): warning:  #47-D: incompatible redefinition of macro "ENABLE_PAIR_TO_CHANGE_WORK_MODE" (declared at line 19)
  #define ENABLE_PAIR_TO_CHANGE_WORK_MODE 0
..\..\..\..\ble_app_hids_mouse\configuration.h(24): warning:  #47-D: incompatible redefinition of macro "ENABLE_LONG_PRESS_DIP_TO_CHANGE_WORK_MODE" (declared at line 20)
  #define ENABLE_LONG_PRESS_DIP_TO_CHANGE_WORK_MODE 0
..\..\..\..\ble_app_hids_mouse\configuration.h(25): warning:  #47-D: incompatible redefinition of macro "CHECK_WORK_MODE_PIN_CONTINUOUSLY" (declared at line 21)
  #define CHECK_WORK_MODE_PIN_CONTINUOUSLY 1
..\..\..\..\ble_app_hids_mouse\configuration.h(19): warning:  #47-D: incompatible redefinition of macro "ENABLE_PAIR_TO_CHANGE_WORK_MODE" (declared at line 23)
  #define ENABLE_PAIR_TO_CHANGE_WORK_MODE 1
..\..\..\..\ble_app_hids_mouse\configuration.h(20): warning:  #47-D: incompatible redefinition of macro "ENABLE_LONG_PRESS_DIP_TO_CHANGE_WORK_MODE" (declared at line 24)
  #define ENABLE_LONG_PRESS_DIP_TO_CHANGE_WORK_MODE 1
..\..\..\..\ble_app_hids_mouse\configuration.h(21): warning:  #47-D: incompatible redefinition of macro "CHECK_WORK_MODE_PIN_CONTINUOUSLY" (declared at line 25)
  #define CHECK_WORK_MODE_PIN_CONTINUOUSLY 0
..\..\..\..\ble_app_hids_mouse\configuration.h(22): error:  #11-D: unrecognized preprocessing directive
  #esle
..\..\..\..\ble_app_hids_mouse\configuration.h(23): warning:  #47-D: incompatible redefinition of macro "ENABLE_PAIR_TO_CHANGE_WORK_MODE" (declared at line 19)
  #define ENABLE_PAIR_TO_CHANGE_WORK_MODE 0
..\..\..\..\ble_app_hids_mouse\configuration.h(24): warning:  #47-D: incompatible redefinition of macro "ENABLE_LONG_PRESS_DIP_TO_CHANGE_WORK_MODE" (declared at line 20)
  #define ENABLE_LONG_PRESS_DIP_TO_CHANGE_WORK_MODE 0
..\..\..\..\ble_app_hids_mouse\configuration.h(25): warning:  #47-D: incompatible redefinition of macro "CHECK_WORK_MODE_PIN_CONTINUOUSLY" (declared at line 21)
  #define CHECK_WORK_MODE_PIN_CONTINUOUSLY 1
..\..\..\..\..\..\components\ble\ble_advertising\ble_advertising.c: 9 warnings, 2 errors
compiling ble_conn_params.c...
..\..\..\..\ble_app_hids_mouse\configuration.h(22): error:  #11-D: unrecognized preprocessing directive
  #esle
..\..\..\..\ble_app_hids_mouse\configuration.h(23): warning:  #47-D: incompatible redefinition of macro "ENABLE_PAIR_TO_CHANGE_WORK_MODE" (declared at line 19)
  #define ENABLE_PAIR_TO_CHANGE_WORK_MODE 0
..\..\..\..\ble_app_hids_mouse\configuration.h(24): warning:  #47-D: incompatible redefinition of macro "ENABLE_LONG_PRESS_DIP_TO_CHANGE_WORK_MODE" (declared at line 20)
  #define ENABLE_LONG_PRESS_DIP_TO_CHANGE_WORK_MODE 0
..\..\..\..\ble_app_hids_mouse\configuration.h(25): warning:  #47-D: incompatible redefinition of macro "CHECK_WORK_MODE_PIN_CONTINUOUSLY" (declared at line 21)
  #define CHECK_WORK_MODE_PIN_CONTINUOUSLY 1
..\..\..\..\..\..\components\ble\common\ble_conn_params.c: 3 warnings, 1 error
compiling id_manager.c...
..\..\..\..\ble_app_hids_mouse\configuration.h(22): error:  #11-D: unrecognized preprocessing directive
  #esle
..\..\..\..\ble_app_hids_mouse\configuration.h(23): warning:  #47-D: incompatible redefinition of macro "ENABLE_PAIR_TO_CHANGE_WORK_MODE" (declared at line 19)
  #define ENABLE_PAIR_TO_CHANGE_WORK_MODE 0
..\..\..\..\ble_app_hids_mouse\configuration.h(24): warning:  #47-D: incompatible redefinition of macro "ENABLE_LONG_PRESS_DIP_TO_CHANGE_WORK_MODE" (declared at line 20)
  #define ENABLE_LONG_PRESS_DIP_TO_CHANGE_WORK_MODE 0
..\..\..\..\ble_app_hids_mouse\configuration.h(25): warning:  #47-D: incompatible redefinition of macro "CHECK_WORK_MODE_PIN_CONTINUOUSLY" (declared at line 21)
  #define CHECK_WORK_MODE_PIN_CONTINUOUSLY 1
..\..\..\..\..\..\components\ble\peer_manager\id_manager.c(279): warning:  #177-D: variable "i" was declared but never referenced
                uint16_t i = 0;
..\..\..\..\..\..\components\ble\peer_manager\id_manager.c: 4 warnings, 1 error
compiling nrf_esb.c...
..\..\..\..\ble_app_hids_mouse\configuration.h(22): error:  #11-D: unrecognized preprocessing directive
  #esle
..\..\..\..\ble_app_hids_mouse\configuration.h(23): warning:  #47-D: incompatible redefinition of macro "ENABLE_PAIR_TO_CHANGE_WORK_MODE" (declared at line 19)
  #define ENABLE_PAIR_TO_CHANGE_WORK_MODE 0
..\..\..\..\ble_app_hids_mouse\configuration.h(24): warning:  #47-D: incompatible redefinition of macro "ENABLE_LONG_PRESS_DIP_TO_CHANGE_WORK_MODE" (declared at line 20)
  #define ENABLE_LONG_PRESS_DIP_TO_CHANGE_WORK_MODE 0
..\..\..\..\ble_app_hids_mouse\configuration.h(25): warning:  #47-D: incompatible redefinition of macro "CHECK_WORK_MODE_PIN_CONTINUOUSLY" (declared at line 21)
  #define CHECK_WORK_MODE_PIN_CONTINUOUSLY 1
..\..\..\..\..\..\components\proprietary_rf\esb\nrf_esb.c: 3 warnings, 1 error
".\_build\nrf51822_xxac.axf" - 15 Error(s), 150 Warning(s).

<h2>Software Packages used:</h2>

Package Vendor: ARM
                http://www.keil.com/pack/ARM.CMSIS.4.5.0.pack
                ARM::CMSIS:CORE:4.3.0
                CMSIS (Cortex Microcontroller Software Interface Standard)
   * Component: CORE Version: 4.3.0

Package Vendor: NordicSemiconductor
                http://developer.nordicsemi.com/nRF5_SDK/pieces/nRF_DeviceFamilyPack/NordicSemiconductor.nRF_DeviceFamilyPack.8.11.1.pack
                NordicSemiconductor::Device:Startup:8.11.1
                Nordic Semiconductor nRF ARM devices Device Family Pack.
   * Component: Startup Version: 8.11.1

<h2>Collection of Component include folders:</h2>
  Z:\VSN_workspace\dual_mode_mouse\nRF5_SDK_12.3.0_d7731ad\nRF5_SDK_12.3.0_d7731ad\examples\ble_peripheral\ble_app_hids_mouse\pca10028\s130\arm5_no_packs\RTE
  D:\Keil_v5\ARM\PACK\ARM\CMSIS\4.5.0\CMSIS\Include
  D:\Keil_v5\ARM\PACK\NordicSemiconductor\nRF_DeviceFamilyPack\8.11.1\Device\Include
  D:\Keil_v5\ARM\PACK\NordicSemiconductor\nRF_DeviceFamilyPack\8.16.0\Device\Include

<h2>Collection of Component Files used:</h2>

   * Component: ARM::CMSIS:CORE:4.3.0

   * Component: NordicSemiconductor::Device:Startup:8.11.1
      Source file:   Device\Source\arm\arm_startup_nrf51.s
      Source file:   Device\Source\system_nrf51.c
      Include file:  Device\Include\system_nrf51.h
Target not created.
