<html>
<body>
<pre>
<h1>µVision Build Log</h1>
<h2>Tool Versions:</h2>
IDE-Version: ¶ÃVision V5.12.0.0
Copyright (C) 2014 ARM Ltd and ARM Germany GmbH. All rights reserved.
License Information: 123 Aero÷π≤Ω, Microsoft, LIC=6XJHL-089WC-MQF0F-6N867-W6ZJA-GTQDV
 
Tool Versions:
Toolchain:       MDK-ARM Professional  Version: 5.12.0.0
Toolchain Path:  D:\Keil_v5\ARM\ARMCC\Bin
C Compiler:      Armcc.exe V5.05 (build 41)
Assembler:       Armasm.exe V5.05 (build 41)
Linker/Locator:  ArmLink.exe V5.05 (build 41)
Library Manager: ArmAr.exe V5.05 (build 41)
Hex Converter:   FromElf.exe V5.05 (build 41)
CPU DLL:         SARMCM3.DLL V5.12.0.0
Dialog DLL:      DARMCM1.DLL V1.11.00.0
    Target DLL: Segger\JL2CM3.dll
Dialog DLL:      TARMCM1.DLL V1.08.00.0
 
<h2>Project:</h2>
D:\N_project\nRF5_SDK_12.3.0_d7731ad\nRF5_SDK_12.3.0_d7731ad\examples\ble_peripheral\ble_app_hids_mouse\pca10028\s130\arm5_no_packs\ble_app_hids_mouse_pca10028_s130.uvprojx
Project File Date:  03/12/2019

<h2>Output:</h2>
Build target 'nrf51422_xxac'
compiling main.c...
..\..\..\main.c(630): warning:  #188-D: enumerated type mixed with another type
                                        nrf_drv_spi_config_t spi_config = NRF_DRV_SPI_DEFAULT_CONFIG;
..\..\..\main.c(647): warning:  #188-D: enumerated type mixed with another type
                                nrf_gpio_cfg_input(QDEC_CONFIG_PIO_A, GPIO_PIN_CNF_PULL_Pulldown);
..\..\..\main.c(648): warning:  #188-D: enumerated type mixed with another type
                                nrf_gpio_cfg_input(QDEC_CONFIG_PIO_B, GPIO_PIN_CNF_PULL_Pulldown);
..\..\..\main.c(732): warning:  #188-D: enumerated type mixed with another type
                                                                                nrf_drv_spi_config_t spi_config = NRF_DRV_SPI_DEFAULT_CONFIG;
..\..\..\main.c(750): warning:  #188-D: enumerated type mixed with another type
                                                                        nrf_gpio_cfg_input(QDEC_CONFIG_PIO_A, GPIO_PIN_CNF_PULL_Pulldown);
..\..\..\main.c(751): warning:  #188-D: enumerated type mixed with another type
                                                                        nrf_gpio_cfg_input(QDEC_CONFIG_PIO_B, GPIO_PIN_CNF_PULL_Pulldown);
..\..\..\main.c(617): warning:  #177-D: variable "ret" was declared but never referenced
                ret_code_t ret;
..\..\..\main.c(938): warning:  #188-D: enumerated type mixed with another type
                                        nrf_drv_spi_config_t spi_config = NRF_DRV_SPI_DEFAULT_CONFIG;
..\..\..\main.c(1072): warning:  #186-D: pointless comparison of unsigned integer with zero
                        if(AverageVoltage>=0)
..\..\..\main.c(1127): warning:  #188-D: enumerated type mixed with another type
                                                                        nrf_drv_spi_config_t spi_config = NRF_DRV_SPI_DEFAULT_CONFIG;
..\..\..\main.c(1164): warning:  #188-D: enumerated type mixed with another type
                                                        nrf_gpio_cfg_input(QDEC_CONFIG_PIO_A, GPIO_PIN_CNF_PULL_Pullup);
..\..\..\main.c(1165): warning:  #188-D: enumerated type mixed with another type
                                                        nrf_gpio_cfg_input(QDEC_CONFIG_PIO_B, GPIO_PIN_CNF_PULL_Pullup);
..\..\..\main.c(925): warning:  #177-D: variable "i" was declared but never referenced
                uint8_t i = 0;
..\..\..\main.c(926): warning:  #177-D: variable "gap_conn_params" was declared but never referenced
                ble_gap_conn_params_t   gap_conn_params;
..\..\..\main.c(1325): warning:  #188-D: enumerated type mixed with another type
                                                nrf_gpio_cfg_input(QDEC_CONFIG_PIO_A, GPIO_PIN_CNF_PULL_Pullup);
..\..\..\main.c(1326): warning:  #188-D: enumerated type mixed with another type
                                                nrf_gpio_cfg_input(QDEC_CONFIG_PIO_B, GPIO_PIN_CNF_PULL_Pullup);
..\..\..\main.c(2074): warning:  #188-D: enumerated type mixed with another type
                                                nrf_drv_spi_config_t spi_config = NRF_DRV_SPI_DEFAULT_CONFIG;
..\..\..\main.c(2110): warning:  #188-D: enumerated type mixed with another type
                                        nrf_gpio_cfg_input(QDEC_CONFIG_PIO_A, GPIO_PIN_CNF_PULL_Pullup);
..\..\..\main.c(2111): warning:  #188-D: enumerated type mixed with another type
                                        nrf_gpio_cfg_input(QDEC_CONFIG_PIO_B, GPIO_PIN_CNF_PULL_Pullup);
..\..\..\main.c(1997): warning:  #177-D: variable "motion_x" was declared but never referenced
                int16_t motion_x, motion_y;
..\..\..\main.c(1997): warning:  #177-D: variable "motion_y" was declared but never referenced
                int16_t motion_x, motion_y;
..\..\..\main.c(2685): warning:  #188-D: enumerated type mixed with another type
                                                                                                nrf_drv_spi_config_t spi_config = NRF_DRV_SPI_DEFAULT_CONFIG;
..\..\..\main.c(2846): warning:  #188-D: enumerated type mixed with another type
                                                                                        nrf_drv_spi_config_t spi_config = NRF_DRV_SPI_DEFAULT_CONFIG;
..\..\..\main.c(2996): warning:  #188-D: enumerated type mixed with another type
                                                                        nrf_drv_spi_config_t spi_config = NRF_DRV_SPI_DEFAULT_CONFIG;
..\..\..\main.c(3174): warning:  #188-D: enumerated type mixed with another type
                                                nrf_drv_spi_config_t spi_config = NRF_DRV_SPI_DEFAULT_CONFIG;
..\..\..\main.c(2640): warning:  #177-D: variable "gap_conn_params" was declared but never referenced
                ble_gap_conn_params_t   gap_conn_params;
..\..\..\main.c(2641): warning:  #177-D: variable "current_peer_id" was declared but never referenced
                pm_peer_id_t current_peer_id = 0;
..\..\..\main.c(3363): warning:  #188-D: enumerated type mixed with another type
                                                nrf_drv_spi_config_t spi_config = NRF_DRV_SPI_DEFAULT_CONFIG;
..\..\..\main.c(3482): warning:  #111-D: statement is unreachable
                                        break;
..\..\..\main.c(3486): warning:  #111-D: statement is unreachable
                                        break;
..\..\..\main.c(3490): warning:  #111-D: statement is unreachable
                                        break;
..\..\..\main.c(3494): warning:  #111-D: statement is unreachable
                                        break;
..\..\..\main.c(3499): warning:  #111-D: statement is unreachable
                                        break;
..\..\..\main.c(3504): warning:  #111-D: statement is unreachable
                                        break;
..\..\..\main.c(3649): warning:  #188-D: enumerated type mixed with another type
                                nrf_drv_spi_config_t spi_config = NRF_DRV_SPI_DEFAULT_CONFIG;
..\..\..\main.c(3829): warning:  #940-D: missing return statement at end of non-void function "modify_base_address_0"
  }
..\..\..\main.c(3837): warning:  #940-D: missing return statement at end of non-void function "modify_base_address_0_encrypt"
  }
..\..\..\main.c(4002): warning:  #186-D: pointless comparison of unsigned integer with zero
                                                if(AverageVoltage>=0)
..\..\..\main.c(3896): warning:  #177-D: variable "err_code" was declared but never referenced
        uint32_t err_code;
..\..\..\main.c(4351): warning:  #188-D: enumerated type mixed with another type
        nrf_gpio_cfg_input(18, GPIO_PIN_CNF_PULL_Pullup);
..\..\..\main.c(4352): warning:  #188-D: enumerated type mixed with another type
        nrf_gpio_cfg_input(19, GPIO_PIN_CNF_PULL_Pullup);
..\..\..\main.c(4353): warning:  #188-D: enumerated type mixed with another type
        nrf_gpio_cfg_input(20, GPIO_PIN_CNF_PULL_Pullup);
..\..\..\main.c(4506): warning:  #188-D: enumerated type mixed with another type
                                        nrf_drv_spi_config_t spi_config = NRF_DRV_SPI_DEFAULT_CONFIG;
..\..\..\main.c(5038): warning:  #188-D: enumerated type mixed with another type
                                timer_cfg.bit_width = TIMER_BITMODE_BITMODE_32Bit;
..\..\..\main.c(5092): warning:  #188-D: enumerated type mixed with another type
                                gpiote_config.pull  = GPIO_PIN_CNF_PULL_Pullup;
..\..\..\main.c(5130): warning:  #188-D: enumerated type mixed with another type
                                        nrf_drv_spi_config_t spi_config = NRF_DRV_SPI_DEFAULT_CONFIG;
..\..\..\main.c(5462): warning:  #188-D: enumerated type mixed with another type
                                                                                nrf_drv_spi_config_t spi_config = NRF_DRV_SPI_DEFAULT_CONFIG;
..\..\..\main.c(5506): warning:  #188-D: enumerated type mixed with another type
                                                                        nrf_gpio_cfg_input(QDEC_CONFIG_PIO_A, GPIO_PIN_CNF_PULL_Pullup);
..\..\..\main.c(5507): warning:  #188-D: enumerated type mixed with another type
                                                                        nrf_gpio_cfg_input(QDEC_CONFIG_PIO_B, GPIO_PIN_CNF_PULL_Pullup);
..\..\..\main.c(5594): warning:  #188-D: enumerated type mixed with another type
                                                                        nrf_drv_spi_config_t spi_config = NRF_DRV_SPI_DEFAULT_CONFIG;
..\..\..\main.c(5656): warning:  #188-D: enumerated type mixed with another type
                                                                nrf_gpio_cfg_input(QDEC_CONFIG_PIO_A, GPIO_PIN_CNF_PULL_Pullup);
..\..\..\main.c(5657): warning:  #188-D: enumerated type mixed with another type
                                                                nrf_gpio_cfg_input(QDEC_CONFIG_PIO_B, GPIO_PIN_CNF_PULL_Pullup);
..\..\..\main.c(5690): warning:  #188-D: enumerated type mixed with another type
                                                                nrf_gpio_cfg_input(QDEC_CONFIG_PIO_A, GPIO_PIN_CNF_PULL_Pullup);
..\..\..\main.c(5691): warning:  #188-D: enumerated type mixed with another type
                                                                nrf_gpio_cfg_input(QDEC_CONFIG_PIO_B, GPIO_PIN_CNF_PULL_Pullup);
..\..\..\main.c(5709): warning:  #188-D: enumerated type mixed with another type
                                                                        nrf_drv_spi_config_t spi_config = NRF_DRV_SPI_DEFAULT_CONFIG;
..\..\..\main.c(5788): warning:  #188-D: enumerated type mixed with another type
                                                                                nrf_drv_spi_config_t spi_config = NRF_DRV_SPI_DEFAULT_CONFIG;
..\..\..\main.c(498): warning:  #550-D: variable "m_is_wl_changed" was set but never used
  static bool           m_is_wl_changed;                                      /**< Indicates if the whitelist has been changed since last time it has been updated in the Peer Manager. */
..\..\..\main.c(1933): warning:  #177-D: function "sleep_mode_enter" was declared but never referenced
  static void sleep_mode_enter(void)
..\..\..\main.c(1917): warning:  #177-D: function "timers_start" was declared but never referenced
  static void timers_start(void)
..\..\..\main.c: 59 warnings, 0 errors
compiling motion_sensor.c...
..\..\..\motion_sensor.c(212): warning:  #167-D: argument of type "int8_t *" is incompatible with parameter of type "const uint8_t *"
                        APP_ERROR_CHECK(nrf_drv_spi_transfer(&spi, buf, 2, m_rx_buf, 2));
..\..\..\motion_sensor.c(352): warning:  #188-D: enumerated type mixed with another type
                        nrf_drv_spi_config_t spi_config = NRF_DRV_SPI_DEFAULT_CONFIG;
..\..\..\motion_sensor.c(442): warning:  #940-D: missing return statement at end of non-void function "getMotion"
  }
..\..\..\motion_sensor.c(367): warning:  #177-D: variable "MotionE" was declared but never referenced
        uint8_t MotionE;
..\..\..\motion_sensor.c: 4 warnings, 0 errors
compiling boards.c...
compiling bsp.c...
compiling bsp_btn_ble.c...
compiling bsp_nfc.c...
compiling ble_advertising.c...
compiling ble_conn_params.c...
compiling id_manager.c...
..\..\..\..\..\..\components\ble\peer_manager\id_manager.c(279): warning:  #177-D: variable "i" was declared but never referenced
                uint16_t i = 0;
..\..\..\..\..\..\components\ble\peer_manager\id_manager.c: 1 warning, 0 errors
compiling nrf_esb.c...
linking...
Program Size: Code=73740 RO-data=1384 RW-data=992 ZI-data=7216  
FromELF: creating hex file...
".\_build\nrf51822_xxac.axf" - 0 Error(s), 64 Warning(s).

<h2>Software Packages used:</h2>

Package Vendor: ARM
                http://www.keil.com/pack/ARM.CMSIS.4.5.0.pack
                ARM::CMSIS:CORE:4.3.0
                CMSIS (Cortex Microcontroller Software Interface Standard)
   * Component: CORE Version: 4.3.0

Package Vendor: NordicSemiconductor
                http://developer.nordicsemi.com/nRF5_SDK/pieces/nRF_DeviceFamilyPack/NordicSemiconductor.nRF_DeviceFamilyPack.8.11.1.pack
                NordicSemiconductor::Device:Startup:8.11.1
                Nordic Semiconductor nRF ARM devices Device Family Pack.
   * Component: Startup Version: 8.11.1

<h2>Collection of Component include folders:</h2>
  D:\N_project\nRF5_SDK_12.3.0_d7731ad\nRF5_SDK_12.3.0_d7731ad\examples\ble_peripheral\ble_app_hids_mouse\pca10028\s130\arm5_no_packs\RTE
  D:\Keil_v5\ARM\PACK\ARM\CMSIS\4.5.0\CMSIS\Include
  D:\Keil_v5\ARM\PACK\NordicSemiconductor\nRF_DeviceFamilyPack\8.11.1\Device\Include

<h2>Collection of Component Files used:</h2>

   * Component: ARM::CMSIS:CORE:4.3.0

   * Component: NordicSemiconductor::Device:Startup:8.11.1
      Source file:   Device\Source\arm\arm_startup_nrf51.s
      Source file:   Device\Source\system_nrf51.c
      Include file:  Device\Include\system_nrf51.h
</pre>
</body>
</html>
 another type
      nrf_gpio_cfg_input(p_config->pselb, GPIO_PIN_CNF_PULL_Pulldown);
..\..\..\..\..\..\components\drivers_nrf\qdec\nrf_drv_qdec.c: 2 warnings, 0 errors
compiling nrf_drv_spi.c...
compiling nrf_drv_timer.c...
compiling nrf_queue.c...
compiling nrf_drv_rng.c...
compiling nrf_drv_adc.c...
compiling nrf_drv_rtc.c...
compiling app_button.c...
compiling app_error.c...
compiling app_error_weak.c...
compiling app_scheduler.c...
compiling app_timer.c...
compiling app_timer_appsh.c...
compiling app_util_platform.c...
compiling crc16.c...
compiling fds.c...
compiling fstorage.c...
compiling hardfault_implementation.c...
compiling nrf_assert.c...
compiling sdk_errors.c...
compiling sdk_mapped_flags.c...
compiling sensorsim.c...
compiling nrf_log_backend_serial.c...
compiling nrf_log_frontend.c...
compiling RTT_Syscalls_KEIL.c...
compiling SEGGER_RTT.c...
compiling SEGGER_RTT_printf.c...
compiling softdevice_handler.c...
compiling softdevice_handler_appsh.c...
compiling nrf_esb.c...
assembling arm_startup_nrf51.s...
compiling system_nrf51.c...
linking...
Program Size: Code=73740 RO-data=1384 RW-data=992 ZI-data=7216  
FromELF: creating hex file...
".\_build\nrf51822_xxac.axf" - 0 Error(s), 68 Warning(s).

<h2>Software Packages used:</h2>

Package Vendor: ARM
                http://www.keil.com/pack/ARM.CMSIS.4.5.0.pack
                ARM::CMSIS:CORE:4.3.0
                CMSIS (Cortex Microcontroller Software Interface Standard)
   * Component: CORE Version: 4.3.0

Package Vendor: NordicSemiconductor
                http://developer.nordicsemi.com/nRF5_SDK/pieces/nRF_DeviceFamilyPack/NordicSemiconductor.nRF_DeviceFamilyPack.8.11.1.pack
                NordicSemiconductor::Device:Startup:8.11.1
                Nordic Semiconductor nRF ARM devices Device Family Pack.
   * Component: Startup Version: 8.11.1

<h2>Collection of Component include folders:</h2>
  D:\N_project\nRF5_SDK_12.3.0_d7731ad\nRF5_SDK_12.3.0_d7731ad\examples\ble_peripheral\ble_app_hids_mouse\pca10028\s130\arm5_no_packs\RTE
  D:\Keil_v5\ARM\PACK\ARM\CMSIS\4.5.0\CMSIS\Include
  D:\Keil_v5\ARM\PACK\NordicSemiconductor\nRF_DeviceFamilyPack\8.11.1\Device\Include

<h2>Collection of Component Files used:</h2>

   * Component: ARM::CMSIS:CORE:4.3.0

   * Component: NordicSemiconductor::Device:Startup:8.11.1
      Source file:   Device\Source\arm\arm_startup_nrf51.s
      Source file:   Device\Source\system_nrf51.c
      Include file:  Device\Include\system_nrf51.h
