<html>
<body>
<pre>
<h1>µVision Build Log</h1>
<h2>Tool Versions:</h2>
IDE-Version: ¶ÃVision V5.12.0.0
Copyright (C) 2014 ARM Ltd and ARM Germany GmbH. All rights reserved.
License Information: 123 Aero÷π≤Ω, Microsoft, LIC=6XJHL-089WC-MQF0F-6N867-W6ZJA-GTQDV
 
Tool Versions:
Toolchain:       MDK-ARM Professional  Version: 5.12.0.0
Toolchain Path:  D:\Keil_v5\ARM\ARMCC\Bin
C Compiler:      Armcc.exe V5.05 (build 41)
Assembler:       Armasm.exe V5.05 (build 41)
Linker/Locator:  ArmLink.exe V5.05 (build 41)
Library Manager: ArmAr.exe V5.05 (build 41)
Hex Converter:   FromElf.exe V5.05 (build 41)
CPU DLL:         SARMCM3.DLL V5.12.0.0
Dialog DLL:      DARMCM1.DLL V1.11.00.0
    Target DLL: Segger\JL2CM3.dll
Dialog DLL:      TARMCM1.DLL V1.08.00.0
 
<h2>Project:</h2>
D:\N_project\nRF5_SDK_12.3.0_d7731ad\nRF5_SDK_12.3.0_d7731ad\examples\ble_peripheral\ble_app_hids_mouse\pca10028\s130\arm5_no_packs\ble_app_hids_mouse_pca10028_s130.uvprojx
Project File Date:  02/28/2019

<h2>Output:</h2>
Build target 'nrf51422_xxac'
compiling main.c...
..\..\..\main.c(614): warning:  #188-D: enumerated type mixed with another type
                                nrf_drv_spi_config_t spi_config = NRF_DRV_SPI_DEFAULT_CONFIG;
..\..\..\main.c(630): warning:  #188-D: enumerated type mixed with another type
                                nrf_gpio_cfg_input(QDEC_CONFIG_PIO_A, GPIO_PIN_CNF_PULL_Pulldown);
..\..\..\main.c(631): warning:  #188-D: enumerated type mixed with another type
                                nrf_gpio_cfg_input(QDEC_CONFIG_PIO_B, GPIO_PIN_CNF_PULL_Pulldown);
..\..\..\main.c(713): warning:  #188-D: enumerated type mixed with another type
                                                                        nrf_drv_spi_config_t spi_config = NRF_DRV_SPI_DEFAULT_CONFIG;
..\..\..\main.c(730): warning:  #188-D: enumerated type mixed with another type
                                                                        nrf_gpio_cfg_input(QDEC_CONFIG_PIO_A, GPIO_PIN_CNF_PULL_Pulldown);
..\..\..\main.c(731): warning:  #188-D: enumerated type mixed with another type
                                                                        nrf_gpio_cfg_input(QDEC_CONFIG_PIO_B, GPIO_PIN_CNF_PULL_Pulldown);
..\..\..\main.c(603): warning:  #177-D: variable "ret" was declared but never referenced
                ret_code_t ret;
..\..\..\main.c(916): warning:  #188-D: enumerated type mixed with another type
                                nrf_drv_spi_config_t spi_config = NRF_DRV_SPI_DEFAULT_CONFIG;
..\..\..\main.c(1043): warning:  #186-D: pointless comparison of unsigned integer with zero
                        if(AverageVoltage>=0)
..\..\..\main.c(1092): warning:  #188-D: enumerated type mixed with another type
                                                                nrf_drv_spi_config_t spi_config = NRF_DRV_SPI_DEFAULT_CONFIG;
..\..\..\main.c(1125): warning:  #188-D: enumerated type mixed with another type
                                                        nrf_gpio_cfg_input(QDEC_CONFIG_PIO_A, GPIO_PIN_CNF_PULL_Pullup);
..\..\..\main.c(1126): warning:  #188-D: enumerated type mixed with another type
                                                        nrf_gpio_cfg_input(QDEC_CONFIG_PIO_B, GPIO_PIN_CNF_PULL_Pullup);
..\..\..\main.c(905): warning:  #177-D: variable "i" was declared but never referenced
                uint8_t i = 0;
..\..\..\main.c(906): warning:  #177-D: variable "gap_conn_params" was declared but never referenced
                ble_gap_conn_params_t   gap_conn_params;
..\..\..\main.c(1266): warning:  #188-D: enumerated type mixed with another type
                                                nrf_gpio_cfg_input(QDEC_CONFIG_PIO_A, GPIO_PIN_CNF_PULL_Pullup);
..\..\..\main.c(1267): warning:  #188-D: enumerated type mixed with another type
                                                nrf_gpio_cfg_input(QDEC_CONFIG_PIO_B, GPIO_PIN_CNF_PULL_Pullup);
..\..\..\main.c(2000): warning:  #188-D: enumerated type mixed with another type
                                        nrf_drv_spi_config_t spi_config = NRF_DRV_SPI_DEFAULT_CONFIG;
..\..\..\main.c(2032): warning:  #188-D: enumerated type mixed with another type
                                        nrf_gpio_cfg_input(QDEC_CONFIG_PIO_A, GPIO_PIN_CNF_PULL_Pullup);
..\..\..\main.c(2033): warning:  #188-D: enumerated type mixed with another type
                                        nrf_gpio_cfg_input(QDEC_CONFIG_PIO_B, GPIO_PIN_CNF_PULL_Pullup);
..\..\..\main.c(2605): warning:  #188-D: enumerated type mixed with another type
                                                                                        nrf_drv_spi_config_t spi_config = NRF_DRV_SPI_DEFAULT_CONFIG;
..\..\..\main.c(2760): warning:  #188-D: enumerated type mixed with another type
                                                                                nrf_drv_spi_config_t spi_config = NRF_DRV_SPI_DEFAULT_CONFIG;
..\..\..\main.c(2907): warning:  #188-D: enumerated type mixed with another type
                                                                nrf_drv_spi_config_t spi_config = NRF_DRV_SPI_DEFAULT_CONFIG;
..\..\..\main.c(3079): warning:  #188-D: enumerated type mixed with another type
                                        nrf_drv_spi_config_t spi_config = NRF_DRV_SPI_DEFAULT_CONFIG;
..\..\..\main.c(2562): warning:  #177-D: variable "gap_conn_params" was declared but never referenced
                ble_gap_conn_params_t   gap_conn_params;
..\..\..\main.c(2563): warning:  #177-D: variable "current_peer_id" was declared but never referenced
                pm_peer_id_t current_peer_id = 0;
..\..\..\main.c(3256): warning:  #188-D: enumerated type mixed with another type
                                        nrf_drv_spi_config_t spi_config = NRF_DRV_SPI_DEFAULT_CONFIG;
..\..\..\main.c(3374): warning:  #111-D: statement is unreachable
                                        break;
..\..\..\main.c(3378): warning:  #111-D: statement is unreachable
                                        break;
..\..\..\main.c(3382): warning:  #111-D: statement is unreachable
                                        break;
..\..\..\main.c(3386): warning:  #111-D: statement is unreachable
                                        break;
..\..\..\main.c(3391): warning:  #111-D: statement is unreachable
                                        break;
..\..\..\main.c(3396): warning:  #111-D: statement is unreachable
                                        break;
..\..\..\main.c(3539): warning:  #188-D: enumerated type mixed with another type
                        nrf_drv_spi_config_t spi_config = NRF_DRV_SPI_DEFAULT_CONFIG;
..\..\..\main.c(3716): warning:  #940-D: missing return statement at end of non-void function "modify_base_address_0"
  }
..\..\..\main.c(3724): warning:  #940-D: missing return statement at end of non-void function "modify_base_address_0_encrypt"
  }
..\..\..\main.c(3918): warning:  #186-D: pointless comparison of unsigned integer with zero
                                                if(AverageVoltage>=0)
..\..\..\main.c(3786): warning:  #177-D: variable "err_code" was declared but never referenced
        uint32_t err_code;
..\..\..\main.c(4269): warning:  #188-D: enumerated type mixed with another type
        nrf_gpio_cfg_input(18, GPIO_PIN_CNF_PULL_Pullup);
..\..\..\main.c(4270): warning:  #188-D: enumerated type mixed with another type
        nrf_gpio_cfg_input(19, GPIO_PIN_CNF_PULL_Pullup);
..\..\..\main.c(4271): warning:  #188-D: enumerated type mixed with another type
        nrf_gpio_cfg_input(20, GPIO_PIN_CNF_PULL_Pullup);
..\..\..\main.c(4425): warning:  #188-D: enumerated type mixed with another type
                                nrf_drv_spi_config_t spi_config = NRF_DRV_SPI_DEFAULT_CONFIG;
..\..\..\main.c(4921): warning:  #188-D: enumerated type mixed with another type
                                timer_cfg.bit_width = TIMER_BITMODE_BITMODE_32Bit;
..\..\..\main.c(4975): warning:  #188-D: enumerated type mixed with another type
                                gpiote_config.pull  = GPIO_PIN_CNF_PULL_Pullup;
..\..\..\main.c(5011): warning:  #188-D: enumerated type mixed with another type
                                nrf_drv_spi_config_t spi_config = NRF_DRV_SPI_DEFAULT_CONFIG;
..\..\..\main.c(5448): warning:  #188-D: enumerated type mixed with another type
                                                                        nrf_drv_spi_config_t spi_config = NRF_DRV_SPI_DEFAULT_CONFIG;
..\..\..\main.c(5495): warning:  #188-D: enumerated type mixed with another type
                                                                        nrf_gpio_cfg_input(QDEC_CONFIG_PIO_A, GPIO_PIN_CNF_PULL_Pullup);
..\..\..\main.c(5496): warning:  #188-D: enumerated type mixed with another type
                                                                        nrf_gpio_cfg_input(QDEC_CONFIG_PIO_B, GPIO_PIN_CNF_PULL_Pullup);
..\..\..\main.c(5617): warning:  #188-D: enumerated type mixed with another type
                                                                nrf_drv_spi_config_t spi_config = NRF_DRV_SPI_DEFAULT_CONFIG;
..\..\..\main.c(5675): warning:  #188-D: enumerated type mixed with another type
                                                                nrf_gpio_cfg_input(QDEC_CONFIG_PIO_A, GPIO_PIN_CNF_PULL_Pullup);
..\..\..\main.c(5676): warning:  #188-D: enumerated type mixed with another type
                                                                nrf_gpio_cfg_input(QDEC_CONFIG_PIO_B, GPIO_PIN_CNF_PULL_Pullup);
..\..\..\main.c(5694): warning:  #188-D: enumerated type mixed with another type
                                                                nrf_gpio_cfg_input(QDEC_CONFIG_PIO_A, GPIO_PIN_CNF_PULL_Pullup);
..\..\..\main.c(5695): warning:  #188-D: enumerated type mixed with another type
                                                                nrf_gpio_cfg_input(QDEC_CONFIG_PIO_B, GPIO_PIN_CNF_PULL_Pullup);
..\..\..\main.c(5709): warning:  #188-D: enumerated type mixed with another type
                                                                        nrf_drv_spi_config_t spi_config = NRF_DRV_SPI_DEFAULT_CONFIG;
..\..\..\main.c(5739): warning:  #188-D: enumerated type mixed with another type
                                                                nrf_drv_spi_config_t spi_config = NRF_DRV_SPI_DEFAULT_CONFIG;
..\..\..\main.c(5810): warning:  #188-D: enumerated type mixed with another type
                                                                        nrf_drv_spi_config_t spi_config = NRF_DRV_SPI_DEFAULT_CONFIG;
..\..\..\main.c(484): warning:  #550-D: variable "m_is_wl_changed" was set but never used
  static bool           m_is_wl_changed;                                      /**< Indicates if the whitelist has been changed since last time it has been updated in the Peer Manager. */
..\..\..\main.c(2480): warning:  #177-D: function "mouse_Authorization_send" was declared but never referenced
  static void mouse_Authorization_send(void)
..\..\..\main.c(1846): warning:  #177-D: function "timers_start" was declared but never referenced
  static void timers_start(void)
..\..\..\main.c: 58 warnings, 0 errors
linking...
Program Size: Code=72632 RO-data=1384 RW-data=992 ZI-data=7216  
FromELF: creating hex file...
".\_build\nrf51822_xxac.axf" - 0 Error(s), 58 Warning(s).

<h2>Software Packages used:</h2>

Package Vendor: ARM
                http://www.keil.com/pack/ARM.CMSIS.4.5.0.pack
                ARM::CMSIS:CORE:4.3.0
                CMSIS (Cortex Microcontroller Software Interface Standard)
   * Component: CORE Version: 4.3.0

Package Vendor: NordicSemiconductor
                http://developer.nordicsemi.com/nRF5_SDK/pieces/nRF_DeviceFamilyPack/NordicSemiconductor.nRF_DeviceFamilyPack.8.11.1.pack
                NordicSemiconductor::Device:Startup:8.11.1
                Nordic Semiconductor nRF ARM devices Device Family Pack.
   * Component: Startup Version: 8.11.1

<h2>Collection of Component include folders:</h2>
  D:\N_project\nRF5_SDK_12.3.0_d7731ad\nRF5_SDK_12.3.0_d7731ad\examples\ble_peripheral\ble_app_hids_mouse\pca10028\s130\arm5_no_packs\RTE
  D:\Keil_v5\ARM\PACK\ARM\CMSIS\4.5.0\CMSIS\Include
  D:\Keil_v5\ARM\PACK\NordicSemiconductor\nRF_DeviceFamilyPack\8.11.1\Device\Include

<h2>Collection of Component Files used:</h2>

   * Component: ARM::CMSIS:CORE:4.3.0

   * Component: NordicSemiconductor::Device:Startup:8.11.1
      Source file:   Device\Source\arm\arm_startup_nrf51.s
      Source file:   Device\Source\system_nrf51.c
      Include file:  Device\Include\system_nrf51.h
</pre>
</body>
</html>
.\components\ble\peer_manager\id_manager.c(275): warning:  #177-D: variable "i" was declared but never referenced
                uint16_t i = 0;
..\..\..\..\..\..\components\ble\peer_manager\id_manager.c: 1 warning, 0 errors
compiling peer_data.c...
compiling peer_data_storage.c...
..\..\..\..\..\..\components\ble\peer_manager\peer_data_storage.c(392): warning:  #177-D: variable "i" was declared but never referenced
                uint16_t i = 0;
..\..\..\..\..\..\components\ble\peer_manager\peer_data_storage.c: 1 warning, 0 errors
compiling peer_database.c...
..\..\..\..\..\..\components\ble\peer_manager\peer_database.c(674): warning:  #177-D: variable "i" was declared but never referenced
                uint16_t i = 0;
..\..\..\..\..\..\components\ble\peer_manager\peer_database.c: 1 warning, 0 errors
compiling peer_id.c...
compiling peer_manager.c...
compiling pm_buffer.c...
compiling pm_mutex.c...
compiling security_dispatcher.c...
compiling security_manager.c...
compiling ble_bas.c...
compiling ble_dis.c...
compiling ble_hids.c...
compiling nrf_drv_clock.c...
compiling nrf_drv_common.c...
compiling nrf_drv_gpiote.c...
compiling nrf_drv_uart.c...
compiling nrf_drv_qdec.c...
..\..\..\..\..\..\components\drivers_nrf\qdec\nrf_drv_qdec.c(145): warning:  #188-D: enumerated type mixed with another type
      nrf_gpio_cfg_input(p_config->psela, GPIO_PIN_CNF_PULL_Pulldown);
..\..\..\..\..\..\components\drivers_nrf\qdec\nrf_drv_qdec.c(146): warning:  #188-D: enumerated type mixed with another type
      nrf_gpio_cfg_input(p_config->pselb, GPIO_PIN_CNF_PULL_Pulldown);
..\..\..\..\..\..\components\drivers_nrf\qdec\nrf_drv_qdec.c: 2 warnings, 0 errors
compiling nrf_drv_spi.c...
compiling nrf_drv_timer.c...
compiling nrf_queue.c...
compiling nrf_drv_rng.c...
compiling nrf_drv_adc.c...
compiling nrf_drv_rtc.c...
compiling app_button.c...
compiling app_error.c...
compiling app_error_weak.c...
compiling app_scheduler.c...
compiling app_timer.c...
compiling app_timer_appsh.c...
compiling app_util_platform.c...
compiling crc16.c...
compiling fds.c...
compiling fstorage.c...
compiling hardfault_implementation.c...
compiling nrf_assert.c...
compiling sdk_errors.c...
compiling sdk_mapped_flags.c...
compiling sensorsim.c...
compiling nrf_log_backend_serial.c...
compiling nrf_log_frontend.c...
compiling RTT_Syscalls_KEIL.c...
compiling SEGGER_RTT.c...
compiling SEGGER_RTT_printf.c...
compiling softdevice_handler.c...
compiling softdevice_handler_appsh.c...
compiling nrf_esb.c...
assembling arm_startup_nrf51.s...
compiling system_nrf51.c...
linking...
Program Size: Code=72632 RO-data=1384 RW-data=992 ZI-data=7216  
FromELF: creating hex file...
".\_build\nrf51822_xxac.axf" - 0 Error(s), 70 Warning(s).

<h2>Software Packages used:</h2>

Package Vendor: ARM
                http://www.keil.com/pack/ARM.CMSIS.4.5.0.pack
                ARM::CMSIS:CORE:4.3.0
                CMSIS (Cortex Microcontroller Software Interface Standard)
   * Component: CORE Version: 4.3.0

Package Vendor: NordicSemiconductor
                http://developer.nordicsemi.com/nRF5_SDK/pieces/nRF_DeviceFamilyPack/NordicSemiconductor.nRF_DeviceFamilyPack.8.11.1.pack
                NordicSemiconductor::Device:Startup:8.11.1
                Nordic Semiconductor nRF ARM devices Device Family Pack.
   * Component: Startup Version: 8.11.1

<h2>Collection of Component include folders:</h2>
  D:\N_project\nRF5_SDK_12.3.0_d7731ad\nRF5_SDK_12.3.0_d7731ad\examples\ble_peripheral\ble_app_hids_mouse\pca10028\s130\arm5_no_packs\RTE
  D:\Keil_v5\ARM\PACK\ARM\CMSIS\4.5.0\CMSIS\Include
  D:\Keil_v5\ARM\PACK\NordicSemiconductor\nRF_DeviceFamilyPack\8.11.1\Device\Include

<h2>Collection of Component Files used:</h2>

   * Component: ARM::CMSIS:CORE:4.3.0

   * Component: NordicSemiconductor::Device:Startup:8.11.1
      Source file:   Device\Source\arm\arm_startup_nrf51.s
      Source file:   Device\Source\system_nrf51.c
      Include file:  Device\Include\system_nrf51.h
