<html>
<body>
<pre>
<h1>µVision Build Log</h1>
<h2>Tool Versions:</h2>
IDE-Version: ¶ÃVision V5.12.0.0
Copyright (C) 2014 ARM Ltd and ARM Germany GmbH. All rights reserved.
License Information: 123 Aero÷π≤Ω, Microsoft, LIC=6XJHL-089WC-MQF0F-6N867-W6ZJA-GTQDV
 
Tool Versions:
Toolchain:       MDK-ARM Professional  Version: 5.12.0.0
Toolchain Path:  D:\Keil_v5\ARM\ARMCC\Bin
C Compiler:      Armcc.exe V5.05 (build 41)
Assembler:       Armasm.exe V5.05 (build 41)
Linker/Locator:  ArmLink.exe V5.05 (build 41)
Library Manager: ArmAr.exe V5.05 (build 41)
Hex Converter:   FromElf.exe V5.05 (build 41)
CPU DLL:         SARMCM3.DLL V5.12.0.0
Dialog DLL:      DARMCM1.DLL V1.11.00.0
    Target DLL: Segger\JL2CM3.dll
Dialog DLL:      TARMCM1.DLL V1.08.00.0
 
<h2>Project:</h2>
D:\N_project\nRF5_SDK_12.3.0_d7731ad\nRF5_SDK_12.3.0_d7731ad\examples\ble_peripheral\ble_app_hids_mouse\pca10028\s130\arm5_no_packs\ble_app_hids_mouse_pca10028_s130.uvprojx
Project File Date:  08/12/2019

<h2>Output:</h2>
Build target 'nrf51422_xxac'
compiling main.c...
..\..\..\main.c(645): warning:  #188-D: enumerated type mixed with another type
                                        nrf_drv_spi_config_t spi_config = NRF_DRV_SPI_DEFAULT_CONFIG;
..\..\..\main.c(662): warning:  #188-D: enumerated type mixed with another type
                                nrf_gpio_cfg_input(QDEC_CONFIG_PIO_A, GPIO_PIN_CNF_PULL_Pulldown);
..\..\..\main.c(663): warning:  #188-D: enumerated type mixed with another type
                                nrf_gpio_cfg_input(QDEC_CONFIG_PIO_B, GPIO_PIN_CNF_PULL_Pulldown);
..\..\..\main.c(747): warning:  #188-D: enumerated type mixed with another type
                                                                                nrf_drv_spi_config_t spi_config = NRF_DRV_SPI_DEFAULT_CONFIG;
..\..\..\main.c(765): warning:  #188-D: enumerated type mixed with another type
                                                                        nrf_gpio_cfg_input(QDEC_CONFIG_PIO_A, GPIO_PIN_CNF_PULL_Pulldown);
..\..\..\main.c(766): warning:  #188-D: enumerated type mixed with another type
                                                                        nrf_gpio_cfg_input(QDEC_CONFIG_PIO_B, GPIO_PIN_CNF_PULL_Pulldown);
..\..\..\main.c(632): warning:  #177-D: variable "ret" was declared but never referenced
                ret_code_t ret;
..\..\..\main.c(1004): warning:  #188-D: enumerated type mixed with another type
                                        nrf_drv_spi_config_t spi_config = NRF_DRV_SPI_DEFAULT_CONFIG;
..\..\..\main.c(1210): warning:  #188-D: enumerated type mixed with another type
                                                                        nrf_drv_spi_config_t spi_config = NRF_DRV_SPI_DEFAULT_CONFIG;
..\..\..\main.c(1247): warning:  #188-D: enumerated type mixed with another type
                                                        nrf_gpio_cfg_input(QDEC_CONFIG_PIO_A, GPIO_PIN_CNF_PULL_Pullup);
..\..\..\main.c(1248): warning:  #188-D: enumerated type mixed with another type
                                                        nrf_gpio_cfg_input(QDEC_CONFIG_PIO_B, GPIO_PIN_CNF_PULL_Pullup);
..\..\..\main.c(940): warning:  #177-D: variable "i" was declared but never referenced
                uint8_t i = 0;
..\..\..\main.c(941): warning:  #177-D: variable "gap_conn_params" was declared but never referenced
                ble_gap_conn_params_t   gap_conn_params;
..\..\..\main.c(1408): warning:  #188-D: enumerated type mixed with another type
                                                nrf_gpio_cfg_input(QDEC_CONFIG_PIO_A, GPIO_PIN_CNF_PULL_Pullup);
..\..\..\main.c(1409): warning:  #188-D: enumerated type mixed with another type
                                                nrf_gpio_cfg_input(QDEC_CONFIG_PIO_B, GPIO_PIN_CNF_PULL_Pullup);
..\..\..\main.c(2161): warning:  #188-D: enumerated type mixed with another type
                                                nrf_drv_spi_config_t spi_config = NRF_DRV_SPI_DEFAULT_CONFIG;
..\..\..\main.c(2197): warning:  #188-D: enumerated type mixed with another type
                                        nrf_gpio_cfg_input(QDEC_CONFIG_PIO_A, GPIO_PIN_CNF_PULL_Pullup);
..\..\..\main.c(2198): warning:  #188-D: enumerated type mixed with another type
                                        nrf_gpio_cfg_input(QDEC_CONFIG_PIO_B, GPIO_PIN_CNF_PULL_Pullup);
..\..\..\main.c(2063): warning:  #177-D: variable "motion_x" was declared but never referenced
                int16_t motion_x, motion_y;
..\..\..\main.c(2063): warning:  #177-D: variable "motion_y" was declared but never referenced
                int16_t motion_x, motion_y;
..\..\..\main.c(2766): warning:  #188-D: enumerated type mixed with another type
                                                        nrf_drv_spi_config_t spi_config = NRF_DRV_SPI_DEFAULT_CONFIG;
..\..\..\main.c(2893): warning:  #188-D: enumerated type mixed with another type
                                                                        nrf_drv_spi_config_t spi_config = NRF_DRV_SPI_DEFAULT_CONFIG;
..\..\..\main.c(2984): warning:  #188-D: enumerated type mixed with another type
                                                                                        nrf_drv_spi_config_t spi_config = NRF_DRV_SPI_DEFAULT_CONFIG;
..\..\..\main.c(3139): warning:  #188-D: enumerated type mixed with another type
                                                                        nrf_drv_spi_config_t spi_config = NRF_DRV_SPI_DEFAULT_CONFIG;
..\..\..\main.c(3208): warning:  #188-D: enumerated type mixed with another type
                                                                nrf_drv_spi_config_t spi_config = NRF_DRV_SPI_DEFAULT_CONFIG;
..\..\..\main.c(3327): warning:  #188-D: enumerated type mixed with another type
                                                nrf_drv_spi_config_t spi_config = NRF_DRV_SPI_DEFAULT_CONFIG;
..\..\..\main.c(2727): warning:  #177-D: variable "gap_conn_params" was declared but never referenced
                ble_gap_conn_params_t   gap_conn_params;
..\..\..\main.c(3517): warning:  #188-D: enumerated type mixed with another type
                                                nrf_drv_spi_config_t spi_config = NRF_DRV_SPI_DEFAULT_CONFIG;
..\..\..\main.c(3636): warning:  #111-D: statement is unreachable
                                        break;
..\..\..\main.c(3640): warning:  #111-D: statement is unreachable
                                        break;
..\..\..\main.c(3644): warning:  #111-D: statement is unreachable
                                        break;
..\..\..\main.c(3648): warning:  #111-D: statement is unreachable
                                        break;
..\..\..\main.c(3653): warning:  #111-D: statement is unreachable
                                        break;
..\..\..\main.c(3658): warning:  #111-D: statement is unreachable
                                        break;
..\..\..\main.c(3809): warning:  #188-D: enumerated type mixed with another type
                                        nrf_drv_spi_config_t spi_config = NRF_DRV_SPI_DEFAULT_CONFIG;
..\..\..\main.c(3860): warning:  #177-D: variable "work_mode_addr" was declared but never referenced
        uint32_t * work_mode_addr;
..\..\..\main.c(4002): warning:  #940-D: missing return statement at end of non-void function "modify_base_address_0"
  }
..\..\..\main.c(4010): warning:  #940-D: missing return statement at end of non-void function "modify_base_address_0_encrypt"
  }
..\..\..\main.c(4069): warning:  #177-D: variable "err_code" was declared but never referenced
        uint32_t err_code;
..\..\..\main.c(4453): warning:  #177-D: variable "BDaddrEncryptData" was declared but never referenced
        uint8_t BDaddrEncryptData[6];
..\..\..\main.c(4454): warning:  #177-D: variable "BDaddrData" was declared but never referenced
        uint8_t BDaddrData[6];
..\..\..\main.c(4455): warning:  #177-D: variable "motion_x" was declared but never referenced
        int16_t motion_x, motion_y;
..\..\..\main.c(4455): warning:  #177-D: variable "motion_y" was declared but never referenced
        int16_t motion_x, motion_y;
..\..\..\main.c(4458): warning:  #177-D: variable "ResetReason" was declared but never referenced
        uint32_t ResetReason = 0;
..\..\..\main.c(4459): warning:  #177-D: variable "time_ms" was declared but never referenced
        uint32_t time_ms = 8; //Time(in miliseconds) between consecutive compare events.
..\..\..\main.c(4460): warning:  #177-D: variable "time_ticks" was declared but never referenced
        uint32_t time_ticks;
..\..\..\main.c(4461): warning:  #177-D: variable "hop_frequency_timeout" was declared but never referenced
        uint32_t hop_frequency_timeout = 0;
..\..\..\main.c(4462): warning:  #177-D: variable "err_code" was declared but never referenced
        uint32_t err_code;
..\..\..\main.c(4463): warning:  #177-D: variable "flash_addr" was declared but never referenced
        uint32_t * flash_addr;
..\..\..\main.c(4470): warning:  #177-D: variable "my_temp" was declared but never referenced
        uint8_t my_temp = 0;
..\..\..\main.c(4471): warning:  #177-D: variable "k" was declared but never referenced
        uint8_t k = 0;
..\..\..\main.c(4472): warning:  #177-D: variable "n" was declared but never referenced
        uint8_t n = 0;
..\..\..\main.c(4796): warning:  #188-D: enumerated type mixed with another type
                                                        nrf_drv_spi_config_t spi_config = NRF_DRV_SPI_DEFAULT_CONFIG;
..\..\..\main.c(4840): warning:  #188-D: enumerated type mixed with another type
                                                nrf_gpio_cfg_input(QDEC_CONFIG_PIO_A, GPIO_PIN_CNF_PULL_Pullup);
..\..\..\main.c(4841): warning:  #188-D: enumerated type mixed with another type
                                                nrf_gpio_cfg_input(QDEC_CONFIG_PIO_B, GPIO_PIN_CNF_PULL_Pullup);
..\..\..\main.c(4928): warning:  #188-D: enumerated type mixed with another type
                                                nrf_drv_spi_config_t spi_config = NRF_DRV_SPI_DEFAULT_CONFIG;
..\..\..\main.c(4990): warning:  #188-D: enumerated type mixed with another type
                                        nrf_gpio_cfg_input(QDEC_CONFIG_PIO_A, GPIO_PIN_CNF_PULL_Pullup);
..\..\..\main.c(4991): warning:  #188-D: enumerated type mixed with another type
                                        nrf_gpio_cfg_input(QDEC_CONFIG_PIO_B, GPIO_PIN_CNF_PULL_Pullup);
..\..\..\main.c(5045): warning:  #188-D: enumerated type mixed with another type
                                        nrf_gpio_cfg_input(QDEC_CONFIG_PIO_A, GPIO_PIN_CNF_PULL_Pullup);
..\..\..\main.c(5046): warning:  #188-D: enumerated type mixed with another type
                                        nrf_gpio_cfg_input(QDEC_CONFIG_PIO_B, GPIO_PIN_CNF_PULL_Pullup);
..\..\..\main.c(5064): warning:  #188-D: enumerated type mixed with another type
                                                nrf_drv_spi_config_t spi_config = NRF_DRV_SPI_DEFAULT_CONFIG;
..\..\..\main.c(5143): warning:  #188-D: enumerated type mixed with another type
                                                        nrf_drv_spi_config_t spi_config = NRF_DRV_SPI_DEFAULT_CONFIG;
..\..\..\main.c(4678): warning:  #177-D: variable "BDaddrEncryptData" was declared but never referenced
        uint8_t BDaddrEncryptData[6];
..\..\..\main.c(4679): warning:  #177-D: variable "BDaddrData" was declared but never referenced
        uint8_t BDaddrData[6];
..\..\..\main.c(4681): warning:  #177-D: variable "i" was declared but never referenced
        uint16_t i = 0;
..\..\..\main.c(4683): warning:  #177-D: variable "ResetReason" was declared but never referenced
        uint32_t ResetReason = 0;
..\..\..\main.c(4684): warning:  #177-D: variable "time_ms" was declared but never referenced
        uint32_t time_ms = 8; //Time(in miliseconds) between consecutive compare events.
..\..\..\main.c(4685): warning:  #177-D: variable "time_ticks" was declared but never referenced
        uint32_t time_ticks;
..\..\..\main.c(4690): warning:  #177-D: variable "pairing_loop_count" was declared but never referenced
        uint16_t pairing_loop_count = 0;
..\..\..\main.c(4691): warning:  #177-D: variable "page_loop_count" was declared but never referenced
        uint16_t page_loop_count = 0;                     //0-749 -10dbm, 750-1499, -5dbm, 1500-2250 0dbm; 750*4ms=3s, 3000*3ms=9s
..\..\..\main.c(4693): warning:  #177-D: variable "m_TX_attempt" was declared but never referenced
        uint8_t m_TX_attempt = 0;
..\..\..\main.c(4697): warning:  #177-D: variable "n" was declared but never referenced
        uint8_t n = 0;
..\..\..\main.c(5409): warning:  #188-D: enumerated type mixed with another type
        nrf_gpio_cfg_input(28, GPIO_PIN_CNF_PULL_Pullup);
..\..\..\main.c(5410): warning:  #188-D: enumerated type mixed with another type
        nrf_gpio_cfg_input(29, GPIO_PIN_CNF_PULL_Pullup);
..\..\..\main.c(5512): warning:  #188-D: enumerated type mixed with another type
                nrf_gpio_cfg_input(14, GPIO_PIN_CNF_PULL_Pullup);
..\..\..\main.c(5583): warning:  #188-D: enumerated type mixed with another type
        nrf_gpio_cfg_input(18, GPIO_PIN_CNF_PULL_Pullup);
..\..\..\main.c(5584): warning:  #188-D: enumerated type mixed with another type
        nrf_gpio_cfg_input(19, GPIO_PIN_CNF_PULL_Pullup);
..\..\..\main.c(5585): warning:  #188-D: enumerated type mixed with another type
        nrf_gpio_cfg_input(20, GPIO_PIN_CNF_PULL_Pullup);
..\..\..\main.c(5745): warning:  #188-D: enumerated type mixed with another type
                                        nrf_drv_spi_config_t spi_config = NRF_DRV_SPI_DEFAULT_CONFIG;
..\..\..\main.c(6157): warning:  #188-D: enumerated type mixed with another type
                                timer_cfg.bit_width = TIMER_BITMODE_BITMODE_32Bit;
..\..\..\main.c(6211): warning:  #188-D: enumerated type mixed with another type
                                gpiote_config.pull  = GPIO_PIN_CNF_PULL_Pullup;
..\..\..\main.c(6249): warning:  #188-D: enumerated type mixed with another type
                                        nrf_drv_spi_config_t spi_config = NRF_DRV_SPI_DEFAULT_CONFIG;
..\..\..\main.c(5452): warning:  #177-D: variable "work_mode_addr_1" was declared but never referenced
        uint32_t * work_mode_addr_1;
..\..\..\main.c(5456): warning:  #177-D: variable "motion_x" was declared but never referenced
        int16_t motion_x, motion_y;
..\..\..\main.c(5456): warning:  #177-D: variable "motion_y" was declared but never referenced
        int16_t motion_x, motion_y;
..\..\..\main.c(5462): warning:  #177-D: variable "hop_frequency_timeout" was declared but never referenced
        uint32_t hop_frequency_timeout = 0;
..\..\..\main.c(5465): warning:  #177-D: variable "flash_addr_2" was declared but never referenced
        uint32_t * flash_addr_2;
..\..\..\main.c(5467): warning:  #550-D: variable "pairing_loop_count" was set but never used
        uint16_t pairing_loop_count = 0;
..\..\..\main.c(5468): warning:  #550-D: variable "page_loop_count" was set but never used
        uint16_t page_loop_count = 0;                     //0-749 -10dbm, 750-1499, -5dbm, 1500-2250 0dbm; 750*4ms=3s, 3000*3ms=9s
..\..\..\main.c(5469): warning:  #550-D: variable "page_common_count" was set but never used
        uint8_t page_common_count = 0;
..\..\..\main.c(5470): warning:  #177-D: variable "m_TX_attempt" was declared but never referenced
        uint8_t m_TX_attempt = 0;
..\..\..\main.c(5472): warning:  #177-D: variable "my_temp" was declared but never referenced
        uint8_t my_temp = 0;
..\..\..\main.c(5477): warning:  #177-D: variable "hop_frequency_mode" was declared but never referenced
        bool hop_frequency_mode = true;
..\..\..\main.c(512): warning:  #550-D: variable "m_is_wl_changed" was set but never used
  static bool           m_is_wl_changed;                                      /**< Indicates if the whitelist has been changed since last time it has been updated in the Peer Manager. */
..\..\..\main.c(1999): warning:  #177-D: function "sleep_mode_enter" was declared but never referenced
  static void sleep_mode_enter(void)
..\..\..\main.c(1983): warning:  #177-D: function "timers_start" was declared but never referenced
  static void timers_start(void)
..\..\..\main.c: 96 warnings, 0 errors
linking...
Program Size: Code=75120 RO-data=1416 RW-data=996 ZI-data=7220  
FromELF: creating hex file...
".\_build\nrf51822_xxac.axf" - 0 Error(s), 96 Warning(s).

<h2>Software Packages used:</h2>

Package Vendor: ARM
                http://www.keil.com/pack/ARM.CMSIS.4.5.0.pack
                ARM::CMSIS:CORE:4.3.0
                CMSIS (Cortex Microcontroller Software Interface Standard)
   * Component: CORE Version: 4.3.0

Package Vendor: NordicSemiconductor
                http://developer.nordicsemi.com/nRF5_SDK/pieces/nRF_DeviceFamilyPack/NordicSemiconductor.nRF_DeviceFamilyPack.8.11.1.pack
                NordicSemiconductor::Device:Startup:8.11.1
                Nordic Semiconductor nRF ARM devices Device Family Pack.
   * Component: Startup Version: 8.11.1

<h2>Collection of Component include folders:</h2>
  D:\N_project\nRF5_SDK_12.3.0_d7731ad\nRF5_SDK_12.3.0_d7731ad\examples\ble_peripheral\ble_app_hids_mouse\pca10028\s130\arm5_no_packs\RTE
  D:\Keil_v5\ARM\PACK\ARM\CMSIS\4.5.0\CMSIS\Include
  D:\Keil_v5\ARM\PACK\NordicSemiconductor\nRF_DeviceFamilyPack\8.11.1\Device\Include
  D:\Keil_v5\ARM\PACK\NordicSemiconductor\nRF_DeviceFamilyPack\8.16.0\Device\Include

<h2>Collection of Component Files used:</h2>

   * Component: ARM::CMSIS:CORE:4.3.0

   * Component: NordicSemiconductor::Device:Startup:8.11.1
      Source file:   Device\Source\arm\arm_startup_nrf51.s
      Source file:   Device\Source\system_nrf51.c
      Include file:  Device\Include\system_nrf51.h
t never referenced
                uint16_t i = 0;
..\..\..\..\..\..\components\ble\peer_manager\peer_data_storage.c: 1 warning, 0 errors
compiling peer_database.c...
..\..\..\..\..\..\components\ble\peer_manager\peer_database.c(674): warning:  #177-D: variable "i" was declared but never referenced
                uint16_t i = 0;
..\..\..\..\..\..\components\ble\peer_manager\peer_database.c: 1 warning, 0 errors
compiling peer_id.c...
compiling peer_manager.c...
compiling pm_buffer.c...
compiling pm_mutex.c...
compiling security_dispatcher.c...
compiling security_manager.c...
compiling ble_bas.c...
compiling ble_dis.c...
compiling ble_hids.c...
compiling nrf_drv_clock.c...
compiling nrf_drv_common.c...
compiling nrf_drv_gpiote.c...
compiling nrf_drv_uart.c...
compiling nrf_drv_qdec.c...
..\..\..\..\..\..\components\drivers_nrf\qdec\nrf_drv_qdec.c(145): warning:  #188-D: enumerated type mixed with another type
      nrf_gpio_cfg_input(p_config->psela, GPIO_PIN_CNF_PULL_Pulldown);
..\..\..\..\..\..\components\drivers_nrf\qdec\nrf_drv_qdec.c(146): warning:  #188-D: enumerated type mixed with another type
      nrf_gpio_cfg_input(p_config->pselb, GPIO_PIN_CNF_PULL_Pulldown);
..\..\..\..\..\..\components\drivers_nrf\qdec\nrf_drv_qdec.c: 2 warnings, 0 errors
compiling nrf_drv_spi.c...
compiling nrf_drv_timer.c...
compiling nrf_queue.c...
compiling nrf_drv_rng.c...
compiling nrf_drv_adc.c...
compiling nrf_drv_rtc.c...
compiling app_button.c...
compiling app_error.c...
compiling app_error_weak.c...
compiling app_scheduler.c...
compiling app_timer.c...
compiling app_timer_appsh.c...
compiling app_util_platform.c...
compiling crc16.c...
compiling fds.c...
compiling fstorage.c...
compiling hardfault_implementation.c...
compiling nrf_assert.c...
compiling sdk_errors.c...
compiling sdk_mapped_flags.c...
compiling sensorsim.c...
compiling nrf_log_backend_serial.c...
compiling nrf_log_frontend.c...
compiling RTT_Syscalls_KEIL.c...
compiling SEGGER_RTT.c...
compiling SEGGER_RTT_printf.c...
compiling softdevice_handler.c...
compiling softdevice_handler_appsh.c...
compiling nrf_esb.c...
assembling arm_startup_nrf51.s...
compiling system_nrf51.c...
linking...
Program Size: Code=75108 RO-data=1416 RW-data=996 ZI-data=7220  
FromELF: creating hex file...
".\_build\nrf51822_xxac.axf" - 0 Error(s), 105 Warning(s).

<h2>Software Packages used:</h2>

Package Vendor: ARM
                http://www.keil.com/pack/ARM.CMSIS.4.5.0.pack
                ARM::CMSIS:CORE:4.3.0
                CMSIS (Cortex Microcontroller Software Interface Standard)
   * Component: CORE Version: 4.3.0

Package Vendor: NordicSemiconductor
                http://developer.nordicsemi.com/nRF5_SDK/pieces/nRF_DeviceFamilyPack/NordicSemiconductor.nRF_DeviceFamilyPack.8.11.1.pack
                NordicSemiconductor::Device:Startup:8.11.1
                Nordic Semiconductor nRF ARM devices Device Family Pack.
   * Component: Startup Version: 8.11.1

<h2>Collection of Component include folders:</h2>
  D:\N_project\nRF5_SDK_12.3.0_d7731ad\nRF5_SDK_12.3.0_d7731ad\examples\ble_peripheral\ble_app_hids_mouse\pca10028\s130\arm5_no_packs\RTE
  D:\Keil_v5\ARM\PACK\ARM\CMSIS\4.5.0\CMSIS\Include
  D:\Keil_v5\ARM\PACK\NordicSemiconductor\nRF_DeviceFamilyPack\8.11.1\Device\Include
  D:\Keil_v5\ARM\PACK\NordicSemiconductor\nRF_DeviceFamilyPack\8.16.0\Device\Include

<h2>Collection of Component Files used:</h2>

   * Component: ARM::CMSIS:CORE:4.3.0

   * Component: NordicSemiconductor::Device:Startup:8.11.1
      Source file:   Device\Source\arm\arm_startup_nrf51.s
      Source file:   Device\Source\system_nrf51.c
      Include file:  Device\Include\system_nrf51.h
