<html>
<body>
<pre>
<h1>µVision Build Log</h1>
<h2>Tool Versions:</h2>
IDE-Version: ¶ÃVision V5.12.0.0
Copyright (C) 2014 ARM Ltd and ARM Germany GmbH. All rights reserved.
License Information: 123 Aero÷π≤Ω, Microsoft, LIC=6XJHL-089WC-MQF0F-6N867-W6ZJA-GTQDV
 
Tool Versions:
Toolchain:       MDK-ARM Professional  Version: 5.12.0.0
Toolchain Path:  D:\Keil_v5\ARM\ARMCC\Bin
C Compiler:      Armcc.exe V5.05 (build 41)
Assembler:       Armasm.exe V5.05 (build 41)
Linker/Locator:  ArmLink.exe V5.05 (build 41)
Library Manager: ArmAr.exe V5.05 (build 41)
Hex Converter:   FromElf.exe V5.05 (build 41)
CPU DLL:         SARMCM3.DLL V5.12.0.0
Dialog DLL:      DARMCM1.DLL V1.11.00.0
    Target DLL: Segger\JL2CM3.dll
Dialog DLL:      TARMCM1.DLL V1.08.00.0
 
<h2>Project:</h2>
D:\N_project\nRF5_SDK_12.3.0_d7731ad\nRF5_SDK_12.3.0_d7731ad\examples\ble_peripheral\ble_app_hids_mouse\pca10028\s130\arm5_no_packs\ble_app_hids_mouse_pca10028_s130.uvprojx
Project File Date:  01/14/2019

<h2>Output:</h2>
Build target 'nrf51422_xxac'
compiling motion_sensor.c...
..\..\..\motion_sensor.c(35): warning:  #177-D: variable "i" was declared but never referenced
        uint16_t i =0;
..\..\..\motion_sensor.c(66): warning:  #167-D: argument of type "int8_t *" is incompatible with parameter of type "const uint8_t *"
                APP_ERROR_CHECK(nrf_drv_spi_transfer(&spi, &buf[0], 2, m_rx_buf, 2));
..\..\..\motion_sensor.c(104): warning:  #177-D: variable "val" was declared but never referenced
        uint8_t val;
..\..\..\motion_sensor.c(153): warning:  #188-D: enumerated type mixed with another type
                nrf_drv_spi_config_t spi_config = NRF_DRV_SPI_DEFAULT_CONFIG;
..\..\..\motion_sensor.c(242): warning:  #940-D: missing return statement at end of non-void function "getMotion"
  }
..\..\..\motion_sensor.c(167): warning:  #177-D: variable "MotionE" was declared but never referenced
        uint8_t MotionE;
..\..\..\motion_sensor.c(462): warning:  #177-D: variable "tmp" was declared but never referenced
        uint8_t tmp;
..\..\..\motion_sensor.c: 7 warnings, 0 errors
linking...
Program Size: Code=64000 RO-data=1260 RW-data=980 ZI-data=6764  
FromELF: creating hex file...
".\_build\nrf51822_xxac.axf" - 0 Error(s), 7 Warning(s).

<h2>Software Packages used:</h2>

Package Vendor: ARM
                http://www.keil.com/pack/ARM.CMSIS.4.5.0.pack
                ARM::CMSIS:CORE:4.3.0
                CMSIS (Cortex Microcontroller Software Interface Standard)
   * Component: CORE Version: 4.3.0

Package Vendor: NordicSemiconductor
                http://developer.nordicsemi.com/nRF5_SDK/pieces/nRF_DeviceFamilyPack/NordicSemiconductor.nRF_DeviceFamilyPack.8.11.1.pack
                NordicSemiconductor::Device:Startup:8.11.1
                Nordic Semiconductor nRF ARM devices Device Family Pack.
   * Component: Startup Version: 8.11.1

<h2>Collection of Component include folders:</h2>
  D:\N_project\nRF5_SDK_12.3.0_d7731ad\nRF5_SDK_12.3.0_d7731ad\examples\ble_peripheral\ble_app_hids_mouse\pca10028\s130\arm5_no_packs\RTE
  D:\Keil_v5\ARM\PACK\ARM\CMSIS\4.5.0\CMSIS\Include
  D:\Keil_v5\ARM\PACK\NordicSemiconductor\nRF_DeviceFamilyPack\8.11.1\Device\Include

<h2>Collection of Component Files used:</h2>

   * Component: ARM::CMSIS:CORE:4.3.0

   * Component: NordicSemiconductor::Device:Startup:8.11.1
      Source file:   Device\Source\arm\arm_startup_nrf51.s
      Source file:   Device\Source\system_nrf51.c
      Include file:  Device\Include\system_nrf51.h
Load "D:\\N_project\\nRF5_SDK_12.3.0_d7731ad\\nRF5_SDK_12.3.0_d7731ad\\examples\\ble_peripheral\\ble_app_hids_mouse\\pca10028\\s130\\arm5_no_packs\\_build\\nrf51822_xxac.axf" 
Set JLink Project File to "D:\N_project\nRF5_SDK_12.3.0_d7731ad\nRF5_SDK_12.3.0_d7731ad\examples\ble_peripheral\ble_app_hids_mouse\pca10028\s130\arm5_no_packs\JLinkSettings.ini"
* JLink Info: Device "NRF51822_XXAC" selected.
 
JLink info:
------------
DLL: V5.12f, compiled May 17 2016 16:03:35
Firmware: J-Link ARM-OB STM32 compiled Aug 22 2012 19:52:04
Hardware: V7.00
S/N : 20090928 
Feature(s) : RDI,FlashDL,FlashBP,JFlash,GDBFull 
 
* JLink Info: Found SWD-DP with ID 0x0BB11477
* JLink Info: Found Cortex-M0 r0p0, Little endian.
* JLink Info: FPUnit: 4 code (BP) slots and 0 literal slots
* JLink Info: CoreSight components:
* JLink Info: ROMTbl 0 @ F0000000
* JLink Info: ROMTbl 0 [0]: F00FF000, CID: B105100D, PID: 000BB471 ROM Table
* JLink Info: ROMTbl 1 @ E00FF000
* JLink Info: ROMTbl 1 [0]: FFF0F000, CID: B105E00D, PID: 000BB008 SCS
* JLink Info: ROMTbl 1 [1]: FFF02000, CID: B105E00D, PID: 000BB00A DWT
* JLink Info: ROMTbl 1 [2]: FFF03000, CID: B105E00D, PID: 000BB00B FPB
* JLink Info: ROMTbl 0 [1]: 00002000, CID: B105900D, PID: 000BB9A3 ???
ROMTableAddr = 0xE00FF003
 
Target info:
------------
Device: nRF51822_xxAC
VTarget = 3.300V
State of Pins: 
TCK: 0, TDI: 0, TDO: 1, TMS: 0, TRES: 1, TRST: 1
Hardware-Breakpoints: 4
Software-Breakpoints: 8192
Watchpoints:          2
JTAG speed: 4000 kHz
 
Erase Done.
Programming Done.
Verify OK.
Application running ...
</pre>
</body>
</html>
ID: B105E00D, PID: 000BB00B FPB
* JLink Info: ROMTbl 0 [1]: 00002000, CID: B105900D, PID: 000BB9A3 ???
ROMTableAddr = 0xE00FF003
 
Target info:
------------
Device: nRF51822_xxAC
VTarget = 3.300V
State of Pins: 
TCK: 0, TDI: 0, TDO: 1, TMS: 0, TRES: 1, TRST: 1
Hardware-Breakpoints: 4
Software-Breakpoints: 8192
Watchpoints:          2
JTAG speed: 4000 kHz
 
Erase Done.
Programming Done.
Contents mismatch at: 000212D0H !
Verify Failed!
Error: Flash Download failed  -  "Cortex-M0"
Load "D:\\N_project\\nRF5_SDK_12.3.0_d7731ad\\nRF5_SDK_12.3.0_d7731ad\\examples\\ble_peripheral\\ble_app_hids_mouse\\pca10028\\s130\\arm5_no_packs\\_build\\nrf51822_xxac.axf" 
Set JLink Project File to "D:\N_project\nRF5_SDK_12.3.0_d7731ad\nRF5_SDK_12.3.0_d7731ad\examples\ble_peripheral\ble_app_hids_mouse\pca10028\s130\arm5_no_packs\JLinkSettings.ini"
* JLink Info: Device "NRF51822_XXAC" selected.
 
JLink info:
------------
DLL: V5.12f, compiled May 17 2016 16:03:35
Firmware: J-Link ARM-OB STM32 compiled Aug 22 2012 19:52:04
Hardware: V7.00
S/N : 20090928 
Feature(s) : RDI,FlashDL,FlashBP,JFlash,GDBFull 
 
* JLink Info: Found SWD-DP with ID 0x0BB11477
* JLink Info: Found Cortex-M0 r0p0, Little endian.
* JLink Info: FPUnit: 4 code (BP) slots and 0 literal slots
* JLink Info: CoreSight components:
* JLink Info: ROMTbl 0 @ F0000000
* JLink Info: ROMTbl 0 [0]: F00FF000, CID: B105100D, PID: 000BB471 ROM Table
* JLink Info: ROMTbl 1 @ E00FF000
* JLink Info: ROMTbl 1 [0]: FFF0F000, CID: B105E00D, PID: 000BB008 SCS
* JLink Info: ROMTbl 1 [1]: FFF02000, CID: B105E00D, PID: 000BB00A DWT
* JLink Info: ROMTbl 1 [2]: FFF03000, CID: B105E00D, PID: 000BB00B FPB
* JLink Info: ROMTbl 0 [1]: 00002000, CID: B105900D, PID: 000BB9A3 ???
ROMTableAddr = 0xE00FF003
 
Target info:
------------
Device: nRF51822_xxAC
VTarget = 3.300V
State of Pins: 
TCK: 0, TDI: 0, TDO: 1, TMS: 0, TRES: 1, TRST: 1
Hardware-Breakpoints: 4
Software-Breakpoints: 8192
Watchpoints:          2
JTAG speed: 4000 kHz
 
Erase Done.
Programming Done.
Verify OK.
Application running ...
6:03:35
Firmware: J-Link ARM-OB STM32 compiled Aug 22 2012 19:52:04
Hardware: V7.00
S/N : 20090928 
Feature(s) : RDI,FlashDL,FlashBP,JFlash,GDBFull 
 
* JLink Info: Found SWD-DP with ID 0x0BB11477
* JLink Info: Found Cortex-M0 r0p0, Little endian.
* JLink Info: FPUnit: 4 code (BP) slots and 0 literal slots
* JLink Info: CoreSight components:
* JLink Info: ROMTbl 0 @ F0000000
* JLink Info: ROMTbl 0 [0]: F00FF000, CID: B105100D, PID: 000BB471 ROM Table
* JLink Info: ROMTbl 1 @ E00FF000
* JLink Info: ROMTbl 1 [0]: FFF0F000, CID: B105E00D, PID: 000BB008 SCS
* JLink Info: ROMTbl 1 [1]: FFF02000, CID: B105E00D, PID: 000BB00A DWT
* JLink Info: ROMTbl 1 [2]: FFF03000, CID: B105E00D, PID: 000BB00B FPB
* JLink Info: ROMTbl 0 [1]: 00002000, CID: B105900D, PID: 000BB9A3 ???
ROMTableAddr = 0xE00FF003
 
Target info:
------------
Device: nRF51822_xxAC
VTarget = 3.300V
State of Pins: 
TCK: 0, TDI: 0, TDO: 1, TMS: 0, TRES: 1, TRST: 1
Hardware-Breakpoints: 4
Software-Breakpoints: 8192
Watchpoints:          2
JTAG speed: 4000 kHz
 
Erase Done.
Programming Done.
Contents mismatch at: 0001B2CCH !
Verify Failed!
Error: Flash Download failed  -  "Cortex-M0"
ic Semiconductor nRF ARM devices Device Family Pack.
   * Component: Startup Version: 8.11.1

<h2>Collection of Component include folders:</h2>
  D:\N_project\nRF5_SDK_12.3.0_d7731ad\nRF5_SDK_12.3.0_d7731ad\examples\ble_peripheral\ble_app_hids_mouse\pca10028\s130\arm5_no_packs\RTE
  D:\Keil_v5\ARM\PACK\ARM\CMSIS\4.5.0\CMSIS\Include
  D:\Keil_v5\ARM\PACK\NordicSemiconductor\nRF_DeviceFamilyPack\8.11.1\Device\Include

<h2>Collection of Component Files used:</h2>

   * Component: ARM::CMSIS:CORE:4.3.0

   * Component: NordicSemiconductor::Device:Startup:8.11.1
      Source file:   Device\Source\arm\arm_startup_nrf51.s
      Source file:   Device\Source\system_nrf51.c
      Include file:  Device\Include\system_nrf51.h
Load "D:\\N_project\\nRF5_SDK_12.3.0_d7731ad\\nRF5_SDK_12.3.0_d7731ad\\examples\\ble_peripheral\\ble_app_hids_mouse\\pca10028\\s130\\arm5_no_packs\\_build\\nrf51822_xxac.axf" 
Set JLink Project File to "D:\N_project\nRF5_SDK_12.3.0_d7731ad\nRF5_SDK_12.3.0_d7731ad\examples\ble_peripheral\ble_app_hids_mouse\pca10028\s130\arm5_no_packs\JLinkSettings.ini"
* JLink Info: Device "NRF51822_XXAC" selected.
 
JLink info:
------------
DLL: V5.12f, compiled May 17 2016 16:03:35
Firmware: J-Link ARM-OB STM32 compiled Aug 22 2012 19:52:04
Hardware: V7.00
S/N : 20090928 
Feature(s) : RDI,FlashDL,FlashBP,JFlash,GDBFull 
 
* JLink Info: Found SWD-DP with ID 0x0BB11477
* JLink Info: Found Cortex-M0 r0p0, Little endian.
* JLink Info: FPUnit: 4 code (BP) slots and 0 literal slots
* JLink Info: CoreSight components:
* JLink Info: ROMTbl 0 @ F0000000
* JLink Info: ROMTbl 0 [0]: F00FF000, CID: B105100D, PID: 000BB471 ROM Table
* JLink Info: ROMTbl 1 @ E00FF000
* JLink Info: ROMTbl 1 [0]: FFF0F000, CID: B105E00D, PID: 000BB008 SCS
* JLink Info: ROMTbl 1 [1]: FFF02000, CID: B105E00D, PID: 000BB00A DWT
* JLink Info: ROMTbl 1 [2]: FFF03000, CID: B105E00D, PID: 000BB00B FPB
* JLink Info: ROMTbl 0 [1]: 00002000, CID: B105900D, PID: 000BB9A3 ???
ROMTableAddr = 0xE00FF003
 
Target info:
------------
Device: nRF51822_xxAC
VTarget = 3.300V
State of Pins: 
TCK: 0, TDI: 0, TDO: 1, TMS: 0, TRES: 1, TRST: 1
Hardware-Breakpoints: 4
Software-Breakpoints: 8192
Watchpoints:          2
JTAG speed: 4000 kHz
 
Erase Done.
Programming Done.
Verify OK.
Application running ...

      Source file:   Device\Source\system_nrf51.c
      Include file:  Device\Include\system_nrf51.h
Load "D:\\N_project\\nRF5_SDK_12.3.0_d7731ad\\nRF5_SDK_12.3.0_d7731ad\\examples\\ble_peripheral\\ble_app_hids_mouse\\pca10028\\s130\\arm5_no_packs\\_build\\nrf51822_xxac.axf" 
Set JLink Project File to "D:\N_project\nRF5_SDK_12.3.0_d7731ad\nRF5_SDK_12.3.0_d7731ad\examples\ble_peripheral\ble_app_hids_mouse\pca10028\s130\arm5_no_packs\JLinkSettings.ini"
* JLink Info: Device "NRF51822_XXAC" selected.
 
JLink info:
------------
DLL: V5.12f, compiled May 17 2016 16:03:35
Firmware: J-Link ARM-OB STM32 compiled Aug 22 2012 19:52:04
Hardware: V7.00
S/N : 20090928 
Feature(s) : RDI,FlashDL,FlashBP,JFlash,GDBFull 
 
* JLink Info: Found SWD-DP with ID 0x0BB11477
* JLink Info: Found Cortex-M0 r0p0, Little endian.
* JLink Info: FPUnit: 4 code (BP) slots and 0 literal slots
* JLink Info: CoreSight components:
* JLink Info: ROMTbl 0 @ F0000000
* JLink Info: ROMTbl 0 [0]: F00FF000, CID: B105100D, PID: 000BB471 ROM Table
* JLink Info: ROMTbl 1 @ E00FF000
* JLink Info: ROMTbl 1 [0]: FFF0F000, CID: B105E00D, PID: 000BB008 SCS
* JLink Info: ROMTbl 1 [1]: FFF02000, CID: B105E00D, PID: 000BB00A DWT
* JLink Info: ROMTbl 1 [2]: FFF03000, CID: B105E00D, PID: 000BB00B FPB
* JLink Info: ROMTbl 0 [1]: 00002000, CID: B105900D, PID: 000BB9A3 ???
ROMTableAddr = 0xE00FF003
 
Target info:
------------
Device: nRF51822_xxAC
VTarget = 3.300V
State of Pins: 
TCK: 0, TDI: 0, TDO: 1, TMS: 0, TRES: 1, TRST: 1
Hardware-Breakpoints: 4
Software-Breakpoints: 8192
Watchpoints:          2
JTAG speed: 4000 kHz
 
Erase Done.
Programming Done.
Verify OK.
Application running ...
e\Include\system_nrf51.h
Load "D:\\N_project\\nRF5_SDK_12.3.0_d7731ad\\nRF5_SDK_12.3.0_d7731ad\\examples\\ble_peripheral\\ble_app_hids_mouse\\pca10028\\s130\\arm5_no_packs\\_build\\nrf51822_xxac.axf" 
Set JLink Project File to "D:\N_project\nRF5_SDK_12.3.0_d7731ad\nRF5_SDK_12.3.0_d7731ad\examples\ble_peripheral\ble_app_hids_mouse\pca10028\s130\arm5_no_packs\JLinkSettings.ini"
* JLink Info: Device "NRF51822_XXAC" selected.
 
JLink info:
------------
DLL: V5.12f, compiled May 17 2016 16:03:35
Firmware: J-Link ARM-OB STM32 compiled Aug 22 2012 19:52:04
Hardware: V7.00
S/N : 20090928 
Feature(s) : RDI,FlashDL,FlashBP,JFlash,GDBFull 
 
Error: Flash Download failed  -  Target DLL has been cancelled
Load "D:\\N_project\\nRF5_SDK_12.3.0_d7731ad\\nRF5_SDK_12.3.0_d7731ad\\examples\\ble_peripheral\\ble_app_hids_mouse\\pca10028\\s130\\arm5_no_packs\\_build\\nrf51822_xxac.axf" 
Set JLink Project File to "D:\N_project\nRF5_SDK_12.3.0_d7731ad\nRF5_SDK_12.3.0_d7731ad\examples\ble_peripheral\ble_app_hids_mouse\pca10028\s130\arm5_no_packs\JLinkSettings.ini"
* JLink Info: Device "NRF51822_XXAC" selected.
 
JLink info:
------------
DLL: V5.12f, compiled May 17 2016 16:03:35
Firmware: J-Link ARM-OB STM32 compiled Aug 22 2012 19:52:04
Hardware: V7.00
S/N : 20090928 
Feature(s) : RDI,FlashDL,FlashBP,JFlash,GDBFull 
 
* JLink Info: Found SWD-DP with ID 0x0BB11477
* JLink Info: Found Cortex-M0 r0p0, Little endian.
* JLink Info: FPUnit: 4 code (BP) slots and 0 literal slots
* JLink Info: CoreSight components:
* JLink Info: ROMTbl 0 @ F0000000
* JLink Info: ROMTbl 0 [0]: F00FF000, CID: B105100D, PID: 000BB471 ROM Table
* JLink Info: ROMTbl 1 @ E00FF000
* JLink Info: ROMTbl 1 [0]: FFF0F000, CID: B105E00D, PID: 000BB008 SCS
* JLink Info: ROMTbl 1 [1]: FFF02000, CID: B105E00D, PID: 000BB00A DWT
* JLink Info: ROMTbl 1 [2]: FFF03000, CID: B105E00D, PID: 000BB00B FPB
* JLink Info: ROMTbl 0 [1]: 00002000, CID: B105900D, PID: 000BB9A3 ???
ROMTableAddr = 0xE00FF003
 
Target info:
------------
Device: nRF51822_xxAC
VTarget = 3.300V
State of Pins: 
TCK: 0, TDI: 0, TDO: 1, TMS: 0, TRES: 1, TRST: 1
Hardware-Breakpoints: 4
Software-Breakpoints: 8192
Watchpoints:          2
JTAG speed: 4000 kHz
 
Erase Done.
Programming Done.
Verify OK.
Application running ...
