<html>
<body>
<pre>
<h1>µVision Build Log</h1>
<h2>Tool Versions:</h2>
IDE-Version: ¦ÌVision V5.27.0.0
Copyright (C) 2018 ARM Ltd and ARM Germany GmbH. All rights reserved.
License Information: 123 Felix, 123, LIC=HF830-B2HML-QIE5M-X3JFE-CPL1N-QBZA0
 
Tool Versions:
Toolchain:       MDK-ARM Professional  Version: 5.27.0.0
Toolchain Path:  C:\Keil_v5_27\ARM\ARMCC\Bin
C Compiler:      Armcc.exe V5.06 update 6 (build 750)
Assembler:       Armasm.exe V5.06 update 6 (build 750)
Linker/Locator:  ArmLink.exe V5.06 update 6 (build 750)
Library Manager: ArmAr.exe V5.06 update 6 (build 750)
Hex Converter:   FromElf.exe V5.06 update 6 (build 750)
CPU DLL:         SARMCM3.DLL V5.27.0.0
Dialog DLL:      DARMCM1.DLL V1.19.2.0
Target DLL:      Segger\JL2CM3.dll V2.99.34.0
Dialog DLL:      TARMCM1.DLL V1.14.1.0
 
<h2>Project:</h2>
H:\work_space\dual_mode_mouse\nRF5_SDK_12.3.0_d7731ad\examples\ble_peripheral\ble_app_hids_mouse\pca10028\s130\arm5_no_packs\ble_app_hids_mouse_pca10028_s130.uvprojx
Project File Date:  09/25/2021

<h2>Output:</h2>
*** Using Compiler 'V5.06 update 6 (build 750)', folder: 'C:\Keil_v5_27\ARM\ARMCC\Bin'
Build target 'nrf51422_xxac'
compiling main.c...
..\..\..\PTP_touchpad.h(4): warning:  #1295-D: Deprecated declaration read_sensor_data - give arg types
  void read_sensor_data();
..\..\..\main.c(790): warning:  #188-D: enumerated type mixed with another type
  				nrf_gpio_cfg_input(QDEC_CONFIG_PIO_A, GPIO_PIN_CNF_PULL_Pullup);
..\..\..\main.c(791): warning:  #188-D: enumerated type mixed with another type
  				nrf_gpio_cfg_input(QDEC_CONFIG_PIO_B, GPIO_PIN_CNF_PULL_Pullup);
..\..\..\main.c(902): warning:  #188-D: enumerated type mixed with another type
  									nrf_gpio_cfg_input(QDEC_CONFIG_PIO_A, GPIO_PIN_CNF_PULL_Pullup);
..\..\..\main.c(903): warning:  #188-D: enumerated type mixed with another type
  									nrf_gpio_cfg_input(QDEC_CONFIG_PIO_B, GPIO_PIN_CNF_PULL_Pullup);
..\..\..\main.c(755): warning:  #177-D: variable "ret"  was declared but never referenced
  		ret_code_t ret;
..\..\..\main.c(1381): warning:  #188-D: enumerated type mixed with another type
  							nrf_gpio_cfg_input(QDEC_CONFIG_PIO_A, GPIO_PIN_CNF_PULL_Pullup);
..\..\..\main.c(1382): warning:  #188-D: enumerated type mixed with another type
  							nrf_gpio_cfg_input(QDEC_CONFIG_PIO_B, GPIO_PIN_CNF_PULL_Pullup);
..\..\..\main.c(1079): warning:  #177-D: variable "i"  was declared but never referenced
  		uint8_t i = 0;
..\..\..\main.c(1080): warning:  #177-D: variable "gap_conn_params"  was declared but never referenced
  		ble_gap_conn_params_t   gap_conn_params;
..\..\..\main.c(2614): warning:  #177-D: variable "motion_x"  was declared but never referenced
  		int16_t motion_x, motion_y;
..\..\..\main.c(2614): warning:  #177-D: variable "motion_y"  was declared but never referenced
  		int16_t motion_x, motion_y;
..\..\..\main.c(3208): warning:  #177-D: variable "my_counter"  was declared but never referenced
  	static uint8_t my_counter = 0;
..\..\..\main.c(3321): warning:  #177-D: variable "gap_conn_params"  was declared but never referenced
  		ble_gap_conn_params_t   gap_conn_params;
..\..\..\main.c(3322): warning:  #177-D: variable "current_peer_id"  was declared but never referenced
  		pm_peer_id_t current_peer_id = 0;
..\..\..\main.c(4214): warning:  #111-D: statement is unreachable
  					break;
..\..\..\main.c(4218): warning:  #111-D: statement is unreachable
  					break;
..\..\..\main.c(4222): warning:  #111-D: statement is unreachable
  					break;
..\..\..\main.c(4226): warning:  #111-D: statement is unreachable
  					break;
..\..\..\main.c(4231): warning:  #111-D: statement is unreachable
  					break;
..\..\..\main.c(4236): warning:  #111-D: statement is unreachable
  					break;
..\..\..\main.c(4427): warning:  #177-D: variable "work_mode_addr"  was declared but never referenced
  	uint32_t * work_mode_addr;
..\..\..\main.c(4569): warning:  #940-D: missing return statement at end of non-void function "modify_base_address_0" 
  }
..\..\..\main.c(4577): warning:  #940-D: missing return statement at end of non-void function "modify_base_address_0_encrypt" 
  }
..\..\..\main.c(4634): warning:  #177-D: variable "err_code"  was declared but never referenced
  	uint32_t err_code;
..\..\..\main.c(4651): warning:  #177-D: variable "err_code"  was declared but never referenced
  	uint32_t err_code;
..\..\..\main.c(4888): warning:  #177-D: variable "err_code"  was declared but never referenced
  	uint32_t err_code;
..\..\..\main.c(5423): warning:  #188-D: enumerated type mixed with another type
  			nrf_gpio_cfg_input(1, GPIO_PIN_CNF_PULL_Pullup);
..\..\..\main.c(5424): warning:  #188-D: enumerated type mixed with another type
  			nrf_gpio_cfg_input(17, GPIO_PIN_CNF_PULL_Pullup);
..\..\..\main.c(5065): warning:  #177-D: variable "BDaddrEncryptData"  was declared but never referenced
  	uint8_t BDaddrEncryptData[6];
..\..\..\main.c(5066): warning:  #177-D: variable "BDaddrData"  was declared but never referenced
  	uint8_t BDaddrData[6];
..\..\..\main.c(5067): warning:  #177-D: variable "motion_x"  was declared but never referenced
  	int16_t motion_x, motion_y;
..\..\..\main.c(5067): warning:  #177-D: variable "motion_y"  was declared but never referenced
  	int16_t motion_x, motion_y;
..\..\..\main.c(5070): warning:  #177-D: variable "ResetReason"  was declared but never referenced
  	uint32_t ResetReason = 0;
..\..\..\main.c(5072): warning:  #177-D: variable "time_ms"  was declared but never referenced
  	uint32_t time_ms = 8; //Time(in miliseconds) between consecutive compare events.
..\..\..\main.c(5076): warning:  #177-D: variable "time_ticks"  was declared but never referenced
  	uint32_t time_ticks;
..\..\..\main.c(5077): warning:  #177-D: variable "hop_frequency_timeout"  was declared but never referenced
  	uint32_t hop_frequency_timeout = 0;
..\..\..\main.c(5079): warning:  #177-D: variable "flash_addr"  was declared but never referenced
  	uint32_t * flash_addr;
..\..\..\main.c(5086): warning:  #177-D: variable "my_temp"  was declared but never referenced
  	uint8_t my_temp = 0;
..\..\..\main.c(5087): warning:  #177-D: variable "k"  was declared but never referenced
  	uint8_t k = 0;
..\..\..\main.c(5088): warning:  #177-D: variable "n"  was declared but never referenced
  	uint8_t n = 0;
..\..\..\main.c(5897): warning:  #188-D: enumerated type mixed with another type
  							button_event_handler(17, GPIOTE_CONFIG_POLARITY_Toggle);
..\..\..\main.c(5909): warning:  #188-D: enumerated type mixed with another type
  								button_event_handler(17, GPIOTE_CONFIG_POLARITY_Toggle);
..\..\..\main.c(5919): warning:  #188-D: enumerated type mixed with another type
  								button_event_handler(17, GPIOTE_CONFIG_POLARITY_Toggle);
..\..\..\main.c(5496): warning:  #177-D: variable "BDaddrEncryptData"  was declared but never referenced
  	uint8_t BDaddrEncryptData[6];
..\..\..\main.c(5497): warning:  #177-D: variable "BDaddrData"  was declared but never referenced
  	uint8_t BDaddrData[6];
..\..\..\main.c(5499): warning:  #177-D: variable "i"  was declared but never referenced
  	uint16_t i = 0;
..\..\..\main.c(5501): warning:  #177-D: variable "ResetReason"  was declared but never referenced
  	uint32_t ResetReason = 0;
..\..\..\main.c(5503): warning:  #177-D: variable "time_ms"  was declared but never referenced
  	uint32_t time_ms = 8; //Time(in miliseconds) between consecutive compare events.
..\..\..\main.c(5507): warning:  #177-D: variable "time_ticks"  was declared but never referenced
  	uint32_t time_ticks;
..\..\..\main.c(5512): warning:  #177-D: variable "pairing_loop_count"  was declared but never referenced
  	uint16_t pairing_loop_count = 0;
..\..\..\main.c(5513): warning:  #177-D: variable "page_loop_count"  was declared but never referenced
  	uint16_t page_loop_count = 0;                     //0-749 -10dbm, 750-1499, -5dbm, 1500-2250 0dbm; 750*4ms=3s, 3000*3ms=9s
..\..\..\main.c(5515): warning:  #177-D: variable "m_TX_attempt"  was declared but never referenced
  	uint8_t m_TX_attempt = 0;
..\..\..\main.c(6436): warning:  #188-D: enumerated type mixed with another type
  	nrf_gpio_cfg_input(28, GPIO_PIN_CNF_PULL_Pullup);
..\..\..\main.c(6437): warning:  #188-D: enumerated type mixed with another type
  	nrf_gpio_cfg_input(29, GPIO_PIN_CNF_PULL_Pullup);
..\..\..\main.c(6488): warning:  #188-D: enumerated type mixed with another type
  	nrf_gpio_cfg_input(QDEC_CONFIG_PIO_A, GPIO_PIN_CNF_PULL_Pulldown);
..\..\..\main.c(6489): warning:  #188-D: enumerated type mixed with another type
  	nrf_gpio_cfg_input(QDEC_CONFIG_PIO_B, GPIO_PIN_CNF_PULL_Pulldown);
..\..\..\main.c(6499): warning:  #188-D: enumerated type mixed with another type
  	nrf_gpio_cfg_input(QDEC_CONFIG_PIO_A, GPIO_PIN_CNF_PULL_Pullup);
..\..\..\main.c(6500): warning:  #188-D: enumerated type mixed with another type
  	nrf_gpio_cfg_input(QDEC_CONFIG_PIO_B, GPIO_PIN_CNF_PULL_Pullup);
..\..\..\main.c(6512): warning:  #188-D: enumerated type mixed with another type
  		nrf_drv_spi_config_t spi_config = NRF_DRV_SPI_DEFAULT_CONFIG;
..\..\..\main.c(6519): warning:  #188-D: enumerated type mixed with another type
  			spi_config.frequency = (0x40000000UL);//4M
..\..\..\main.c(6566): warning:  #188-D: enumerated type mixed with another type
  		nrf_gpio_cfg_input(QDEC_CONFIG_PIO_A, GPIO_PIN_CNF_PULL_Pullup);
..\..\..\main.c(6567): warning:  #188-D: enumerated type mixed with another type
  		nrf_gpio_cfg_input(QDEC_CONFIG_PIO_B, GPIO_PIN_CNF_PULL_Pullup);
..\..\..\main.c(7459): warning:  #188-D: enumerated type mixed with another type
  				timer_cfg.bit_width = TIMER_BITMODE_BITMODE_32Bit;
..\..\..\main.c(7519): warning:  #188-D: enumerated type mixed with another type
  				gpiote_config.pull  = GPIO_PIN_CNF_PULL_Pullup;
..\..\..\main.c(7566): warning:  #188-D: enumerated type mixed with another type
  						nrf_drv_spi_config_t spi_config = NRF_DRV_SPI_DEFAULT_CONFIG;
..\..\..\main.c(7571): warning:  #188-D: enumerated type mixed with another type
  						spi_config.frequency = (0x40000000UL);//4M
..\..\..\main.c(6587): warning:  #177-D: variable "work_mode_addr_1"  was declared but never referenced
  	uint32_t * work_mode_addr_1;
..\..\..\main.c(6589): warning:  #177-D: variable "BDaddrEncryptData"  was declared but never referenced
  	uint8_t BDaddrEncryptData[6];
..\..\..\main.c(6590): warning:  #177-D: variable "BDaddrData"  was declared but never referenced
  	uint8_t BDaddrData[6];
..\..\..\main.c(6591): warning:  #177-D: variable "motion_x"  was declared but never referenced
  	int16_t motion_x, motion_y;
..\..\..\main.c(6591): warning:  #177-D: variable "motion_y"  was declared but never referenced
  	int16_t motion_x, motion_y;
..\..\..\main.c(6594): warning:  #177-D: variable "ResetReason"  was declared but never referenced
  	uint32_t ResetReason = 0;
..\..\..\main.c(6603): warning:  #177-D: variable "hop_frequency_timeout"  was declared but never referenced
  	uint32_t hop_frequency_timeout = 0;
..\..\..\main.c(6606): warning:  #177-D: variable "flash_addr_2"  was declared but never referenced
  	uint32_t * flash_addr_2;
..\..\..\main.c(6608): warning:  #177-D: variable "pairing_loop_count"  was declared but never referenced
  	uint16_t pairing_loop_count = 0;
..\..\..\main.c(6609): warning:  #550-D: variable "page_loop_count"  was set but never used
  	uint16_t page_loop_count = 0;                     //0-749 -10dbm, 750-1499, -5dbm, 1500-2250 0dbm; 750*4ms=3s, 3000*3ms=9s
..\..\..\main.c(6610): warning:  #550-D: variable "page_common_count"  was set but never used
  	uint8_t page_common_count = 0;
..\..\..\main.c(6611): warning:  #177-D: variable "m_TX_attempt"  was declared but never referenced
  	uint8_t m_TX_attempt = 0;
..\..\..\main.c(6613): warning:  #177-D: variable "my_temp"  was declared but never referenced
  	uint8_t my_temp = 0;
..\..\..\main.c(6615): warning:  #177-D: variable "n"  was declared but never referenced
  	uint8_t n = 0;
..\..\..\main.c(6618): warning:  #177-D: variable "erase_bonds"  was declared but never referenced
  	bool     erase_bonds;
..\..\..\main.c(6619): warning:  #177-D: variable "hop_frequency_mode"  was declared but never referenced
  	bool hop_frequency_mode = true;
..\..\..\main.c(635): warning:  #550-D: variable "m_is_wl_changed"  was set but never used
  static bool           m_is_wl_changed;                                      /**< Indicates if the whitelist has been changed since last time it has been updated in the Peer Manager. */
..\..\..\main.c(2550): warning:  #177-D: function "sleep_mode_enter"  was declared but never referenced
  static void sleep_mode_enter(void)
..\..\..\main.c(1694): warning:  #177-D: function "timers_init"  was declared but never referenced
  static void timers_init(void)
..\..\..\main.c(1727): warning:  #177-D: function "gap_params_init"  was declared but never referenced
  static void gap_params_init(void)
..\..\..\main.c(2478): warning:  #177-D: function "services_init"  was declared but never referenced
  static void services_init(void)
..\..\..\main.c(2511): warning:  #177-D: function "conn_params_init"  was declared but never referenced
  static void conn_params_init(void)
..\..\..\main.c(2534): warning:  #177-D: function "timers_start"  was declared but never referenced
  static void timers_start(void)
..\..\..\main.c(3003): warning:  #177-D: function "ble_stack_init"  was declared but never referenced
  static void ble_stack_init(void)
..\..\..\main.c(3045): warning:  #177-D: function "peer_manager_init"  was declared but never referenced
  static void peer_manager_init(bool erase_bonds)
..\..\..\main.c(3085): warning:  #177-D: function "advertising_init"  was declared but never referenced
  static void advertising_init(void)
..\..\..\main.c(3126): warning:  #177-D: function "scheduler_init"  was declared but never referenced
  static void scheduler_init(void)
..\..\..\main.c(3924): warning:  #177-D: function "buttons_leds_init"  was declared but never referenced
  static void buttons_leds_init(bool * p_erase_bonds)
..\..\..\main.c(3951): warning:  #177-D: function "power_manage"  was declared but never referenced
  static void power_manage(void)
..\..\..\main.c: 96 warnings, 0 errors
linking...
Program Size: Code=35992 RO-data=908 RW-data=1016 ZI-data=5752  
FromELF: creating hex file...
".\_build\nrf51822_xxac.axf" - 0 Error(s), 96 Warning(s).

<h2>Software Packages used:</h2>

Package Vendor: ARM
                http://www.keil.com/pack/ARM.CMSIS.4.5.0.pack
                ARM.CMSIS.4.5.0
                CMSIS (Cortex Microcontroller Software Interface Standard)
   * Component: CORE Version: 4.3.0

Package Vendor: NordicSemiconductor
                http://developer.nordicsemi.com/nRF5_SDK/pieces/nRF_DeviceFamilyPack/NordicSemiconductor.nRF_DeviceFamilyPack.8.11.1.pack
                NordicSemiconductor.nRF_DeviceFamilyPack.8.11.1
                Nordic Semiconductor nRF ARM devices Device Family Pack.
   * Component: Startup Version: 8.11.1

<h2>Collection of Component include folders:</h2>
  .\RTE\_nrf51422_xxac
  C:\Keil_v5_27\ARM\PACK\ARM\CMSIS\4.5.0\CMSIS\Include
  C:\Keil_v5_27\ARM\PACK\NordicSemiconductor\nRF_DeviceFamilyPack\8.11.1\Device\Include

<h2>Collection of Component Files used:</h2>

   * Component: ARM::CMSIS:CORE:4.3.0

   * Component: NordicSemiconductor::Device:Startup:8.11.1
      Source file:   Device\Source\system_nrf51.c
      Source file:   Device\Source\arm\arm_startup_nrf51.s
      Include file:  Device\Include\system_nrf51.h
Build Time Elapsed:  00:00:05
</pre>
</body>
</html>
