Component: ARM Compiler 5.06 update 6 (build 750) Tool: armlink [4d35ed]

==============================================================================

Section Cross References

    main.o(i.adc_config) refers to nrf_drv_adc.o(i.nrf_drv_adc_init) for nrf_drv_adc_init
    main.o(i.adc_config) refers to app_error.o(i.app_error_handler_bare) for app_error_handler_bare
    main.o(i.adc_config) refers to nrf_drv_adc.o(i.nrf_drv_adc_channel_enable) for nrf_drv_adc_channel_enable
    main.o(i.adc_config) refers to main.o(.constdata) for .constdata
    main.o(i.adc_config) refers to main.o(i.adc_event_handler) for adc_event_handler
    main.o(i.adc_config) refers to main.o(.data) for m_channel_config
    main.o(i.adc_event_handler) refers to uidiv.o(.text) for __aeabi_uidivmod
    main.o(i.adc_event_handler) refers to nrf_log_frontend.o(i.nrf_log_frontend_std_1) for nrf_log_frontend_std_1
    main.o(i.adc_event_handler) refers to nrf_drv_adc.o(i.nrf_drv_adc_uninit) for nrf_drv_adc_uninit
    main.o(i.adc_event_handler) refers to main.o(.data) for AverageVoltage
    main.o(i.address_of_page) refers to main.o(i.__ARM_common_switch8) for __ARM_common_switch8
    main.o(i.address_of_page) refers to main.o(fs_data) for fs_config
    main.o(i.advertising_init) refers to memseta.o(.text) for __aeabi_memclr4
    main.o(i.advertising_init) refers to ble_advertising.o(i.ble_advertising_init) for ble_advertising_init
    main.o(i.advertising_init) refers to app_error.o(i.app_error_handler_bare) for app_error_handler_bare
    main.o(i.advertising_init) refers to main.o(.data) for m_adv_uuids
    main.o(i.advertising_init) refers to main.o(i.ble_advertising_error_handler) for ble_advertising_error_handler
    main.o(i.advertising_init) refers to main.o(i.on_adv_evt) for on_adv_evt
    main.o(i.advertising_start) refers to memseta.o(.text) for __aeabi_memset
    main.o(i.advertising_start) refers to main.o(i.peer_list_get) for peer_list_get
    main.o(i.advertising_start) refers to peer_manager.o(i.pm_whitelist_set) for pm_whitelist_set
    main.o(i.advertising_start) refers to app_error.o(i.app_error_handler_bare) for app_error_handler_bare
    main.o(i.advertising_start) refers to peer_manager.o(i.pm_device_identities_list_set) for pm_device_identities_list_set
    main.o(i.advertising_start) refers to nrf_log_frontend.o(i.nrf_log_frontend_std_1) for nrf_log_frontend_std_1
    main.o(i.advertising_start) refers to ble_advertising.o(i.ble_advertising_start) for ble_advertising_start
    main.o(i.advertising_start) refers to main.o(.bss) for m_whitelist_peers
    main.o(i.advertising_start) refers to main.o(.data) for m_whitelist_peer_cnt
    main.o(i.advertising_start) refers to ble_advertising.o(.data) for m_whitelist_temporarily_disabled
    main.o(i.assert_nrf_callback) refers to app_error.o(i.app_error_handler) for app_error_handler
    main.o(i.bas_init) refers to memseta.o(.text) for __aeabi_memclr4
    main.o(i.bas_init) refers to ble_bas.o(i.ble_bas_init) for ble_bas_init
    main.o(i.bas_init) refers to app_error.o(i.app_error_handler_bare) for app_error_handler_bare
    main.o(i.bas_init) refers to main.o(.bss) for m_bas
    main.o(i.ble_advertising_error_handler) refers to app_error.o(i.app_error_handler_bare) for app_error_handler_bare
    main.o(i.ble_evt_dispatch) refers to ble_conn_state.o(i.ble_conn_state_on_ble_evt) for ble_conn_state_on_ble_evt
    main.o(i.ble_evt_dispatch) refers to peer_manager.o(i.pm_on_ble_evt) for pm_on_ble_evt
    main.o(i.ble_evt_dispatch) refers to bsp_btn_ble.o(i.bsp_btn_ble_on_ble_evt) for bsp_btn_ble_on_ble_evt
    main.o(i.ble_evt_dispatch) refers to main.o(i.on_ble_evt) for on_ble_evt
    main.o(i.ble_evt_dispatch) refers to ble_advertising.o(i.ble_advertising_on_ble_evt) for ble_advertising_on_ble_evt
    main.o(i.ble_evt_dispatch) refers to ble_conn_params.o(i.ble_conn_params_on_ble_evt) for ble_conn_params_on_ble_evt
    main.o(i.ble_evt_dispatch) refers to ble_hids.o(i.ble_hids_on_ble_evt) for ble_hids_on_ble_evt
    main.o(i.ble_evt_dispatch) refers to ble_bas.o(i.ble_bas_on_ble_evt) for ble_bas_on_ble_evt
    main.o(i.ble_evt_dispatch) refers to main.o(.bss) for m_hids
    main.o(i.ble_stack_init) refers to softdevice_handler.o(i.softdevice_handler_init) for softdevice_handler_init
    main.o(i.ble_stack_init) refers to app_error.o(i.app_error_handler_bare) for app_error_handler_bare
    main.o(i.ble_stack_init) refers to softdevice_handler.o(i.softdevice_enable_get_default_config) for softdevice_enable_get_default_config
    main.o(i.ble_stack_init) refers to softdevice_handler.o(i.softdevice_enable) for softdevice_enable
    main.o(i.ble_stack_init) refers to softdevice_handler.o(i.softdevice_ble_evt_handler_set) for softdevice_ble_evt_handler_set
    main.o(i.ble_stack_init) refers to softdevice_handler.o(i.softdevice_sys_evt_handler_set) for softdevice_sys_evt_handler_set
[...]
    .bss                                     0x2000276c   Section       92  nrf_drv_gpiote.o(.bss)
    m_cb                                     0x2000276c   Data          92  nrf_drv_gpiote.o(.bss)
    .bss                                     0x200027c8   Section       28  nrf_drv_uart.o(.bss)
    m_cb                                     0x200027c8   Data          28  nrf_drv_uart.o(.bss)
    .bss                                     0x200027e4   Section       32  nrf_drv_spi.o(.bss)
    m_cb                                     0x200027e4   Data          32  nrf_drv_spi.o(.bss)
    .bss                                     0x20002804   Section       24  nrf_drv_timer.o(.bss)
    m_cb                                     0x20002804   Data          24  nrf_drv_timer.o(.bss)
    .bss                                     0x2000281c   Section       48  nrf_drv_rng.o(.bss)
    m_rand_pool_nrf_queue_buffer             0x2000281c   Data          33  nrf_drv_rng.o(.bss)
    m_rand_pool_nrf_queue_cb                 0x20002840   Data          12  nrf_drv_rng.o(.bss)
    .bss                                     0x2000284c   Section       20  nrf_drv_adc.o(.bss)
    m_cb                                     0x2000284c   Data          20  nrf_drv_adc.o(.bss)
    .bss                                     0x20002860   Section       40  nrf_drv_twi.o(.bss)
    m_cb                                     0x20002860   Data          40  nrf_drv_twi.o(.bss)
    .bss                                     0x20002888   Section      284  fds.o(.bss)
    m_cb_table                               0x20002888   Data          32  fds.o(.bss)
    m_op_queue                               0x200028a8   Data         120  fds.o(.bss)
    m_chunk_queue                            0x20002920   Data          72  fds.o(.bss)
    m_pages                                  0x20002968   Data          32  fds.o(.bss)
    m_gc                                     0x20002988   Data          16  fds.o(.bss)
    desc                                     0x20002998   Data          12  fds.o(.bss)
    .bss                                     0x200029a4   Section      104  fstorage.o(.bss)
    m_queue                                  0x200029a4   Data         104  fstorage.o(.bss)
    .bss                                     0x20002a0c   Section      256  nrf_log_backend_serial.o(.bss)
    m_uart_buffer                            0x20002a0c   Data         256  nrf_log_backend_serial.o(.bss)
    .bss                                     0x20002b0c   Section     1048  nrf_log_frontend.o(.bss)
    m_log_data                               0x20002b0c   Data        1048  nrf_log_frontend.o(.bss)
    .bss                                     0x20002f24   Section      818  nrf_esb.o(.bss)
    m_tx_fifo_payload                        0x20002f3c   Data         296  nrf_esb.o(.bss)
    m_tx_fifo                                0x20003064   Data          44  nrf_esb.o(.bss)
    m_rx_fifo_payload                        0x20003090   Data         296  nrf_esb.o(.bss)
    m_rx_fifo                                0x200031b8   Data          44  nrf_esb.o(.bss)
    m_tx_payload_buffer                      0x200031e4   Data          34  nrf_esb.o(.bss)
    m_rx_payload_buffer                      0x20003206   Data          34  nrf_esb.o(.bss)
    m_pids                                   0x20003228   Data           9  nrf_esb.o(.bss)
    m_rx_pipe_info                           0x20003232   Data          36  nrf_esb.o(.bss)
    STACK                                    0x20003258   Section     2048  arm_startup_nrf51.o(STACK)

    Global Symbols

    Symbol Name                              Value     Ov Type        Size  Object(Section)

    BuildAttributes$$THM_ISAv3M$S$PE$A:L22$X:L11$S22$IEEE1$IW$USESV6$~STKCKD$USESV7$~SHL$OSPACE$ROPI$EBA8$MICROLIB$REQ8$PRES8$EABIv2 0x00000000   Number         0  anon$$obj.o ABSOLUTE
    __ARM_use_no_argv                        0x00000000   Number         0  main.o ABSOLUTE
    _printf_a                                0x00000000   Number         0  stubs.o ABSOLUTE
    _printf_c                                0x00000000   Number         0  stubs.o ABSOLUTE
    _printf_charcount                        0x00000000   Number         0  stubs.o ABSOLUTE
    _printf_d                                0x00000000   Number         0  stubs.o ABSOLUTE
    _printf_e                                0x00000000   Number         0  stubs.o ABSOLUTE
    _printf_f                                0x00000000   Number         0  stubs.o ABSOLUTE
    _printf_flags                            0x00000000   Number         0  stubs.o ABSOLUTE
    _printf_fp_dec                           0x00000000   Number         0  stubs.o ABSOLUTE
    _printf_fp_hex                           0x00000000   Number         0  stubs.o ABSOLUTE
    _printf_g                                0x00000000   Number         0  stubs.o ABSOLUTE
    _printf_i                                0x00000000   Number         0  stubs.o ABSOLUTE
    _printf_int_dec                          0x00000000   Number         0  stubs.o ABSOLUTE
    _printf_l                                0x00000000   Number         0  stubs.o ABSOLUTE
    _printf_lc                               0x00000000   Number         0  stubs.o ABSOLUTE
    _printf_ll                               0x00000000   Number         0  stubs.o ABSOLUTE
    _printf_lld                              0x00000000   Number         0  stubs.o ABSOLUTE
    _printf_lli                              0x00000000   Number         0  stubs.o ABSOLUTE
    _printf_llo                              0x00000000   Number         0  stubs.o ABSOLUTE
    _printf_llu                              0x00000000   Number         0  stubs.o ABSOLUTE
    _printf_llx                              0x00000000   Number         0  stubs.o ABSOLUTE
    _printf_longlong_dec                     0x00000000   Number         0  stubs.o ABSOLUTE
    _printf_longlong_hex                     0x00000000   Number         0  stubs.o ABSOLUTE
    _printf_longlong_oct                     0x00000000   Number         0  stubs.o ABSOLUTE
    _printf_ls                               0x00000000   Number         0  stubs.o ABSOLUTE
    _printf_mbtowc                           0x00000000   Number         0  stubs.o ABSOLUTE
    _printf_n                                0x00000000   Number         0  stubs.o ABSOLUTE
    _printf_o                                0x00000000   Number         0  stubs.o ABSOLUTE
    _printf_p                                0x00000000   Number         0  stubs.o ABSOLUTE
    _printf_percent                          0x00000000   Number         0  stubs.o ABSOLUTE
    _printf_pre_padding                      0x00000000   Number         0  stubs.o ABSOLUTE
    _printf_return_value                     0x00000000   Number         0  stubs.o ABSOLUTE
    _printf_s                                0x00000000   Number         0  stubs.o ABSOLUTE
    _printf_sizespec                         0x00000000   Number         0  stubs.o ABSOLUTE
    _printf_str                              0x00000000   Number         0  stubs.o ABSOLUTE
    _printf_truncate_signed                  0x00000000   Number         0  stubs.o ABSOLUTE
    _printf_truncate_unsigned                0x00000000   Number         0  stubs.o ABSOLUTE
    _printf_u                                0x00000000   Number         0  stubs.o ABSOLUTE
    _printf_wc                               0x00000000   Number         0  stubs.o ABSOLUTE
    _printf_wctomb                           0x00000000   Number         0  stubs.o ABSOLUTE
    _printf_widthprec                        0x00000000   Number         0  stubs.o ABSOLUTE
    _printf_x                                0x00000000   Number         0  stubs.o ABSOLUTE
    __cpp_initialize__aeabi_                  - Undefined Weak Reference
    __cxa_finalize                            - Undefined Weak Reference
    _clock_init                               - Undefined Weak Reference
    _microlib_exit                            - Undefined Weak Reference
    __Vectors_Size                           0x000000c0   Number         0  arm_startup_nrf51.o ABSOLUTE
    __Vectors                                0x0001b000   Data           4  arm_startup_nrf51.o(RESET)
    __Vectors_End                            0x0001b0c0   Data           0  arm_startup_nrf51.o(RESET)
    __main                                   0x0001b0c1   Thumb Code     0  entry.o(.ARM.Collect$$$$00000000)
    _main_stk                                0x0001b0c1   Thumb Code     0  entry2.o(.ARM.Collect$$$$00000001)
    _main_scatterload                        0x0001b0c5   Thumb Code     0  entry5.o(.ARM.Collect$$$$00000004)
    __main_after_scatterload                 0x0001b0c9   Thumb Code     0  entry5.o(.ARM.Collect$$$$00000004)
    _main_clock                              0x0001b0c9   Thumb Code     0  entry7b.o(.ARM.Collect$$$$00000008)
    _main_cpp_init                           0x0001b0c9   Thumb Code     0  entry8b.o(.ARM.Collect$$$$0000000A)
    _main_init                               0x0001b0c9   Thumb Code     0  entry9a.o(.ARM.Collect$$$$0000000B)
    __rt_final_cpp                           0x0001b0d1   Thumb Code     0  entry10a.o(.ARM.Collect$$$$0000000D)
    __rt_final_exit                          0x0001b0d1   Thumb Code     0  entry11a.o(.ARM.Collect$$$$0000000F)
    Reset_Handler                            0x0001b0d5   Thumb Code    26  arm_startup_nrf51.o(.text)
    NMI_Handler                              0x0001b0ef   Thumb Code     2  arm_startup_nrf51.o(.text)
    HardFault_Handler                        0x0001b0f1   Thumb Code     2  arm_startup_nrf51.o(.text)
    SVC_Handler                              0x0001b0f3   Thumb Code     2  arm_startup_nrf51.o(.text)
    PendSV_Handler                           0x0001b0f5   Thumb Code     2  arm_startup_nrf51.o(.text)
    SysTick_Handler                          0x0001b0f7   Thumb Code     2  arm_startup_nrf51.o(.text)
    CCM_AAR_IRQHandler                       0x0001b0f9   Thumb Code     0  arm_startup_nrf51.o(.text)
    ECB_IRQHandler                           0x0001b0f9   Thumb Code     0  arm_startup_nrf51.o(.text)
    LPCOMP_IRQHandler                        0x0001b0f9   Thumb Code     0  arm_startup_nrf51.o(.text)
    SWI1_IRQHandler                          0x0001b0f9   Thumb Code     0  arm_startup_nrf51.o(.text)
    SWI4_IRQHandler                          0x0001b0f9   Thumb Code     0  arm_startup_nrf51.o(.text)
    SWI5_IRQHandler                          0x0001b0f9   Thumb Code     0  arm_startup_nrf51.o(.text)
    TEMP_IRQHandler                          0x0001b0f9   Thumb Code     0  arm_startup_nrf51.o(.text)
    TIMER2_IRQHandler                        0x0001b0f9   Thumb Code     0  arm_startup_nrf51.o(.text)
    WDT_IRQHandler                           0x0001b0f9   Thumb Code     0  arm_startup_nrf51.o(.text)
    __aeabi_uidiv                            0x0001b10d   Thumb Code     0  uidiv.o(.text)
    __aeabi_uidivmod                         0x0001b10d   Thumb Code    44  uidiv.o(.text)
    __rt_ctype_table                         0x0001b139   Thumb Code     4  ctype_o.o(.text)
    __aeabi_memcpy                           0x0001b141   Thumb Code    36  memcpya.o(.text)
    __aeabi_memcpy4                          0x0001b141   Thumb Code     0  memcpya.o(.text)
    __aeabi_memcpy8                          0x0001b141   Thumb Code     0  memcpya.o(.text)
    __aeabi_memset                           0x0001b165   Thumb Code    14  memseta.o(.text)
    __aeabi_memset4                          0x0001b165   Thumb Code     0  memseta.o(.text)
    __aeabi_memset8                          0x0001b165   Thumb Code     0  memseta.o(.text)
    __aeabi_memclr                           0x0001b173   Thumb Code     4  memseta.o(.text)
    __aeabi_memclr4                          0x0001b173   Thumb Code     0  memseta.o(.text)
    __aeabi_memclr8                          0x0001b173   Thumb Code     0  memseta.o(.text)
    _memset$wrapper                          0x0001b177   Thumb Code    18  memseta.o(.text)
    strlen                                   0x0001b189   Thumb Code    14  strlen.o(.text)
    __aeabi_uldivmod                         0x0001b197   Thumb Code    96  uldiv.o(.text)
    __scatterload                            0x0001b1f9   Thumb Code    28  init.o(.text)
    __scatterload_rt2                        0x0001b1f9   Thumb Code     0  init.o(.text)
    __aeabi_llsl                             0x0001b21d   Thumb Code    32  llshl.o(.text)
    _ll_shift_l                              0x0001b21d   Thumb Code     0  llshl.o(.text)
    __aeabi_llsr                             0x0001b23d   Thumb Code    34  llushr.o(.text)
    _ll_ushift_r                             0x0001b23d   Thumb Code     0  llushr.o(.text)
    __decompress                             0x0001b25f   Thumb Code     0  __dczerorl2.o(.text)
    __decompress1                            0x0001b25f   Thumb Code    86  __dczerorl2.o(.text)
    ADC_IRQHandler                           0x0001b2b5   Thumb Code   120  nrf_drv_adc.o(i.ADC_IRQHandler)
    CheckSensor                              0x0001b335   Thumb Code   116  motion_sensor.o(i.CheckSensor)
    ChenkSensorSync                          0x0001b3c9   Thumb Code    30  motion_sensor.o(i.ChenkSensorSync)
    CustomSensorReSynchronousSPI             0x0001b3e7   Thumb Code    60  motion_sensor.o(i.CustomSensorReSynchronousSPI)
    GPIOTE_IRQHandler                        0x0001b425   Thumb Code   618  nrf_drv_gpiote.o(i.GPIOTE_IRQHandler)
    NRF_power_manage                         0x0001b69d   Thumb Code     8  main.o(i.NRF_power_manage)
    POWER_CLOCK_IRQHandler                   0x0001b855   Thumb Code    78  nrf_drv_clock.o(i.POWER_CLOCK_IRQHandler)
    QDEC_IRQHandler                          0x0001b8a9   Thumb Code   220  nrf_drv_qdec.o(i.QDEC_IRQHandler)
    RADIO_IRQHandler                         0x0001b991   Thumb Code   110  nrf_esb.o(i.RADIO_IRQHandler)
    RNG_IRQHandler                           0x0001ba11   Thumb Code   128  nrf_drv_rng.o(i.RNG_IRQHandler)
    RTC0_IRQHandler                          0x0001baa1   Thumb Code    14  nrf_drv_rtc.o(i.RTC0_IRQHandler)
    RTC1_IRQHandler                          0x0001bab5   Thumb Code    34  app_timer.o(i.RTC1_IRQHandler)
    SPI0_TWI0_IRQHandler                     0x0001badd   Thumb Code    14  nrf_drv_spi.o(i.SPI0_TWI0_IRQHandler)
    SPI1_TWI1_IRQHandler                     0x0001baf5   Thumb Code    12  nrf_drv_twi.o(i.SPI1_TWI1_IRQHandler)
    SWI0_IRQHandler                          0x0001bb09   Thumb Code     8  app_timer.o(i.SWI0_IRQHandler)
    SWI2_IRQHandler                          0x0001bb11   Thumb Code    46  softdevice_handler.o(i.SWI2_IRQHandler)
    SWI3_IRQHandler                          0x0001bb45   Thumb Code   102  nrf_esb.o(i.SWI3_IRQHandler)
    SystemInit                               0x0001bbb5   Thumb Code    76  system_nrf51.o(i.SystemInit)
    TIMER0_IRQHandler                        0x0001bc19   Thumb Code    14  nrf_drv_timer.o(i.TIMER0_IRQHandler)
    TIMER1_IRQHandler                        0x0001bc31   Thumb Code    14  nrf_drv_timer.o(i.TIMER1_IRQHandler)
    UART0_IRQHandler                         0x0001bc49   Thumb Code    12  nrf_drv_uart.o(i.UART0_IRQHandler)
    __0snprintf$8                            0x0001bc5d   Thumb Code    46  printf8.o(i.__0snprintf$8)
    __1snprintf$8                            0x0001bc5d   Thumb Code     0  printf8.o(i.__0snprintf$8)
    __2snprintf                              0x0001bc5d   Thumb Code     0  printf8.o(i.__0snprintf$8)
    __ARM_common_switch8                     0x0001bc91   Thumb Code    28  main.o(i.__ARM_common_switch8)
    __scatterload_copy                       0x0001bcad   Thumb Code    14  handlers.o(i.__scatterload_copy)
    __scatterload_null                       0x0001bcbb   Thumb Code     2  handlers.o(i.__scatterload_null)
    __scatterload_zeroinit                   0x0001bcbd   Thumb Code    14  handlers.o(i.__scatterload_zeroinit)
    address_of_page                          0x0001c319   Thumb Code    56  main.o(i.address_of_page)
    app_error_fault_handler                  0x0001c361   Thumb Code    78  app_error_weak.o(i.app_error_fault_handler)
    app_error_handler_bare                   0x0001c3d1   Thumb Code    26  app_error.o(i.app_error_handler_bare)
    app_sched_execute                        0x0001c3f1   Thumb Code    92  app_scheduler.o(i.app_sched_execute)
    app_util_critical_region_enter           0x0001c461   Thumb Code    70  app_util_platform.o(i.app_util_critical_region_enter)
    app_util_critical_region_exit            0x0001c4b5   Thumb Code    56  app_util_platform.o(i.app_util_critical_region_exit)
    ble_hids_inp_rep_send                    0x0001c581   Thumb Code   116  ble_hids.o(i.ble_hids_inp_rep_send)
    bsp_board_led_invert                     0x0001c5f9   Thumb Code    54  boards.o(i.bsp_board_led_invert)
    bsp_board_led_off                        0x0001c635   Thumb Code    16  boards.o(i.bsp_board_led_off)
    bsp_board_led_on                         0x0001c649   Thumb Code    16  boards.o(i.bsp_board_led_on)
    bsp_board_leds_init                      0x0001c65d   Thumb Code    42  boards.o(i.bsp_board_leds_init)
    bsp_board_leds_off                       0x0001c68d   Thumb Code    20  boards.o(i.bsp_board_leds_off)
    buffer_is_empty                          0x0001c759   Thumb Code    20  nrf_log_frontend.o(i.buffer_is_empty)
    button_event_handler                     0x0001c771   Thumb Code   132  main.o(i.button_event_handler)
    clocks_start                             0x0001ca61   Thumb Code    24  main.o(i.clocks_start)
    detect_direction                         0x0001cb59   Thumb Code   180  main.o(i.detect_direction)
    disable_qdec_with_qdec_state             0x0001cc1d   Thumb Code    30  main.o(i.disable_qdec_with_qdec_state)
    disable_spi                              0x0001cc45   Thumb Code    24  main.o(i.disable_spi)
    driver_rf_channel_switch                 0x0001cc65   Thumb Code    58  main.o(i.driver_rf_channel_switch)
    driver_sensor_two_spi_read_byte          0x0001cca9   Thumb Code    76  motion_sensor.o(i.driver_sensor_two_spi_read_byte)
    driver_sensor_two_spi_send_byte          0x0001ccf5   Thumb Code    92  motion_sensor.o(i.driver_sensor_two_spi_send_byte)
    enable_spi                               0x0001cdb5   Thumb Code    90  main.o(i.enable_spi)
    enterOrExitSleepmode                     0x0001ce25   Thumb Code    68  motion_sensor.o(i.enterOrExitSleepmode)
    enterOrExitjustSleepmode                 0x0001ce69   Thumb Code    30  motion_sensor.o(i.enterOrExitjustSleepmode)
    enter_normal_mode                        0x0001ce89   Thumb Code  2236  main.o(i.enter_normal_mode)
    enter_pairing_mode                       0x0001d7d9   Thumb Code   762  main.o(i.enter_pairing_mode)
    esb_init                                 0x0001db89   Thumb Code   168  main.o(i.esb_init)
    fs_erase                                 0x0001de35   Thumb Code   136  fstorage.o(i.fs_erase)
    fs_store                                 0x0001e0c9   Thumb Code   150  fstorage.o(i.fs_store)
    getMotion                                0x0001e455   Thumb Code   124  motion_sensor.o(i.getMotion)
    get_QDEC_state                           0x0001e4d5   Thumb Code    60  main.o(i.get_QDEC_state)
    intern_softdevice_events_execute         0x0001e681   Thumb Code   180  softdevice_handler.o(i.intern_softdevice_events_execute)
    m_flash_write                            0x0001eba9   Thumb Code   216  main.o(i.m_flash_write)
    main                                     0x0001ecbd   Thumb Code   850  main.o(i.main)
    modify_base_address_0                    0x0001f129   Thumb Code    36  main.o(i.modify_base_address_0)
    nrf_drv_adc_buffer_convert               0x0001f349   Thumb Code   126  nrf_drv_adc.o(i.nrf_drv_adc_buffer_convert)
    nrf_drv_adc_channel_enable               0x0001f3d1   Thumb Code    38  nrf_drv_adc.o(i.nrf_drv_adc_channel_enable)
    nrf_drv_adc_init                         0x0001f3fd   Thumb Code    62  nrf_drv_adc.o(i.nrf_drv_adc_init)
    nrf_drv_adc_sample                       0x0001f445   Thumb Code    12  nrf_drv_adc.o(i.nrf_drv_adc_sample)
    nrf_drv_adc_uninit                       0x0001f455   Thumb Code    48  nrf_drv_adc.o(i.nrf_drv_adc_uninit)
    nrf_drv_clock_init                       0x0001f491   Thumb Code   100  nrf_drv_clock.o(i.nrf_drv_clock_init)
    nrf_drv_clock_lfclk_request              0x0001f501   Thumb Code   110  nrf_drv_clock.o(i.nrf_drv_clock_lfclk_request)
    nrf_drv_clock_on_soc_event               0x0001f575   Thumb Code    14  nrf_drv_clock.o(i.nrf_drv_clock_on_soc_event)
    nrf_drv_common_irq_enable                0x0001f585   Thumb Code    48  nrf_drv_common.o(i.nrf_drv_common_irq_enable)
    nrf_drv_gpiote_in_event_disable          0x0001f5d1   Thumb Code    88  nrf_drv_gpiote.o(i.nrf_drv_gpiote_in_event_disable)
    nrf_drv_gpiote_in_event_enable           0x0001f631   Thumb Code   178  nrf_drv_gpiote.o(i.nrf_drv_gpiote_in_event_enable)
    nrf_drv_gpiote_in_init                   0x0001f6ed   Thumb Code   234  nrf_drv_gpiote.o(i.nrf_drv_gpiote_in_init)
    nrf_drv_gpiote_init                      0x0001f7e5   Thumb Code    88  nrf_drv_gpiote.o(i.nrf_drv_gpiote_init)
    nrf_drv_qdec_disable                     0x0001f841   Thumb Code    28  nrf_drv_qdec.o(i.nrf_drv_qdec_disable)
    nrf_drv_qdec_enable                      0x0001f869   Thumb Code    26  nrf_drv_qdec.o(i.nrf_drv_qdec_enable)
    nrf_drv_qdec_init                        0x0001f891   Thumb Code   208  nrf_drv_qdec.o(i.nrf_drv_qdec_init)
    nrf_drv_qdec_uninit                      0x0001f979   Thumb Code    30  nrf_drv_qdec.o(i.nrf_drv_qdec_uninit)
    nrf_drv_rtc_cc_set                       0x0001f9bd   Thumb Code   180  nrf_drv_rtc.o(i.nrf_drv_rtc_cc_set)
    nrf_drv_rtc_disable                      0x0001fa85   Thumb Code    26  nrf_drv_rtc.o(i.nrf_drv_rtc_disable)
    nrf_drv_rtc_enable                       0x0001faa5   Thumb Code    26  nrf_drv_rtc.o(i.nrf_drv_rtc_enable)
    nrf_drv_rtc_init                         0x0001fac5   Thumb Code   118  nrf_drv_rtc.o(i.nrf_drv_rtc_init)
    nrf_drv_rtc_tick_enable                  0x0001fbfd   Thumb Code    42  nrf_drv_rtc.o(i.nrf_drv_rtc_tick_enable)
    nrf_drv_spi_init                         0x0001fc29   Thumb Code   368  nrf_drv_spi.o(i.nrf_drv_spi_init)
    nrf_drv_spi_transfer                     0x0001fd9d   Thumb Code    36  nrf_drv_spi.o(i.nrf_drv_spi_transfer)
    nrf_drv_spi_uninit                       0x0001fdc1   Thumb Code    78  nrf_drv_spi.o(i.nrf_drv_spi_uninit)
    nrf_drv_spi_xfer                         0x0001fe19   Thumb Code   124  nrf_drv_spi.o(i.nrf_drv_spi_xfer)
    nrf_drv_timer_compare                    0x0001fe99   Thumb Code    56  nrf_drv_timer.o(i.nrf_drv_timer_compare)
    nrf_drv_timer_disable                    0x0001fed1   Thumb Code    28  nrf_drv_timer.o(i.nrf_drv_timer_disable)
    nrf_drv_timer_enable                     0x0001fef1   Thumb Code    28  nrf_drv_timer.o(i.nrf_drv_timer_enable)
    nrf_drv_timer_extended_compare           0x0001ff11   Thumb Code    62  nrf_drv_timer.o(i.nrf_drv_timer_extended_compare)
    nrf_drv_timer_init                       0x0001ff51   Thumb Code   210  nrf_drv_timer.o(i.nrf_drv_timer_init)
    nrf_drv_uart_init                        0x00020049   Thumb Code   144  nrf_drv_uart.o(i.nrf_drv_uart_init)
    nrf_drv_uart_tx                          0x000200e1   Thumb Code    52  nrf_drv_uart.o(i.nrf_drv_uart_tx)
    nrf_drv_uart_tx_in_progress              0x000201b1   Thumb Code    26  nrf_drv_uart.o(i.nrf_drv_uart_tx_in_progress)
    nrf_drv_uart_uninit                      0x000201d1   Thumb Code    92  nrf_drv_uart.o(i.nrf_drv_uart_uninit)
    nrf_esb_disable                          0x00020239   Thumb Code    52  nrf_esb.o(i.nrf_esb_disable)
    nrf_esb_event_handler                    0x00020281   Thumb Code    66  main.o(i.nrf_esb_event_handler)
    nrf_esb_flush_tx                         0x000202d5   Thumb Code    44  nrf_esb.o(i.nrf_esb_flush_tx)
    nrf_esb_init                             0x0002034d   Thumb Code   142  nrf_esb.o(i.nrf_esb_init)
    nrf_esb_read_rx_payload                  0x000203f9   Thumb Code   158  nrf_esb.o(i.nrf_esb_read_rx_payload)
    nrf_esb_set_address_length               0x000204a1   Thumb Code    54  nrf_esb.o(i.nrf_esb_set_address_length)
    nrf_esb_set_base_address_0               0x000204e9   Thumb Code    52  nrf_esb.o(i.nrf_esb_set_base_address_0)
    nrf_esb_set_rf_channel                   0x00020525   Thumb Code    38  nrf_esb.o(i.nrf_esb_set_rf_channel)
    nrf_esb_set_tx_power                     0x00020555   Thumb Code    40  nrf_esb.o(i.nrf_esb_set_tx_power)
    nrf_esb_start_rx                         0x00020585   Thumb Code   108  nrf_esb.o(i.nrf_esb_start_rx)
    nrf_esb_stop_rx                          0x00020619   Thumb Code    60  nrf_esb.o(i.nrf_esb_stop_rx)
    nrf_esb_update_prefix                    0x0002066d   Thumb Code    48  nrf_esb.o(i.nrf_esb_update_prefix)
    nrf_esb_write_payload                    0x000206a5   Thumb Code   246  nrf_esb.o(i.nrf_esb_write_payload)
    nrf_log_backend_hexdump_handler_get      0x00020bc5   Thumb Code     4  nrf_log_backend_serial.o(i.nrf_log_backend_hexdump_handler_get)
    nrf_log_backend_init                     0x00020bcd   Thumb Code   114  nrf_log_backend_serial.o(i.nrf_log_backend_init)
    nrf_log_backend_std_handler_get          0x00020f4d   Thumb Code     4  nrf_log_backend_serial.o(i.nrf_log_backend_std_handler_get)
    nrf_log_blocking_backend_set             0x00020f55   Thumb Code    10  nrf_log_frontend.o(i.nrf_log_blocking_backend_set)
    nrf_log_frontend_dequeue                 0x00020f61   Thumb Code   506  nrf_log_frontend.o(i.nrf_log_frontend_dequeue)
    nrf_log_frontend_hexdump                 0x00021169   Thumb Code   212  nrf_log_frontend.o(i.nrf_log_frontend_hexdump)
    nrf_log_frontend_init                    0x00021245   Thumb Code    30  nrf_log_frontend.o(i.nrf_log_frontend_init)
    nrf_log_frontend_std_0                   0x00021269   Thumb Code   124  nrf_log_frontend.o(i.nrf_log_frontend_std_0)
    nrf_log_frontend_std_1                   0x000212ed   Thumb Code   142  nrf_log_frontend.o(i.nrf_log_frontend_std_1)
    nrf_log_handlers_set                     0x00021385   Thumb Code     8  nrf_log_frontend.o(i.nrf_log_handlers_set)
    nrf_log_init                             0x00021391   Thumb Code    42  nrf_log_frontend.o(i.nrf_log_init)
    nrf_queue_is_full                        0x000213df   Thumb Code    30  nrf_queue.o(i.nrf_queue_is_full)
    nrf_queue_push                           0x0002140d   Thumb Code   196  nrf_queue.o(i.nrf_queue_push)
    readReg                                  0x00021f41   Thumb Code   116  motion_sensor.o(i.readReg)
    set_BT_work_mode                         0x000225dd   Thumb Code   134  main.o(i.set_BT_work_mode)
    softdevice_handler_is_enabled            0x0002268d   Thumb Code     6  softdevice_handler.o(i.softdevice_handler_is_enabled)
    spi_event_handler                        0x00022699   Thumb Code     8  main.o(i.spi_event_handler)
    system_off                               0x0002292d   Thumb Code    20  main.o(i.system_off)
    timer_for_sleep_event_handler            0x0002298d   Thumb Code    18  main.o(i.timer_for_sleep_event_handler)
    timer_led_event_handler                  0x000229a1   Thumb Code   554  main.o(i.timer_led_event_handler)
    turnOn                                   0x00022ed1   Thumb Code   736  motion_sensor.o(i.turnOn)
    usrPaw3205ReSynchronousSPI               0x000239d5   Thumb Code    52  motion_sensor.o(i.usrPaw3205ReSynchronousSPI)
    usrPaw3205setCPI                         0x00023a0d   Thumb Code   416  motion_sensor.o(i.usrPaw3205setCPI)
    verifyProductId                          0x00023bc1   Thumb Code    62  motion_sensor.o(i.verifyProductId)
    writeReg                                 0x00023c2d   Thumb Code    94  motion_sensor.o(i.writeReg)
    RF_CHANNEL_TABLE                         0x00023d58   Data          16  main.o(.constdata)
    TIMER_LED                                0x00023d68   Data           8  main.o(.constdata)
    TIMER_FOR_SLEEP                          0x00023d70   Data           8  main.o(.constdata)
    rtc                                      0x00023d78   Data           8  main.o(.constdata)
    encryptPassword                          0x00023d80   Data           6  main.o(.constdata)
    decryptPassword                          0x00023d86   Data           6  main.o(.constdata)
    BDaddrPassword                           0x00023d8c   Data           6  main.o(.constdata)
    TIMER_motion                             0x00023d94   Data           8  main.o(.constdata)
    spi                                      0x00023d9c   Data           8  main.o(.constdata)
    __ctype_table                            0x00023f70   Data         129  ctype_o.o(.constdata)
    Region$$Table$$Base                      0x00024004   Number         0  anon$$obj.o(Region$$Table)
    Region$$Table$$Limit                     0x00024024   Number         0  anon$$obj.o(Region$$Table)
    Image$$RW_IRAM1$$Base                    0x20001fe8   Number         0  anon$$obj.o ABSOLUTE
    digitizer_report                         0x20001fe8   Data          19  main.o(.data)
    sensor_direction                         0x20001ffb   Data           1  main.o(.data)
    Swap_XY                                  0x20001ffc   Data           1  main.o(.data)
    Negate_X                                 0x20001ffd   Data           1  main.o(.data)
    Negate_Y                                 0x20001ffe   Data           1  main.o(.data)
    work_mode                                0x20001fff   Data           1  main.o(.data)
    rf_channel                               0x20002000   Data           1  main.o(.data)
    m_TX_SUCCESS                             0x20002026   Data           1  main.o(.data)
    m_TX_FAIL                                0x20002027   Data           1  main.o(.data)
    m_RX_SUCCESS                             0x20002028   Data           1  main.o(.data)
    flag_rf_paged                            0x20002029   Data           1  main.o(.data)
    change_cpi_flag                          0x2000202a   Data           1  main.o(.data)
    QDEC_state                               0x2000202c   Data           4  main.o(.data)
    button_state                             0x20002030   Data           4  main.o(.data)
    previous_button_state                    0x20002034   Data           4  main.o(.data)
    sleep_time_cnt                           0x20002038   Data           4  main.o(.data)
    my_page_rx_count                         0x2000203c   Data           1  main.o(.data)
    active_event                             0x2000203d   Data           1  main.o(.data)
    polling_motion                           0x2000203e   Data           1  main.o(.data)
    KeepConnectReport                        0x2000203f   Data           7  main.o(.data)
    BDaddrSourceEncryptData                  0x20002046   Data           6  main.o(.data)
    BDaddrSource                             0x2000204c   Data           6  main.o(.data)
    test_dongle_connected                    0x20002052   Data           1  main.o(.data)
    test_usb_dongle_connected                0x20002053   Data           1  main.o(.data)
    m_datas                                  0x20002054   Data          24  main.o(.data)
    fs_page_num                              0x2000206c   Data           1  main.o(.data)
    m_time_low_voltage_alter                 0x20002078   Data           2  main.o(.data)
    m_time_voltage_measurement               0x2000207a   Data           2  main.o(.data)
    m_time_thress_key_pressed_measurement    0x2000207c   Data           2  main.o(.data)
    m_time_measurement                       0x2000207e   Data           2  main.o(.data)
    m_time_keep_connection                   0x20002080   Data           2  main.o(.data)
    m_cold_boot_cnt                          0x20002082   Data           2  main.o(.data)
    m_time_work_mode_check_low_cnt           0x20002084   Data           2  main.o(.data)
    m_time_keep_connection_cnt               0x20002086   Data           1  main.o(.data)
    m_sleep_timeout_cnt                      0x20002088   Data           2  main.o(.data)
    m_voltage_measurement_cnt                0x2000208a   Data           1  main.o(.data)
    m_time_to_sleep_cnt                      0x2000208c   Data           2  main.o(.data)
    m_motion_timer_is_start                  0x2000208e   Data           1  main.o(.data)
    m_sleep_timer_is_start                   0x2000208f   Data           1  main.o(.data)
    Authorization                            0x20002090   Data           1  main.o(.data)
    Authorization_enable                     0x20002091   Data           1  main.o(.data)
    Authorization_store                      0x20002092   Data           1  main.o(.data)
    repairing                                0x20002093   Data           1  main.o(.data)
    m_three_keys_pressed                     0x20002094   Data           1  main.o(.data)
    m_spi_is_enable                          0x20002095   Data           1  main.o(.data)
    m_adc_is_enable                          0x20002096   Data           1  main.o(.data)
    m_cold_boot                              0x20002097   Data           1  main.o(.data)
    m_qdec_is_enable                         0x20002098   Data           1  main.o(.data)
    m_motion_sensor_is_enable                0x20002099   Data           1  main.o(.data)
    m_rtc_timer_is_enable                    0x2000209a   Data           1  main.o(.data)
    m_hf_clock_is_enable                     0x2000209b   Data           1  main.o(.data)
    m_led_timer_is_enable                    0x2000209c   Data           1  main.o(.data)
    change_work_mode_completed               0x2000209d   Data           1  main.o(.data)
    change_work_mode_start                   0x2000209e   Data           1  main.o(.data)
    change_work_mode_indicate                0x2000209f   Data           1  main.o(.data)
    just_erase_page_3                        0x200020a0   Data           1  main.o(.data)
    USING_HW_SPI                             0x200020a1   Data           1  main.o(.data)
    Setting_CPI                              0x200020a2   Data           1  main.o(.data)
    auto_pairing_flag                        0x200020a3   Data           1  main.o(.data)
    peer_id_stored                           0x200020a4   Data           4  main.o(.data)
    peer_id_cnt                              0x200020a8   Data           2  main.o(.data)
    spi_xfer_done                            0x200020aa   Data           1  main.o(.data)
    button_status                            0x200020b9   Data           1  main.o(.data)
    key_buffer                               0x200020ba   Data           3  main.o(.data)
    my_device_addr                           0x200020bd   Data           7  main.o(.data)
    device_addr                              0x200020c4   Data           7  main.o(.data)
    cpiCnt                                   0x200020cb   Data           1  main.o(.data)
    cpiCntStore                              0x200020cc   Data           1  main.o(.data)
    AverageVoltage                           0x200020d0   Data           4  main.o(.data)
    deviceFound                              0x200022b5   Data           1  motion_sensor.o(.data)
    ChipVersion                              0x200022b6   Data           1  motion_sensor.o(.data)
    ChipSet                                  0x200022b7   Data           1  motion_sensor.o(.data)
    setCPIvalue                              0x200022b8   Data           1  motion_sensor.o(.data)
    nrf_nvic_state                           0x20002300   Data           8  app_util_platform.o(.data)
    m_uart                                   0x20002328   Data           8  nrf_log_backend_serial.o(.data)
    m_nrf_esb_mainstate                      0x20002351   Data           1  nrf_esb.o(.data)
    SystemCoreClock                          0x2000238c   Data           4  system_nrf51.o(.data)
    fs_data$$Base                            0x20002390   Number         0  main.o(fs_data)
    fs_data$$Limit                           0x200023e0   Number         0  fds.o(fs_data)
    m_config_local                           0x20002f24   Data          24  nrf_esb.o(.bss)
    __initial_sp                             0x20003a58   Data           0  arm_startup_nrf51.o(STACK)



==============================================================================

Memory Map of the image

  Image Entry point : 0x0001b0c1

  Load Region LR_IROM1 (Base: 0x0001b000, Size: 0x0000941c, Max: 0x00025000, ABSOLUTE, COMPRESSED[0x000091d0])

    Execution Region ER_IROM1 (Exec base: 0x0001b000, Load base: 0x0001b000, Size: 0x00009024, Max: 0x00025000, ABSOLUTE)

    Exec Addr    Load Addr    Size         Type   Attr      Idx    E Section Name        Object

    0x0001b000   0x0001b000   0x000000c0   Data   RO         7548    RESET               arm_startup_nrf51.o
    0x0001b0c0   0x0001b0c0   0x00000000   Code   RO         7600  * .ARM.Collect$$$$00000000  mc_p.l(entry.o)
    0x0001b0c0   0x0001b0c0   0x00000004   Code   RO         7908    .ARM.Collect$$$$00000001  mc_p.l(entry2.o)
    0x0001b0c4   0x0001b0c4   0x00000004   Code   RO         7911    .ARM.Collect$$$$00000004  mc_p.l(entry5.o)
    0x0001b0c8   0x0001b0c8   0x00000000   Code   RO         7913    .ARM.Collect$$$$00000008  mc_p.l(entry7b.o)
    0x0001b0c8   0x0001b0c8   0x00000000   Code   RO         7915    .ARM.Collect$$$$0000000A  mc_p.l(entry8b.o)
    0x0001b0c8   0x0001b0c8   0x00000008   Code   RO         7916    .ARM.Collect$$$$0000000B  mc_p.l(entry9a.o)
    0x0001b0d0   0x0001b0d0   0x00000000   Code   RO         7918    .ARM.Collect$$$$0000000D  mc_p.l(entry10a.o)
    0x0001b0d0   0x0001b0d0   0x00000000   Code   RO         7920    .ARM.Collect$$$$0000000F  mc_p.l(entry11a.o)
    0x0001b0d0   0x0001b0d0   0x00000004   Code   RO         7909    .ARM.Collect$$$$00002712  mc_p.l(entry2.o)
    0x0001b0d4   0x0001b0d4   0x00000038   Code   RO         7549    .text               arm_startup_nrf51.o
    0x0001b10c   0x0001b10c   0x0000002c   Code   RO         7603    .text               mc_p.l(uidiv.o)
    0x0001b138   0x0001b138   0x00000008   Code   RO         7607    .text               mc_p.l(ctype_o.o)
    0x0001b140   0x0001b140   0x00000024   Code   RO         7635    .text               mc_p.l(memcpya.o)
    0x0001b164   0x0001b164   0x00000024   Code   RO         7637    .text               mc_p.l(memseta.o)
    0x0001b188   0x0001b188   0x0000000e   Code   RO         7639    .text               mc_p.l(strlen.o)
    0x0001b196   0x0001b196   0x00000060   Code   RO         7925    .text               mc_p.l(uldiv.o)
    0x0001b1f6   0x0001b1f6   0x00000002   PAD
    0x0001b1f8   0x0001b1f8   0x00000024   Code   RO         7938    .text               mc_p.l(init.o)
    0x0001b21c   0x0001b21c   0x00000020   Code   RO         7941    .text               mc_p.l(llshl.o)
    0x0001b23c   0x0001b23c   0x00000022   Code   RO         7943    .text               mc_p.l(llushr.o)
    0x0001b25e   0x0001b25e   0x00000056   Code   RO         7960    .text               mc_p.l(__dczerorl2.o)
    0x0001b2b4   0x0001b2b4   0x00000080   Code   RO         5067    i.ADC_IRQHandler    nrf_drv_adc.o
    0x0001b334   0x0001b334   0x00000094   Code   RO          839    i.CheckSensor       motion_sensor.o
    0x0001b3c8   0x0001b3c8   0x0000001e   Code   RO          840    i.ChenkSensorSync   motion_sensor.o
    0x0001b3e6   0x0001b3e6   0x0000003c   Code   RO          841    i.CustomSensorReSynchronousSPI  motion_sensor.o
    0x0001b422   0x0001b422   0x00000002   PAD
    0x0001b424   0x0001b424   0x00000278   Code   RO         4052    i.GPIOTE_IRQHandler  nrf_drv_gpiote.o
    0x0001b69c   0x0001b69c   0x00000008   Code   RO            3    i.NRF_power_manage  main.o
    0x0001b6a4   0x0001b6a4   0x00000014   Code   RO         5680    i.NVIC_ClearPendingIRQ  app_timer.o
    0x0001b6b8   0x0001b6b8   0x00000014   Code   RO         7244    i.NVIC_ClearPendingIRQ  nrf_esb.o
    0x0001b6cc   0x0001b6cc   0x00000014   Code   RO         7245    i.NVIC_DisableIRQ   nrf_esb.o
    0x0001b6e0   0x0001b6e0   0x00000014   Code   RO         5681    i.NVIC_EnableIRQ    app_timer.o
    0x0001b6f4   0x0001b6f4   0x00000014   Code   RO         7246    i.NVIC_EnableIRQ    nrf_esb.o
    0x0001b708   0x0001b708   0x00000014   Code   RO         5682    i.NVIC_SetPendingIRQ  app_timer.o
    0x0001b71c   0x0001b71c   0x00000014   Code   RO         7247    i.NVIC_SetPendingIRQ  nrf_esb.o
    0x0001b730   0x0001b730   0x00000078   Code   RO         4005    i.NVIC_SetPriority  nrf_drv_common.o
    0x0001b7a8   0x0001b7a8   0x00000078   Code   RO         7248    i.NVIC_SetPriority  nrf_esb.o
    0x0001b820   0x0001b820   0x00000034   Code   RO            4    i.NVIC_SystemReset  main.o
    0x0001b854   0x0001b854   0x00000054   Code   RO         3795    i.POWER_CLOCK_IRQHandler  nrf_drv_clock.o
    0x0001b8a8   0x0001b8a8   0x000000e8   Code   RO         4532    i.QDEC_IRQHandler   nrf_drv_qdec.o
    0x0001b990   0x0001b990   0x00000080   Code   RO         7249    i.RADIO_IRQHandler  nrf_esb.o
    0x0001ba10   0x0001ba10   0x00000090   Code   RO         4986    i.RNG_IRQHandler    nrf_drv_rng.o
    0x0001baa0   0x0001baa0   0x00000014   Code   RO         5171    i.RTC0_IRQHandler   nrf_drv_rtc.o
    0x0001bab4   0x0001bab4   0x00000028   Code   RO         5684    i.RTC1_IRQHandler   app_timer.o
    0x0001badc   0x0001badc   0x00000018   Code   RO         4616    i.SPI0_TWI0_IRQHandler  nrf_drv_spi.o
    0x0001baf4   0x0001baf4   0x00000014   Code   RO         5316    i.SPI1_TWI1_IRQHandler  nrf_drv_twi.o
    0x0001bb08   0x0001bb08   0x00000008   Code   RO         5685    i.SWI0_IRQHandler   app_timer.o
    0x0001bb10   0x0001bb10   0x00000034   Code   RO         7066    i.SWI2_IRQHandler   softdevice_handler.o
    0x0001bb44   0x0001bb44   0x00000070   Code   RO         7250    i.SWI3_IRQHandler   nrf_esb.o
    0x0001bbb4   0x0001bbb4   0x00000064   Code   RO         7556    i.SystemInit        system_nrf51.o
    0x0001bc18   0x0001bc18   0x00000018   Code   RO         4732    i.TIMER0_IRQHandler  nrf_drv_timer.o
    0x0001bc30   0x0001bc30   0x00000018   Code   RO         4733    i.TIMER1_IRQHandler  nrf_drv_timer.o
    0x0001bc48   0x0001bc48   0x00000014   Code   RO         4309    i.UART0_IRQHandler  nrf_drv_uart.o
    0x0001bc5c   0x0001bc5c   0x00000034   Code   RO         7855    i.__0snprintf$8     mc_p.l(printf8.o)
    0x0001bc90   0x0001bc90   0x0000001c   Code   RO          493    i.__ARM_common_switch8  main.o
    0x0001bcac   0x0001bcac   0x0000000e   Code   RO         7954    i.__scatterload_copy  mc_p.l(handlers.o)
    0x0001bcba   0x0001bcba   0x00000002   Code   RO         7955    i.__scatterload_null  mc_p.l(handlers.o)
    0x0001bcbc   0x0001bcbc   0x0000000e   Code   RO         7956    i.__scatterload_zeroinit  mc_p.l(handlers.o)
    0x0001bcca   0x0001bcca   0x0000000c   Code   RO         5916    i.__sd_nvic_irq_disable  app_util_platform.o
    0x0001bcd6   0x0001bcd6   0x00000002   PAD
    0x0001bcd8   0x0001bcd8   0x00000428   Code   RO         7861    i._printf_core      mc_p.l(printf8.o)
    0x0001c100   0x0001c100   0x00000020   Code   RO         7862    i._printf_post_padding  mc_p.l(printf8.o)
    0x0001c120   0x0001c120   0x0000002c   Code   RO         7863    i._printf_pre_padding  mc_p.l(printf8.o)
    0x0001c14c   0x0001c14c   0x00000016   Code   RO         7864    i._snputc           mc_p.l(printf8.o)
    0x0001c162   0x0001c162   0x00000002   PAD
    0x0001c164   0x0001c164   0x0000003c   Code   RO            5    i.adc_config        main.o
    0x0001c1a0   0x0001c1a0   0x000000a4   Code   RO            6    i.adc_event_handler  main.o
    0x0001c244   0x0001c244   0x00000094   Code   RO         5068    i.adc_sample_process  nrf_drv_adc.o
    0x0001c2d8   0x0001c2d8   0x0000000e   Code   RO         7251    i.addr_conv         nrf_esb.o
    0x0001c2e6   0x0001c2e6   0x00000002   PAD
    0x0001c2e8   0x0001c2e8   0x00000030   Code   RO         5991    i.address_is_valid  fds.o
    0x0001c318   0x0001c318   0x00000048   Code   RO            7    i.address_of_page   main.o
    0x0001c360   0x0001c360   0x00000070   Code   RO         5605    i.app_error_fault_handler  app_error_weak.o
    0x0001c3d0   0x0001c3d0   0x00000020   Code   RO         5570    i.app_error_handler_bare  app_error.o
    0x0001c3f0   0x0001c3f0   0x00000070   Code   RO         5629    i.app_sched_execute  app_scheduler.o
    0x0001c460   0x0001c460   0x00000054   Code   RO         5917    i.app_util_critical_region_enter  app_util_platform.o
    0x0001c4b4   0x0001c4b4   0x00000040   Code   RO         5918    i.app_util_critical_region_exit  app_util_platform.o
    0x0001c4f4   0x0001c4f4   0x0000008c   Code   RO         4310    i.apply_config      nrf_drv_uart.o
    0x0001c580   0x0001c580   0x00000078   Code   RO         3625    i.ble_hids_inp_rep_send  ble_hids.o
    0x0001c5f8   0x0001c5f8   0x0000003c   Code   RO         1099    i.bsp_board_led_invert  boards.o
    0x0001c634   0x0001c634   0x00000014   Code   RO         1100    i.bsp_board_led_off  boards.o
    0x0001c648   0x0001c648   0x00000014   Code   RO         1101    i.bsp_board_led_on  boards.o
    0x0001c65c   0x0001c65c   0x00000030   Code   RO         1103    i.bsp_board_leds_init  boards.o
    0x0001c68c   0x0001c68c   0x00000014   Code   RO         1104    i.bsp_board_leds_off  boards.o
    0x0001c6a0   0x0001c6a0   0x00000014   Code   RO         6675    i.buf_len_update    nrf_log_backend_serial.o
    0x0001c6b4   0x0001c6b4   0x000000a4   Code   RO         6782    i.buf_prealloc      nrf_log_frontend.o
    0x0001c758   0x0001c758   0x00000018   Code   RO         6783    i.buffer_is_empty   nrf_log_frontend.o
    0x0001c770   0x0001c770   0x000000a8   Code   RO           16    i.button_event_handler  main.o
    0x0001c818   0x0001c818   0x00000032   Code   RO         6676    i.byte2hex          nrf_log_backend_serial.o
    0x0001c84a   0x0001c84a   0x00000002   PAD
    0x0001c84c   0x0001c84c   0x00000048   Code   RO         7252    i.bytewise_bit_swap  nrf_esb.o
    0x0001c894   0x0001c894   0x00000020   Code   RO         4053    i.channel_free      nrf_drv_gpiote.o
    0x0001c8b4   0x0001c8b4   0x00000010   Code   RO         4054    i.channel_handler_get  nrf_drv_gpiote.o
    0x0001c8c4   0x0001c8c4   0x00000078   Code   RO         4055    i.channel_port_alloc  nrf_drv_gpiote.o
    0x0001c93c   0x0001c93c   0x0000000c   Code   RO         4056    i.channel_port_get  nrf_drv_gpiote.o
    0x0001c948   0x0001c948   0x00000024   Code   RO         6413    i.check_config      fstorage.o
    0x0001c96c   0x0001c96c   0x00000030   Code   RO         5993    i.chunk_queue_get_and_advance  fds.o
    0x0001c99c   0x0001c99c   0x0000002c   Code   RO         5995    i.chunk_queue_skip  fds.o
    0x0001c9c8   0x0001c9c8   0x00000064   Code   RO         7253    i.clear_events_restart_rx  nrf_esb.o
    0x0001ca2c   0x0001ca2c   0x00000034   Code   RO         3796    i.clock_clk_started_notify  nrf_drv_clock.o
    0x0001ca60   0x0001ca60   0x0000001c   Code   RO           19    i.clocks_start      main.o
    0x0001ca7c   0x0001ca7c   0x0000008c   Code   RO         5693    i.compare_reg_update  app_timer.o
    0x0001cb08   0x0001cb08   0x00000050   Code   RO         5996    i.delete_execute    fds.o
    0x0001cb58   0x0001cb58   0x000000c4   Code   RO           22    i.detect_direction  main.o
    0x0001cc1c   0x0001cc1c   0x00000028   Code   RO           26    i.disable_qdec_with_qdec_state  main.o
    0x0001cc44   0x0001cc44   0x00000020   Code   RO           27    i.disable_spi       main.o
    0x0001cc64   0x0001cc64   0x00000044   Code   RO           28    i.driver_rf_channel_switch  main.o
    0x0001cca8   0x0001cca8   0x0000004c   Code   RO          842    i.driver_sensor_two_spi_read_byte  motion_sensor.o
    0x0001ccf4   0x0001ccf4   0x0000005c   Code   RO          843    i.driver_sensor_two_spi_send_byte  motion_sensor.o
    0x0001cd50   0x0001cd50   0x00000064   Code   RO         5694    i.elapsed_ticks_acquire  app_timer.o
    0x0001cdb4   0x0001cdb4   0x00000070   Code   RO           30    i.enable_spi        main.o
    0x0001ce24   0x0001ce24   0x00000044   Code   RO          845    i.enterOrExitSleepmode  motion_sensor.o
    0x0001ce68   0x0001ce68   0x0000001e   Code   RO          846    i.enterOrExitjustSleepmode  motion_sensor.o
    0x0001ce86   0x0001ce86   0x00000002   PAD
    0x0001ce88   0x0001ce88   0x00000950   Code   RO           31    i.enter_normal_mode  main.o
    0x0001d7d8   0x0001d7d8   0x000003a4   Code   RO           32    i.enter_pairing_mode  main.o
    0x0001db7c   0x0001db7c   0x0000000a   Code   RO         6414    i.erase_execute     fstorage.o
    0x0001db86   0x0001db86   0x00000002   PAD
    0x0001db88   0x0001db88   0x000000b4   Code   RO           33    i.esb_init          main.o
    0x0001dc3c   0x0001dc3c   0x00000078   Code   RO         5998    i.event_prepare     fds.o
    0x0001dcb4   0x0001dcb4   0x00000028   Code   RO         5999    i.event_send        fds.o
    0x0001dcdc   0x0001dcdc   0x0000005c   Code   RO         5695    i.expired_timers_handler  app_timer.o
    0x0001dd38   0x0001dd38   0x00000034   Code   RO         6019    i.file_find_and_delete  fds.o
    0x0001dd6c   0x0001dd6c   0x0000001e   Code   RO         4617    i.finish_transfer   nrf_drv_spi.o
    0x0001dd8a   0x0001dd8a   0x00000002   PAD
    0x0001dd8c   0x0001dd8c   0x00000010   Code   RO         6020    i.flag_clear        fds.o
    0x0001dd9c   0x0001dd9c   0x00000018   Code   RO         6021    i.flag_is_set       fds.o
    0x0001ddb4   0x0001ddb4   0x00000010   Code   RO         6022    i.flag_set          fds.o
    0x0001ddc4   0x0001ddc4   0x00000038   Code   RO           34    i.flash_page_erase  main.o
    0x0001ddfc   0x0001ddfc   0x00000038   Code   RO           35    i.flash_word_write  main.o
    0x0001de34   0x0001de34   0x0000008c   Code   RO         6415    i.fs_erase          fstorage.o
    0x0001dec0   0x0001dec0   0x0000000e   Code   RO         6023    i.fs_event_handler  fds.o
    0x0001dece   0x0001dece   0x00000002   PAD
    0x0001ded0   0x0001ded0   0x000001f8   Code   RO           36    i.fs_evt_handler    main.o
    0x0001e0c8   0x0001e0c8   0x0000009c   Code   RO         6422    i.fs_store          fstorage.o
    0x0001e164   0x0001e164   0x00000074   Code   RO         6024    i.gc_execute        fds.o
    0x0001e1d8   0x0001e1d8   0x0000003c   Code   RO         6025    i.gc_init           fds.o
    0x0001e214   0x0001e214   0x00000028   Code   RO         6026    i.gc_next_page      fds.o
    0x0001e23c   0x0001e23c   0x00000044   Code   RO         6027    i.gc_page_erase     fds.o
    0x0001e280   0x0001e280   0x0000004c   Code   RO         6028    i.gc_page_next      fds.o
    0x0001e2cc   0x0001e2cc   0x00000040   Code   RO         6029    i.gc_record_copy    fds.o
    0x0001e30c   0x0001e30c   0x00000028   Code   RO         6030    i.gc_record_find_next  fds.o
    0x0001e334   0x0001e334   0x00000058   Code   RO         6031    i.gc_state_advance  fds.o
    0x0001e38c   0x0001e38c   0x0000002c   Code   RO         6032    i.gc_swap_erase     fds.o
    0x0001e3b8   0x0001e3b8   0x00000044   Code   RO         6033    i.gc_swap_pages     fds.o
    0x0001e3fc   0x0001e3fc   0x00000020   Code   RO         6034    i.gc_swap_promote   fds.o
    0x0001e41c   0x0001e41c   0x00000018   Code   RO         6035    i.gc_tag_new_swap   fds.o
    0x0001e434   0x0001e434   0x00000020   Code   RO         6036    i.gc_update_swap_offset  fds.o
    0x0001e454   0x0001e454   0x00000080   Code   RO          847    i.getMotion         motion_sensor.o
    0x0001e4d4   0x0001e4d4   0x0000003c   Code   RO           39    i.get_QDEC_state    main.o
    0x0001e510   0x0001e510   0x0000001c   Code   RO         6037    i.header_is_valid   fds.o
    0x0001e52c   0x0001e52c   0x0000010c   Code   RO         6038    i.init_execute      fds.o
    0x0001e638   0x0001e638   0x00000048   Code   RO         7254    i.initialize_fifos  nrf_esb.o
    0x0001e680   0x0001e680   0x000000cc   Code   RO         7068    i.intern_softdevice_events_execute  softdevice_handler.o
    0x0001e74c   0x0001e74c   0x00000068   Code   RO         4734    i.irq_handler       nrf_drv_timer.o
    0x0001e7b4   0x0001e7b4   0x00000024   Code   RO         4618    i.irq_handler_spi   nrf_drv_spi.o
    0x0001e7d8   0x0001e7d8   0x000000e2   Code   RO         5317    i.irq_handler_twi   nrf_drv_twi.o
    0x0001e8ba   0x0001e8ba   0x00000002   PAD
    0x0001e8bc   0x0001e8bc   0x00000038   Code   RO         7557    i.is_disabled_in_debug_needed  system_nrf51.o
    0x0001e8f4   0x0001e8f4   0x0000006c   Code   RO         7558    i.is_manual_peripheral_setup_needed  system_nrf51.o
    0x0001e960   0x0001e960   0x00000054   Code   RO         7559    i.is_peripheral_domain_setup_needed  system_nrf51.o
    0x0001e9b4   0x0001e9b4   0x00000012   Code   RO         6039    i.is_word_aligned   fds.o
    0x0001e9c6   0x0001e9c6   0x0000000e   Code   RO         3799    i.item_dequeue      nrf_drv_clock.o
    0x0001e9d4   0x0001e9d4   0x00000024   Code   RO         3800    i.item_enqueue      nrf_drv_clock.o
    0x0001e9f8   0x0001e9f8   0x00000024   Code   RO           41    i.lfclk_config      main.o
    0x0001ea1c   0x0001ea1c   0x00000018   Code   RO         3801    i.lfclk_start       nrf_drv_clock.o
    0x0001ea34   0x0001ea34   0x0000007c   Code   RO         5696    i.list_deletions_handler  app_timer.o
    0x0001eab0   0x0001eab0   0x000000f8   Code   RO         5697    i.list_insertions_handler  app_timer.o
    0x0001eba8   0x0001eba8   0x00000114   Code   RO           43    i.m_flash_write     main.o
    0x0001ecbc   0x0001ecbc   0x0000046c   Code   RO           44    i.main              main.o
    0x0001f128   0x0001f128   0x00000028   Code   RO           45    i.modify_base_address_0  main.o
    0x0001f150   0x0001f150   0x00000054   Code   RO           51    i.mouse_scroll_send  main.o
    0x0001f1a4   0x0001f1a4   0x00000018   Code   RO         5632    i.next_index        app_scheduler.o
    0x0001f1bc   0x0001f1bc   0x0000000c   Code   RO         5069    i.nrf_adc_config_set  nrf_drv_adc.o
    0x0001f1c8   0x0001f1c8   0x00000018   Code   RO         5070    i.nrf_adc_event_check  nrf_drv_adc.o
    0x0001f1e0   0x0001f1e0   0x00000010   Code   RO         5071    i.nrf_adc_event_clear  nrf_drv_adc.o
    0x0001f1f0   0x0001f1f0   0x0000000c   Code   RO         5072    i.nrf_adc_int_disable  nrf_drv_adc.o
    0x0001f1fc   0x0001f1fc   0x0000000c   Code   RO         5073    i.nrf_adc_int_enable  nrf_drv_adc.o
    0x0001f208   0x0001f208   0x00000016   Code   RO         4057    i.nrf_bitmask_bit_is_set  nrf_drv_gpiote.o
    0x0001f21e   0x0001f21e   0x00000016   Code   RO         3803    i.nrf_clock_event_check  nrf_drv_clock.o
    0x0001f234   0x0001f234   0x0000000c   Code   RO         3804    i.nrf_clock_event_clear  nrf_drv_clock.o
    0x0001f240   0x0001f240   0x0000000c   Code   RO         3806    i.nrf_clock_int_disable  nrf_drv_clock.o
    0x0001f24c   0x0001f24c   0x0000000c   Code   RO         3807    i.nrf_clock_int_enable  nrf_drv_clock.o
    0x0001f258   0x0001f258   0x0000000a   Code   RO         3809    i.nrf_clock_task_trigger  nrf_drv_clock.o
    0x0001f262   0x0001f262   0x00000012   Code   RO           52    i.nrf_delay_ms      main.o
    0x0001f274   0x0001f274   0x00000012   Code   RO          848    i.nrf_delay_ms      motion_sensor.o
    0x0001f286   0x0001f286   0x00000002   PAD
    0x0001f288   0x0001f288   0x00000040   Code   RO           53    i.nrf_delay_us      main.o
    0x0001f2c8   0x0001f2c8   0x00000040   Code   RO          849    i.nrf_delay_us      motion_sensor.o
    0x0001f308   0x0001f308   0x00000040   Code   RO         5698    i.nrf_delay_us      app_timer.o
    0x0001f348   0x0001f348   0x00000088   Code   RO         5074    i.nrf_drv_adc_buffer_convert  nrf_drv_adc.o
    0x0001f3d0   0x0001f3d0   0x0000002c   Code   RO         5076    i.nrf_drv_adc_channel_enable  nrf_drv_adc.o
    0x0001f3fc   0x0001f3fc   0x00000048   Code   RO         5077    i.nrf_drv_adc_init  nrf_drv_adc.o
    0x0001f444   0x0001f444   0x00000010   Code   RO         5079    i.nrf_drv_adc_sample  nrf_drv_adc.o
    0x0001f454   0x0001f454   0x0000003c   Code   RO         5081    i.nrf_drv_adc_uninit  nrf_drv_adc.o
    0x0001f490   0x0001f490   0x00000070   Code   RO         3815    i.nrf_drv_clock_init  nrf_drv_clock.o
    0x0001f500   0x0001f500   0x00000074   Code   RO         3820    i.nrf_drv_clock_lfclk_request  nrf_drv_clock.o
    0x0001f574   0x0001f574   0x0000000e   Code   RO         3823    i.nrf_drv_clock_on_soc_event  nrf_drv_clock.o
    0x0001f582   0x0001f582   0x00000002   PAD
    0x0001f584   0x0001f584   0x00000038   Code   RO         4007    i.nrf_drv_common_irq_enable  nrf_drv_common.o
    0x0001f5bc   0x0001f5bc   0x0000000a   Code   RO         4311    i.nrf_drv_get_IRQn  nrf_drv_uart.o
    0x0001f5c6   0x0001f5c6   0x0000000a   Code   RO         4735    i.nrf_drv_get_IRQn  nrf_drv_timer.o
    0x0001f5d0   0x0001f5d0   0x00000060   Code   RO         4059    i.nrf_drv_gpiote_in_event_disable  nrf_drv_gpiote.o
    0x0001f630   0x0001f630   0x000000bc   Code   RO         4060    i.nrf_drv_gpiote_in_event_enable  nrf_drv_gpiote.o
    0x0001f6ec   0x0001f6ec   0x000000f8   Code   RO         4061    i.nrf_drv_gpiote_in_init  nrf_drv_gpiote.o
    0x0001f7e4   0x0001f7e4   0x0000005c   Code   RO         4064    i.nrf_drv_gpiote_init  nrf_drv_gpiote.o
    0x0001f840   0x0001f840   0x00000028   Code   RO         4534    i.nrf_drv_qdec_disable  nrf_drv_qdec.o
    0x0001f868   0x0001f868   0x00000028   Code   RO         4535    i.nrf_drv_qdec_enable  nrf_drv_qdec.o
    0x0001f890   0x0001f890   0x000000e8   Code   RO         4537    i.nrf_drv_qdec_init  nrf_drv_qdec.o
    0x0001f978   0x0001f978   0x00000028   Code   RO         4539    i.nrf_drv_qdec_uninit  nrf_drv_qdec.o
    0x0001f9a0   0x0001f9a0   0x0000001c   Code   RO         4994    i.nrf_drv_rng_stop  nrf_drv_rng.o
    0x0001f9bc   0x0001f9bc   0x000000bc   Code   RO         5173    i.nrf_drv_rtc_cc_set  nrf_drv_rtc.o
    0x0001fa78   0x0001fa78   0x0000000c   Code   RO           54    i.nrf_drv_rtc_counter_clear  main.o
    0x0001fa84   0x0001fa84   0x00000020   Code   RO         5174    i.nrf_drv_rtc_disable  nrf_drv_rtc.o
    0x0001faa4   0x0001faa4   0x00000020   Code   RO         5175    i.nrf_drv_rtc_enable  nrf_drv_rtc.o
    0x0001fac4   0x0001fac4   0x00000080   Code   RO         5176    i.nrf_drv_rtc_init  nrf_drv_rtc.o
    0x0001fb44   0x0001fb44   0x000000b8   Code   RO         5177    i.nrf_drv_rtc_int_handler  nrf_drv_rtc.o
    0x0001fbfc   0x0001fbfc   0x0000002a   Code   RO         5182    i.nrf_drv_rtc_tick_enable  nrf_drv_rtc.o
    0x0001fc26   0x0001fc26   0x00000002   PAD
    0x0001fc28   0x0001fc28   0x00000174   Code   RO         4619    i.nrf_drv_spi_init  nrf_drv_spi.o
    0x0001fd9c   0x0001fd9c   0x00000024   Code   RO         4620    i.nrf_drv_spi_transfer  nrf_drv_spi.o
    0x0001fdc0   0x0001fdc0   0x00000058   Code   RO         4621    i.nrf_drv_spi_uninit  nrf_drv_spi.o
    0x0001fe18   0x0001fe18   0x00000080   Code   RO         4622    i.nrf_drv_spi_xfer  nrf_drv_spi.o
    0x0001fe98   0x0001fe98   0x00000038   Code   RO         4738    i.nrf_drv_timer_compare  nrf_drv_timer.o
    0x0001fed0   0x0001fed0   0x00000020   Code   RO         4741    i.nrf_drv_timer_disable  nrf_drv_timer.o
    0x0001fef0   0x0001fef0   0x00000020   Code   RO         4742    i.nrf_drv_timer_enable  nrf_drv_timer.o
    0x0001ff10   0x0001ff10   0x0000003e   Code   RO         4743    i.nrf_drv_timer_extended_compare  nrf_drv_timer.o
    0x0001ff4e   0x0001ff4e   0x00000002   PAD
    0x0001ff50   0x0001ff50   0x000000d8   Code   RO         4745    i.nrf_drv_timer_init  nrf_drv_timer.o
    0x00020028   0x00020028   0x0000001e   Code   RO           55    i.nrf_drv_timer_ms_to_ticks  main.o
    0x00020046   0x00020046   0x00000002   PAD
    0x00020048   0x00020048   0x00000098   Code   RO         4313    i.nrf_drv_uart_init  nrf_drv_uart.o
    0x000200e0   0x000200e0   0x00000038   Code   RO         4319    i.nrf_drv_uart_tx   nrf_drv_uart.o
    0x00020118   0x00020118   0x00000098   Code   RO         4321    i.nrf_drv_uart_tx_for_uart  nrf_drv_uart.o
    0x000201b0   0x000201b0   0x00000020   Code   RO         4322    i.nrf_drv_uart_tx_in_progress  nrf_drv_uart.o
    0x000201d0   0x000201d0   0x00000068   Code   RO         4323    i.nrf_drv_uart_uninit  nrf_drv_uart.o
    0x00020238   0x00020238   0x00000048   Code   RO         7255    i.nrf_esb_disable   nrf_esb.o
    0x00020280   0x00020280   0x00000054   Code   RO           56    i.nrf_esb_event_handler  main.o
    0x000202d4   0x000202d4   0x00000034   Code   RO         7258    i.nrf_esb_flush_tx  nrf_esb.o
    0x00020308   0x00020308   0x00000044   Code   RO         7259    i.nrf_esb_get_clear_interrupts  nrf_esb.o
    0x0002034c   0x0002034c   0x000000ac   Code   RO         7261    i.nrf_esb_init      nrf_esb.o
    0x000203f8   0x000203f8   0x000000a8   Code   RO         7264    i.nrf_esb_read_rx_payload  nrf_esb.o
    0x000204a0   0x000204a0   0x00000048   Code   RO         7265    i.nrf_esb_set_address_length  nrf_esb.o
    0x000204e8   0x000204e8   0x0000003c   Code   RO         7266    i.nrf_esb_set_base_address_0  nrf_esb.o
    0x00020524   0x00020524   0x00000030   Code   RO         7269    i.nrf_esb_set_rf_channel  nrf_esb.o
    0x00020554   0x00020554   0x00000030   Code   RO         7270    i.nrf_esb_set_tx_power  nrf_esb.o
    0x00020584   0x00020584   0x00000094   Code   RO         7271    i.nrf_esb_start_rx  nrf_esb.o
    0x00020618   0x00020618   0x00000054   Code   RO         7273    i.nrf_esb_stop_rx   nrf_esb.o
    0x0002066c   0x0002066c   0x00000038   Code   RO         7275    i.nrf_esb_update_prefix  nrf_esb.o
    0x000206a4   0x000206a4   0x0000010c   Code   RO         7276    i.nrf_esb_write_payload  nrf_esb.o
    0x000207b0   0x000207b0   0x0000002a   Code   RO           57    i.nrf_gpio_cfg      main.o
    0x000207da   0x000207da   0x0000002a   Code   RO          850    i.nrf_gpio_cfg      motion_sensor.o
    0x00020804   0x00020804   0x0000002a   Code   RO         1108    i.nrf_gpio_cfg      boards.o
    0x0002082e   0x0002082e   0x0000002a   Code   RO         4077    i.nrf_gpio_cfg      nrf_drv_gpiote.o
    0x00020858   0x00020858   0x0000002a   Code   RO         4324    i.nrf_gpio_cfg      nrf_drv_uart.o
    0x00020882   0x00020882   0x0000002a   Code   RO         4623    i.nrf_gpio_cfg      nrf_drv_spi.o
    0x000208ac   0x000208ac   0x00000018   Code   RO         4325    i.nrf_gpio_cfg_default  nrf_drv_uart.o
    0x000208c4   0x000208c4   0x0000001a   Code   RO           58    i.nrf_gpio_cfg_input  main.o
    0x000208de   0x000208de   0x0000001a   Code   RO          851    i.nrf_gpio_cfg_input  motion_sensor.o
    0x000208f8   0x000208f8   0x0000001a   Code   RO         4326    i.nrf_gpio_cfg_input  nrf_drv_uart.o
    0x00020912   0x00020912   0x00000036   Code   RO         4540    i.nrf_gpio_cfg_input  nrf_drv_qdec.o
    0x00020948   0x00020948   0x00000018   Code   RO           59    i.nrf_gpio_cfg_output  main.o
    0x00020960   0x00020960   0x00000018   Code   RO          852    i.nrf_gpio_cfg_output  motion_sensor.o
    0x00020978   0x00020978   0x00000018   Code   RO         4327    i.nrf_gpio_cfg_output  nrf_drv_uart.o
    0x00020990   0x00020990   0x00000018   Code   RO         4624    i.nrf_gpio_cfg_output  nrf_drv_spi.o
    0x000209a8   0x000209a8   0x00000040   Code   RO         4079    i.nrf_gpio_cfg_sense_set  nrf_drv_gpiote.o
    0x000209e8   0x000209e8   0x00000018   Code   RO         4625    i.nrf_gpio_pin_clear  nrf_drv_spi.o
    0x00020a00   0x00020a00   0x0000001a   Code   RO          853    i.nrf_gpio_pin_read  motion_sensor.o
    0x00020a1a   0x00020a1a   0x0000001a   Code   RO         4081    i.nrf_gpio_pin_read  nrf_drv_gpiote.o
    0x00020a34   0x00020a34   0x00000018   Code   RO         4328    i.nrf_gpio_pin_set  nrf_drv_uart.o
    0x00020a4c   0x00020a4c   0x00000018   Code   RO         4626    i.nrf_gpio_pin_set  nrf_drv_spi.o
    0x00020a64   0x00020a64   0x00000040   Code   RO           60    i.nrf_gpio_pin_write  main.o
    0x00020aa4   0x00020aa4   0x00000040   Code   RO          854    i.nrf_gpio_pin_write  motion_sensor.o
    0x00020ae4   0x00020ae4   0x00000040   Code   RO         1109    i.nrf_gpio_pin_write  boards.o
    0x00020b24   0x00020b24   0x00000030   Code   RO           61    i.nrf_gpio_ports_read  main.o
    0x00020b54   0x00020b54   0x00000030   Code   RO         4083    i.nrf_gpio_ports_read  nrf_drv_gpiote.o
    0x00020b84   0x00020b84   0x0000000c   Code   RO         4084    i.nrf_gpiote_event_addr_get  nrf_drv_gpiote.o
    0x00020b90   0x00020b90   0x00000010   Code   RO         4085    i.nrf_gpiote_event_clear  nrf_drv_gpiote.o
    0x00020ba0   0x00020ba0   0x00000016   Code   RO         4086    i.nrf_gpiote_event_is_set  nrf_drv_gpiote.o
    0x00020bb6   0x00020bb6   0x00000002   PAD
    0x00020bb8   0x00020bb8   0x0000000c   Code   RO         4087    i.nrf_gpiote_int_enable  nrf_drv_gpiote.o
    0x00020bc4   0x00020bc4   0x00000008   Code   RO         6678    i.nrf_log_backend_hexdump_handler_get  nrf_log_backend_serial.o
    0x00020bcc   0x00020bcc   0x0000008c   Code   RO         6679    i.nrf_log_backend_init  nrf_log_backend_serial.o
    0x00020c58   0x00020c58   0x0000015e   Code   RO         6680    i.nrf_log_backend_serial_hexdump_handler  nrf_log_backend_serial.o
    0x00020db6   0x00020db6   0x00000194   Code   RO         6681    i.nrf_log_backend_serial_std_handler  nrf_log_backend_serial.o
    0x00020f4a   0x00020f4a   0x00000002   PAD
    0x00020f4c   0x00020f4c   0x00000008   Code   RO         6682    i.nrf_log_backend_std_handler_get  nrf_log_backend_serial.o
    0x00020f54   0x00020f54   0x0000000a   Code   RO         6785    i.nrf_log_blocking_backend_set  nrf_log_frontend.o
    0x00020f5e   0x00020f5e   0x00000002   PAD
    0x00020f60   0x00020f60   0x00000208   Code   RO         6786    i.nrf_log_frontend_dequeue  nrf_log_frontend.o
    0x00021168   0x00021168   0x000000dc   Code   RO         6787    i.nrf_log_frontend_hexdump  nrf_log_frontend.o
    0x00021244   0x00021244   0x00000024   Code   RO         6788    i.nrf_log_frontend_init  nrf_log_frontend.o
    0x00021268   0x00021268   0x00000084   Code   RO         6789    i.nrf_log_frontend_std_0  nrf_log_frontend.o
    0x000212ec   0x000212ec   0x00000098   Code   RO         6790    i.nrf_log_frontend_std_1  nrf_log_frontend.o
    0x00021384   0x00021384   0x0000000c   Code   RO         6797    i.nrf_log_handlers_set  nrf_log_frontend.o
    0x00021390   0x00021390   0x0000002a   Code   RO         6798    i.nrf_log_init      nrf_log_frontend.o
    0x000213ba   0x000213ba   0x00000002   PAD
    0x000213bc   0x000213bc   0x00000010   Code   RO         4541    i.nrf_qdec_int_enable_check  nrf_drv_qdec.o
    0x000213cc   0x000213cc   0x00000012   Code   RO           62    i.nrf_qdec_reportper_to_value  main.o
    0x000213de   0x000213de   0x0000001e   Code   RO         4893    i.nrf_queue_is_full  nrf_queue.o
    0x000213fc   0x000213fc   0x00000010   Code   RO         4894    i.nrf_queue_next_idx  nrf_queue.o
    0x0002140c   0x0002140c   0x000000c4   Code   RO         4896    i.nrf_queue_push    nrf_queue.o
    0x000214d0   0x000214d0   0x0000000e   Code   RO         5184    i.nrf_rtc_cc_set    nrf_drv_rtc.o
    0x000214de   0x000214de   0x00000006   Code   RO         5185    i.nrf_rtc_event_clear  nrf_drv_rtc.o
    0x000214e4   0x000214e4   0x0000000a   Code   RO         5186    i.nrf_rtc_event_disable  nrf_drv_rtc.o
    0x000214ee   0x000214ee   0x0000000a   Code   RO         5187    i.nrf_rtc_event_enable  nrf_drv_rtc.o
    0x000214f8   0x000214f8   0x00000006   Code   RO         5188    i.nrf_rtc_event_pending  nrf_drv_rtc.o
    0x000214fe   0x000214fe   0x0000000a   Code   RO         5189    i.nrf_rtc_int_disable  nrf_drv_rtc.o
    0x00021508   0x00021508   0x0000000a   Code   RO         5190    i.nrf_rtc_int_enable  nrf_drv_rtc.o
    0x00021512   0x00021512   0x0000000e   Code   RO         5191    i.nrf_rtc_int_is_enabled  nrf_drv_rtc.o
    0x00021520   0x00021520   0x00000006   Code   RO         5192    i.nrf_rtc_task_trigger  nrf_drv_rtc.o
    0x00021526   0x00021526   0x00000006   Code   RO         4627    i.nrf_spi_event_clear  nrf_drv_spi.o
    0x0002152c   0x0002152c   0x0000000a   Code   RO         4628    i.nrf_spi_int_disable  nrf_drv_spi.o
    0x00021536   0x00021536   0x0000000a   Code   RO         4629    i.nrf_spi_int_enable  nrf_drv_spi.o
    0x00021540   0x00021540   0x0000000a   Code   RO         4630    i.nrf_spi_txd_set   nrf_drv_spi.o
    0x0002154a   0x0002154a   0x0000000c   Code   RO         4749    i.nrf_timer_compare_event_get  nrf_drv_timer.o
    0x00021556   0x00021556   0x0000000a   Code   RO         4750    i.nrf_timer_compare_int_get  nrf_drv_timer.o
    0x00021560   0x00021560   0x00000006   Code   RO         4751    i.nrf_timer_event_clear  nrf_drv_timer.o
    0x00021566   0x00021566   0x0000000a   Code   RO         4752    i.nrf_timer_int_disable  nrf_drv_timer.o
    0x00021570   0x00021570   0x0000000a   Code   RO         4753    i.nrf_timer_int_enable  nrf_drv_timer.o
    0x0002157a   0x0002157a   0x00000010   Code   RO         4754    i.nrf_timer_shorts_disable  nrf_drv_timer.o
    0x0002158a   0x0002158a   0x00000006   Code   RO         4755    i.nrf_timer_task_trigger  nrf_drv_timer.o
    0x00021590   0x00021590   0x00000014   Code   RO         5332    i.nrf_twi_errorsrc_get_and_clear  nrf_drv_twi.o
    0x000215a4   0x000215a4   0x00000010   Code   RO         5333    i.nrf_twi_event_check  nrf_drv_twi.o
    0x000215b4   0x000215b4   0x00000006   Code   RO         5334    i.nrf_twi_event_clear  nrf_drv_twi.o
    0x000215ba   0x000215ba   0x0000000a   Code   RO         5336    i.nrf_twi_int_enable  nrf_drv_twi.o
    0x000215c4   0x000215c4   0x00000008   Code   RO         5337    i.nrf_twi_shorts_set  nrf_drv_twi.o
    0x000215cc   0x000215cc   0x00000006   Code   RO         5338    i.nrf_twi_task_trigger  nrf_drv_twi.o
    0x000215d2   0x000215d2   0x00000014   Code   RO         4329    i.nrf_uart_errorsrc_get_and_clear  nrf_drv_uart.o
    0x000215e6   0x000215e6   0x00000010   Code   RO         4330    i.nrf_uart_event_check  nrf_drv_uart.o
    0x000215f6   0x000215f6   0x00000006   Code   RO         4331    i.nrf_uart_event_clear  nrf_drv_uart.o
    0x000215fc   0x000215fc   0x00000012   Code   RO         4332    i.nrf_uart_hwfc_pins_set  nrf_drv_uart.o
    0x0002160e   0x0002160e   0x0000000a   Code   RO         4333    i.nrf_uart_int_disable  nrf_drv_uart.o
    0x00021618   0x00021618   0x0000000a   Code   RO         4334    i.nrf_uart_int_enable  nrf_drv_uart.o
    0x00021622   0x00021622   0x00000018   Code   RO         4335    i.nrf_uart_int_enable_check  nrf_drv_uart.o
    0x0002163a   0x0002163a   0x00000006   Code   RO         4336    i.nrf_uart_task_trigger  nrf_drv_uart.o
    0x00021640   0x00021640   0x00000012   Code   RO         4337    i.nrf_uart_txrx_pins_set  nrf_drv_uart.o
    0x00021652   0x00021652   0x00000002   PAD
    0x00021654   0x00021654   0x000001c8   Code   RO         7277    i.on_radio_disabled_rx  nrf_esb.o
    0x0002181c   0x0002181c   0x00000048   Code   RO         7278    i.on_radio_disabled_rx_ack  nrf_esb.o
    0x00021864   0x00021864   0x000000a0   Code   RO         7279    i.on_radio_disabled_tx  nrf_esb.o
    0x00021904   0x00021904   0x00000040   Code   RO         7280    i.on_radio_disabled_tx_noack  nrf_esb.o
    0x00021944   0x00021944   0x0000016c   Code   RO         7281    i.on_radio_disabled_tx_wait_for_ack  nrf_esb.o
    0x00021ab0   0x00021ab0   0x00000040   Code   RO         6041    i.page_from_record  fds.o
    0x00021af0   0x00021af0   0x00000012   Code   RO         6045    i.page_offsets_update  fds.o
    0x00021b02   0x00021b02   0x00000002   PAD
    0x00021b04   0x00021b04   0x00000020   Code   RO         6047    i.page_tag_write_data  fds.o
    0x00021b24   0x00021b24   0x00000024   Code   RO         6048    i.page_tag_write_swap  fds.o
    0x00021b48   0x00021b48   0x0000001c   Code   RO         4089    i.pin_in_use_by_gpiote  nrf_drv_gpiote.o
    0x00021b64   0x00021b64   0x00000018   Code   RO         4090    i.pin_in_use_by_port  nrf_drv_gpiote.o
    0x00021b7c   0x00021b7c   0x00000020   Code   RO         4091    i.pin_in_use_by_te  nrf_drv_gpiote.o
    0x00021b9c   0x00021b9c   0x00000010   Code   RO         4092    i.pin_in_use_clear  nrf_drv_gpiote.o
    0x00021bac   0x00021bac   0x0000008a   Code   RO         4338    i.pins_to_default   nrf_drv_uart.o
    0x00021c36   0x00021c36   0x00000002   PAD
    0x00021c38   0x00021c38   0x00000064   Code   RO         7282    i.ppi_init          nrf_esb.o
    0x00021c9c   0x00021c9c   0x00000084   Code   RO           70    i.qdec_event_handler  main.o
    0x00021d20   0x00021d20   0x00000048   Code   RO         6050    i.queue_advance     fds.o
    0x00021d68   0x00021d68   0x00000064   Code   RO         6427    i.queue_get_next_free  fstorage.o
    0x00021dcc   0x00021dcc   0x000000a8   Code   RO         6051    i.queue_process     fds.o
    0x00021e74   0x00021e74   0x00000070   Code   RO         6428    i.queue_process     fstorage.o
    0x00021ee4   0x00021ee4   0x00000030   Code   RO         6429    i.queue_start       fstorage.o
    0x00021f14   0x00021f14   0x0000002c   Code   RO         4902    i.queue_utilization_get  nrf_queue.o
    0x00021f40   0x00021f40   0x0000007c   Code   RO          855    i.readReg           motion_sensor.o
    0x00021fbc   0x00021fbc   0x00000090   Code   RO         6053    i.record_find       fds.o
    0x0002204c   0x0002204c   0x0000003c   Code   RO         6054    i.record_find_and_delete  fds.o
    0x00022088   0x00022088   0x00000080   Code   RO         6055    i.record_find_by_desc  fds.o
    0x00022108   0x00022108   0x00000064   Code   RO         6056    i.record_find_next  fds.o
    0x0002216c   0x0002216c   0x0000003c   Code   RO         6057    i.record_header_flag_dirty  fds.o
    0x000221a8   0x000221a8   0x0000002c   Code   RO         6058    i.record_header_write_begin  fds.o
    0x000221d4   0x000221d4   0x00000038   Code   RO         6059    i.record_header_write_finalize  fds.o
    0x0002220c   0x0002220c   0x0000003c   Code   RO         6060    i.record_header_write_id  fds.o
    0x00022248   0x00022248   0x00000054   Code   RO         6062    i.record_write_chunk  fds.o
    0x0002229c   0x0002229c   0x0000001c   Code   RO         7283    i.reset_fifos       nrf_esb.o
    0x000222b8   0x000222b8   0x0000000c   Code   RO         5699    i.rtc1_compare0_set  app_timer.o
    0x000222c4   0x000222c4   0x0000000c   Code   RO         5700    i.rtc1_counter_get  app_timer.o
    0x000222d0   0x000222d0   0x0000003c   Code   RO         5702    i.rtc1_start        app_timer.o
    0x0002230c   0x0002230c   0x00000058   Code   RO         5703    i.rtc1_stop         app_timer.o
    0x00022364   0x00022364   0x00000070   Code   RO           74    i.rtc_config        main.o
    0x000223d4   0x000223d4   0x00000030   Code   RO           75    i.rtc_handler       main.o
    0x00022404   0x00022404   0x00000048   Code   RO         4339    i.rx_byte           nrf_drv_uart.o
    0x0002244c   0x0002244c   0x0000001c   Code   RO         4340    i.rx_done_event     nrf_drv_uart.o
    0x00022468   0x00022468   0x000000d4   Code   RO         7284    i.rx_fifo_push_rfbuf  nrf_esb.o
    0x0002253c   0x0002253c   0x0000005a   Code   RO         6430    i.send_event        fstorage.o
    0x00022596   0x00022596   0x00000002   PAD
    0x00022598   0x00022598   0x00000014   Code   RO         6684    i.serial_is_busy    nrf_log_backend_serial.o
    0x000225ac   0x000225ac   0x00000030   Code   RO         6685    i.serial_tx         nrf_log_backend_serial.o
    0x000225dc   0x000225dc   0x000000b0   Code   RO           79    i.set_BT_work_mode  main.o
    0x0002268c   0x0002268c   0x0000000c   Code   RO         7078    i.softdevice_handler_is_enabled  softdevice_handler.o
    0x00022698   0x00022698   0x0000000c   Code   RO           83    i.spi_event_handler  main.o
    0x000226a4   0x000226a4   0x000000a2   Code   RO         4631    i.spi_xfer          nrf_drv_spi.o
    0x00022746   0x00022746   0x00000002   PAD
    0x00022748   0x00022748   0x00000190   Code   RO         7285    i.start_tx_transaction  nrf_esb.o
    0x000228d8   0x000228d8   0x00000032   Code   RO         6431    i.store_execute     fstorage.o
    0x0002290a   0x0002290a   0x00000002   PAD
    0x0002290c   0x0002290c   0x00000020   Code   RO         7286    i.sys_timer_init    nrf_esb.o
    0x0002292c   0x0002292c   0x00000018   Code   RO           85    i.system_off        main.o
    0x00022944   0x00022944   0x0000000a   Code   RO         5704    i.ticks_diff_get    app_timer.o
    0x0002294e   0x0002294e   0x00000002   PAD
    0x00022950   0x00022950   0x0000003c   Code   RO         5705    i.timeout_handler_exec  app_timer.o
    0x0002298c   0x0002298c   0x00000012   Code   RO           86    i.timer_for_sleep_event_handler  main.o
    0x0002299e   0x0002299e   0x00000002   PAD
    0x000229a0   0x000229a0   0x000002a0   Code   RO           87    i.timer_led_event_handler  main.o
    0x00022c40   0x00022c40   0x00000058   Code   RO         5706    i.timer_list_handler  app_timer.o
    0x00022c98   0x00022c98   0x0000000a   Code   RO         5707    i.timer_list_handler_sched  app_timer.o
    0x00022ca2   0x00022ca2   0x00000002   PAD
    0x00022ca4   0x00022ca4   0x0000006c   Code   RO         5708    i.timer_list_insert  app_timer.o
    0x00022d10   0x00022d10   0x00000070   Code   RO         5709    i.timer_list_remove  app_timer.o
    0x00022d80   0x00022d80   0x00000094   Code   RO         5712    i.timer_timeouts_check  app_timer.o
    0x00022e14   0x00022e14   0x0000000a   Code   RO         5713    i.timer_timeouts_check_sched  app_timer.o
    0x00022e1e   0x00022e1e   0x00000002   PAD
    0x00022e20   0x00022e20   0x00000040   Code   RO         6686    i.timestamp_process  nrf_log_backend_serial.o
    0x00022e60   0x00022e60   0x0000006e   Code   RO         4632    i.transfer_byte     nrf_drv_spi.o
    0x00022ece   0x00022ece   0x00000002   PAD
    0x00022ed0   0x00022ed0   0x00000400   Code   RO          856    i.turnOn            motion_sensor.o
    0x000232d0   0x000232d0   0x0000002c   Code   RO         5340    i.twi_process_error  nrf_drv_twi.o
    0x000232fc   0x000232fc   0x0000004c   Code   RO         5341    i.twi_receive_byte  nrf_drv_twi.o
    0x00023348   0x00023348   0x000000bc   Code   RO         5342    i.twi_rx_start_transfer  nrf_drv_twi.o
    0x00023404   0x00023404   0x00000044   Code   RO         5343    i.twi_send_byte     nrf_drv_twi.o
    0x00023448   0x00023448   0x00000132   Code   RO         5344    i.twi_transfer      nrf_drv_twi.o
    0x0002357a   0x0002357a   0x00000002   PAD
    0x0002357c   0x0002357c   0x000000c0   Code   RO         5345    i.twi_tx_start_transfer  nrf_drv_twi.o
    0x0002363c   0x0002363c   0x0000002a   Code   RO         4342    i.tx_byte           nrf_drv_uart.o
    0x00023666   0x00023666   0x00000022   Code   RO         4343    i.tx_done_event     nrf_drv_uart.o
    0x00023688   0x00023688   0x00000038   Code   RO         7287    i.tx_fifo_remove_last  nrf_esb.o
    0x000236c0   0x000236c0   0x00000010   Code   RO         6687    i.uart_event_handler  nrf_log_backend_serial.o
    0x000236d0   0x000236d0   0x00000158   Code   RO         4344    i.uart_irq_handler  nrf_drv_uart.o
    0x00023828   0x00023828   0x00000054   Code   RO         7288    i.update_radio_addresses  nrf_esb.o
    0x0002387c   0x0002387c   0x00000050   Code   RO         7289    i.update_radio_bitrate  nrf_esb.o
    0x000238cc   0x000238cc   0x00000040   Code   RO         7290    i.update_radio_crc  nrf_esb.o
    0x0002390c   0x0002390c   0x00000028   Code   RO         7291    i.update_radio_parameters  nrf_esb.o
    0x00023934   0x00023934   0x00000034   Code   RO         7292    i.update_radio_protocol  nrf_esb.o
    0x00023968   0x00023968   0x00000014   Code   RO         7293    i.update_radio_tx_power  nrf_esb.o
    0x0002397c   0x0002397c   0x0000002c   Code   RO         7294    i.update_rf_payload_format_esb  nrf_esb.o
    0x000239a8   0x000239a8   0x0000002c   Code   RO         7295    i.update_rf_payload_format_esb_dpl  nrf_esb.o
    0x000239d4   0x000239d4   0x00000038   Code   RO          857    i.usrPaw3205ReSynchronousSPI  motion_sensor.o
    0x00023a0c   0x00023a0c   0x000001b4   Code   RO          858    i.usrPaw3205setCPI  motion_sensor.o
    0x00023bc0   0x00023bc0   0x0000006c   Code   RO          859    i.verifyProductId   motion_sensor.o
    0x00023c2c   0x00023c2c   0x00000068   Code   RO          860    i.writeReg          motion_sensor.o
    0x00023c94   0x00023c94   0x000000c4   Code   RO         6064    i.write_execute     fds.o
    0x00023d58   0x00023d58   0x000000ac   Data   RO           92    .constdata          main.o
    0x00023e04   0x00023e04   0x0000000a   Data   RO         1110    .constdata          boards.o
    0x00023e0e   0x00023e0e   0x00000002   PAD
    0x00023e10   0x00023e10   0x00000047   Data   RO         4094    .constdata          nrf_drv_gpiote.o
    0x00023e57   0x00023e57   0x00000001   PAD
    0x00023e58   0x00023e58   0x0000002a   Data   RO         4542    .constdata          nrf_drv_qdec.o
    0x00023e82   0x00023e82   0x00000002   PAD
    0x00023e84   0x00023e84   0x00000043   Data   RO         4997    .constdata          nrf_drv_rng.o
    0x00023ec7   0x00023ec7   0x00000048   Data   RO         5083    .constdata          nrf_drv_adc.o
    0x00023f0f   0x00023f0f   0x00000001   PAD
    0x00023f10   0x00023f10   0x00000014   Data   RO         6068    .constdata          fds.o
    0x00023f24   0x00023f24   0x00000028   Data   RO         6689    .constdata          nrf_log_backend_serial.o
    0x00023f4c   0x00023f4c   0x00000024   Data   RO         6801    .constdata          nrf_log_frontend.o
    0x00023f70   0x00023f70   0x00000081   Data   RO         7608    .constdata          mc_p.l(ctype_o.o)
    0x00023ff1   0x00023ff1   0x00000003   PAD
    0x00023ff4   0x00023ff4   0x00000004   Data   RO         7609    .constdata          mc_p.l(ctype_o.o)
    0x00023ff8   0x00023ff8   0x0000000b   Data   RO         6802    .conststring        nrf_log_frontend.o
    0x00024003   0x00024003   0x00000001   PAD
    0x00024004   0x00024004   0x00000020   Data   RO         7952    Region$$Table       anon$$obj.o


    Execution Region RW_IRAM1 (Exec base: 0x20001fe8, Load base: 0x00024024, Size: 0x00001a70, Max: 0x00002018, ABSOLUTE, COMPRESSED[0x000001ac])

    Exec Addr    Load Addr    Size         Type   Attr      Idx    E Section Name        Object

    0x20001fe8   COMPRESSED   0x000002cd   Data   RW           94    .data               main.o
    0x200022b5   COMPRESSED   0x00000004   Data   RW          861    .data               motion_sensor.o
    0x200022b9   COMPRESSED   0x00000003   PAD
    0x200022bc   COMPRESSED   0x00000005   Data   RW         4543    .data               nrf_drv_qdec.o
    0x200022c1   COMPRESSED   0x00000003   PAD
    0x200022c4   COMPRESSED   0x00000007   Data   RW         5194    .data               nrf_drv_rtc.o
    0x200022cb   COMPRESSED   0x00000001   PAD
    0x200022cc   COMPRESSED   0x0000000e   Data   RW         5633    .data               app_scheduler.o
    0x200022da   COMPRESSED   0x00000002   PAD
    0x200022dc   COMPRESSED   0x00000022   Data   RW         5716    .data               app_timer.o
    0x200022fe   COMPRESSED   0x00000002   PAD
    0x20002300   COMPRESSED   0x0000000c   Data   RW         5921    .data               app_util_platform.o
    0x2000230c   COMPRESSED   0x0000001a   Data   RW         6069    .data               fds.o
    0x20002326   COMPRESSED   0x00000002   Data   RW         6433    .data               fstorage.o
    0x20002328   COMPRESSED   0x0000000b   Data   RW         6690    .data               nrf_log_backend_serial.o
    0x20002333   COMPRESSED   0x00000001   PAD
    0x20002334   COMPRESSED   0x00000004   Data   RW         6803    .data               nrf_log_frontend.o
    0x20002338   COMPRESSED   0x00000018   Data   RW         7085    .data               softdevice_handler.o
    0x20002350   COMPRESSED   0x0000003c   Data   RW         7297    .data               nrf_esb.o
    0x2000238c   COMPRESSED   0x00000004   Data   RW         7560    .data               system_nrf51.o
    0x20002390   COMPRESSED   0x00000040   Data   RW           95    fs_data             main.o
    0x200023d0   COMPRESSED   0x00000010   Data   RW         6070    fs_data             fds.o
    0x200023e0        -       0x00000378   Zero   RW           91    .bss                main.o
    0x20002758        -       0x00000014   Zero   RW         3825    .bss                nrf_drv_clock.o
    0x2000276c        -       0x0000005c   Zero   RW         4093    .bss                nrf_drv_gpiote.o
    0x200027c8        -       0x0000001c   Zero   RW         4345    .bss                nrf_drv_uart.o
    0x200027e4        -       0x00000020   Zero   RW         4633    .bss                nrf_drv_spi.o
    0x20002804        -       0x00000018   Zero   RW         4756    .bss                nrf_drv_timer.o
    0x2000281c        -       0x00000030   Zero   RW         4996    .bss                nrf_drv_rng.o
    0x2000284c        -       0x00000014   Zero   RW         5082    .bss                nrf_drv_adc.o
    0x20002860        -       0x00000028   Zero   RW         5347    .bss                nrf_drv_twi.o
    0x20002888        -       0x0000011c   Zero   RW         6067    .bss                fds.o
    0x200029a4        -       0x00000068   Zero   RW         6432    .bss                fstorage.o
    0x20002a0c        -       0x00000100   Zero   RW         6688    .bss                nrf_log_backend_serial.o
    0x20002b0c        -       0x00000418   Zero   RW         6800    .bss                nrf_log_frontend.o
    0x20002f24        -       0x00000332   Zero   RW         7296    .bss                nrf_esb.o
    0x20003256   COMPRESSED   0x00000002   PAD
    0x20003258        -       0x00000800   Zero   RW         7546    STACK               arm_startup_nrf51.o


==============================================================================

Image component sizes


      Code (inc. data)   RO Data    RW Data    ZI Data      Debug   Object Name

        32          6          0          0          0       2233   app_error.o
       112         34          0          0          0       7226   app_error_weak.o
       136         24          0         14          0      20196   app_scheduler.o
      1594        210          0         34          0      24864   app_timer.o
       160         22          0         12          0       6814   app_util_platform.o
        56         18        192          0       2048        716   arm_startup_nrf51.o
         0          0          0          0          0       6688   ble_advdata.o
         0          0          0          0          0       1312   ble_advertising.o
       120          4          0          0          0       5724   ble_hids.o
       274         20         10          0          0       9197   boards.o
         0          0          0          0          0       1760   bsp.o
         0          0          0          0          0      32472   bsp_btn_ble.o
      2890        358         20         42        284      33732   fds.o
       742         38          0          2        104       9341   fstorage.o
      8392       1662        172        781        888     179182   main.o
      2748        432          0          4          0      20074   motion_sensor.o
       680         90         72          0         20      13761   nrf_drv_adc.o
       520         42          0          0         20      21045   nrf_drv_clock.o
       176         18          0          0          0       9652   nrf_drv_common.o
      1800        110         71          0         92      32304   nrf_drv_gpiote.o
       654         78         42          5          0      16425   nrf_drv_qdec.o
       172         26         67          0         48      11078   nrf_drv_rng.o
       712         40          0          7          0      17267   nrf_drv_rtc.o
      1136         28          0          0         32      23997   nrf_drv_spi.o
       630         34          0          0         24      20133   nrf_drv_timer.o
      1186         20          0          0         40      19355   nrf_drv_twi.o
      1592         42          0          0         28      39549   nrf_drv_uart.o
      4386        814          0         60        818      31431   nrf_esb.o
      1128         70         40         11        256      16740   nrf_log_backend_serial.o
      1312         66         47          4       1048      12055   nrf_log_frontend.o
       286          0          0          0          0       8093   nrf_queue.o
         0          0          0          0          0       2420   peer_data.o
         0          0          0          0          0       2355   ptp_touchpad.o
       268         36          0         24          0       4889   softdevice_handler.o
       348         38          0          4          0       2695   system_nrf51.o

    ----------------------------------------------------------------------
     34302       4380        772       1016       5752     666775   Object Totals
         0          0         32          0          0          0   (incl. Generated)
        60          0          7         12          2          0   (incl. Padding)

    ----------------------------------------------------------------------

      Code (inc. data)   RO Data    RW Data    ZI Data      Debug   Library Member Name

        86          0          0          0          0          0   __dczerorl2.o
         8          4        133          0          0         60   ctype_o.o
         0          0          0          0          0          0   entry.o
         0          0          0          0          0          0   entry10a.o
         0          0          0          0          0          0   entry11a.o
         8          4          0          0          0          0   entry2.o
         4          0          0          0          0          0   entry5.o
         0          0          0          0          0          0   entry7b.o
         0          0          0          0          0          0   entry8b.o
         8          4          0          0          0          0   entry9a.o
        30          0          0          0          0          0   handlers.o
        36          8          0          0          0         68   init.o
        32          0          0          0          0         68   llshl.o
        34          0          0          0          0         68   llushr.o
        36          0          0          0          0         60   memcpya.o
        36          0          0          0          0        100   memseta.o
      1214         50          0          0          0        384   printf8.o
        14          0          0          0          0         60   strlen.o
        44          0          0          0          0         72   uidiv.o
        96          0          0          0          0         84   uldiv.o

    ----------------------------------------------------------------------
      1690         70        136          0          0       1024   Library Totals
         4          0          3          0          0          0   (incl. Padding)

    ----------------------------------------------------------------------

      Code (inc. data)   RO Data    RW Data    ZI Data      Debug   Library Name

      1686         70        133          0          0       1024   mc_p.l

    ----------------------------------------------------------------------
      1690         70        136          0          0       1024   Library Totals

    ----------------------------------------------------------------------

==============================================================================


      Code (inc. data)   RO Data    RW Data    ZI Data      Debug   

     35992       4450        908       1016       5752     651171   Grand Totals
     35992       4450        908        428       5752     651171   ELF Image Totals (compressed)
     35992       4450        908        428          0          0   ROM Totals

==============================================================================

    Total RO  Size (Code + RO Data)                36900 (  36.04kB)
    Total RW  Size (RW Data + ZI Data)              6768 (   6.61kB)
    Total ROM Size (Code + RO Data + RW Data)      37328 (  36.45kB)

==============================================================================

