<!doctype html public "-//w3c//dtd html 4.0 transitional//en">
<html><head>
<title>Static Call Graph - [.\_build\nrf51822_xxac.axf]</title></head>
<body><HR>
<H1>Static Call Graph for image .\_build\nrf51822_xxac.axf</H1><HR>
<BR><P>#&#060CALLGRAPH&#062# ARM Linker, 5060750: Last Updated: Wed Oct 13 22:09:55 2021
<BR><P>
<H3>Maximum Stack Usage =        444 bytes + Unknown(Cycles, Untraceable Function Pointers)</H3><H3>
Call chain for Maximum Stack Depth:</H3>
main &rArr; enter_normal_mode &rArr; getMotion &rArr; CheckSensor &rArr; ChenkSensorSync &rArr; readReg &rArr; app_error_handler_bare &rArr; app_error_fault_handler &rArr; nrf_log_blocking_backend_set &rArr; nrf_log_backend_init &rArr; nrf_drv_uart_init &rArr; apply_config &rArr; nrf_gpio_cfg_input &rArr; nrf_gpio_cfg
<P>
<H3>
Mutually Recursive functions
</H3> <LI><a href="#[3]">NMI_Handler</a>&nbsp;&nbsp;&nbsp;&rArr;&nbsp;&nbsp;&nbsp;<a href="#[3]">NMI_Handler</a><BR>
 <LI><a href="#[4]">HardFault_Handler</a>&nbsp;&nbsp;&nbsp;&rArr;&nbsp;&nbsp;&nbsp;<a href="#[4]">HardFault_Handler</a><BR>
 <LI><a href="#[5]">SVC_Handler</a>&nbsp;&nbsp;&nbsp;&rArr;&nbsp;&nbsp;&nbsp;<a href="#[5]">SVC_Handler</a><BR>
 <LI><a href="#[6]">PendSV_Handler</a>&nbsp;&nbsp;&nbsp;&rArr;&nbsp;&nbsp;&nbsp;<a href="#[6]">PendSV_Handler</a><BR>
 <LI><a href="#[7]">SysTick_Handler</a>&nbsp;&nbsp;&nbsp;&rArr;&nbsp;&nbsp;&nbsp;<a href="#[7]">SysTick_Handler</a><BR>
 <LI><a href="#[16]">CCM_AAR_IRQHandler</a>&nbsp;&nbsp;&nbsp;&rArr;&nbsp;&nbsp;&nbsp;<a href="#[16]">CCM_AAR_IRQHandler</a><BR>
 <LI><a href="#[df]">queue_process</a>&nbsp;&nbsp;&nbsp;&rArr;&nbsp;&nbsp;&nbsp;<a href="#[df]">queue_process</a><BR>
</UL>
<P>
<H3>
Function Pointers
</H3><UL>
 <LI><a href="#[e]">ADC_IRQHandler</a> from nrf_drv_adc.o(i.ADC_IRQHandler) referenced from arm_startup_nrf51.o(RESET)
 <LI><a href="#[16]">CCM_AAR_IRQHandler</a> from arm_startup_nrf51.o(.text) referenced from arm_startup_nrf51.o(RESET)
 <LI><a href="#[15]">ECB_IRQHandler</a> from arm_startup_nrf51.o(.text) referenced from arm_startup_nrf51.o(RESET)
 <LI><a href="#[d]">GPIOTE_IRQHandler</a> from nrf_drv_gpiote.o(i.GPIOTE_IRQHandler) referenced from arm_startup_nrf51.o(RESET)
 <LI><a href="#[4]">HardFault_Handler</a> from arm_startup_nrf51.o(.text) referenced from arm_startup_nrf51.o(RESET)
 <LI><a href="#[1a]">LPCOMP_IRQHandler</a> from arm_startup_nrf51.o(.text) referenced from arm_startup_nrf51.o(RESET)
 <LI><a href="#[3]">NMI_Handler</a> from arm_startup_nrf51.o(.text) referenced from arm_startup_nrf51.o(RESET)
 <LI><a href="#[8]">POWER_CLOCK_IRQHandler</a> from nrf_drv_clock.o(i.POWER_CLOCK_IRQHandler) referenced from arm_startup_nrf51.o(RESET)
 <LI><a href="#[6]">PendSV_Handler</a> from arm_startup_nrf51.o(.text) referenced from arm_startup_nrf51.o(RESET)
 <LI><a href="#[19]">QDEC_IRQHandler</a> from nrf_drv_qdec.o(i.QDEC_IRQHandler) referenced from arm_startup_nrf51.o(RESET)
 <LI><a href="#[9]">RADIO_IRQHandler</a> from nrf_esb.o(i.RADIO_IRQHandler) referenced from arm_startup_nrf51.o(RESET)
 <LI><a href="#[14]">RNG_IRQHandler</a> from nrf_drv_rng.o(i.RNG_IRQHandler) referenced from arm_startup_nrf51.o(RESET)
 <LI><a href="#[12]">RTC0_IRQHandler</a> from nrf_drv_rtc.o(i.RTC0_IRQHandler) referenced from arm_startup_nrf51.o(RESET)
 <LI><a href="#[18]">RTC1_IRQHandler</a> from app_timer.o(i.RTC1_IRQHandler) referenced from arm_startup_nrf51.o(RESET)
 <LI><a href="#[2]">Reset_Handler</a> from arm_startup_nrf51.o(.text) referenced from arm_startup_nrf51.o(RESET)
 <LI><a href="#[b]">SPI0_TWI0_IRQHandler</a> from nrf_drv_spi.o(i.SPI0_TWI0_IRQHandler) referenced from arm_startup_nrf51.o(RESET)
 <LI><a href="#[c]">SPI1_TWI1_IRQHandler</a> from nrf_drv_twi.o(i.SPI1_TWI1_IRQHandler) referenced from arm_startup_nrf51.o(RESET)
 <LI><a href="#[5]">SVC_Handler</a> from arm_startup_nrf51.o(.text) referenced from arm_startup_nrf51.o(RESET)
 <LI><a href="#[1b]">SWI0_IRQHandler</a> from app_timer.o(i.SWI0_IRQHandler) referenced from arm_startup_nrf51.o(RESET)
 <LI><a href="#[1c]">SWI1_IRQHandler</a> from arm_startup_nrf51.o(.text) referenced from arm_startup_nrf51.o(RESET)
 <LI><a href="#[1d]">SWI2_IRQHandler</a> from softdevice_handler.o(i.SWI2_IRQHandler) referenced from arm_startup_nrf51.o(RESET)
 <LI><a href="#[1e]">SWI3_IRQHandler</a> from nrf_esb.o(i.SWI3_IRQHandler) referenced from arm_startup_nrf51.o(RESET)
 <LI><a href="#[1f]">SWI4_IRQHandler</a> from arm_startup_nrf51.o(.text) referenced from arm_startup_nrf51.o(RESET)
 <LI><a href="#[20]">SWI5_IRQHandler</a> from arm_startup_nrf51.o(.text) referenced from arm_startup_nrf51.o(RESET)
 <LI><a href="#[7]">SysTick_Handler</a> from arm_startup_nrf51.o(.text) referenced from arm_startup_nrf51.o(RESET)
 <LI><a href="#[22]">SystemInit</a> from system_nrf51.o(i.SystemInit) referenced from arm_startup_nrf51.o(.text)
 <LI><a href="#[13]">TEMP_IRQHandler</a> from arm_startup_nrf51.o(.text) referenced from arm_startup_nrf51.o(RESET)
 <LI><a href="#[f]">TIMER0_IRQHandler</a> from nrf_drv_timer.o(i.TIMER0_IRQHandler) referenced from arm_startup_nrf51.o(RESET)
 <LI><a href="#[10]">TIMER1_IRQHandler</a> from nrf_drv_timer.o(i.TIMER1_IRQHandler) referenced from arm_startup_nrf51.o(RESET)
 <LI><a href="#[11]">TIMER2_IRQHandler</a> from arm_startup_nrf51.o(.text) referenced from arm_startup_nrf51.o(RESET)
 <LI><a href="#[a]">UART0_IRQHandler</a> from nrf_drv_uart.o(i.UART0_IRQHandler) referenced from arm_startup_nrf51.o(RESET)
 <LI><a href="#[17]">WDT_IRQHandler</a> from arm_startup_nrf51.o(.text) referenced from arm_startup_nrf51.o(RESET)
 <LI><a href="#[23]">__main</a> from entry.o(.ARM.Collect$$$$00000000) referenced from arm_startup_nrf51.o(.text)
 <LI><a href="#[24]">_snputc</a> from printf8.o(i._snputc) referenced from printf8.o(i.__0snprintf$8)
 <LI><a href="#[25]">adc_event_handler</a> from main.o(i.adc_event_handler) referenced from main.o(i.adc_config)
 <LI><a href="#[2b]">button_event_handler</a> from main.o(i.button_event_handler) referenced from main.o(i.main)
 <LI><a href="#[1]">fs_event_handler</a> from fds.o(i.fs_event_handler) referenced 2 times from fds.o(fs_data)
 <LI><a href="#[0]">fs_evt_handler</a> from main.o(i.fs_evt_handler) referenced 8 times from main.o(fs_data)
 <LI><a href="#[21]">main</a> from main.o(i.main) referenced from entry9a.o(.ARM.Collect$$$$0000000B)
 <LI><a href="#[28]">nrf_esb_event_handler</a> from main.o(i.nrf_esb_event_handler) referenced from main.o(i.esb_init)
 <LI><a href="#[2d]">nrf_log_backend_serial_hexdump_handler</a> from nrf_log_backend_serial.o(i.nrf_log_backend_serial_hexdump_handler) referenced from nrf_log_backend_serial.o(i.nrf_log_backend_hexdump_handler_get)
 <LI><a href="#[2f]">nrf_log_backend_serial_std_handler</a> from nrf_log_backend_serial.o(i.nrf_log_backend_serial_std_handler) referenced from nrf_log_backend_serial.o(i.nrf_log_backend_std_handler_get)
 <LI><a href="#[2c]">on_radio_disabled_rx</a> from nrf_esb.o(i.on_radio_disabled_rx) referenced from nrf_esb.o(i.nrf_esb_start_rx)
 <LI><a href="#[2c]">on_radio_disabled_rx</a> from nrf_esb.o(i.on_radio_disabled_rx) referenced from nrf_esb.o(i.on_radio_disabled_rx_ack)
 <LI><a href="#[30]">on_radio_disabled_rx_ack</a> from nrf_esb.o(i.on_radio_disabled_rx_ack) referenced from nrf_esb.o(i.on_radio_disabled_rx)
 <LI><a href="#[32]">on_radio_disabled_tx</a> from nrf_esb.o(i.on_radio_disabled_tx) referenced from nrf_esb.o(i.on_radio_disabled_tx_wait_for_ack)
 <LI><a href="#[32]">on_radio_disabled_tx</a> from nrf_esb.o(i.on_radio_disabled_tx) referenced from nrf_esb.o(i.start_tx_transaction)
 <LI><a href="#[34]">on_radio_disabled_tx_noack</a> from nrf_esb.o(i.on_radio_disabled_tx_noack) referenced from nrf_esb.o(i.start_tx_transaction)
 <LI><a href="#[31]">on_radio_disabled_tx_wait_for_ack</a> from nrf_esb.o(i.on_radio_disabled_tx_wait_for_ack) referenced from nrf_esb.o(i.on_radio_disabled_tx)
 <LI><a href="#[27]">qdec_event_handler</a> from main.o(i.qdec_event_handler) referenced from main.o(i.enter_normal_mode)
 <LI><a href="#[33]">rtc_handler</a> from main.o(i.rtc_handler) referenced from main.o(i.rtc_config)
 <LI><a href="#[26]">spi_event_handler</a> from main.o(i.spi_event_handler) referenced from main.o(i.enable_spi)
 <LI><a href="#[26]">spi_event_handler</a> from main.o(i.spi_event_handler) referenced from main.o(i.main)
 <LI><a href="#[2a]">timer_for_sleep_event_handler</a> from main.o(i.timer_for_sleep_event_handler) referenced from main.o(i.main)
 <LI><a href="#[29]">timer_led_event_handler</a> from main.o(i.timer_led_event_handler) referenced from main.o(i.main)
 <LI><a href="#[2e]">uart_event_handler</a> from nrf_log_backend_serial.o(i.uart_event_handler) referenced from nrf_log_backend_serial.o(i.nrf_log_backend_init)
 <LI><a href="#[36]">update_rf_payload_format_esb</a> from nrf_esb.o(i.update_rf_payload_format_esb) referenced from nrf_esb.o(i.update_radio_protocol)
 <LI><a href="#[35]">update_rf_payload_format_esb_dpl</a> from nrf_esb.o(i.update_rf_payload_format_esb_dpl) referenced from nrf_esb.o(i.update_radio_protocol)
</UL>
<P>
<H3>
Global Symbols
</H3>
<P><STRONG><a name="[23]"></a>__main</STRONG> (Thumb, 0 bytes, Stack size unknown bytes, entry.o(.ARM.Collect$$$$00000000))
<BR>[Address Reference Count : 1]<UL><LI> arm_startup_nrf51.o(.text)
</UL>
<P><STRONG><a name="[1a0]"></a>_main_stk</STRONG> (Thumb, 0 bytes, Stack size unknown bytes, entry2.o(.ARM.Collect$$$$00000001))

<P><STRONG><a name="[37]"></a>_main_scatterload</STRONG> (Thumb, 0 bytes, Stack size unknown bytes, entry5.o(.ARM.Collect$$$$00000004))
<BR><BR>[Calls]<UL><LI><a href="#[38]">&gt;&gt;</a>&nbsp;&nbsp;&nbsp;__scatterload
</UL>

<P><STRONG><a name="[3f]"></a>__main_after_scatterload</STRONG> (Thumb, 0 bytes, Stack size unknown bytes, entry5.o(.ARM.Collect$$$$00000004))
<BR><BR>[Called By]<UL><LI><a href="#[38]">&gt;&gt;</a>&nbsp;&nbsp;&nbsp;__scatterload
</UL>

<P><STRONG><a name="[1a1]"></a>_main_clock</STRONG> (Thumb, 0 bytes, Stack size unknown bytes, entry7b.o(.ARM.Collect$$$$00000008))

<P><STRONG><a name="[1a2]"></a>_main_cpp_init</STRONG> (Thumb, 0 bytes, Stack size unknown bytes, entry8b.o(.ARM.Collect$$$$0000000A))

<P><STRONG><a name="[1a3]"></a>_main_init</STRONG> (Thumb, 0 bytes, Stack size unknown bytes, entry9a.o(.ARM.Collect$$$$0000000B))

<P><STRONG><a name="[1a4]"></a>__rt_final_cpp</STRONG> (Thumb, 0 bytes, Stack size unknown bytes, entry10a.o(.ARM.Collect$$$$0000000D))

<P><STRONG><a name="[1a5]"></a>__rt_final_exit</STRONG> (Thumb, 0 bytes, Stack size unknown bytes, entry11a.o(.ARM.Collect$$$$0000000F))

<P><STRONG><a name="[2]"></a>Reset_Handler</STRONG> (Thumb, 26 bytes, Stack size 0 bytes, arm_startup_nrf51.o(.text))
<BR>[Address Reference Count : 1]<UL><LI> arm_startup_nrf51.o(RESET)
</UL>
<P><STRONG><a name="[3]"></a>NMI_Handler</STRONG> (Thumb, 2 bytes, Stack size 0 bytes, arm_startup_nrf51.o(.text))
<BR><BR>[Calls]<UL><LI><a href="#[3]">&gt;&gt;</a>&nbsp;&nbsp;&nbsp;NMI_Handler
</UL>
<BR>[Called By]<UL><LI><a href="#[3]">&gt;&gt;</a>&nbsp;&nbsp;&nbsp;NMI_Handler
</UL>
<BR>[Address Reference Count : 1]<UL><LI> arm_startup_nrf51.o(RESET)
</UL>
<P><STRONG><a name="[4]"></a>HardFault_Handler</STRONG> (Thumb, 2 bytes, Stack size 0 bytes, arm_startup_nrf51.o(.text))
<BR><BR>[Calls]<UL><LI><a href="#[4]">&gt;&gt;</a>&nbsp;&nbsp;&nbsp;HardFault_Handler
</UL>
<BR>[Called By]<UL><LI><a href="#[4]">&gt;&gt;</a>&nbsp;&nbsp;&nbsp;HardFault_Handler
</UL>
<BR>[Address Reference Count : 1]<UL><LI> arm_startup_nrf51.o(RESET)
</UL>
<P><STRONG><a name="[5]"></a>SVC_Handler</STRONG> (Thumb, 2 bytes, Stack size 0 bytes, arm_startup_nrf51.o(.text))
<BR><BR>[Calls]<UL><LI><a href="#[5]">&gt;&gt;</a>&nbsp;&nbsp;&nbsp;SVC_Handler
</UL>
<BR>[Called By]<UL><LI><a href="#[5]">&gt;&gt;</a>&nbsp;&nbsp;&nbsp;SVC_Handler
</UL>
<BR>[Address Reference Count : 1]<UL><LI> arm_startup_nrf51.o(RESET)
</UL>
<P><STRONG><a name="[6]"></a>PendSV_Handler</STRONG> (Thumb, 2 bytes, Stack size 0 bytes, arm_startup_nrf51.o(.text))
<BR><BR>[Calls]<UL><LI><a href="#[6]">&gt;&gt;</a>&nbsp;&nbsp;&nbsp;PendSV_Handler
</UL>
<BR>[Called By]<UL><LI><a href="#[6]">&gt;&gt;</a>&nbsp;&nbsp;&nbsp;PendSV_Handler
</UL>
<BR>[Address Reference Count : 1]<UL><LI> arm_startup_nrf51.o(RESET)
</UL>
<P><STRONG><a name="[7]"></a>SysTick_Handler</STRONG> (Thumb, 2 bytes, Stack size 0 bytes, arm_startup_nrf51.o(.text))
<BR><BR>[Calls]<UL><LI><a href="#[7]">&gt;&gt;</a>&nbsp;&nbsp;&nbsp;SysTick_Handler
</UL>
<BR>[Called By]<UL><LI><a href="#[7]">&gt;&gt;</a>&nbsp;&nbsp;&nbsp;SysTick_Handler
</UL>
<BR>[Address Reference Count : 1]<UL><LI> arm_startup_nrf51.o(RESET)
</UL>
<P><STRONG><a name="[16]"></a>CCM_AAR_IRQHandler</STRONG> (Thumb, 0 bytes, Stack size 0 bytes, arm_startup_nrf51.o(.text))
<BR><BR>[Calls]<UL><LI><a href="#[16]">&gt;&gt;</a>&nbsp;&nbsp;&nbsp;CCM_AAR_IRQHandler
</UL>
<BR>[Called By]<UL><LI><a href="#[16]">&gt;&gt;</a>&nbsp;&nbsp;&nbsp;CCM_AAR_IRQHandler
</UL>
<BR>[Address Reference Count : 1]<UL><LI> arm_startup_nrf51.o(RESET)
</UL>
<P><STRONG><a name="[15]"></a>ECB_IRQHandler</STRONG> (Thumb, 0 bytes, Stack size 0 bytes, arm_startup_nrf51.o(.text))
<BR>[Address Reference Count : 1]<UL><LI> arm_startup_nrf51.o(RESET)
</UL>
<P><STRONG><a name="[1a]"></a>LPCOMP_IRQHandler</STRONG> (Thumb, 0 bytes, Stack size 0 bytes, arm_startup_nrf51.o(.text))
<BR>[Address Reference Count : 1]<UL><LI> arm_startup_nrf51.o(RESET)
</UL>
<P><STRONG><a name="[1c]"></a>SWI1_IRQHandler</STRONG> (Thumb, 0 bytes, Stack size 0 bytes, arm_startup_nrf51.o(.text))
<BR>[Address Reference Count : 1]<UL><LI> arm_startup_nrf51.o(RESET)
</UL>
<P><STRONG><a name="[1f]"></a>SWI4_IRQHandler</STRONG> (Thumb, 0 bytes, Stack size 0 bytes, arm_startup_nrf51.o(.text))
<BR>[Address Reference Count : 1]<UL><LI> arm_startup_nrf51.o(RESET)
</UL>
<P><STRONG><a name="[20]"></a>SWI5_IRQHandler</STRONG> (Thumb, 0 bytes, Stack size 0 bytes, arm_startup_nrf51.o(.text))
<BR>[Address Reference Count : 1]<UL><LI> arm_startup_nrf51.o(RESET)
</UL>
<P><STRONG><a name="[13]"></a>TEMP_IRQHandler</STRONG> (Thumb, 0 bytes, Stack size 0 bytes, arm_startup_nrf51.o(.text))
<BR>[Address Reference Count : 1]<UL><LI> arm_startup_nrf51.o(RESET)
</UL>
<P><STRONG><a name="[11]"></a>TIMER2_IRQHandler</STRONG> (Thumb, 0 bytes, Stack size 0 bytes, arm_startup_nrf51.o(.text))
<BR>[Address Reference Count : 1]<UL><LI> arm_startup_nrf51.o(RESET)
</UL>
<P><STRONG><a name="[17]"></a>WDT_IRQHandler</STRONG> (Thumb, 0 bytes, Stack size 0 bytes, arm_startup_nrf51.o(.text))
<BR>[Address Reference Count : 1]<UL><LI> arm_startup_nrf51.o(RESET)
</UL>
<P><STRONG><a name="[1a6]"></a>__aeabi_uidiv</STRONG> (Thumb, 0 bytes, Stack size 12 bytes, uidiv.o(.text), UNUSED)

<P><STRONG><a name="[76]"></a>__aeabi_uidivmod</STRONG> (Thumb, 44 bytes, Stack size 12 bytes, uidiv.o(.text))
<BR><BR>[Stack]<UL><LI>Max Depth = 12<LI>Call Chain = __aeabi_uidivmod
</UL>
<BR>[Called By]<UL><LI><a href="#[25]">&gt;&gt;</a>&nbsp;&nbsp;&nbsp;adc_event_handler
</UL>

<P><STRONG><a name="[165]"></a>__rt_ctype_table</STRONG> (Thumb, 4 bytes, Stack size 0 bytes, ctype_o.o(.text))
<BR><BR>[Called By]<UL><LI><a href="#[2d]">&gt;&gt;</a>&nbsp;&nbsp;&nbsp;nrf_log_backend_serial_hexdump_handler
</UL>

<P><STRONG><a name="[bd]"></a>__aeabi_memcpy</STRONG> (Thumb, 36 bytes, Stack size 0 bytes, memcpya.o(.text))
<BR><BR>[Called By]<UL><LI><a href="#[ba]">&gt;&gt;</a>&nbsp;&nbsp;&nbsp;nrf_log_frontend_hexdump
<LI><a href="#[c8]">&gt;&gt;</a>&nbsp;&nbsp;&nbsp;nrf_esb_write_payload
<LI><a href="#[d4]">&gt;&gt;</a>&nbsp;&nbsp;&nbsp;nrf_esb_set_base_address_0
<LI><a href="#[151]">&gt;&gt;</a>&nbsp;&nbsp;&nbsp;nrf_esb_read_rx_payload
<LI><a href="#[b5]">&gt;&gt;</a>&nbsp;&nbsp;&nbsp;enter_normal_mode
<LI><a href="#[5e]">&gt;&gt;</a>&nbsp;&nbsp;&nbsp;nrf_queue_push
<LI><a href="#[166]">&gt;&gt;</a>&nbsp;&nbsp;&nbsp;serial_tx
<LI><a href="#[2f]">&gt;&gt;</a>&nbsp;&nbsp;&nbsp;nrf_log_backend_serial_std_handler
<LI><a href="#[2d]">&gt;&gt;</a>&nbsp;&nbsp;&nbsp;nrf_log_backend_serial_hexdump_handler
<LI><a href="#[15a]">&gt;&gt;</a>&nbsp;&nbsp;&nbsp;start_tx_transaction
<LI><a href="#[171]">&gt;&gt;</a>&nbsp;&nbsp;&nbsp;rx_fifo_push_rfbuf
<LI><a href="#[2c]">&gt;&gt;</a>&nbsp;&nbsp;&nbsp;on_radio_disabled_rx
</UL>

<P><STRONG><a name="[d1]"></a>__aeabi_memcpy4</STRONG> (Thumb, 0 bytes, Stack size 0 bytes, memcpya.o(.text))
<BR><BR>[Called By]<UL><LI><a href="#[d2]">&gt;&gt;</a>&nbsp;&nbsp;&nbsp;nrf_esb_init
<LI><a href="#[d0]">&gt;&gt;</a>&nbsp;&nbsp;&nbsp;esb_init
<LI><a href="#[160]">&gt;&gt;</a>&nbsp;&nbsp;&nbsp;nrf_log_backend_init
</UL>

<P><STRONG><a name="[1a7]"></a>__aeabi_memcpy8</STRONG> (Thumb, 0 bytes, Stack size 0 bytes, memcpya.o(.text), UNUSED)

<P><STRONG><a name="[3a]"></a>__aeabi_memset</STRONG> (Thumb, 14 bytes, Stack size 0 bytes, memseta.o(.text))
<BR><BR>[Called By]<UL><LI><a href="#[3b]">&gt;&gt;</a>&nbsp;&nbsp;&nbsp;_memset$wrapper
<LI><a href="#[39]">&gt;&gt;</a>&nbsp;&nbsp;&nbsp;__aeabi_memclr
</UL>

<P><STRONG><a name="[1a8]"></a>__aeabi_memset4</STRONG> (Thumb, 0 bytes, Stack size 0 bytes, memseta.o(.text), UNUSED)

<P><STRONG><a name="[1a9]"></a>__aeabi_memset8</STRONG> (Thumb, 0 bytes, Stack size 0 bytes, memseta.o(.text), UNUSED)

<P><STRONG><a name="[39]"></a>__aeabi_memclr</STRONG> (Thumb, 4 bytes, Stack size 0 bytes, memseta.o(.text))
<BR><BR>[Calls]<UL><LI><a href="#[3a]">&gt;&gt;</a>&nbsp;&nbsp;&nbsp;__aeabi_memset
</UL>
<BR>[Called By]<UL><LI><a href="#[d2]">&gt;&gt;</a>&nbsp;&nbsp;&nbsp;nrf_esb_init
<LI><a href="#[14e]">&gt;&gt;</a>&nbsp;&nbsp;&nbsp;nrf_esb_disable
</UL>

<P><STRONG><a name="[ca]"></a>__aeabi_memclr4</STRONG> (Thumb, 0 bytes, Stack size 0 bytes, memseta.o(.text))
<BR><BR>[Called By]<UL><LI><a href="#[d2]">&gt;&gt;</a>&nbsp;&nbsp;&nbsp;nrf_esb_init
<LI><a href="#[21]">&gt;&gt;</a>&nbsp;&nbsp;&nbsp;main
<LI><a href="#[c9]">&gt;&gt;</a>&nbsp;&nbsp;&nbsp;enter_pairing_mode
<LI><a href="#[174]">&gt;&gt;</a>&nbsp;&nbsp;&nbsp;queue_advance
<LI><a href="#[dd]">&gt;&gt;</a>&nbsp;&nbsp;&nbsp;queue_get_next_free
<LI><a href="#[14e]">&gt;&gt;</a>&nbsp;&nbsp;&nbsp;nrf_esb_disable
</UL>

<P><STRONG><a name="[1aa]"></a>__aeabi_memclr8</STRONG> (Thumb, 0 bytes, Stack size 0 bytes, memseta.o(.text), UNUSED)

<P><STRONG><a name="[3b]"></a>_memset$wrapper</STRONG> (Thumb, 18 bytes, Stack size 8 bytes, memseta.o(.text), UNUSED)
<BR><BR>[Calls]<UL><LI><a href="#[3a]">&gt;&gt;</a>&nbsp;&nbsp;&nbsp;__aeabi_memset
</UL>

<P><STRONG><a name="[163]"></a>strlen</STRONG> (Thumb, 14 bytes, Stack size 0 bytes, strlen.o(.text))
<BR><BR>[Called By]<UL><LI><a href="#[2f]">&gt;&gt;</a>&nbsp;&nbsp;&nbsp;nrf_log_backend_serial_std_handler
<LI><a href="#[2d]">&gt;&gt;</a>&nbsp;&nbsp;&nbsp;nrf_log_backend_serial_hexdump_handler
</UL>

<P><STRONG><a name="[3c]"></a>__aeabi_uldivmod</STRONG> (Thumb, 96 bytes, Stack size 48 bytes, uldiv.o(.text), UNUSED)
<BR><BR>[Calls]<UL><LI><a href="#[3d]">&gt;&gt;</a>&nbsp;&nbsp;&nbsp;__aeabi_llsr
<LI><a href="#[3e]">&gt;&gt;</a>&nbsp;&nbsp;&nbsp;__aeabi_llsl
</UL>
<BR>[Called By]<UL><LI><a href="#[70]">&gt;&gt;</a>&nbsp;&nbsp;&nbsp;_printf_core
</UL>

<P><STRONG><a name="[38]"></a>__scatterload</STRONG> (Thumb, 28 bytes, Stack size 0 bytes, init.o(.text))
<BR><BR>[Calls]<UL><LI><a href="#[3f]">&gt;&gt;</a>&nbsp;&nbsp;&nbsp;__main_after_scatterload
</UL>
<BR>[Called By]<UL><LI><a href="#[37]">&gt;&gt;</a>&nbsp;&nbsp;&nbsp;_main_scatterload
</UL>

<P><STRONG><a name="[1ab]"></a>__scatterload_rt2</STRONG> (Thumb, 0 bytes, Stack size 0 bytes, init.o(.text), UNUSED)

<P><STRONG><a name="[3e]"></a>__aeabi_llsl</STRONG> (Thumb, 32 bytes, Stack size 8 bytes, llshl.o(.text), UNUSED)
<BR><BR>[Called By]<UL><LI><a href="#[3c]">&gt;&gt;</a>&nbsp;&nbsp;&nbsp;__aeabi_uldivmod
</UL>

<P><STRONG><a name="[1ac]"></a>_ll_shift_l</STRONG> (Thumb, 0 bytes, Stack size 8 bytes, llshl.o(.text), UNUSED)

<P><STRONG><a name="[3d]"></a>__aeabi_llsr</STRONG> (Thumb, 34 bytes, Stack size 8 bytes, llushr.o(.text), UNUSED)
<BR><BR>[Called By]<UL><LI><a href="#[3c]">&gt;&gt;</a>&nbsp;&nbsp;&nbsp;__aeabi_uldivmod
</UL>

<P><STRONG><a name="[1ad]"></a>_ll_ushift_r</STRONG> (Thumb, 0 bytes, Stack size 8 bytes, llushr.o(.text), UNUSED)

<P><STRONG><a name="[1ae]"></a>__decompress</STRONG> (Thumb, 0 bytes, Stack size unknown bytes, __dczerorl2.o(.text), UNUSED)

<P><STRONG><a name="[1af]"></a>__decompress1</STRONG> (Thumb, 86 bytes, Stack size unknown bytes, __dczerorl2.o(.text), UNUSED)

<P><STRONG><a name="[e]"></a>ADC_IRQHandler</STRONG> (Thumb, 120 bytes, Stack size 16 bytes, nrf_drv_adc.o(i.ADC_IRQHandler))
<BR><BR>[Stack]<UL><LI>Max Depth = 24<LI>Call Chain = ADC_IRQHandler &rArr; adc_sample_process
</UL>
<BR>[Calls]<UL><LI><a href="#[41]">&gt;&gt;</a>&nbsp;&nbsp;&nbsp;nrf_adc_int_disable
<LI><a href="#[40]">&gt;&gt;</a>&nbsp;&nbsp;&nbsp;nrf_adc_event_clear
<LI><a href="#[42]">&gt;&gt;</a>&nbsp;&nbsp;&nbsp;adc_sample_process
</UL>
<BR>[Address Reference Count : 1]<UL><LI> arm_startup_nrf51.o(RESET)
</UL>
<P><STRONG><a name="[43]"></a>CheckSensor</STRONG> (Thumb, 116 bytes, Stack size 8 bytes, motion_sensor.o(i.CheckSensor))
<BR><BR>[Stack]<UL><LI>Max Depth = 220<LI>Call Chain = CheckSensor &rArr; ChenkSensorSync &rArr; readReg &rArr; app_error_handler_bare &rArr; app_error_fault_handler &rArr; nrf_log_blocking_backend_set &rArr; nrf_log_backend_init &rArr; nrf_drv_uart_init &rArr; apply_config &rArr; nrf_gpio_cfg_input &rArr; nrf_gpio_cfg
</UL>
<BR>[Calls]<UL><LI><a href="#[49]">&gt;&gt;</a>&nbsp;&nbsp;&nbsp;CustomSensorReSynchronousSPI
<LI><a href="#[44]">&gt;&gt;</a>&nbsp;&nbsp;&nbsp;ChenkSensorSync
<LI><a href="#[48]">&gt;&gt;</a>&nbsp;&nbsp;&nbsp;usrPaw3205ReSynchronousSPI
<LI><a href="#[45]">&gt;&gt;</a>&nbsp;&nbsp;&nbsp;nrf_log_frontend_std_1
<LI><a href="#[46]">&gt;&gt;</a>&nbsp;&nbsp;&nbsp;nrf_drv_spi_uninit
<LI><a href="#[4a]">&gt;&gt;</a>&nbsp;&nbsp;&nbsp;enable_spi
<LI><a href="#[47]">&gt;&gt;</a>&nbsp;&nbsp;&nbsp;__ARM_common_switch8
</UL>
<BR>[Called By]<UL><LI><a href="#[c7]">&gt;&gt;</a>&nbsp;&nbsp;&nbsp;getMotion
</UL>

<P><STRONG><a name="[44]"></a>ChenkSensorSync</STRONG> (Thumb, 30 bytes, Stack size 8 bytes, motion_sensor.o(i.ChenkSensorSync))
<BR><BR>[Stack]<UL><LI>Max Depth = 212<LI>Call Chain = ChenkSensorSync &rArr; readReg &rArr; app_error_handler_bare &rArr; app_error_fault_handler &rArr; nrf_log_blocking_backend_set &rArr; nrf_log_backend_init &rArr; nrf_drv_uart_init &rArr; apply_config &rArr; nrf_gpio_cfg_input &rArr; nrf_gpio_cfg
</UL>
<BR>[Calls]<UL><LI><a href="#[4b]">&gt;&gt;</a>&nbsp;&nbsp;&nbsp;readReg
</UL>
<BR>[Called By]<UL><LI><a href="#[43]">&gt;&gt;</a>&nbsp;&nbsp;&nbsp;CheckSensor
</UL>

<P><STRONG><a name="[49]"></a>CustomSensorReSynchronousSPI</STRONG> (Thumb, 60 bytes, Stack size 8 bytes, motion_sensor.o(i.CustomSensorReSynchronousSPI))
<BR><BR>[Stack]<UL><LI>Max Depth = 44<LI>Call Chain = CustomSensorReSynchronousSPI &rArr; nrf_gpio_cfg_output &rArr; nrf_gpio_cfg
</UL>
<BR>[Calls]<UL><LI><a href="#[4d]">&gt;&gt;</a>&nbsp;&nbsp;&nbsp;nrf_gpio_pin_write
<LI><a href="#[4c]">&gt;&gt;</a>&nbsp;&nbsp;&nbsp;nrf_gpio_cfg_output
<LI><a href="#[4e]">&gt;&gt;</a>&nbsp;&nbsp;&nbsp;nrf_delay_us
<LI><a href="#[4f]">&gt;&gt;</a>&nbsp;&nbsp;&nbsp;nrf_delay_ms
</UL>
<BR>[Called By]<UL><LI><a href="#[43]">&gt;&gt;</a>&nbsp;&nbsp;&nbsp;CheckSensor
</UL>

<P><STRONG><a name="[d]"></a>GPIOTE_IRQHandler</STRONG> (Thumb, 618 bytes, Stack size 80 bytes, nrf_drv_gpiote.o(i.GPIOTE_IRQHandler))
<BR><BR>[Stack]<UL><LI>Max Depth = 100<LI>Call Chain = GPIOTE_IRQHandler &rArr; nrf_gpio_ports_read
</UL>
<BR>[Calls]<UL><LI><a href="#[50]">&gt;&gt;</a>&nbsp;&nbsp;&nbsp;nrf_gpiote_event_is_set
<LI><a href="#[51]">&gt;&gt;</a>&nbsp;&nbsp;&nbsp;nrf_gpiote_event_clear
<LI><a href="#[52]">&gt;&gt;</a>&nbsp;&nbsp;&nbsp;nrf_gpio_ports_read
<LI><a href="#[56]">&gt;&gt;</a>&nbsp;&nbsp;&nbsp;nrf_gpio_cfg_sense_set
<LI><a href="#[54]">&gt;&gt;</a>&nbsp;&nbsp;&nbsp;nrf_bitmask_bit_is_set
<LI><a href="#[55]">&gt;&gt;</a>&nbsp;&nbsp;&nbsp;channel_port_get
<LI><a href="#[53]">&gt;&gt;</a>&nbsp;&nbsp;&nbsp;channel_handler_get
</UL>
<BR>[Address Reference Count : 1]<UL><LI> arm_startup_nrf51.o(RESET)
</UL>
<P><STRONG><a name="[c4]"></a>NRF_power_manage</STRONG> (Thumb, 8 bytes, Stack size 0 bytes, main.o(i.NRF_power_manage))
<BR><BR>[Called By]<UL><LI><a href="#[b5]">&gt;&gt;</a>&nbsp;&nbsp;&nbsp;enter_normal_mode
</UL>

<P><STRONG><a name="[8]"></a>POWER_CLOCK_IRQHandler</STRONG> (Thumb, 78 bytes, Stack size 8 bytes, nrf_drv_clock.o(i.POWER_CLOCK_IRQHandler))
<BR><BR>[Stack]<UL><LI>Max Depth = 24<LI>Call Chain = POWER_CLOCK_IRQHandler &rArr; clock_clk_started_notify
</UL>
<BR>[Calls]<UL><LI><a href="#[59]">&gt;&gt;</a>&nbsp;&nbsp;&nbsp;nrf_clock_int_disable
<LI><a href="#[58]">&gt;&gt;</a>&nbsp;&nbsp;&nbsp;nrf_clock_event_clear
<LI><a href="#[57]">&gt;&gt;</a>&nbsp;&nbsp;&nbsp;nrf_clock_event_check
<LI><a href="#[5a]">&gt;&gt;</a>&nbsp;&nbsp;&nbsp;clock_clk_started_notify
</UL>
<BR>[Address Reference Count : 1]<UL><LI> arm_startup_nrf51.o(RESET)
</UL>
<P><STRONG><a name="[19]"></a>QDEC_IRQHandler</STRONG> (Thumb, 220 bytes, Stack size 16 bytes, nrf_drv_qdec.o(i.QDEC_IRQHandler))
<BR><BR>[Stack]<UL><LI>Max Depth = 16<LI>Call Chain = QDEC_IRQHandler
</UL>
<BR>[Calls]<UL><LI><a href="#[5b]">&gt;&gt;</a>&nbsp;&nbsp;&nbsp;nrf_qdec_int_enable_check
</UL>
<BR>[Address Reference Count : 1]<UL><LI> arm_startup_nrf51.o(RESET)
</UL>
<P><STRONG><a name="[9]"></a>RADIO_IRQHandler</STRONG> (Thumb, 110 bytes, Stack size 8 bytes, nrf_esb.o(i.RADIO_IRQHandler))
<BR><BR>[Stack]<UL><LI>Max Depth = 8<LI>Call Chain = RADIO_IRQHandler
</UL>
<BR>[Address Reference Count : 1]<UL><LI> arm_startup_nrf51.o(RESET)
</UL>
<P><STRONG><a name="[14]"></a>RNG_IRQHandler</STRONG> (Thumb, 128 bytes, Stack size 16 bytes, nrf_drv_rng.o(i.RNG_IRQHandler))
<BR><BR>[Stack]<UL><LI>Max Depth = 64<LI>Call Chain = RNG_IRQHandler &rArr; nrf_queue_push &rArr; app_util_critical_region_exit
</UL>
<BR>[Calls]<UL><LI><a href="#[61]">&gt;&gt;</a>&nbsp;&nbsp;&nbsp;app_util_critical_region_exit
<LI><a href="#[5c]">&gt;&gt;</a>&nbsp;&nbsp;&nbsp;app_util_critical_region_enter
<LI><a href="#[5d]">&gt;&gt;</a>&nbsp;&nbsp;&nbsp;softdevice_handler_is_enabled
<LI><a href="#[60]">&gt;&gt;</a>&nbsp;&nbsp;&nbsp;nrf_drv_rng_stop
<LI><a href="#[5e]">&gt;&gt;</a>&nbsp;&nbsp;&nbsp;nrf_queue_push
<LI><a href="#[5f]">&gt;&gt;</a>&nbsp;&nbsp;&nbsp;nrf_queue_is_full
</UL>
<BR>[Address Reference Count : 1]<UL><LI> arm_startup_nrf51.o(RESET)
</UL>
<P><STRONG><a name="[12]"></a>RTC0_IRQHandler</STRONG> (Thumb, 14 bytes, Stack size 8 bytes, nrf_drv_rtc.o(i.RTC0_IRQHandler))
<BR><BR>[Stack]<UL><LI>Max Depth = 48<LI>Call Chain = RTC0_IRQHandler &rArr; nrf_drv_rtc_int_handler
</UL>
<BR>[Calls]<UL><LI><a href="#[62]">&gt;&gt;</a>&nbsp;&nbsp;&nbsp;nrf_drv_rtc_int_handler
</UL>
<BR>[Address Reference Count : 1]<UL><LI> arm_startup_nrf51.o(RESET)
</UL>
<P><STRONG><a name="[18]"></a>RTC1_IRQHandler</STRONG> (Thumb, 34 bytes, Stack size 8 bytes, app_timer.o(i.RTC1_IRQHandler))
<BR><BR>[Stack]<UL><LI>Max Depth = 220<LI>Call Chain = RTC1_IRQHandler &rArr; timer_timeouts_check &rArr; timeout_handler_exec &rArr; app_error_handler_bare &rArr; app_error_fault_handler &rArr; nrf_log_blocking_backend_set &rArr; nrf_log_backend_init &rArr; nrf_drv_uart_init &rArr; apply_config &rArr; nrf_gpio_cfg_input &rArr; nrf_gpio_cfg
</UL>
<BR>[Calls]<UL><LI><a href="#[63]">&gt;&gt;</a>&nbsp;&nbsp;&nbsp;timer_timeouts_check
</UL>
<BR>[Address Reference Count : 1]<UL><LI> arm_startup_nrf51.o(RESET)
</UL>
<P><STRONG><a name="[b]"></a>SPI0_TWI0_IRQHandler</STRONG> (Thumb, 14 bytes, Stack size 8 bytes, nrf_drv_spi.o(i.SPI0_TWI0_IRQHandler))
<BR><BR>[Stack]<UL><LI>Max Depth = 48<LI>Call Chain = SPI0_TWI0_IRQHandler &rArr; irq_handler_spi &rArr; transfer_byte
</UL>
<BR>[Calls]<UL><LI><a href="#[64]">&gt;&gt;</a>&nbsp;&nbsp;&nbsp;irq_handler_spi
</UL>
<BR>[Address Reference Count : 1]<UL><LI> arm_startup_nrf51.o(RESET)
</UL>
<P><STRONG><a name="[c]"></a>SPI1_TWI1_IRQHandler</STRONG> (Thumb, 12 bytes, Stack size 8 bytes, nrf_drv_twi.o(i.SPI1_TWI1_IRQHandler))
<BR><BR>[Stack]<UL><LI>Max Depth = 144<LI>Call Chain = SPI1_TWI1_IRQHandler &rArr; irq_handler_twi &rArr; twi_tx_start_transfer &rArr; twi_transfer &rArr; twi_send_byte
</UL>
<BR>[Calls]<UL><LI><a href="#[65]">&gt;&gt;</a>&nbsp;&nbsp;&nbsp;irq_handler_twi
</UL>
<BR>[Address Reference Count : 1]<UL><LI> arm_startup_nrf51.o(RESET)
</UL>
<P><STRONG><a name="[1b]"></a>SWI0_IRQHandler</STRONG> (Thumb, 8 bytes, Stack size 8 bytes, app_timer.o(i.SWI0_IRQHandler))
<BR><BR>[Stack]<UL><LI>Max Depth = 80<LI>Call Chain = SWI0_IRQHandler &rArr; timer_list_handler &rArr; compare_reg_update &rArr; timer_timeouts_check_sched
</UL>
<BR>[Calls]<UL><LI><a href="#[66]">&gt;&gt;</a>&nbsp;&nbsp;&nbsp;timer_list_handler
</UL>
<BR>[Address Reference Count : 1]<UL><LI> arm_startup_nrf51.o(RESET)
</UL>
<P><STRONG><a name="[1d]"></a>SWI2_IRQHandler</STRONG> (Thumb, 46 bytes, Stack size 16 bytes, softdevice_handler.o(i.SWI2_IRQHandler))
<BR><BR>[Stack]<UL><LI>Max Depth = 212<LI>Call Chain = SWI2_IRQHandler &rArr; intern_softdevice_events_execute &rArr; app_error_handler_bare &rArr; app_error_fault_handler &rArr; nrf_log_blocking_backend_set &rArr; nrf_log_backend_init &rArr; nrf_drv_uart_init &rArr; apply_config &rArr; nrf_gpio_cfg_input &rArr; nrf_gpio_cfg
</UL>
<BR>[Calls]<UL><LI><a href="#[67]">&gt;&gt;</a>&nbsp;&nbsp;&nbsp;app_error_handler_bare
<LI><a href="#[68]">&gt;&gt;</a>&nbsp;&nbsp;&nbsp;intern_softdevice_events_execute
</UL>
<BR>[Address Reference Count : 1]<UL><LI> arm_startup_nrf51.o(RESET)
</UL>
<P><STRONG><a name="[1e]"></a>SWI3_IRQHandler</STRONG> (Thumb, 102 bytes, Stack size 24 bytes, nrf_esb.o(i.SWI3_IRQHandler))
<BR><BR>[Stack]<UL><LI>Max Depth = 32<LI>Call Chain = SWI3_IRQHandler &rArr; nrf_esb_get_clear_interrupts
</UL>
<BR>[Calls]<UL><LI><a href="#[69]">&gt;&gt;</a>&nbsp;&nbsp;&nbsp;nrf_esb_get_clear_interrupts
</UL>
<BR>[Address Reference Count : 1]<UL><LI> arm_startup_nrf51.o(RESET)
</UL>
<P><STRONG><a name="[22]"></a>SystemInit</STRONG> (Thumb, 76 bytes, Stack size 8 bytes, system_nrf51.o(i.SystemInit))
<BR><BR>[Stack]<UL><LI>Max Depth = 8<LI>Call Chain = SystemInit
</UL>
<BR>[Calls]<UL><LI><a href="#[6c]">&gt;&gt;</a>&nbsp;&nbsp;&nbsp;is_peripheral_domain_setup_needed
<LI><a href="#[6a]">&gt;&gt;</a>&nbsp;&nbsp;&nbsp;is_manual_peripheral_setup_needed
<LI><a href="#[6b]">&gt;&gt;</a>&nbsp;&nbsp;&nbsp;is_disabled_in_debug_needed
</UL>
<BR>[Address Reference Count : 1]<UL><LI> arm_startup_nrf51.o(.text)
</UL>
<P><STRONG><a name="[f]"></a>TIMER0_IRQHandler</STRONG> (Thumb, 14 bytes, Stack size 8 bytes, nrf_drv_timer.o(i.TIMER0_IRQHandler))
<BR><BR>[Stack]<UL><LI>Max Depth = 48<LI>Call Chain = TIMER0_IRQHandler &rArr; irq_handler
</UL>
<BR>[Calls]<UL><LI><a href="#[6d]">&gt;&gt;</a>&nbsp;&nbsp;&nbsp;irq_handler
</UL>
<BR>[Address Reference Count : 1]<UL><LI> arm_startup_nrf51.o(RESET)
</UL>
<P><STRONG><a name="[10]"></a>TIMER1_IRQHandler</STRONG> (Thumb, 14 bytes, Stack size 8 bytes, nrf_drv_timer.o(i.TIMER1_IRQHandler))
<BR><BR>[Stack]<UL><LI>Max Depth = 48<LI>Call Chain = TIMER1_IRQHandler &rArr; irq_handler
</UL>
<BR>[Calls]<UL><LI><a href="#[6d]">&gt;&gt;</a>&nbsp;&nbsp;&nbsp;irq_handler
</UL>
<BR>[Address Reference Count : 1]<UL><LI> arm_startup_nrf51.o(RESET)
</UL>
<P><STRONG><a name="[a]"></a>UART0_IRQHandler</STRONG> (Thumb, 12 bytes, Stack size 8 bytes, nrf_drv_uart.o(i.UART0_IRQHandler))
<BR><BR>[Stack]<UL><LI>Max Depth = 80<LI>Call Chain = UART0_IRQHandler &rArr; uart_irq_handler &rArr; tx_done_event
</UL>
<BR>[Calls]<UL><LI><a href="#[6e]">&gt;&gt;</a>&nbsp;&nbsp;&nbsp;uart_irq_handler
</UL>
<BR>[Address Reference Count : 1]<UL><LI> arm_startup_nrf51.o(RESET)
</UL>
<P><STRONG><a name="[6f]"></a>__0snprintf$8</STRONG> (Thumb, 46 bytes, Stack size 32 bytes, printf8.o(i.__0snprintf$8), UNUSED)
<BR><BR>[Calls]<UL><LI><a href="#[70]">&gt;&gt;</a>&nbsp;&nbsp;&nbsp;_printf_core
</UL>

<P><STRONG><a name="[1b0]"></a>__1snprintf$8</STRONG> (Thumb, 0 bytes, Stack size 32 bytes, printf8.o(i.__0snprintf$8), UNUSED)

<P><STRONG><a name="[167]"></a>__2snprintf</STRONG> (Thumb, 0 bytes, Stack size 32 bytes, printf8.o(i.__0snprintf$8))
<BR><BR>[Stack]<UL><LI>Max Depth = 32<LI>Call Chain = __2snprintf
</UL>
<BR>[Called By]<UL><LI><a href="#[162]">&gt;&gt;</a>&nbsp;&nbsp;&nbsp;timestamp_process
<LI><a href="#[2f]">&gt;&gt;</a>&nbsp;&nbsp;&nbsp;nrf_log_backend_serial_std_handler
</UL>

<P><STRONG><a name="[47]"></a>__ARM_common_switch8</STRONG> (Thumb, 28 bytes, Stack size 8 bytes, main.o(i.__ARM_common_switch8))
<BR><BR>[Stack]<UL><LI>Max Depth = 8<LI>Call Chain = __ARM_common_switch8
</UL>
<BR>[Called By]<UL><LI><a href="#[43]">&gt;&gt;</a>&nbsp;&nbsp;&nbsp;CheckSensor
<LI><a href="#[e0]">&gt;&gt;</a>&nbsp;&nbsp;&nbsp;m_flash_write
<LI><a href="#[7d]">&gt;&gt;</a>&nbsp;&nbsp;&nbsp;address_of_page
<LI><a href="#[175]">&gt;&gt;</a>&nbsp;&nbsp;&nbsp;write_execute
<LI><a href="#[df]">&gt;&gt;</a>&nbsp;&nbsp;&nbsp;queue_process
<LI><a href="#[e5]">&gt;&gt;</a>&nbsp;&nbsp;&nbsp;gc_state_advance
<LI><a href="#[e4]">&gt;&gt;</a>&nbsp;&nbsp;&nbsp;gc_execute
<LI><a href="#[d6]">&gt;&gt;</a>&nbsp;&nbsp;&nbsp;event_prepare
<LI><a href="#[2f]">&gt;&gt;</a>&nbsp;&nbsp;&nbsp;nrf_log_backend_serial_std_handler
</UL>

<P><STRONG><a name="[1b1]"></a>__scatterload_copy</STRONG> (Thumb, 14 bytes, Stack size unknown bytes, handlers.o(i.__scatterload_copy), UNUSED)

<P><STRONG><a name="[1b2]"></a>__scatterload_null</STRONG> (Thumb, 2 bytes, Stack size unknown bytes, handlers.o(i.__scatterload_null), UNUSED)

<P><STRONG><a name="[1b3]"></a>__scatterload_zeroinit</STRONG> (Thumb, 14 bytes, Stack size unknown bytes, handlers.o(i.__scatterload_zeroinit), UNUSED)

<P><STRONG><a name="[7d]"></a>address_of_page</STRONG> (Thumb, 56 bytes, Stack size 4 bytes, main.o(i.address_of_page))
<BR><BR>[Stack]<UL><LI>Max Depth = 12<LI>Call Chain = address_of_page &rArr; __ARM_common_switch8
</UL>
<BR>[Calls]<UL><LI><a href="#[47]">&gt;&gt;</a>&nbsp;&nbsp;&nbsp;__ARM_common_switch8
</UL>
<BR>[Called By]<UL><LI><a href="#[e0]">&gt;&gt;</a>&nbsp;&nbsp;&nbsp;m_flash_write
</UL>

<P><STRONG><a name="[7e]"></a>app_error_fault_handler</STRONG> (Thumb, 78 bytes, Stack size 0 bytes, app_error_weak.o(i.app_error_fault_handler))
<BR><BR>[Stack]<UL><LI>Max Depth = 148<LI>Call Chain = app_error_fault_handler &rArr; nrf_log_blocking_backend_set &rArr; nrf_log_backend_init &rArr; nrf_drv_uart_init &rArr; apply_config &rArr; nrf_gpio_cfg_input &rArr; nrf_gpio_cfg
</UL>
<BR>[Calls]<UL><LI><a href="#[7f]">&gt;&gt;</a>&nbsp;&nbsp;&nbsp;nrf_log_frontend_std_0
<LI><a href="#[81]">&gt;&gt;</a>&nbsp;&nbsp;&nbsp;nrf_log_frontend_dequeue
<LI><a href="#[80]">&gt;&gt;</a>&nbsp;&nbsp;&nbsp;nrf_log_blocking_backend_set
</UL>
<BR>[Called By]<UL><LI><a href="#[67]">&gt;&gt;</a>&nbsp;&nbsp;&nbsp;app_error_handler_bare
</UL>

<P><STRONG><a name="[67]"></a>app_error_handler_bare</STRONG> (Thumb, 26 bytes, Stack size 24 bytes, app_error.o(i.app_error_handler_bare))
<BR><BR>[Stack]<UL><LI>Max Depth = 172<LI>Call Chain = app_error_handler_bare &rArr; app_error_fault_handler &rArr; nrf_log_blocking_backend_set &rArr; nrf_log_backend_init &rArr; nrf_drv_uart_init &rArr; apply_config &rArr; nrf_gpio_cfg_input &rArr; nrf_gpio_cfg
</UL>
<BR>[Calls]<UL><LI><a href="#[7e]">&gt;&gt;</a>&nbsp;&nbsp;&nbsp;app_error_fault_handler
</UL>
<BR>[Called By]<UL><LI><a href="#[10e]">&gt;&gt;</a>&nbsp;&nbsp;&nbsp;rtc_config
<LI><a href="#[114]">&gt;&gt;</a>&nbsp;&nbsp;&nbsp;mouse_scroll_send
<LI><a href="#[103]">&gt;&gt;</a>&nbsp;&nbsp;&nbsp;lfclk_config
<LI><a href="#[73]">&gt;&gt;</a>&nbsp;&nbsp;&nbsp;adc_config
<LI><a href="#[b3]">&gt;&gt;</a>&nbsp;&nbsp;&nbsp;writeReg
<LI><a href="#[4b]">&gt;&gt;</a>&nbsp;&nbsp;&nbsp;readReg
<LI><a href="#[29]">&gt;&gt;</a>&nbsp;&nbsp;&nbsp;timer_led_event_handler
<LI><a href="#[21]">&gt;&gt;</a>&nbsp;&nbsp;&nbsp;main
<LI><a href="#[b5]">&gt;&gt;</a>&nbsp;&nbsp;&nbsp;enter_normal_mode
<LI><a href="#[4a]">&gt;&gt;</a>&nbsp;&nbsp;&nbsp;enable_spi
<LI><a href="#[ab]">&gt;&gt;</a>&nbsp;&nbsp;&nbsp;driver_rf_channel_switch
<LI><a href="#[189]">&gt;&gt;</a>&nbsp;&nbsp;&nbsp;timeout_handler_exec
<LI><a href="#[68]">&gt;&gt;</a>&nbsp;&nbsp;&nbsp;intern_softdevice_events_execute
<LI><a href="#[1d]">&gt;&gt;</a>&nbsp;&nbsp;&nbsp;SWI2_IRQHandler
</UL>

<P><STRONG><a name="[82]"></a>app_sched_execute</STRONG> (Thumb, 92 bytes, Stack size 24 bytes, app_scheduler.o(i.app_sched_execute))
<BR><BR>[Stack]<UL><LI>Max Depth = 24<LI>Call Chain = app_sched_execute
</UL>
<BR>[Calls]<UL><LI><a href="#[83]">&gt;&gt;</a>&nbsp;&nbsp;&nbsp;next_index
</UL>
<BR>[Called By]<UL><LI><a href="#[c5]">&gt;&gt;</a>&nbsp;&nbsp;&nbsp;turnOn
</UL>

<P><STRONG><a name="[5c]"></a>app_util_critical_region_enter</STRONG> (Thumb, 70 bytes, Stack size 16 bytes, app_util_platform.o(i.app_util_critical_region_enter))
<BR><BR>[Stack]<UL><LI>Max Depth = 16<LI>Call Chain = app_util_critical_region_enter
</UL>
<BR>[Calls]<UL><LI><a href="#[84]">&gt;&gt;</a>&nbsp;&nbsp;&nbsp;__sd_nvic_irq_disable
</UL>
<BR>[Called By]<UL><LI><a href="#[105]">&gt;&gt;</a>&nbsp;&nbsp;&nbsp;nrf_drv_clock_lfclk_request
<LI><a href="#[14]">&gt;&gt;</a>&nbsp;&nbsp;&nbsp;RNG_IRQHandler
<LI><a href="#[5e]">&gt;&gt;</a>&nbsp;&nbsp;&nbsp;nrf_queue_push
<LI><a href="#[91]">&gt;&gt;</a>&nbsp;&nbsp;&nbsp;buf_prealloc
</UL>

<P><STRONG><a name="[61]"></a>app_util_critical_region_exit</STRONG> (Thumb, 56 bytes, Stack size 16 bytes, app_util_platform.o(i.app_util_critical_region_exit))
<BR><BR>[Stack]<UL><LI>Max Depth = 16<LI>Call Chain = app_util_critical_region_exit
</UL>
<BR>[Calls]<UL><LI><a href="#[84]">&gt;&gt;</a>&nbsp;&nbsp;&nbsp;__sd_nvic_irq_disable
</UL>
<BR>[Called By]<UL><LI><a href="#[105]">&gt;&gt;</a>&nbsp;&nbsp;&nbsp;nrf_drv_clock_lfclk_request
<LI><a href="#[14]">&gt;&gt;</a>&nbsp;&nbsp;&nbsp;RNG_IRQHandler
<LI><a href="#[5e]">&gt;&gt;</a>&nbsp;&nbsp;&nbsp;nrf_queue_push
<LI><a href="#[91]">&gt;&gt;</a>&nbsp;&nbsp;&nbsp;buf_prealloc
</UL>

<P><STRONG><a name="[115]"></a>ble_hids_inp_rep_send</STRONG> (Thumb, 116 bytes, Stack size 64 bytes, ble_hids.o(i.ble_hids_inp_rep_send))
<BR><BR>[Stack]<UL><LI>Max Depth = 64<LI>Call Chain = ble_hids_inp_rep_send
</UL>
<BR>[Called By]<UL><LI><a href="#[114]">&gt;&gt;</a>&nbsp;&nbsp;&nbsp;mouse_scroll_send
</UL>

<P><STRONG><a name="[cb]"></a>bsp_board_led_invert</STRONG> (Thumb, 54 bytes, Stack size 12 bytes, boards.o(i.bsp_board_led_invert))
<BR><BR>[Stack]<UL><LI>Max Depth = 12<LI>Call Chain = bsp_board_led_invert
</UL>
<BR>[Called By]<UL><LI><a href="#[29]">&gt;&gt;</a>&nbsp;&nbsp;&nbsp;timer_led_event_handler
<LI><a href="#[c9]">&gt;&gt;</a>&nbsp;&nbsp;&nbsp;enter_pairing_mode
</UL>

<P><STRONG><a name="[8b]"></a>bsp_board_led_off</STRONG> (Thumb, 16 bytes, Stack size 8 bytes, boards.o(i.bsp_board_led_off))
<BR><BR>[Stack]<UL><LI>Max Depth = 16<LI>Call Chain = bsp_board_led_off &rArr; nrf_gpio_pin_write
</UL>
<BR>[Calls]<UL><LI><a href="#[8c]">&gt;&gt;</a>&nbsp;&nbsp;&nbsp;nrf_gpio_pin_write
</UL>
<BR>[Called By]<UL><LI><a href="#[90]">&gt;&gt;</a>&nbsp;&nbsp;&nbsp;bsp_board_leds_off
<LI><a href="#[c5]">&gt;&gt;</a>&nbsp;&nbsp;&nbsp;turnOn
<LI><a href="#[29]">&gt;&gt;</a>&nbsp;&nbsp;&nbsp;timer_led_event_handler
<LI><a href="#[c9]">&gt;&gt;</a>&nbsp;&nbsp;&nbsp;enter_pairing_mode
</UL>

<P><STRONG><a name="[8d]"></a>bsp_board_led_on</STRONG> (Thumb, 16 bytes, Stack size 8 bytes, boards.o(i.bsp_board_led_on))
<BR><BR>[Stack]<UL><LI>Max Depth = 16<LI>Call Chain = bsp_board_led_on &rArr; nrf_gpio_pin_write
</UL>
<BR>[Calls]<UL><LI><a href="#[8c]">&gt;&gt;</a>&nbsp;&nbsp;&nbsp;nrf_gpio_pin_write
</UL>
<BR>[Called By]<UL><LI><a href="#[c5]">&gt;&gt;</a>&nbsp;&nbsp;&nbsp;turnOn
<LI><a href="#[29]">&gt;&gt;</a>&nbsp;&nbsp;&nbsp;timer_led_event_handler
<LI><a href="#[c9]">&gt;&gt;</a>&nbsp;&nbsp;&nbsp;enter_pairing_mode
</UL>

<P><STRONG><a name="[8e]"></a>bsp_board_leds_init</STRONG> (Thumb, 42 bytes, Stack size 24 bytes, boards.o(i.bsp_board_leds_init))
<BR><BR>[Stack]<UL><LI>Max Depth = 48<LI>Call Chain = bsp_board_leds_init &rArr; bsp_board_leds_off &rArr; bsp_board_led_off &rArr; nrf_gpio_pin_write
</UL>
<BR>[Calls]<UL><LI><a href="#[90]">&gt;&gt;</a>&nbsp;&nbsp;&nbsp;bsp_board_leds_off
<LI><a href="#[8f]">&gt;&gt;</a>&nbsp;&nbsp;&nbsp;nrf_gpio_cfg
</UL>
<BR>[Called By]<UL><LI><a href="#[21]">&gt;&gt;</a>&nbsp;&nbsp;&nbsp;main
</UL>

<P><STRONG><a name="[90]"></a>bsp_board_leds_off</STRONG> (Thumb, 20 bytes, Stack size 8 bytes, boards.o(i.bsp_board_leds_off))
<BR><BR>[Stack]<UL><LI>Max Depth = 24<LI>Call Chain = bsp_board_leds_off &rArr; bsp_board_led_off &rArr; nrf_gpio_pin_write
</UL>
<BR>[Calls]<UL><LI><a href="#[8b]">&gt;&gt;</a>&nbsp;&nbsp;&nbsp;bsp_board_led_off
</UL>
<BR>[Called By]<UL><LI><a href="#[8e]">&gt;&gt;</a>&nbsp;&nbsp;&nbsp;bsp_board_leds_init
</UL>

<P><STRONG><a name="[169]"></a>buffer_is_empty</STRONG> (Thumb, 20 bytes, Stack size 0 bytes, nrf_log_frontend.o(i.buffer_is_empty))
<BR><BR>[Called By]<UL><LI><a href="#[81]">&gt;&gt;</a>&nbsp;&nbsp;&nbsp;nrf_log_frontend_dequeue
</UL>

<P><STRONG><a name="[2b]"></a>button_event_handler</STRONG> (Thumb, 132 bytes, Stack size 16 bytes, main.o(i.button_event_handler))
<BR><BR>[Stack]<UL><LI>Max Depth = 104<LI>Call Chain = button_event_handler &rArr; nrf_log_frontend_std_0 &rArr; buf_prealloc &rArr; app_util_critical_region_exit
</UL>
<BR>[Calls]<UL><LI><a href="#[7f]">&gt;&gt;</a>&nbsp;&nbsp;&nbsp;nrf_log_frontend_std_0
<LI><a href="#[94]">&gt;&gt;</a>&nbsp;&nbsp;&nbsp;nrf_drv_timer_enable
<LI><a href="#[95]">&gt;&gt;</a>&nbsp;&nbsp;&nbsp;nrf_drv_rtc_disable
<LI><a href="#[92]">&gt;&gt;</a>&nbsp;&nbsp;&nbsp;nrf_drv_gpiote_in_event_disable
<LI><a href="#[93]">&gt;&gt;</a>&nbsp;&nbsp;&nbsp;clocks_start
</UL>
<BR>[Called By]<UL><LI><a href="#[b5]">&gt;&gt;</a>&nbsp;&nbsp;&nbsp;enter_normal_mode
</UL>
<BR>[Address Reference Count : 1]<UL><LI> main.o(i.main)
</UL>
<P><STRONG><a name="[93]"></a>clocks_start</STRONG> (Thumb, 24 bytes, Stack size 0 bytes, main.o(i.clocks_start))
<BR><BR>[Called By]<UL><LI><a href="#[21]">&gt;&gt;</a>&nbsp;&nbsp;&nbsp;main
<LI><a href="#[2b]">&gt;&gt;</a>&nbsp;&nbsp;&nbsp;button_event_handler
</UL>

<P><STRONG><a name="[a2]"></a>detect_direction</STRONG> (Thumb, 180 bytes, Stack size 8 bytes, main.o(i.detect_direction))
<BR><BR>[Stack]<UL><LI>Max Depth = 52<LI>Call Chain = detect_direction &rArr; nrf_gpio_cfg_input &rArr; nrf_gpio_cfg
</UL>
<BR>[Calls]<UL><LI><a href="#[a4]">&gt;&gt;</a>&nbsp;&nbsp;&nbsp;nrf_gpio_ports_read
<LI><a href="#[a6]">&gt;&gt;</a>&nbsp;&nbsp;&nbsp;nrf_gpio_pin_write
<LI><a href="#[a5]">&gt;&gt;</a>&nbsp;&nbsp;&nbsp;nrf_gpio_cfg_output
<LI><a href="#[a3]">&gt;&gt;</a>&nbsp;&nbsp;&nbsp;nrf_gpio_cfg_input
</UL>
<BR>[Called By]<UL><LI><a href="#[21]">&gt;&gt;</a>&nbsp;&nbsp;&nbsp;main
</UL>

<P><STRONG><a name="[a7]"></a>disable_qdec_with_qdec_state</STRONG> (Thumb, 30 bytes, Stack size 8 bytes, main.o(i.disable_qdec_with_qdec_state))
<BR><BR>[Stack]<UL><LI>Max Depth = 60<LI>Call Chain = disable_qdec_with_qdec_state &rArr; get_QDEC_state &rArr; nrf_gpio_cfg_input &rArr; nrf_gpio_cfg
</UL>
<BR>[Calls]<UL><LI><a href="#[a8]">&gt;&gt;</a>&nbsp;&nbsp;&nbsp;nrf_drv_qdec_uninit
<LI><a href="#[a9]">&gt;&gt;</a>&nbsp;&nbsp;&nbsp;get_QDEC_state
</UL>
<BR>[Called By]<UL><LI><a href="#[b5]">&gt;&gt;</a>&nbsp;&nbsp;&nbsp;enter_normal_mode
</UL>

<P><STRONG><a name="[aa]"></a>disable_spi</STRONG> (Thumb, 24 bytes, Stack size 8 bytes, main.o(i.disable_spi))
<BR><BR>[Stack]<UL><LI>Max Depth = 24<LI>Call Chain = disable_spi &rArr; nrf_drv_spi_uninit
</UL>
<BR>[Calls]<UL><LI><a href="#[46]">&gt;&gt;</a>&nbsp;&nbsp;&nbsp;nrf_drv_spi_uninit
</UL>
<BR>[Called By]<UL><LI><a href="#[c5]">&gt;&gt;</a>&nbsp;&nbsp;&nbsp;turnOn
<LI><a href="#[b5]">&gt;&gt;</a>&nbsp;&nbsp;&nbsp;enter_normal_mode
</UL>

<P><STRONG><a name="[ab]"></a>driver_rf_channel_switch</STRONG> (Thumb, 58 bytes, Stack size 16 bytes, main.o(i.driver_rf_channel_switch))
<BR><BR>[Stack]<UL><LI>Max Depth = 188<LI>Call Chain = driver_rf_channel_switch &rArr; app_error_handler_bare &rArr; app_error_fault_handler &rArr; nrf_log_blocking_backend_set &rArr; nrf_log_backend_init &rArr; nrf_drv_uart_init &rArr; apply_config &rArr; nrf_gpio_cfg_input &rArr; nrf_gpio_cfg
</UL>
<BR>[Calls]<UL><LI><a href="#[ac]">&gt;&gt;</a>&nbsp;&nbsp;&nbsp;nrf_esb_set_rf_channel
<LI><a href="#[67]">&gt;&gt;</a>&nbsp;&nbsp;&nbsp;app_error_handler_bare
</UL>
<BR>[Called By]<UL><LI><a href="#[c9]">&gt;&gt;</a>&nbsp;&nbsp;&nbsp;enter_pairing_mode
<LI><a href="#[b5]">&gt;&gt;</a>&nbsp;&nbsp;&nbsp;enter_normal_mode
</UL>

<P><STRONG><a name="[ad]"></a>driver_sensor_two_spi_read_byte</STRONG> (Thumb, 76 bytes, Stack size 16 bytes, motion_sensor.o(i.driver_sensor_two_spi_read_byte))
<BR><BR>[Stack]<UL><LI>Max Depth = 60<LI>Call Chain = driver_sensor_two_spi_read_byte &rArr; nrf_gpio_cfg_input &rArr; nrf_gpio_cfg
</UL>
<BR>[Calls]<UL><LI><a href="#[4d]">&gt;&gt;</a>&nbsp;&nbsp;&nbsp;nrf_gpio_pin_write
<LI><a href="#[af]">&gt;&gt;</a>&nbsp;&nbsp;&nbsp;nrf_gpio_pin_read
<LI><a href="#[4c]">&gt;&gt;</a>&nbsp;&nbsp;&nbsp;nrf_gpio_cfg_output
<LI><a href="#[ae]">&gt;&gt;</a>&nbsp;&nbsp;&nbsp;nrf_gpio_cfg_input
</UL>
<BR>[Called By]<UL><LI><a href="#[4b]">&gt;&gt;</a>&nbsp;&nbsp;&nbsp;readReg
</UL>

<P><STRONG><a name="[b0]"></a>driver_sensor_two_spi_send_byte</STRONG> (Thumb, 92 bytes, Stack size 16 bytes, motion_sensor.o(i.driver_sensor_two_spi_send_byte))
<BR><BR>[Stack]<UL><LI>Max Depth = 60<LI>Call Chain = driver_sensor_two_spi_send_byte &rArr; nrf_gpio_cfg_input &rArr; nrf_gpio_cfg
</UL>
<BR>[Calls]<UL><LI><a href="#[4d]">&gt;&gt;</a>&nbsp;&nbsp;&nbsp;nrf_gpio_pin_write
<LI><a href="#[4c]">&gt;&gt;</a>&nbsp;&nbsp;&nbsp;nrf_gpio_cfg_output
<LI><a href="#[ae]">&gt;&gt;</a>&nbsp;&nbsp;&nbsp;nrf_gpio_cfg_input
</UL>
<BR>[Called By]<UL><LI><a href="#[b3]">&gt;&gt;</a>&nbsp;&nbsp;&nbsp;writeReg
<LI><a href="#[4b]">&gt;&gt;</a>&nbsp;&nbsp;&nbsp;readReg
</UL>

<P><STRONG><a name="[4a]"></a>enable_spi</STRONG> (Thumb, 90 bytes, Stack size 24 bytes, main.o(i.enable_spi))
<BR><BR>[Stack]<UL><LI>Max Depth = 196<LI>Call Chain = enable_spi &rArr; app_error_handler_bare &rArr; app_error_fault_handler &rArr; nrf_log_blocking_backend_set &rArr; nrf_log_backend_init &rArr; nrf_drv_uart_init &rArr; apply_config &rArr; nrf_gpio_cfg_input &rArr; nrf_gpio_cfg
</UL>
<BR>[Calls]<UL><LI><a href="#[b1]">&gt;&gt;</a>&nbsp;&nbsp;&nbsp;nrf_drv_spi_init
<LI><a href="#[67]">&gt;&gt;</a>&nbsp;&nbsp;&nbsp;app_error_handler_bare
</UL>
<BR>[Called By]<UL><LI><a href="#[0]">&gt;&gt;</a>&nbsp;&nbsp;&nbsp;fs_evt_handler
<LI><a href="#[43]">&gt;&gt;</a>&nbsp;&nbsp;&nbsp;CheckSensor
<LI><a href="#[cf]">&gt;&gt;</a>&nbsp;&nbsp;&nbsp;set_BT_work_mode
<LI><a href="#[21]">&gt;&gt;</a>&nbsp;&nbsp;&nbsp;main
<LI><a href="#[b5]">&gt;&gt;</a>&nbsp;&nbsp;&nbsp;enter_normal_mode
</UL>

<P><STRONG><a name="[b2]"></a>enterOrExitSleepmode</STRONG> (Thumb, 68 bytes, Stack size 16 bytes, motion_sensor.o(i.enterOrExitSleepmode))
<BR><BR>[Stack]<UL><LI>Max Depth = 220<LI>Call Chain = enterOrExitSleepmode &rArr; writeReg &rArr; app_error_handler_bare &rArr; app_error_fault_handler &rArr; nrf_log_blocking_backend_set &rArr; nrf_log_backend_init &rArr; nrf_drv_uart_init &rArr; apply_config &rArr; nrf_gpio_cfg_input &rArr; nrf_gpio_cfg
</UL>
<BR>[Calls]<UL><LI><a href="#[b3]">&gt;&gt;</a>&nbsp;&nbsp;&nbsp;writeReg
<LI><a href="#[4b]">&gt;&gt;</a>&nbsp;&nbsp;&nbsp;readReg
</UL>
<BR>[Called By]<UL><LI><a href="#[0]">&gt;&gt;</a>&nbsp;&nbsp;&nbsp;fs_evt_handler
<LI><a href="#[cf]">&gt;&gt;</a>&nbsp;&nbsp;&nbsp;set_BT_work_mode
<LI><a href="#[b5]">&gt;&gt;</a>&nbsp;&nbsp;&nbsp;enter_normal_mode
</UL>

<P><STRONG><a name="[b4]"></a>enterOrExitjustSleepmode</STRONG> (Thumb, 30 bytes, Stack size 8 bytes, motion_sensor.o(i.enterOrExitjustSleepmode))
<BR><BR>[Stack]<UL><LI>Max Depth = 212<LI>Call Chain = enterOrExitjustSleepmode &rArr; writeReg &rArr; app_error_handler_bare &rArr; app_error_fault_handler &rArr; nrf_log_blocking_backend_set &rArr; nrf_log_backend_init &rArr; nrf_drv_uart_init &rArr; apply_config &rArr; nrf_gpio_cfg_input &rArr; nrf_gpio_cfg
</UL>
<BR>[Calls]<UL><LI><a href="#[b3]">&gt;&gt;</a>&nbsp;&nbsp;&nbsp;writeReg
</UL>
<BR>[Called By]<UL><LI><a href="#[b5]">&gt;&gt;</a>&nbsp;&nbsp;&nbsp;enter_normal_mode
</UL>

<P><STRONG><a name="[b5]"></a>enter_normal_mode</STRONG> (Thumb, 2236 bytes, Stack size 80 bytes, main.o(i.enter_normal_mode))
<BR><BR>[Stack]<UL><LI>Max Depth = 324<LI>Call Chain = enter_normal_mode &rArr; getMotion &rArr; CheckSensor &rArr; ChenkSensorSync &rArr; readReg &rArr; app_error_handler_bare &rArr; app_error_fault_handler &rArr; nrf_log_blocking_backend_set &rArr; nrf_log_backend_init &rArr; nrf_drv_uart_init &rArr; apply_config &rArr; nrf_gpio_cfg_input &rArr; nrf_gpio_cfg
</UL>
<BR>[Calls]<UL><LI><a href="#[bf]">&gt;&gt;</a>&nbsp;&nbsp;&nbsp;nrf_qdec_reportper_to_value
<LI><a href="#[a4]">&gt;&gt;</a>&nbsp;&nbsp;&nbsp;nrf_gpio_ports_read
<LI><a href="#[c3]">&gt;&gt;</a>&nbsp;&nbsp;&nbsp;nrf_drv_rtc_counter_clear
<LI><a href="#[b9]">&gt;&gt;</a>&nbsp;&nbsp;&nbsp;flash_word_write
<LI><a href="#[b8]">&gt;&gt;</a>&nbsp;&nbsp;&nbsp;flash_page_erase
<LI><a href="#[c6]">&gt;&gt;</a>&nbsp;&nbsp;&nbsp;usrPaw3205setCPI
<LI><a href="#[c5]">&gt;&gt;</a>&nbsp;&nbsp;&nbsp;turnOn
<LI><a href="#[45]">&gt;&gt;</a>&nbsp;&nbsp;&nbsp;nrf_log_frontend_std_1
<LI><a href="#[7f]">&gt;&gt;</a>&nbsp;&nbsp;&nbsp;nrf_log_frontend_std_0
<LI><a href="#[ba]">&gt;&gt;</a>&nbsp;&nbsp;&nbsp;nrf_log_frontend_hexdump
<LI><a href="#[81]">&gt;&gt;</a>&nbsp;&nbsp;&nbsp;nrf_log_frontend_dequeue
<LI><a href="#[c8]">&gt;&gt;</a>&nbsp;&nbsp;&nbsp;nrf_esb_write_payload
<LI><a href="#[b7]">&gt;&gt;</a>&nbsp;&nbsp;&nbsp;nrf_esb_update_prefix
<LI><a href="#[bb]">&gt;&gt;</a>&nbsp;&nbsp;&nbsp;nrf_drv_timer_disable
<LI><a href="#[c2]">&gt;&gt;</a>&nbsp;&nbsp;&nbsp;nrf_drv_rtc_enable
<LI><a href="#[95]">&gt;&gt;</a>&nbsp;&nbsp;&nbsp;nrf_drv_rtc_disable
<LI><a href="#[be]">&gt;&gt;</a>&nbsp;&nbsp;&nbsp;nrf_drv_qdec_init
<LI><a href="#[c0]">&gt;&gt;</a>&nbsp;&nbsp;&nbsp;nrf_drv_qdec_enable
<LI><a href="#[c1]">&gt;&gt;</a>&nbsp;&nbsp;&nbsp;nrf_drv_gpiote_in_event_enable
<LI><a href="#[92]">&gt;&gt;</a>&nbsp;&nbsp;&nbsp;nrf_drv_gpiote_in_event_disable
<LI><a href="#[77]">&gt;&gt;</a>&nbsp;&nbsp;&nbsp;nrf_drv_adc_uninit
<LI><a href="#[c7]">&gt;&gt;</a>&nbsp;&nbsp;&nbsp;getMotion
<LI><a href="#[b4]">&gt;&gt;</a>&nbsp;&nbsp;&nbsp;enterOrExitjustSleepmode
<LI><a href="#[b2]">&gt;&gt;</a>&nbsp;&nbsp;&nbsp;enterOrExitSleepmode
<LI><a href="#[67]">&gt;&gt;</a>&nbsp;&nbsp;&nbsp;app_error_handler_bare
<LI><a href="#[bc]">&gt;&gt;</a>&nbsp;&nbsp;&nbsp;system_off
<LI><a href="#[b6]">&gt;&gt;</a>&nbsp;&nbsp;&nbsp;modify_base_address_0
<LI><a href="#[a9]">&gt;&gt;</a>&nbsp;&nbsp;&nbsp;get_QDEC_state
<LI><a href="#[4a]">&gt;&gt;</a>&nbsp;&nbsp;&nbsp;enable_spi
<LI><a href="#[ab]">&gt;&gt;</a>&nbsp;&nbsp;&nbsp;driver_rf_channel_switch
<LI><a href="#[aa]">&gt;&gt;</a>&nbsp;&nbsp;&nbsp;disable_spi
<LI><a href="#[a7]">&gt;&gt;</a>&nbsp;&nbsp;&nbsp;disable_qdec_with_qdec_state
<LI><a href="#[2b]">&gt;&gt;</a>&nbsp;&nbsp;&nbsp;button_event_handler
<LI><a href="#[c4]">&gt;&gt;</a>&nbsp;&nbsp;&nbsp;NRF_power_manage
<LI><a href="#[bd]">&gt;&gt;</a>&nbsp;&nbsp;&nbsp;__aeabi_memcpy
</UL>
<BR>[Called By]<UL><LI><a href="#[21]">&gt;&gt;</a>&nbsp;&nbsp;&nbsp;main
</UL>

<P><STRONG><a name="[c9]"></a>enter_pairing_mode</STRONG> (Thumb, 762 bytes, Stack size 64 bytes, main.o(i.enter_pairing_mode))
<BR><BR>[Stack]<UL><LI>Max Depth = 292<LI>Call Chain = enter_pairing_mode &rArr; set_BT_work_mode &rArr; usrPaw3205setCPI &rArr; writeReg &rArr; app_error_handler_bare &rArr; app_error_fault_handler &rArr; nrf_log_blocking_backend_set &rArr; nrf_log_backend_init &rArr; nrf_drv_uart_init &rArr; apply_config &rArr; nrf_gpio_cfg_input &rArr; nrf_gpio_cfg
</UL>
<BR>[Calls]<UL><LI><a href="#[a4]">&gt;&gt;</a>&nbsp;&nbsp;&nbsp;nrf_gpio_ports_read
<LI><a href="#[a3]">&gt;&gt;</a>&nbsp;&nbsp;&nbsp;nrf_gpio_cfg_input
<LI><a href="#[cd]">&gt;&gt;</a>&nbsp;&nbsp;&nbsp;nrf_delay_us
<LI><a href="#[45]">&gt;&gt;</a>&nbsp;&nbsp;&nbsp;nrf_log_frontend_std_1
<LI><a href="#[7f]">&gt;&gt;</a>&nbsp;&nbsp;&nbsp;nrf_log_frontend_std_0
<LI><a href="#[81]">&gt;&gt;</a>&nbsp;&nbsp;&nbsp;nrf_log_frontend_dequeue
<LI><a href="#[c8]">&gt;&gt;</a>&nbsp;&nbsp;&nbsp;nrf_esb_write_payload
<LI><a href="#[ce]">&gt;&gt;</a>&nbsp;&nbsp;&nbsp;nrf_esb_stop_rx
<LI><a href="#[cc]">&gt;&gt;</a>&nbsp;&nbsp;&nbsp;nrf_esb_start_rx
<LI><a href="#[8d]">&gt;&gt;</a>&nbsp;&nbsp;&nbsp;bsp_board_led_on
<LI><a href="#[8b]">&gt;&gt;</a>&nbsp;&nbsp;&nbsp;bsp_board_led_off
<LI><a href="#[cb]">&gt;&gt;</a>&nbsp;&nbsp;&nbsp;bsp_board_led_invert
<LI><a href="#[cf]">&gt;&gt;</a>&nbsp;&nbsp;&nbsp;set_BT_work_mode
<LI><a href="#[ab]">&gt;&gt;</a>&nbsp;&nbsp;&nbsp;driver_rf_channel_switch
<LI><a href="#[ca]">&gt;&gt;</a>&nbsp;&nbsp;&nbsp;__aeabi_memclr4
</UL>
<BR>[Called By]<UL><LI><a href="#[21]">&gt;&gt;</a>&nbsp;&nbsp;&nbsp;main
</UL>

<P><STRONG><a name="[d0]"></a>esb_init</STRONG> (Thumb, 168 bytes, Stack size 40 bytes, main.o(i.esb_init))
<BR><BR>[Stack]<UL><LI>Max Depth = 72<LI>Call Chain = esb_init &rArr; nrf_esb_update_prefix &rArr; update_radio_addresses &rArr; addr_conv
</UL>
<BR>[Calls]<UL><LI><a href="#[b7]">&gt;&gt;</a>&nbsp;&nbsp;&nbsp;nrf_esb_update_prefix
<LI><a href="#[d5]">&gt;&gt;</a>&nbsp;&nbsp;&nbsp;nrf_esb_set_tx_power
<LI><a href="#[d4]">&gt;&gt;</a>&nbsp;&nbsp;&nbsp;nrf_esb_set_base_address_0
<LI><a href="#[d3]">&gt;&gt;</a>&nbsp;&nbsp;&nbsp;nrf_esb_set_address_length
<LI><a href="#[d2]">&gt;&gt;</a>&nbsp;&nbsp;&nbsp;nrf_esb_init
<LI><a href="#[d1]">&gt;&gt;</a>&nbsp;&nbsp;&nbsp;__aeabi_memcpy4
</UL>
<BR>[Called By]<UL><LI><a href="#[21]">&gt;&gt;</a>&nbsp;&nbsp;&nbsp;main
</UL>

<P><STRONG><a name="[db]"></a>fs_erase</STRONG> (Thumb, 136 bytes, Stack size 24 bytes, fstorage.o(i.fs_erase))
<BR><BR>[Stack]<UL><LI>Max Depth = 80<LI>Call Chain = fs_erase &rArr; queue_start &rArr; queue_process &rArr; send_event
</UL>
<BR>[Calls]<UL><LI><a href="#[de]">&gt;&gt;</a>&nbsp;&nbsp;&nbsp;queue_start
<LI><a href="#[dd]">&gt;&gt;</a>&nbsp;&nbsp;&nbsp;queue_get_next_free
<LI><a href="#[dc]">&gt;&gt;</a>&nbsp;&nbsp;&nbsp;check_config
</UL>
<BR>[Called By]<UL><LI><a href="#[e0]">&gt;&gt;</a>&nbsp;&nbsp;&nbsp;m_flash_write
<LI><a href="#[f4]">&gt;&gt;</a>&nbsp;&nbsp;&nbsp;init_execute
<LI><a href="#[ed]">&gt;&gt;</a>&nbsp;&nbsp;&nbsp;gc_swap_erase
<LI><a href="#[e9]">&gt;&gt;</a>&nbsp;&nbsp;&nbsp;gc_page_erase
</UL>

<P><STRONG><a name="[e3]"></a>fs_store</STRONG> (Thumb, 150 bytes, Stack size 24 bytes, fstorage.o(i.fs_store))
<BR><BR>[Stack]<UL><LI>Max Depth = 80<LI>Call Chain = fs_store &rArr; queue_start &rArr; queue_process &rArr; send_event
</UL>
<BR>[Calls]<UL><LI><a href="#[de]">&gt;&gt;</a>&nbsp;&nbsp;&nbsp;queue_start
<LI><a href="#[dd]">&gt;&gt;</a>&nbsp;&nbsp;&nbsp;queue_get_next_free
<LI><a href="#[dc]">&gt;&gt;</a>&nbsp;&nbsp;&nbsp;check_config
</UL>
<BR>[Called By]<UL><LI><a href="#[0]">&gt;&gt;</a>&nbsp;&nbsp;&nbsp;fs_evt_handler
<LI><a href="#[e0]">&gt;&gt;</a>&nbsp;&nbsp;&nbsp;m_flash_write
<LI><a href="#[183]">&gt;&gt;</a>&nbsp;&nbsp;&nbsp;record_write_chunk
<LI><a href="#[182]">&gt;&gt;</a>&nbsp;&nbsp;&nbsp;record_header_write_id
<LI><a href="#[181]">&gt;&gt;</a>&nbsp;&nbsp;&nbsp;record_header_write_finalize
<LI><a href="#[180]">&gt;&gt;</a>&nbsp;&nbsp;&nbsp;record_header_write_begin
<LI><a href="#[d8]">&gt;&gt;</a>&nbsp;&nbsp;&nbsp;record_header_flag_dirty
<LI><a href="#[f3]">&gt;&gt;</a>&nbsp;&nbsp;&nbsp;page_tag_write_swap
<LI><a href="#[f2]">&gt;&gt;</a>&nbsp;&nbsp;&nbsp;page_tag_write_data
<LI><a href="#[e8]">&gt;&gt;</a>&nbsp;&nbsp;&nbsp;gc_record_copy
</UL>

<P><STRONG><a name="[c7]"></a>getMotion</STRONG> (Thumb, 124 bytes, Stack size 24 bytes, motion_sensor.o(i.getMotion))
<BR><BR>[Stack]<UL><LI>Max Depth = 244<LI>Call Chain = getMotion &rArr; CheckSensor &rArr; ChenkSensorSync &rArr; readReg &rArr; app_error_handler_bare &rArr; app_error_fault_handler &rArr; nrf_log_blocking_backend_set &rArr; nrf_log_backend_init &rArr; nrf_drv_uart_init &rArr; apply_config &rArr; nrf_gpio_cfg_input &rArr; nrf_gpio_cfg
</UL>
<BR>[Calls]<UL><LI><a href="#[43]">&gt;&gt;</a>&nbsp;&nbsp;&nbsp;CheckSensor
<LI><a href="#[af]">&gt;&gt;</a>&nbsp;&nbsp;&nbsp;nrf_gpio_pin_read
<LI><a href="#[4b]">&gt;&gt;</a>&nbsp;&nbsp;&nbsp;readReg
</UL>
<BR>[Called By]<UL><LI><a href="#[b5]">&gt;&gt;</a>&nbsp;&nbsp;&nbsp;enter_normal_mode
</UL>

<P><STRONG><a name="[a9]"></a>get_QDEC_state</STRONG> (Thumb, 60 bytes, Stack size 8 bytes, main.o(i.get_QDEC_state))
<BR><BR>[Stack]<UL><LI>Max Depth = 52<LI>Call Chain = get_QDEC_state &rArr; nrf_gpio_cfg_input &rArr; nrf_gpio_cfg
</UL>
<BR>[Calls]<UL><LI><a href="#[a4]">&gt;&gt;</a>&nbsp;&nbsp;&nbsp;nrf_gpio_ports_read
<LI><a href="#[a3]">&gt;&gt;</a>&nbsp;&nbsp;&nbsp;nrf_gpio_cfg_input
</UL>
<BR>[Called By]<UL><LI><a href="#[21]">&gt;&gt;</a>&nbsp;&nbsp;&nbsp;main
<LI><a href="#[b5]">&gt;&gt;</a>&nbsp;&nbsp;&nbsp;enter_normal_mode
<LI><a href="#[a7]">&gt;&gt;</a>&nbsp;&nbsp;&nbsp;disable_qdec_with_qdec_state
</UL>

<P><STRONG><a name="[68]"></a>intern_softdevice_events_execute</STRONG> (Thumb, 180 bytes, Stack size 24 bytes, softdevice_handler.o(i.intern_softdevice_events_execute))
<BR><BR>[Stack]<UL><LI>Max Depth = 196<LI>Call Chain = intern_softdevice_events_execute &rArr; app_error_handler_bare &rArr; app_error_fault_handler &rArr; nrf_log_blocking_backend_set &rArr; nrf_log_backend_init &rArr; nrf_drv_uart_init &rArr; apply_config &rArr; nrf_gpio_cfg_input &rArr; nrf_gpio_cfg
</UL>
<BR>[Calls]<UL><LI><a href="#[67]">&gt;&gt;</a>&nbsp;&nbsp;&nbsp;app_error_handler_bare
<LI><a href="#[f9]">&gt;&gt;</a>&nbsp;&nbsp;&nbsp;nrf_drv_clock_on_soc_event
</UL>
<BR>[Called By]<UL><LI><a href="#[1d]">&gt;&gt;</a>&nbsp;&nbsp;&nbsp;SWI2_IRQHandler
</UL>

<P><STRONG><a name="[e0]"></a>m_flash_write</STRONG> (Thumb, 216 bytes, Stack size 24 bytes, main.o(i.m_flash_write))
<BR><BR>[Stack]<UL><LI>Max Depth = 112<LI>Call Chain = m_flash_write &rArr; nrf_log_frontend_std_0 &rArr; buf_prealloc &rArr; app_util_critical_region_exit
</UL>
<BR>[Calls]<UL><LI><a href="#[7f]">&gt;&gt;</a>&nbsp;&nbsp;&nbsp;nrf_log_frontend_std_0
<LI><a href="#[e3]">&gt;&gt;</a>&nbsp;&nbsp;&nbsp;fs_store
<LI><a href="#[db]">&gt;&gt;</a>&nbsp;&nbsp;&nbsp;fs_erase
<LI><a href="#[7d]">&gt;&gt;</a>&nbsp;&nbsp;&nbsp;address_of_page
<LI><a href="#[47]">&gt;&gt;</a>&nbsp;&nbsp;&nbsp;__ARM_common_switch8
</UL>
<BR>[Called By]<UL><LI><a href="#[0]">&gt;&gt;</a>&nbsp;&nbsp;&nbsp;fs_evt_handler
</UL>

<P><STRONG><a name="[21]"></a>main</STRONG> (Thumb, 850 bytes, Stack size 120 bytes, main.o(i.main))
<BR><BR>[Stack]<UL><LI>Max Depth = 444<LI>Call Chain = main &rArr; enter_normal_mode &rArr; getMotion &rArr; CheckSensor &rArr; ChenkSensorSync &rArr; readReg &rArr; app_error_handler_bare &rArr; app_error_fault_handler &rArr; nrf_log_blocking_backend_set &rArr; nrf_log_backend_init &rArr; nrf_drv_uart_init &rArr; apply_config &rArr; nrf_gpio_cfg_input &rArr; nrf_gpio_cfg
</UL>
<BR>[Calls]<UL><LI><a href="#[10e]">&gt;&gt;</a>&nbsp;&nbsp;&nbsp;rtc_config
<LI><a href="#[110]">&gt;&gt;</a>&nbsp;&nbsp;&nbsp;nrf_drv_timer_ms_to_ticks
<LI><a href="#[103]">&gt;&gt;</a>&nbsp;&nbsp;&nbsp;lfclk_config
<LI><a href="#[b8]">&gt;&gt;</a>&nbsp;&nbsp;&nbsp;flash_page_erase
<LI><a href="#[48]">&gt;&gt;</a>&nbsp;&nbsp;&nbsp;usrPaw3205ReSynchronousSPI
<LI><a href="#[c5]">&gt;&gt;</a>&nbsp;&nbsp;&nbsp;turnOn
<LI><a href="#[4b]">&gt;&gt;</a>&nbsp;&nbsp;&nbsp;readReg
<LI><a href="#[10d]">&gt;&gt;</a>&nbsp;&nbsp;&nbsp;nrf_log_init
<LI><a href="#[45]">&gt;&gt;</a>&nbsp;&nbsp;&nbsp;nrf_log_frontend_std_1
<LI><a href="#[7f]">&gt;&gt;</a>&nbsp;&nbsp;&nbsp;nrf_log_frontend_std_0
<LI><a href="#[ac]">&gt;&gt;</a>&nbsp;&nbsp;&nbsp;nrf_esb_set_rf_channel
<LI><a href="#[10f]">&gt;&gt;</a>&nbsp;&nbsp;&nbsp;nrf_drv_timer_init
<LI><a href="#[111]">&gt;&gt;</a>&nbsp;&nbsp;&nbsp;nrf_drv_timer_extended_compare
<LI><a href="#[94]">&gt;&gt;</a>&nbsp;&nbsp;&nbsp;nrf_drv_timer_enable
<LI><a href="#[46]">&gt;&gt;</a>&nbsp;&nbsp;&nbsp;nrf_drv_spi_uninit
<LI><a href="#[b1]">&gt;&gt;</a>&nbsp;&nbsp;&nbsp;nrf_drv_spi_init
<LI><a href="#[95]">&gt;&gt;</a>&nbsp;&nbsp;&nbsp;nrf_drv_rtc_disable
<LI><a href="#[112]">&gt;&gt;</a>&nbsp;&nbsp;&nbsp;nrf_drv_gpiote_init
<LI><a href="#[113]">&gt;&gt;</a>&nbsp;&nbsp;&nbsp;nrf_drv_gpiote_in_init
<LI><a href="#[8e]">&gt;&gt;</a>&nbsp;&nbsp;&nbsp;bsp_board_leds_init
<LI><a href="#[67]">&gt;&gt;</a>&nbsp;&nbsp;&nbsp;app_error_handler_bare
<LI><a href="#[a9]">&gt;&gt;</a>&nbsp;&nbsp;&nbsp;get_QDEC_state
<LI><a href="#[d0]">&gt;&gt;</a>&nbsp;&nbsp;&nbsp;esb_init
<LI><a href="#[c9]">&gt;&gt;</a>&nbsp;&nbsp;&nbsp;enter_pairing_mode
<LI><a href="#[b5]">&gt;&gt;</a>&nbsp;&nbsp;&nbsp;enter_normal_mode
<LI><a href="#[4a]">&gt;&gt;</a>&nbsp;&nbsp;&nbsp;enable_spi
<LI><a href="#[a2]">&gt;&gt;</a>&nbsp;&nbsp;&nbsp;detect_direction
<LI><a href="#[93]">&gt;&gt;</a>&nbsp;&nbsp;&nbsp;clocks_start
<LI><a href="#[ca]">&gt;&gt;</a>&nbsp;&nbsp;&nbsp;__aeabi_memclr4
</UL>
<BR>[Address Reference Count : 1]<UL><LI> entry9a.o(.ARM.Collect$$$$0000000B)
</UL>
<P><STRONG><a name="[b6]"></a>modify_base_address_0</STRONG> (Thumb, 36 bytes, Stack size 16 bytes, main.o(i.modify_base_address_0))
<BR><BR>[Stack]<UL><LI>Max Depth = 40<LI>Call Chain = modify_base_address_0 &rArr; nrf_esb_set_base_address_0 &rArr; update_radio_addresses &rArr; addr_conv
</UL>
<BR>[Calls]<UL><LI><a href="#[d4]">&gt;&gt;</a>&nbsp;&nbsp;&nbsp;nrf_esb_set_base_address_0
</UL>
<BR>[Called By]<UL><LI><a href="#[b5]">&gt;&gt;</a>&nbsp;&nbsp;&nbsp;enter_normal_mode
</UL>

<P><STRONG><a name="[116]"></a>nrf_drv_adc_buffer_convert</STRONG> (Thumb, 126 bytes, Stack size 16 bytes, nrf_drv_adc.o(i.nrf_drv_adc_buffer_convert))
<BR><BR>[Stack]<UL><LI>Max Depth = 24<LI>Call Chain = nrf_drv_adc_buffer_convert &rArr; adc_sample_process
</UL>
<BR>[Calls]<UL><LI><a href="#[117]">&gt;&gt;</a>&nbsp;&nbsp;&nbsp;nrf_adc_int_enable
<LI><a href="#[40]">&gt;&gt;</a>&nbsp;&nbsp;&nbsp;nrf_adc_event_clear
<LI><a href="#[118]">&gt;&gt;</a>&nbsp;&nbsp;&nbsp;nrf_adc_event_check
<LI><a href="#[78]">&gt;&gt;</a>&nbsp;&nbsp;&nbsp;nrf_adc_config_set
<LI><a href="#[42]">&gt;&gt;</a>&nbsp;&nbsp;&nbsp;adc_sample_process
</UL>
<BR>[Called By]<UL><LI><a href="#[29]">&gt;&gt;</a>&nbsp;&nbsp;&nbsp;timer_led_event_handler
</UL>

<P><STRONG><a name="[75]"></a>nrf_drv_adc_channel_enable</STRONG> (Thumb, 38 bytes, Stack size 0 bytes, nrf_drv_adc.o(i.nrf_drv_adc_channel_enable))
<BR><BR>[Called By]<UL><LI><a href="#[73]">&gt;&gt;</a>&nbsp;&nbsp;&nbsp;adc_config
</UL>

<P><STRONG><a name="[74]"></a>nrf_drv_adc_init</STRONG> (Thumb, 62 bytes, Stack size 16 bytes, nrf_drv_adc.o(i.nrf_drv_adc_init))
<BR><BR>[Stack]<UL><LI>Max Depth = 40<LI>Call Chain = nrf_drv_adc_init &rArr; nrf_drv_common_irq_enable &rArr; NVIC_SetPriority
</UL>
<BR>[Calls]<UL><LI><a href="#[119]">&gt;&gt;</a>&nbsp;&nbsp;&nbsp;nrf_drv_common_irq_enable
<LI><a href="#[40]">&gt;&gt;</a>&nbsp;&nbsp;&nbsp;nrf_adc_event_clear
</UL>
<BR>[Called By]<UL><LI><a href="#[73]">&gt;&gt;</a>&nbsp;&nbsp;&nbsp;adc_config
</UL>

<P><STRONG><a name="[18a]"></a>nrf_drv_adc_sample</STRONG> (Thumb, 12 bytes, Stack size 0 bytes, nrf_drv_adc.o(i.nrf_drv_adc_sample))
<BR><BR>[Called By]<UL><LI><a href="#[29]">&gt;&gt;</a>&nbsp;&nbsp;&nbsp;timer_led_event_handler
</UL>

<P><STRONG><a name="[77]"></a>nrf_drv_adc_uninit</STRONG> (Thumb, 48 bytes, Stack size 8 bytes, nrf_drv_adc.o(i.nrf_drv_adc_uninit))
<BR><BR>[Stack]<UL><LI>Max Depth = 8<LI>Call Chain = nrf_drv_adc_uninit
</UL>
<BR>[Calls]<UL><LI><a href="#[41]">&gt;&gt;</a>&nbsp;&nbsp;&nbsp;nrf_adc_int_disable
</UL>
<BR>[Called By]<UL><LI><a href="#[25]">&gt;&gt;</a>&nbsp;&nbsp;&nbsp;adc_event_handler
<LI><a href="#[b5]">&gt;&gt;</a>&nbsp;&nbsp;&nbsp;enter_normal_mode
</UL>

<P><STRONG><a name="[104]"></a>nrf_drv_clock_init</STRONG> (Thumb, 100 bytes, Stack size 8 bytes, nrf_drv_clock.o(i.nrf_drv_clock_init))
<BR><BR>[Stack]<UL><LI>Max Depth = 32<LI>Call Chain = nrf_drv_clock_init &rArr; nrf_drv_common_irq_enable &rArr; NVIC_SetPriority
</UL>
<BR>[Calls]<UL><LI><a href="#[5d]">&gt;&gt;</a>&nbsp;&nbsp;&nbsp;softdevice_handler_is_enabled
<LI><a href="#[119]">&gt;&gt;</a>&nbsp;&nbsp;&nbsp;nrf_drv_common_irq_enable
</UL>
<BR>[Called By]<UL><LI><a href="#[103]">&gt;&gt;</a>&nbsp;&nbsp;&nbsp;lfclk_config
</UL>

<P><STRONG><a name="[105]"></a>nrf_drv_clock_lfclk_request</STRONG> (Thumb, 110 bytes, Stack size 16 bytes, nrf_drv_clock.o(i.nrf_drv_clock_lfclk_request))
<BR><BR>[Stack]<UL><LI>Max Depth = 32<LI>Call Chain = nrf_drv_clock_lfclk_request &rArr; app_util_critical_region_exit
</UL>
<BR>[Calls]<UL><LI><a href="#[106]">&gt;&gt;</a>&nbsp;&nbsp;&nbsp;lfclk_start
<LI><a href="#[11a]">&gt;&gt;</a>&nbsp;&nbsp;&nbsp;item_enqueue
<LI><a href="#[61]">&gt;&gt;</a>&nbsp;&nbsp;&nbsp;app_util_critical_region_exit
<LI><a href="#[5c]">&gt;&gt;</a>&nbsp;&nbsp;&nbsp;app_util_critical_region_enter
</UL>
<BR>[Called By]<UL><LI><a href="#[103]">&gt;&gt;</a>&nbsp;&nbsp;&nbsp;lfclk_config
</UL>

<P><STRONG><a name="[f9]"></a>nrf_drv_clock_on_soc_event</STRONG> (Thumb, 14 bytes, Stack size 8 bytes, nrf_drv_clock.o(i.nrf_drv_clock_on_soc_event))
<BR><BR>[Stack]<UL><LI>Max Depth = 24<LI>Call Chain = nrf_drv_clock_on_soc_event &rArr; clock_clk_started_notify
</UL>
<BR>[Calls]<UL><LI><a href="#[5a]">&gt;&gt;</a>&nbsp;&nbsp;&nbsp;clock_clk_started_notify
</UL>
<BR>[Called By]<UL><LI><a href="#[68]">&gt;&gt;</a>&nbsp;&nbsp;&nbsp;intern_softdevice_events_execute
</UL>

<P><STRONG><a name="[119]"></a>nrf_drv_common_irq_enable</STRONG> (Thumb, 48 bytes, Stack size 16 bytes, nrf_drv_common.o(i.nrf_drv_common_irq_enable))
<BR><BR>[Stack]<UL><LI>Max Depth = 24<LI>Call Chain = nrf_drv_common_irq_enable &rArr; NVIC_SetPriority
</UL>
<BR>[Calls]<UL><LI><a href="#[11b]">&gt;&gt;</a>&nbsp;&nbsp;&nbsp;NVIC_SetPriority
</UL>
<BR>[Called By]<UL><LI><a href="#[10f]">&gt;&gt;</a>&nbsp;&nbsp;&nbsp;nrf_drv_timer_init
<LI><a href="#[b1]">&gt;&gt;</a>&nbsp;&nbsp;&nbsp;nrf_drv_spi_init
<LI><a href="#[12f]">&gt;&gt;</a>&nbsp;&nbsp;&nbsp;nrf_drv_rtc_init
<LI><a href="#[be]">&gt;&gt;</a>&nbsp;&nbsp;&nbsp;nrf_drv_qdec_init
<LI><a href="#[112]">&gt;&gt;</a>&nbsp;&nbsp;&nbsp;nrf_drv_gpiote_init
<LI><a href="#[104]">&gt;&gt;</a>&nbsp;&nbsp;&nbsp;nrf_drv_clock_init
<LI><a href="#[74]">&gt;&gt;</a>&nbsp;&nbsp;&nbsp;nrf_drv_adc_init
<LI><a href="#[141]">&gt;&gt;</a>&nbsp;&nbsp;&nbsp;nrf_drv_uart_init
</UL>

<P><STRONG><a name="[92]"></a>nrf_drv_gpiote_in_event_disable</STRONG> (Thumb, 88 bytes, Stack size 16 bytes, nrf_drv_gpiote.o(i.nrf_drv_gpiote_in_event_disable))
<BR><BR>[Stack]<UL><LI>Max Depth = 28<LI>Call Chain = nrf_drv_gpiote_in_event_disable &rArr; nrf_gpio_cfg_sense_set
</UL>
<BR>[Calls]<UL><LI><a href="#[11d]">&gt;&gt;</a>&nbsp;&nbsp;&nbsp;pin_in_use_by_te
<LI><a href="#[11c]">&gt;&gt;</a>&nbsp;&nbsp;&nbsp;pin_in_use_by_port
<LI><a href="#[56]">&gt;&gt;</a>&nbsp;&nbsp;&nbsp;nrf_gpio_cfg_sense_set
<LI><a href="#[55]">&gt;&gt;</a>&nbsp;&nbsp;&nbsp;channel_port_get
</UL>
<BR>[Called By]<UL><LI><a href="#[b5]">&gt;&gt;</a>&nbsp;&nbsp;&nbsp;enter_normal_mode
<LI><a href="#[2b]">&gt;&gt;</a>&nbsp;&nbsp;&nbsp;button_event_handler
</UL>

<P><STRONG><a name="[c1]"></a>nrf_drv_gpiote_in_event_enable</STRONG> (Thumb, 178 bytes, Stack size 32 bytes, nrf_drv_gpiote.o(i.nrf_drv_gpiote_in_event_enable))
<BR><BR>[Stack]<UL><LI>Max Depth = 44<LI>Call Chain = nrf_drv_gpiote_in_event_enable &rArr; nrf_gpio_cfg_sense_set
</UL>
<BR>[Calls]<UL><LI><a href="#[11d]">&gt;&gt;</a>&nbsp;&nbsp;&nbsp;pin_in_use_by_te
<LI><a href="#[11c]">&gt;&gt;</a>&nbsp;&nbsp;&nbsp;pin_in_use_by_port
<LI><a href="#[11f]">&gt;&gt;</a>&nbsp;&nbsp;&nbsp;nrf_gpiote_int_enable
<LI><a href="#[51]">&gt;&gt;</a>&nbsp;&nbsp;&nbsp;nrf_gpiote_event_clear
<LI><a href="#[11e]">&gt;&gt;</a>&nbsp;&nbsp;&nbsp;nrf_gpio_pin_read
<LI><a href="#[56]">&gt;&gt;</a>&nbsp;&nbsp;&nbsp;nrf_gpio_cfg_sense_set
<LI><a href="#[55]">&gt;&gt;</a>&nbsp;&nbsp;&nbsp;channel_port_get
<LI><a href="#[53]">&gt;&gt;</a>&nbsp;&nbsp;&nbsp;channel_handler_get
</UL>
<BR>[Called By]<UL><LI><a href="#[b5]">&gt;&gt;</a>&nbsp;&nbsp;&nbsp;enter_normal_mode
</UL>

<P><STRONG><a name="[113]"></a>nrf_drv_gpiote_in_init</STRONG> (Thumb, 234 bytes, Stack size 48 bytes, nrf_drv_gpiote.o(i.nrf_drv_gpiote_in_init))
<BR><BR>[Stack]<UL><LI>Max Depth = 100<LI>Call Chain = nrf_drv_gpiote_in_init &rArr; channel_port_alloc
</UL>
<BR>[Calls]<UL><LI><a href="#[120]">&gt;&gt;</a>&nbsp;&nbsp;&nbsp;pin_in_use_by_gpiote
<LI><a href="#[122]">&gt;&gt;</a>&nbsp;&nbsp;&nbsp;nrf_gpio_cfg
<LI><a href="#[121]">&gt;&gt;</a>&nbsp;&nbsp;&nbsp;channel_port_alloc
</UL>
<BR>[Called By]<UL><LI><a href="#[21]">&gt;&gt;</a>&nbsp;&nbsp;&nbsp;main
</UL>

<P><STRONG><a name="[112]"></a>nrf_drv_gpiote_init</STRONG> (Thumb, 88 bytes, Stack size 16 bytes, nrf_drv_gpiote.o(i.nrf_drv_gpiote_init))
<BR><BR>[Stack]<UL><LI>Max Depth = 40<LI>Call Chain = nrf_drv_gpiote_init &rArr; nrf_drv_common_irq_enable &rArr; NVIC_SetPriority
</UL>
<BR>[Calls]<UL><LI><a href="#[123]">&gt;&gt;</a>&nbsp;&nbsp;&nbsp;pin_in_use_clear
<LI><a href="#[11f]">&gt;&gt;</a>&nbsp;&nbsp;&nbsp;nrf_gpiote_int_enable
<LI><a href="#[51]">&gt;&gt;</a>&nbsp;&nbsp;&nbsp;nrf_gpiote_event_clear
<LI><a href="#[124]">&gt;&gt;</a>&nbsp;&nbsp;&nbsp;channel_free
<LI><a href="#[119]">&gt;&gt;</a>&nbsp;&nbsp;&nbsp;nrf_drv_common_irq_enable
</UL>
<BR>[Called By]<UL><LI><a href="#[21]">&gt;&gt;</a>&nbsp;&nbsp;&nbsp;main
</UL>

<P><STRONG><a name="[126]"></a>nrf_drv_qdec_disable</STRONG> (Thumb, 28 bytes, Stack size 0 bytes, nrf_drv_qdec.o(i.nrf_drv_qdec_disable))
<BR><BR>[Called By]<UL><LI><a href="#[a8]">&gt;&gt;</a>&nbsp;&nbsp;&nbsp;nrf_drv_qdec_uninit
</UL>

<P><STRONG><a name="[c0]"></a>nrf_drv_qdec_enable</STRONG> (Thumb, 26 bytes, Stack size 0 bytes, nrf_drv_qdec.o(i.nrf_drv_qdec_enable))
<BR><BR>[Called By]<UL><LI><a href="#[b5]">&gt;&gt;</a>&nbsp;&nbsp;&nbsp;enter_normal_mode
</UL>

<P><STRONG><a name="[be]"></a>nrf_drv_qdec_init</STRONG> (Thumb, 208 bytes, Stack size 24 bytes, nrf_drv_qdec.o(i.nrf_drv_qdec_init))
<BR><BR>[Stack]<UL><LI>Max Depth = 56<LI>Call Chain = nrf_drv_qdec_init &rArr; nrf_gpio_cfg_input
</UL>
<BR>[Calls]<UL><LI><a href="#[125]">&gt;&gt;</a>&nbsp;&nbsp;&nbsp;nrf_gpio_cfg_input
<LI><a href="#[119]">&gt;&gt;</a>&nbsp;&nbsp;&nbsp;nrf_drv_common_irq_enable
</UL>
<BR>[Called By]<UL><LI><a href="#[b5]">&gt;&gt;</a>&nbsp;&nbsp;&nbsp;enter_normal_mode
</UL>

<P><STRONG><a name="[a8]"></a>nrf_drv_qdec_uninit</STRONG> (Thumb, 30 bytes, Stack size 4 bytes, nrf_drv_qdec.o(i.nrf_drv_qdec_uninit))
<BR><BR>[Stack]<UL><LI>Max Depth = 4<LI>Call Chain = nrf_drv_qdec_uninit
</UL>
<BR>[Calls]<UL><LI><a href="#[126]">&gt;&gt;</a>&nbsp;&nbsp;&nbsp;nrf_drv_qdec_disable
</UL>
<BR>[Called By]<UL><LI><a href="#[a7]">&gt;&gt;</a>&nbsp;&nbsp;&nbsp;disable_qdec_with_qdec_state
</UL>

<P><STRONG><a name="[127]"></a>nrf_drv_rtc_cc_set</STRONG> (Thumb, 180 bytes, Stack size 56 bytes, nrf_drv_rtc.o(i.nrf_drv_rtc_cc_set))
<BR><BR>[Stack]<UL><LI>Max Depth = 64<LI>Call Chain = nrf_drv_rtc_cc_set &rArr; nrf_rtc_cc_set
</UL>
<BR>[Calls]<UL><LI><a href="#[12c]">&gt;&gt;</a>&nbsp;&nbsp;&nbsp;nrf_rtc_int_enable
<LI><a href="#[129]">&gt;&gt;</a>&nbsp;&nbsp;&nbsp;nrf_rtc_int_disable
<LI><a href="#[12d]">&gt;&gt;</a>&nbsp;&nbsp;&nbsp;nrf_rtc_event_enable
<LI><a href="#[128]">&gt;&gt;</a>&nbsp;&nbsp;&nbsp;nrf_rtc_event_disable
<LI><a href="#[12b]">&gt;&gt;</a>&nbsp;&nbsp;&nbsp;nrf_rtc_event_clear
<LI><a href="#[12a]">&gt;&gt;</a>&nbsp;&nbsp;&nbsp;nrf_rtc_cc_set
</UL>
<BR>[Called By]<UL><LI><a href="#[10e]">&gt;&gt;</a>&nbsp;&nbsp;&nbsp;rtc_config
</UL>

<P><STRONG><a name="[95]"></a>nrf_drv_rtc_disable</STRONG> (Thumb, 26 bytes, Stack size 8 bytes, nrf_drv_rtc.o(i.nrf_drv_rtc_disable))
<BR><BR>[Stack]<UL><LI>Max Depth = 8<LI>Call Chain = nrf_drv_rtc_disable
</UL>
<BR>[Calls]<UL><LI><a href="#[12e]">&gt;&gt;</a>&nbsp;&nbsp;&nbsp;nrf_rtc_task_trigger
</UL>
<BR>[Called By]<UL><LI><a href="#[21]">&gt;&gt;</a>&nbsp;&nbsp;&nbsp;main
<LI><a href="#[b5]">&gt;&gt;</a>&nbsp;&nbsp;&nbsp;enter_normal_mode
<LI><a href="#[2b]">&gt;&gt;</a>&nbsp;&nbsp;&nbsp;button_event_handler
</UL>

<P><STRONG><a name="[c2]"></a>nrf_drv_rtc_enable</STRONG> (Thumb, 26 bytes, Stack size 8 bytes, nrf_drv_rtc.o(i.nrf_drv_rtc_enable))
<BR><BR>[Stack]<UL><LI>Max Depth = 8<LI>Call Chain = nrf_drv_rtc_enable
</UL>
<BR>[Calls]<UL><LI><a href="#[12e]">&gt;&gt;</a>&nbsp;&nbsp;&nbsp;nrf_rtc_task_trigger
</UL>
<BR>[Called By]<UL><LI><a href="#[10e]">&gt;&gt;</a>&nbsp;&nbsp;&nbsp;rtc_config
<LI><a href="#[b5]">&gt;&gt;</a>&nbsp;&nbsp;&nbsp;enter_normal_mode
</UL>

<P><STRONG><a name="[12f]"></a>nrf_drv_rtc_init</STRONG> (Thumb, 118 bytes, Stack size 24 bytes, nrf_drv_rtc.o(i.nrf_drv_rtc_init))
<BR><BR>[Stack]<UL><LI>Max Depth = 48<LI>Call Chain = nrf_drv_rtc_init &rArr; nrf_drv_common_irq_enable &rArr; NVIC_SetPriority
</UL>
<BR>[Calls]<UL><LI><a href="#[119]">&gt;&gt;</a>&nbsp;&nbsp;&nbsp;nrf_drv_common_irq_enable
</UL>
<BR>[Called By]<UL><LI><a href="#[10e]">&gt;&gt;</a>&nbsp;&nbsp;&nbsp;rtc_config
</UL>

<P><STRONG><a name="[132]"></a>nrf_drv_rtc_tick_enable</STRONG> (Thumb, 42 bytes, Stack size 24 bytes, nrf_drv_rtc.o(i.nrf_drv_rtc_tick_enable))
<BR><BR>[Stack]<UL><LI>Max Depth = 24<LI>Call Chain = nrf_drv_rtc_tick_enable
</UL>
<BR>[Calls]<UL><LI><a href="#[12c]">&gt;&gt;</a>&nbsp;&nbsp;&nbsp;nrf_rtc_int_enable
<LI><a href="#[12d]">&gt;&gt;</a>&nbsp;&nbsp;&nbsp;nrf_rtc_event_enable
<LI><a href="#[12b]">&gt;&gt;</a>&nbsp;&nbsp;&nbsp;nrf_rtc_event_clear
</UL>
<BR>[Called By]<UL><LI><a href="#[10e]">&gt;&gt;</a>&nbsp;&nbsp;&nbsp;rtc_config
</UL>

<P><STRONG><a name="[b1]"></a>nrf_drv_spi_init</STRONG> (Thumb, 368 bytes, Stack size 56 bytes, nrf_drv_spi.o(i.nrf_drv_spi_init))
<BR><BR>[Stack]<UL><LI>Max Depth = 92<LI>Call Chain = nrf_drv_spi_init &rArr; nrf_gpio_cfg_output &rArr; nrf_gpio_cfg
</UL>
<BR>[Calls]<UL><LI><a href="#[da]">&gt;&gt;</a>&nbsp;&nbsp;&nbsp;nrf_gpio_pin_set
<LI><a href="#[133]">&gt;&gt;</a>&nbsp;&nbsp;&nbsp;nrf_gpio_pin_clear
<LI><a href="#[134]">&gt;&gt;</a>&nbsp;&nbsp;&nbsp;nrf_gpio_cfg_output
<LI><a href="#[135]">&gt;&gt;</a>&nbsp;&nbsp;&nbsp;nrf_gpio_cfg
<LI><a href="#[119]">&gt;&gt;</a>&nbsp;&nbsp;&nbsp;nrf_drv_common_irq_enable
<LI><a href="#[136]">&gt;&gt;</a>&nbsp;&nbsp;&nbsp;nrf_spi_int_enable
</UL>
<BR>[Called By]<UL><LI><a href="#[21]">&gt;&gt;</a>&nbsp;&nbsp;&nbsp;main
<LI><a href="#[4a]">&gt;&gt;</a>&nbsp;&nbsp;&nbsp;enable_spi
</UL>

<P><STRONG><a name="[137]"></a>nrf_drv_spi_transfer</STRONG> (Thumb, 36 bytes, Stack size 56 bytes, nrf_drv_spi.o(i.nrf_drv_spi_transfer))
<BR><BR>[Stack]<UL><LI>Max Depth = 136<LI>Call Chain = nrf_drv_spi_transfer &rArr; nrf_drv_spi_xfer &rArr; spi_xfer &rArr; transfer_byte
</UL>
<BR>[Calls]<UL><LI><a href="#[138]">&gt;&gt;</a>&nbsp;&nbsp;&nbsp;nrf_drv_spi_xfer
</UL>
<BR>[Called By]<UL><LI><a href="#[b3]">&gt;&gt;</a>&nbsp;&nbsp;&nbsp;writeReg
<LI><a href="#[4b]">&gt;&gt;</a>&nbsp;&nbsp;&nbsp;readReg
</UL>

<P><STRONG><a name="[46]"></a>nrf_drv_spi_uninit</STRONG> (Thumb, 78 bytes, Stack size 16 bytes, nrf_drv_spi.o(i.nrf_drv_spi_uninit))
<BR><BR>[Stack]<UL><LI>Max Depth = 16<LI>Call Chain = nrf_drv_spi_uninit
</UL>
<BR>[Calls]<UL><LI><a href="#[139]">&gt;&gt;</a>&nbsp;&nbsp;&nbsp;nrf_spi_int_disable
</UL>
<BR>[Called By]<UL><LI><a href="#[43]">&gt;&gt;</a>&nbsp;&nbsp;&nbsp;CheckSensor
<LI><a href="#[21]">&gt;&gt;</a>&nbsp;&nbsp;&nbsp;main
<LI><a href="#[aa]">&gt;&gt;</a>&nbsp;&nbsp;&nbsp;disable_spi
</UL>

<P><STRONG><a name="[138]"></a>nrf_drv_spi_xfer</STRONG> (Thumb, 124 bytes, Stack size 40 bytes, nrf_drv_spi.o(i.nrf_drv_spi_xfer))
<BR><BR>[Stack]<UL><LI>Max Depth = 80<LI>Call Chain = nrf_drv_spi_xfer &rArr; spi_xfer &rArr; transfer_byte
</UL>
<BR>[Calls]<UL><LI><a href="#[133]">&gt;&gt;</a>&nbsp;&nbsp;&nbsp;nrf_gpio_pin_clear
<LI><a href="#[13a]">&gt;&gt;</a>&nbsp;&nbsp;&nbsp;spi_xfer
</UL>
<BR>[Called By]<UL><LI><a href="#[137]">&gt;&gt;</a>&nbsp;&nbsp;&nbsp;nrf_drv_spi_transfer
</UL>

<P><STRONG><a name="[13b]"></a>nrf_drv_timer_compare</STRONG> (Thumb, 56 bytes, Stack size 24 bytes, nrf_drv_timer.o(i.nrf_drv_timer_compare))
<BR><BR>[Stack]<UL><LI>Max Depth = 24<LI>Call Chain = nrf_drv_timer_compare
</UL>
<BR>[Calls]<UL><LI><a href="#[13c]">&gt;&gt;</a>&nbsp;&nbsp;&nbsp;nrf_timer_int_enable
<LI><a href="#[13d]">&gt;&gt;</a>&nbsp;&nbsp;&nbsp;nrf_timer_int_disable
<LI><a href="#[fb]">&gt;&gt;</a>&nbsp;&nbsp;&nbsp;nrf_timer_compare_int_get
</UL>
<BR>[Called By]<UL><LI><a href="#[111]">&gt;&gt;</a>&nbsp;&nbsp;&nbsp;nrf_drv_timer_extended_compare
</UL>

<P><STRONG><a name="[bb]"></a>nrf_drv_timer_disable</STRONG> (Thumb, 28 bytes, Stack size 8 bytes, nrf_drv_timer.o(i.nrf_drv_timer_disable))
<BR><BR>[Stack]<UL><LI>Max Depth = 8<LI>Call Chain = nrf_drv_timer_disable
</UL>
<BR>[Calls]<UL><LI><a href="#[13e]">&gt;&gt;</a>&nbsp;&nbsp;&nbsp;nrf_timer_task_trigger
</UL>
<BR>[Called By]<UL><LI><a href="#[b5]">&gt;&gt;</a>&nbsp;&nbsp;&nbsp;enter_normal_mode
</UL>

<P><STRONG><a name="[94]"></a>nrf_drv_timer_enable</STRONG> (Thumb, 28 bytes, Stack size 8 bytes, nrf_drv_timer.o(i.nrf_drv_timer_enable))
<BR><BR>[Stack]<UL><LI>Max Depth = 8<LI>Call Chain = nrf_drv_timer_enable
</UL>
<BR>[Calls]<UL><LI><a href="#[13e]">&gt;&gt;</a>&nbsp;&nbsp;&nbsp;nrf_timer_task_trigger
</UL>
<BR>[Called By]<UL><LI><a href="#[21]">&gt;&gt;</a>&nbsp;&nbsp;&nbsp;main
<LI><a href="#[2b]">&gt;&gt;</a>&nbsp;&nbsp;&nbsp;button_event_handler
</UL>

<P><STRONG><a name="[111]"></a>nrf_drv_timer_extended_compare</STRONG> (Thumb, 62 bytes, Stack size 24 bytes, nrf_drv_timer.o(i.nrf_drv_timer_extended_compare))
<BR><BR>[Stack]<UL><LI>Max Depth = 48<LI>Call Chain = nrf_drv_timer_extended_compare &rArr; nrf_drv_timer_compare
</UL>
<BR>[Calls]<UL><LI><a href="#[13b]">&gt;&gt;</a>&nbsp;&nbsp;&nbsp;nrf_drv_timer_compare
<LI><a href="#[13f]">&gt;&gt;</a>&nbsp;&nbsp;&nbsp;nrf_timer_shorts_disable
</UL>
<BR>[Called By]<UL><LI><a href="#[21]">&gt;&gt;</a>&nbsp;&nbsp;&nbsp;main
</UL>

<P><STRONG><a name="[10f]"></a>nrf_drv_timer_init</STRONG> (Thumb, 210 bytes, Stack size 40 bytes, nrf_drv_timer.o(i.nrf_drv_timer_init))
<BR><BR>[Stack]<UL><LI>Max Depth = 64<LI>Call Chain = nrf_drv_timer_init &rArr; nrf_drv_common_irq_enable &rArr; NVIC_SetPriority
</UL>
<BR>[Calls]<UL><LI><a href="#[119]">&gt;&gt;</a>&nbsp;&nbsp;&nbsp;nrf_drv_common_irq_enable
<LI><a href="#[fc]">&gt;&gt;</a>&nbsp;&nbsp;&nbsp;nrf_timer_event_clear
<LI><a href="#[fa]">&gt;&gt;</a>&nbsp;&nbsp;&nbsp;nrf_timer_compare_event_get
<LI><a href="#[140]">&gt;&gt;</a>&nbsp;&nbsp;&nbsp;nrf_drv_get_IRQn
</UL>
<BR>[Called By]<UL><LI><a href="#[21]">&gt;&gt;</a>&nbsp;&nbsp;&nbsp;main
</UL>

<P><STRONG><a name="[141]"></a>nrf_drv_uart_init</STRONG> (Thumb, 144 bytes, Stack size 32 bytes, nrf_drv_uart.o(i.nrf_drv_uart_init))
<BR><BR>[Stack]<UL><LI>Max Depth = 92<LI>Call Chain = nrf_drv_uart_init &rArr; apply_config &rArr; nrf_gpio_cfg_input &rArr; nrf_gpio_cfg
</UL>
<BR>[Calls]<UL><LI><a href="#[143]">&gt;&gt;</a>&nbsp;&nbsp;&nbsp;nrf_uart_int_enable
[...]
</UL>
<BR>[Called By]<UL><LI><a href="#[e3]">&gt;&gt;</a>&nbsp;&nbsp;&nbsp;fs_store
<LI><a href="#[db]">&gt;&gt;</a>&nbsp;&nbsp;&nbsp;fs_erase
</UL>

<P><STRONG><a name="[17b]"></a>send_event</STRONG> (Thumb, 90 bytes, Stack size 32 bytes, fstorage.o(i.send_event))
<BR><BR>[Stack]<UL><LI>Max Depth = 32<LI>Call Chain = send_event
</UL>
<BR>[Called By]<UL><LI><a href="#[178]">&gt;&gt;</a>&nbsp;&nbsp;&nbsp;queue_process
</UL>

<P><STRONG><a name="[179]"></a>store_execute</STRONG> (Thumb, 50 bytes, Stack size 16 bytes, fstorage.o(i.store_execute))
<BR><BR>[Stack]<UL><LI>Max Depth = 16<LI>Call Chain = store_execute
</UL>
<BR>[Called By]<UL><LI><a href="#[178]">&gt;&gt;</a>&nbsp;&nbsp;&nbsp;queue_process
</UL>

<P><STRONG><a name="[168]"></a>buf_len_update</STRONG> (Thumb, 20 bytes, Stack size 0 bytes, nrf_log_backend_serial.o(i.buf_len_update))
<BR><BR>[Called By]<UL><LI><a href="#[162]">&gt;&gt;</a>&nbsp;&nbsp;&nbsp;timestamp_process
<LI><a href="#[2f]">&gt;&gt;</a>&nbsp;&nbsp;&nbsp;nrf_log_backend_serial_std_handler
</UL>

<P><STRONG><a name="[164]"></a>byte2hex</STRONG> (Thumb, 50 bytes, Stack size 12 bytes, nrf_log_backend_serial.o(i.byte2hex))
<BR><BR>[Stack]<UL><LI>Max Depth = 12<LI>Call Chain = byte2hex
</UL>
<BR>[Called By]<UL><LI><a href="#[2d]">&gt;&gt;</a>&nbsp;&nbsp;&nbsp;nrf_log_backend_serial_hexdump_handler
</UL>

<P><STRONG><a name="[2d]"></a>nrf_log_backend_serial_hexdump_handler</STRONG> (Thumb, 350 bytes, Stack size 328 bytes, nrf_log_backend_serial.o(i.nrf_log_backend_serial_hexdump_handler))
<BR><BR>[Stack]<UL><LI>Max Depth = 408<LI>Call Chain = nrf_log_backend_serial_hexdump_handler &rArr; serial_tx &rArr; nrf_drv_uart_tx &rArr; nrf_drv_uart_tx_for_uart &rArr; tx_byte
</UL>
<BR>[Calls]<UL><LI><a href="#[162]">&gt;&gt;</a>&nbsp;&nbsp;&nbsp;timestamp_process
<LI><a href="#[166]">&gt;&gt;</a>&nbsp;&nbsp;&nbsp;serial_tx
<LI><a href="#[161]">&gt;&gt;</a>&nbsp;&nbsp;&nbsp;serial_is_busy
<LI><a href="#[164]">&gt;&gt;</a>&nbsp;&nbsp;&nbsp;byte2hex
<LI><a href="#[163]">&gt;&gt;</a>&nbsp;&nbsp;&nbsp;strlen
<LI><a href="#[bd]">&gt;&gt;</a>&nbsp;&nbsp;&nbsp;__aeabi_memcpy
<LI><a href="#[165]">&gt;&gt;</a>&nbsp;&nbsp;&nbsp;__rt_ctype_table
</UL>
<BR>[Address Reference Count : 1]<UL><LI> nrf_log_backend_serial.o(i.nrf_log_backend_hexdump_handler_get)
</UL>
<P><STRONG><a name="[2f]"></a>nrf_log_backend_serial_std_handler</STRONG> (Thumb, 404 bytes, Stack size 320 bytes, nrf_log_backend_serial.o(i.nrf_log_backend_serial_std_handler))
<BR><BR>[Stack]<UL><LI>Max Depth = 400<LI>Call Chain = nrf_log_backend_serial_std_handler &rArr; serial_tx &rArr; nrf_drv_uart_tx &rArr; nrf_drv_uart_tx_for_uart &rArr; tx_byte
</UL>
<BR>[Calls]<UL><LI><a href="#[47]">&gt;&gt;</a>&nbsp;&nbsp;&nbsp;__ARM_common_switch8
<LI><a href="#[162]">&gt;&gt;</a>&nbsp;&nbsp;&nbsp;timestamp_process
<LI><a href="#[166]">&gt;&gt;</a>&nbsp;&nbsp;&nbsp;serial_tx
<LI><a href="#[161]">&gt;&gt;</a>&nbsp;&nbsp;&nbsp;serial_is_busy
<LI><a href="#[168]">&gt;&gt;</a>&nbsp;&nbsp;&nbsp;buf_len_update
<LI><a href="#[163]">&gt;&gt;</a>&nbsp;&nbsp;&nbsp;strlen
<LI><a href="#[bd]">&gt;&gt;</a>&nbsp;&nbsp;&nbsp;__aeabi_memcpy
<LI><a href="#[167]">&gt;&gt;</a>&nbsp;&nbsp;&nbsp;__2snprintf
</UL>
<BR>[Address Reference Count : 1]<UL><LI> nrf_log_backend_serial.o(i.nrf_log_backend_std_handler_get)
</UL>
<P><STRONG><a name="[161]"></a>serial_is_busy</STRONG> (Thumb, 16 bytes, Stack size 8 bytes, nrf_log_backend_serial.o(i.serial_is_busy))
<BR><BR>[Stack]<UL><LI>Max Depth = 8<LI>Call Chain = serial_is_busy
</UL>
<BR>[Calls]<UL><LI><a href="#[146]">&gt;&gt;</a>&nbsp;&nbsp;&nbsp;nrf_drv_uart_tx_in_progress
</UL>
<BR>[Called By]<UL><LI><a href="#[2f]">&gt;&gt;</a>&nbsp;&nbsp;&nbsp;nrf_log_backend_serial_std_handler
<LI><a href="#[2d]">&gt;&gt;</a>&nbsp;&nbsp;&nbsp;nrf_log_backend_serial_hexdump_handler
</UL>

<P><STRONG><a name="[166]"></a>serial_tx</STRONG> (Thumb, 40 bytes, Stack size 24 bytes, nrf_log_backend_serial.o(i.serial_tx))
<BR><BR>[Stack]<UL><LI>Max Depth = 80<LI>Call Chain = serial_tx &rArr; nrf_drv_uart_tx &rArr; nrf_drv_uart_tx_for_uart &rArr; tx_byte
</UL>
<BR>[Calls]<UL><LI><a href="#[145]">&gt;&gt;</a>&nbsp;&nbsp;&nbsp;nrf_drv_uart_tx
<LI><a href="#[bd]">&gt;&gt;</a>&nbsp;&nbsp;&nbsp;__aeabi_memcpy
</UL>
<BR>[Called By]<UL><LI><a href="#[2f]">&gt;&gt;</a>&nbsp;&nbsp;&nbsp;nrf_log_backend_serial_std_handler
<LI><a href="#[2d]">&gt;&gt;</a>&nbsp;&nbsp;&nbsp;nrf_log_backend_serial_hexdump_handler
</UL>

<P><STRONG><a name="[162]"></a>timestamp_process</STRONG> (Thumb, 54 bytes, Stack size 24 bytes, nrf_log_backend_serial.o(i.timestamp_process))
<BR><BR>[Stack]<UL><LI>Max Depth = 56<LI>Call Chain = timestamp_process &rArr; __2snprintf
</UL>
<BR>[Calls]<UL><LI><a href="#[168]">&gt;&gt;</a>&nbsp;&nbsp;&nbsp;buf_len_update
<LI><a href="#[167]">&gt;&gt;</a>&nbsp;&nbsp;&nbsp;__2snprintf
</UL>
<BR>[Called By]<UL><LI><a href="#[2f]">&gt;&gt;</a>&nbsp;&nbsp;&nbsp;nrf_log_backend_serial_std_handler
<LI><a href="#[2d]">&gt;&gt;</a>&nbsp;&nbsp;&nbsp;nrf_log_backend_serial_hexdump_handler
</UL>

<P><STRONG><a name="[2e]"></a>uart_event_handler</STRONG> (Thumb, 12 bytes, Stack size 0 bytes, nrf_log_backend_serial.o(i.uart_event_handler))
<BR>[Address Reference Count : 1]<UL><LI> nrf_log_backend_serial.o(i.nrf_log_backend_init)
</UL>
<P><STRONG><a name="[91]"></a>buf_prealloc</STRONG> (Thumb, 152 bytes, Stack size 40 bytes, nrf_log_frontend.o(i.buf_prealloc))
<BR><BR>[Stack]<UL><LI>Max Depth = 56<LI>Call Chain = buf_prealloc &rArr; app_util_critical_region_exit
</UL>
<BR>[Calls]<UL><LI><a href="#[61]">&gt;&gt;</a>&nbsp;&nbsp;&nbsp;app_util_critical_region_exit
<LI><a href="#[5c]">&gt;&gt;</a>&nbsp;&nbsp;&nbsp;app_util_critical_region_enter
</UL>
<BR>[Called By]<UL><LI><a href="#[45]">&gt;&gt;</a>&nbsp;&nbsp;&nbsp;nrf_log_frontend_std_1
<LI><a href="#[7f]">&gt;&gt;</a>&nbsp;&nbsp;&nbsp;nrf_log_frontend_std_0
<LI><a href="#[ba]">&gt;&gt;</a>&nbsp;&nbsp;&nbsp;nrf_log_frontend_hexdump
</UL>

<P><STRONG><a name="[159]"></a>NVIC_ClearPendingIRQ</STRONG> (Thumb, 14 bytes, Stack size 0 bytes, nrf_esb.o(i.NVIC_ClearPendingIRQ))
<BR><BR>[Called By]<UL><LI><a href="#[cc]">&gt;&gt;</a>&nbsp;&nbsp;&nbsp;nrf_esb_start_rx
<LI><a href="#[15a]">&gt;&gt;</a>&nbsp;&nbsp;&nbsp;start_tx_transaction
</UL>

<P><STRONG><a name="[14f]"></a>NVIC_DisableIRQ</STRONG> (Thumb, 14 bytes, Stack size 0 bytes, nrf_esb.o(i.NVIC_DisableIRQ))
<BR><BR>[Called By]<UL><LI><a href="#[c8]">&gt;&gt;</a>&nbsp;&nbsp;&nbsp;nrf_esb_write_payload
<LI><a href="#[151]">&gt;&gt;</a>&nbsp;&nbsp;&nbsp;nrf_esb_read_rx_payload
<LI><a href="#[150]">&gt;&gt;</a>&nbsp;&nbsp;&nbsp;nrf_esb_flush_tx
<LI><a href="#[14e]">&gt;&gt;</a>&nbsp;&nbsp;&nbsp;nrf_esb_disable
<LI><a href="#[173]">&gt;&gt;</a>&nbsp;&nbsp;&nbsp;tx_fifo_remove_last
<LI><a href="#[69]">&gt;&gt;</a>&nbsp;&nbsp;&nbsp;nrf_esb_get_clear_interrupts
</UL>

<P><STRONG><a name="[152]"></a>NVIC_EnableIRQ</STRONG> (Thumb, 14 bytes, Stack size 0 bytes, nrf_esb.o(i.NVIC_EnableIRQ))
<BR><BR>[Called By]<UL><LI><a href="#[c8]">&gt;&gt;</a>&nbsp;&nbsp;&nbsp;nrf_esb_write_payload
<LI><a href="#[cc]">&gt;&gt;</a>&nbsp;&nbsp;&nbsp;nrf_esb_start_rx
<LI><a href="#[151]">&gt;&gt;</a>&nbsp;&nbsp;&nbsp;nrf_esb_read_rx_payload
<LI><a href="#[d2]">&gt;&gt;</a>&nbsp;&nbsp;&nbsp;nrf_esb_init
<LI><a href="#[150]">&gt;&gt;</a>&nbsp;&nbsp;&nbsp;nrf_esb_flush_tx
<LI><a href="#[173]">&gt;&gt;</a>&nbsp;&nbsp;&nbsp;tx_fifo_remove_last
<LI><a href="#[15a]">&gt;&gt;</a>&nbsp;&nbsp;&nbsp;start_tx_transaction
<LI><a href="#[69]">&gt;&gt;</a>&nbsp;&nbsp;&nbsp;nrf_esb_get_clear_interrupts
</UL>

<P><STRONG><a name="[172]"></a>NVIC_SetPendingIRQ</STRONG> (Thumb, 14 bytes, Stack size 0 bytes, nrf_esb.o(i.NVIC_SetPendingIRQ))
<BR><BR>[Called By]<UL><LI><a href="#[31]">&gt;&gt;</a>&nbsp;&nbsp;&nbsp;on_radio_disabled_tx_wait_for_ack
<LI><a href="#[34]">&gt;&gt;</a>&nbsp;&nbsp;&nbsp;on_radio_disabled_tx_noack
<LI><a href="#[2c]">&gt;&gt;</a>&nbsp;&nbsp;&nbsp;on_radio_disabled_rx
</UL>

<P><STRONG><a name="[156]"></a>NVIC_SetPriority</STRONG> (Thumb, 110 bytes, Stack size 8 bytes, nrf_esb.o(i.NVIC_SetPriority))
<BR><BR>[Stack]<UL><LI>Max Depth = 8<LI>Call Chain = NVIC_SetPriority
</UL>
<BR>[Called By]<UL><LI><a href="#[d2]">&gt;&gt;</a>&nbsp;&nbsp;&nbsp;nrf_esb_init
</UL>

<P><STRONG><a name="[79]"></a>addr_conv</STRONG> (Thumb, 14 bytes, Stack size 8 bytes, nrf_esb.o(i.addr_conv))
<BR><BR>[Stack]<UL><LI>Max Depth = 8<LI>Call Chain = addr_conv
</UL>
<BR>[Calls]<UL><LI><a href="#[7a]">&gt;&gt;</a>&nbsp;&nbsp;&nbsp;bytewise_bit_swap
</UL>
<BR>[Called By]<UL><LI><a href="#[157]">&gt;&gt;</a>&nbsp;&nbsp;&nbsp;update_radio_addresses
</UL>

<P><STRONG><a name="[7a]"></a>bytewise_bit_swap</STRONG> (Thumb, 60 bytes, Stack size 0 bytes, nrf_esb.o(i.bytewise_bit_swap))
<BR><BR>[Called By]<UL><LI><a href="#[157]">&gt;&gt;</a>&nbsp;&nbsp;&nbsp;update_radio_addresses
<LI><a href="#[79]">&gt;&gt;</a>&nbsp;&nbsp;&nbsp;addr_conv
</UL>

<P><STRONG><a name="[170]"></a>clear_events_restart_rx</STRONG> (Thumb, 70 bytes, Stack size 8 bytes, nrf_esb.o(i.clear_events_restart_rx))
<BR><BR>[Stack]<UL><LI>Max Depth = 8<LI>Call Chain = clear_events_restart_rx
</UL>
<BR>[Called By]<UL><LI><a href="#[2c]">&gt;&gt;</a>&nbsp;&nbsp;&nbsp;on_radio_disabled_rx
</UL>

<P><STRONG><a name="[f7]"></a>initialize_fifos</STRONG> (Thumb, 56 bytes, Stack size 8 bytes, nrf_esb.o(i.initialize_fifos))
<BR><BR>[Stack]<UL><LI>Max Depth = 8<LI>Call Chain = initialize_fifos
</UL>
<BR>[Calls]<UL><LI><a href="#[f8]">&gt;&gt;</a>&nbsp;&nbsp;&nbsp;reset_fifos
</UL>
<BR>[Called By]<UL><LI><a href="#[d2]">&gt;&gt;</a>&nbsp;&nbsp;&nbsp;nrf_esb_init
</UL>

<P><STRONG><a name="[69]"></a>nrf_esb_get_clear_interrupts</STRONG> (Thumb, 60 bytes, Stack size 8 bytes, nrf_esb.o(i.nrf_esb_get_clear_interrupts))
<BR><BR>[Stack]<UL><LI>Max Depth = 8<LI>Call Chain = nrf_esb_get_clear_interrupts
</UL>
<BR>[Calls]<UL><LI><a href="#[152]">&gt;&gt;</a>&nbsp;&nbsp;&nbsp;NVIC_EnableIRQ
<LI><a href="#[14f]">&gt;&gt;</a>&nbsp;&nbsp;&nbsp;NVIC_DisableIRQ
</UL>
<BR>[Called By]<UL><LI><a href="#[1e]">&gt;&gt;</a>&nbsp;&nbsp;&nbsp;SWI3_IRQHandler
</UL>

<P><STRONG><a name="[2c]"></a>on_radio_disabled_rx</STRONG> (Thumb, 394 bytes, Stack size 24 bytes, nrf_esb.o(i.on_radio_disabled_rx))
<BR><BR>[Stack]<UL><LI>Max Depth = 40<LI>Call Chain = on_radio_disabled_rx &rArr; rx_fifo_push_rfbuf
</UL>
<BR>[Calls]<UL><LI><a href="#[bd]">&gt;&gt;</a>&nbsp;&nbsp;&nbsp;__aeabi_memcpy
<LI><a href="#[171]">&gt;&gt;</a>&nbsp;&nbsp;&nbsp;rx_fifo_push_rfbuf
<LI><a href="#[170]">&gt;&gt;</a>&nbsp;&nbsp;&nbsp;clear_events_restart_rx
<LI><a href="#[172]">&gt;&gt;</a>&nbsp;&nbsp;&nbsp;NVIC_SetPendingIRQ
</UL>
<BR>[Address Reference Count : 2]<UL><LI> nrf_esb.o(i.nrf_esb_start_rx)
<LI> nrf_esb.o(i.on_radio_disabled_rx_ack)
</UL>
<P><STRONG><a name="[30]"></a>on_radio_disabled_rx_ack</STRONG> (Thumb, 40 bytes, Stack size 8 bytes, nrf_esb.o(i.on_radio_disabled_rx_ack))
<BR><BR>[Stack]<UL><LI>Max Depth = 8<LI>Call Chain = on_radio_disabled_rx_ack
</UL>
<BR>[Address Reference Count : 1]<UL><LI> nrf_esb.o(i.on_radio_disabled_rx)
</UL>
<P><STRONG><a name="[32]"></a>on_radio_disabled_tx</STRONG> (Thumb, 104 bytes, Stack size 8 bytes, nrf_esb.o(i.on_radio_disabled_tx))
<BR><BR>[Stack]<UL><LI>Max Depth = 8<LI>Call Chain = on_radio_disabled_tx
</UL>
<BR>[Address Reference Count : 2]<UL><LI> nrf_esb.o(i.on_radio_disabled_tx_wait_for_ack)
<LI> nrf_esb.o(i.start_tx_transaction)
</UL>
<P><STRONG><a name="[34]"></a>on_radio_disabled_tx_noack</STRONG> (Thumb, 50 bytes, Stack size 8 bytes, nrf_esb.o(i.on_radio_disabled_tx_noack))
<BR><BR>[Stack]<UL><LI>Max Depth = 16<LI>Call Chain = on_radio_disabled_tx_noack &rArr; tx_fifo_remove_last
</UL>
<BR>[Calls]<UL><LI><a href="#[173]">&gt;&gt;</a>&nbsp;&nbsp;&nbsp;tx_fifo_remove_last
<LI><a href="#[15a]">&gt;&gt;</a>&nbsp;&nbsp;&nbsp;start_tx_transaction
<LI><a href="#[172]">&gt;&gt;</a>&nbsp;&nbsp;&nbsp;NVIC_SetPendingIRQ
</UL>
<BR>[Address Reference Count : 1]<UL><LI> nrf_esb.o(i.start_tx_transaction)
</UL>
<P><STRONG><a name="[31]"></a>on_radio_disabled_tx_wait_for_ack</STRONG> (Thumb, 284 bytes, Stack size 8 bytes, nrf_esb.o(i.on_radio_disabled_tx_wait_for_ack))
<BR><BR>[Stack]<UL><LI>Max Depth = 24<LI>Call Chain = on_radio_disabled_tx_wait_for_ack &rArr; rx_fifo_push_rfbuf
</UL>
<BR>[Calls]<UL><LI><a href="#[173]">&gt;&gt;</a>&nbsp;&nbsp;&nbsp;tx_fifo_remove_last
<LI><a href="#[15a]">&gt;&gt;</a>&nbsp;&nbsp;&nbsp;start_tx_transaction
<LI><a href="#[171]">&gt;&gt;</a>&nbsp;&nbsp;&nbsp;rx_fifo_push_rfbuf
<LI><a href="#[172]">&gt;&gt;</a>&nbsp;&nbsp;&nbsp;NVIC_SetPendingIRQ
</UL>
<BR>[Address Reference Count : 1]<UL><LI> nrf_esb.o(i.on_radio_disabled_tx)
</UL>
<P><STRONG><a name="[155]"></a>ppi_init</STRONG> (Thumb, 78 bytes, Stack size 0 bytes, nrf_esb.o(i.ppi_init))
<BR><BR>[Called By]<UL><LI><a href="#[d2]">&gt;&gt;</a>&nbsp;&nbsp;&nbsp;nrf_esb_init
</UL>

<P><STRONG><a name="[f8]"></a>reset_fifos</STRONG> (Thumb, 20 bytes, Stack size 0 bytes, nrf_esb.o(i.reset_fifos))
<BR><BR>[Called By]<UL><LI><a href="#[14e]">&gt;&gt;</a>&nbsp;&nbsp;&nbsp;nrf_esb_disable
<LI><a href="#[f7]">&gt;&gt;</a>&nbsp;&nbsp;&nbsp;initialize_fifos
</UL>

<P><STRONG><a name="[171]"></a>rx_fifo_push_rfbuf</STRONG> (Thumb, 194 bytes, Stack size 16 bytes, nrf_esb.o(i.rx_fifo_push_rfbuf))
<BR><BR>[Stack]<UL><LI>Max Depth = 16<LI>Call Chain = rx_fifo_push_rfbuf
</UL>
<BR>[Calls]<UL><LI><a href="#[bd]">&gt;&gt;</a>&nbsp;&nbsp;&nbsp;__aeabi_memcpy
</UL>
<BR>[Called By]<UL><LI><a href="#[31]">&gt;&gt;</a>&nbsp;&nbsp;&nbsp;on_radio_disabled_tx_wait_for_ack
<LI><a href="#[2c]">&gt;&gt;</a>&nbsp;&nbsp;&nbsp;on_radio_disabled_rx
</UL>

<P><STRONG><a name="[15a]"></a>start_tx_transaction</STRONG> (Thumb, 332 bytes, Stack size 8 bytes, nrf_esb.o(i.start_tx_transaction))
<BR><BR>[Stack]<UL><LI>Max Depth = 8<LI>Call Chain = start_tx_transaction
</UL>
<BR>[Calls]<UL><LI><a href="#[bd]">&gt;&gt;</a>&nbsp;&nbsp;&nbsp;__aeabi_memcpy
<LI><a href="#[152]">&gt;&gt;</a>&nbsp;&nbsp;&nbsp;NVIC_EnableIRQ
<LI><a href="#[159]">&gt;&gt;</a>&nbsp;&nbsp;&nbsp;NVIC_ClearPendingIRQ
</UL>
<BR>[Called By]<UL><LI><a href="#[c8]">&gt;&gt;</a>&nbsp;&nbsp;&nbsp;nrf_esb_write_payload
<LI><a href="#[31]">&gt;&gt;</a>&nbsp;&nbsp;&nbsp;on_radio_disabled_tx_wait_for_ack
<LI><a href="#[34]">&gt;&gt;</a>&nbsp;&nbsp;&nbsp;on_radio_disabled_tx_noack
</UL>

<P><STRONG><a name="[154]"></a>sys_timer_init</STRONG> (Thumb, 18 bytes, Stack size 0 bytes, nrf_esb.o(i.sys_timer_init))
<BR><BR>[Called By]<UL><LI><a href="#[d2]">&gt;&gt;</a>&nbsp;&nbsp;&nbsp;nrf_esb_init
</UL>

<P><STRONG><a name="[173]"></a>tx_fifo_remove_last</STRONG> (Thumb, 50 bytes, Stack size 8 bytes, nrf_esb.o(i.tx_fifo_remove_last))
<BR><BR>[Stack]<UL><LI>Max Depth = 8<LI>Call Chain = tx_fifo_remove_last
</UL>
<BR>[Calls]<UL><LI><a href="#[152]">&gt;&gt;</a>&nbsp;&nbsp;&nbsp;NVIC_EnableIRQ
<LI><a href="#[14f]">&gt;&gt;</a>&nbsp;&nbsp;&nbsp;NVIC_DisableIRQ
</UL>
<BR>[Called By]<UL><LI><a href="#[31]">&gt;&gt;</a>&nbsp;&nbsp;&nbsp;on_radio_disabled_tx_wait_for_ack
<LI><a href="#[34]">&gt;&gt;</a>&nbsp;&nbsp;&nbsp;on_radio_disabled_tx_noack
</UL>

<P><STRONG><a name="[157]"></a>update_radio_addresses</STRONG> (Thumb, 76 bytes, Stack size 8 bytes, nrf_esb.o(i.update_radio_addresses))
<BR><BR>[Stack]<UL><LI>Max Depth = 16<LI>Call Chain = update_radio_addresses &rArr; addr_conv
</UL>
<BR>[Calls]<UL><LI><a href="#[7a]">&gt;&gt;</a>&nbsp;&nbsp;&nbsp;bytewise_bit_swap
<LI><a href="#[79]">&gt;&gt;</a>&nbsp;&nbsp;&nbsp;addr_conv
</UL>
<BR>[Called By]<UL><LI><a href="#[b7]">&gt;&gt;</a>&nbsp;&nbsp;&nbsp;nrf_esb_update_prefix
<LI><a href="#[d4]">&gt;&gt;</a>&nbsp;&nbsp;&nbsp;nrf_esb_set_base_address_0
</UL>

<P><STRONG><a name="[19c]"></a>update_radio_bitrate</STRONG> (Thumb, 68 bytes, Stack size 0 bytes, nrf_esb.o(i.update_radio_bitrate))
<BR><BR>[Called By]<UL><LI><a href="#[153]">&gt;&gt;</a>&nbsp;&nbsp;&nbsp;update_radio_parameters
</UL>

<P><STRONG><a name="[19e]"></a>update_radio_crc</STRONG> (Thumb, 48 bytes, Stack size 0 bytes, nrf_esb.o(i.update_radio_crc))
<BR><BR>[Called By]<UL><LI><a href="#[153]">&gt;&gt;</a>&nbsp;&nbsp;&nbsp;update_radio_parameters
</UL>

<P><STRONG><a name="[153]"></a>update_radio_parameters</STRONG> (Thumb, 30 bytes, Stack size 8 bytes, nrf_esb.o(i.update_radio_parameters))
<BR><BR>[Stack]<UL><LI>Max Depth = 8<LI>Call Chain = update_radio_parameters
</UL>
<BR>[Calls]<UL><LI><a href="#[158]">&gt;&gt;</a>&nbsp;&nbsp;&nbsp;update_radio_tx_power
<LI><a href="#[19d]">&gt;&gt;</a>&nbsp;&nbsp;&nbsp;update_radio_protocol
<LI><a href="#[19e]">&gt;&gt;</a>&nbsp;&nbsp;&nbsp;update_radio_crc
<LI><a href="#[19c]">&gt;&gt;</a>&nbsp;&nbsp;&nbsp;update_radio_bitrate
</UL>
<BR>[Called By]<UL><LI><a href="#[d2]">&gt;&gt;</a>&nbsp;&nbsp;&nbsp;nrf_esb_init
</UL>

<P><STRONG><a name="[19d]"></a>update_radio_protocol</STRONG> (Thumb, 34 bytes, Stack size 0 bytes, nrf_esb.o(i.update_radio_protocol))
<BR><BR>[Called By]<UL><LI><a href="#[153]">&gt;&gt;</a>&nbsp;&nbsp;&nbsp;update_radio_parameters
</UL>

<P><STRONG><a name="[158]"></a>update_radio_tx_power</STRONG> (Thumb, 10 bytes, Stack size 0 bytes, nrf_esb.o(i.update_radio_tx_power))
<BR><BR>[Called By]<UL><LI><a href="#[d5]">&gt;&gt;</a>&nbsp;&nbsp;&nbsp;nrf_esb_set_tx_power
<LI><a href="#[153]">&gt;&gt;</a>&nbsp;&nbsp;&nbsp;update_radio_parameters
</UL>

<P><STRONG><a name="[36]"></a>update_rf_payload_format_esb</STRONG> (Thumb, 32 bytes, Stack size 0 bytes, nrf_esb.o(i.update_rf_payload_format_esb))
<BR>[Address Reference Count : 1]<UL><LI> nrf_esb.o(i.update_radio_protocol)
</UL>
<P><STRONG><a name="[35]"></a>update_rf_payload_format_esb_dpl</STRONG> (Thumb, 30 bytes, Stack size 0 bytes, nrf_esb.o(i.update_rf_payload_format_esb_dpl))
<BR>[Address Reference Count : 1]<UL><LI> nrf_esb.o(i.update_radio_protocol)
</UL>
<P><STRONG><a name="[6b]"></a>is_disabled_in_debug_needed</STRONG> (Thumb, 52 bytes, Stack size 0 bytes, system_nrf51.o(i.is_disabled_in_debug_needed))
<BR><BR>[Called By]<UL><LI><a href="#[22]">&gt;&gt;</a>&nbsp;&nbsp;&nbsp;SystemInit
</UL>

<P><STRONG><a name="[6a]"></a>is_manual_peripheral_setup_needed</STRONG> (Thumb, 104 bytes, Stack size 0 bytes, system_nrf51.o(i.is_manual_peripheral_setup_needed))
<BR><BR>[Called By]<UL><LI><a href="#[22]">&gt;&gt;</a>&nbsp;&nbsp;&nbsp;SystemInit
</UL>

<P><STRONG><a name="[6c]"></a>is_peripheral_domain_setup_needed</STRONG> (Thumb, 78 bytes, Stack size 0 bytes, system_nrf51.o(i.is_peripheral_domain_setup_needed))
<BR><BR>[Called By]<UL><LI><a href="#[22]">&gt;&gt;</a>&nbsp;&nbsp;&nbsp;SystemInit
</UL>

<P><STRONG><a name="[70]"></a>_printf_core</STRONG> (Thumb, 1020 bytes, Stack size 104 bytes, printf8.o(i._printf_core), UNUSED)
<BR><BR>[Calls]<UL><LI><a href="#[3c]">&gt;&gt;</a>&nbsp;&nbsp;&nbsp;__aeabi_uldivmod
<LI><a href="#[71]">&gt;&gt;</a>&nbsp;&nbsp;&nbsp;_printf_pre_padding
<LI><a href="#[72]">&gt;&gt;</a>&nbsp;&nbsp;&nbsp;_printf_post_padding
</UL>
<BR>[Called By]<UL><LI><a href="#[6f]">&gt;&gt;</a>&nbsp;&nbsp;&nbsp;__0snprintf$8
</UL>

<P><STRONG><a name="[72]"></a>_printf_post_padding</STRONG> (Thumb, 32 bytes, Stack size 24 bytes, printf8.o(i._printf_post_padding), UNUSED)
<BR><BR>[Called By]<UL><LI><a href="#[70]">&gt;&gt;</a>&nbsp;&nbsp;&nbsp;_printf_core
</UL>

<P><STRONG><a name="[71]"></a>_printf_pre_padding</STRONG> (Thumb, 44 bytes, Stack size 40 bytes, printf8.o(i._printf_pre_padding), UNUSED)
<BR><BR>[Called By]<UL><LI><a href="#[70]">&gt;&gt;</a>&nbsp;&nbsp;&nbsp;_printf_core
</UL>

<P><STRONG><a name="[24]"></a>_snputc</STRONG> (Thumb, 22 bytes, Stack size 0 bytes, printf8.o(i._snputc))
<BR>[Address Reference Count : 1]<UL><LI> printf8.o(i.__0snprintf$8)
</UL><P>
<H3>
Undefined Global Symbols
</H3><HR></body></html>
